[100%] Built target pole_detector_node
-- Install configuration: ""
-- Execute custom install script
-- Up-to-date symlink: /home/nvidia/acfly_ws/install/pole_detector/lib/pole_detector/pole_detector_node
-- Up-to-date symlink: /home/nvidia/acfly_ws/install/pole_detector/share/pole_detector/rviz/pole_detector.rviz
-- Up-to-date symlink: /home/nvidia/acfly_ws/install/pole_detector/share/ament_index/resource_index/package_run_dependencies/pole_detector
-- Up-to-date symlink: /home/nvidia/acfly_ws/install/pole_detector/share/ament_index/resource_index/parent_prefix_path/pole_detector
-- Up-to-date symlink: /home/nvidia/acfly_ws/install/pole_detector/share/pole_detector/environment/ament_prefix_path.sh
-- Up-to-date symlink: /home/nvidia/acfly_ws/install/pole_detector/share/pole_detector/environment/ament_prefix_path.dsv
-- Up-to-date symlink: /home/nvidia/acfly_ws/install/pole_detector/share/pole_detector/environment/path.sh
-- Up-to-date symlink: /home/nvidia/acfly_ws/install/pole_detector/share/pole_detector/environment/path.dsv
-- Up-to-date symlink: /home/nvidia/acfly_ws/install/pole_detector/share/pole_detector/local_setup.bash
-- Up-to-date symlink: /home/nvidia/acfly_ws/install/pole_detector/share/pole_detector/local_setup.sh
-- Up-to-date symlink: /home/nvidia/acfly_ws/install/pole_detector/share/pole_detector/local_setup.zsh
-- Up-to-date symlink: /home/nvidia/acfly_ws/install/pole_detector/share/pole_detector/local_setup.dsv
-- Symlinking: /home/nvidia/acfly_ws/install/pole_detector/share/pole_detector/package.dsv
-- Up-to-date symlink: /home/nvidia/acfly_ws/install/pole_detector/share/ament_index/resource_index/packages/pole_detector
-- Up-to-date symlink: /home/nvidia/acfly_ws/install/pole_detector/share/pole_detector/cmake/pole_detectorConfig.cmake
-- Up-to-date symlink: /home/nvidia/acfly_ws/install/pole_detector/share/pole_detector/cmake/pole_detectorConfig-version.cmake
-- Up-to-date symlink: /home/nvidia/acfly_ws/install/pole_detector/share/pole_detector/package.xml
