[0.048s] Invoking command in '/home/nvidia/acfly_ws/build/pole_detector': CMAKE_PREFIX_PATH=${CMAKE_PREFIX_PATH}:/home/nvidia/ws_orbbec/install/gemini_vision:/opt/ros/humble /usr/bin/cmake --build /home/nvidia/acfly_ws/build/pole_detector -- -j8 -l8
[0.179s] [100%] Built target pole_detector_node
[0.203s] Invoked command in '/home/nvidia/acfly_ws/build/pole_detector' returned '0': CMAKE_PREFIX_PATH=${CMAKE_PREFIX_PATH}:/home/nvidia/ws_orbbec/install/gemini_vision:/opt/ros/humble /usr/bin/cmake --build /home/nvidia/acfly_ws/build/pole_detector -- -j8 -l8
[0.230s] Invoking command in '/home/nvidia/acfly_ws/build/pole_detector': CMAKE_PREFIX_PATH=${CMAKE_PREFIX_PATH}:/home/nvidia/ws_orbbec/install/gemini_vision:/opt/ros/humble /usr/bin/cmake --install /home/nvidia/acfly_ws/build/pole_detector
[0.242s] -- Install configuration: ""
[0.256s] -- Execute custom install script
[0.256s] -- Up-to-date symlink: /home/nvidia/acfly_ws/install/pole_detector/lib/pole_detector/pole_detector_node
[0.257s] -- Up-to-date symlink: /home/nvidia/acfly_ws/install/pole_detector/share/pole_detector/rviz/pole_detector.rviz
[0.257s] -- Up-to-date symlink: /home/nvidia/acfly_ws/install/pole_detector/share/ament_index/resource_index/package_run_dependencies/pole_detector
[0.257s] -- Up-to-date symlink: /home/nvidia/acfly_ws/install/pole_detector/share/ament_index/resource_index/parent_prefix_path/pole_detector
[0.257s] -- Up-to-date symlink: /home/nvidia/acfly_ws/install/pole_detector/share/pole_detector/environment/ament_prefix_path.sh
[0.257s] -- Up-to-date symlink: /home/nvidia/acfly_ws/install/pole_detector/share/pole_detector/environment/ament_prefix_path.dsv
[0.257s] -- Up-to-date symlink: /home/nvidia/acfly_ws/install/pole_detector/share/pole_detector/environment/path.sh
[0.258s] -- Up-to-date symlink: /home/nvidia/acfly_ws/install/pole_detector/share/pole_detector/environment/path.dsv
[0.258s] -- Up-to-date symlink: /home/nvidia/acfly_ws/install/pole_detector/share/pole_detector/local_setup.bash
[0.258s] -- Up-to-date symlink: /home/nvidia/acfly_ws/install/pole_detector/share/pole_detector/local_setup.sh
[0.258s] -- Up-to-date symlink: /home/nvidia/acfly_ws/install/pole_detector/share/pole_detector/local_setup.zsh
[0.258s] -- Up-to-date symlink: /home/nvidia/acfly_ws/install/pole_detector/share/pole_detector/local_setup.dsv
[0.258s] -- Symlinking: /home/nvidia/acfly_ws/install/pole_detector/share/pole_detector/package.dsv
[0.267s] -- Up-to-date symlink: /home/nvidia/acfly_ws/install/pole_detector/share/ament_index/resource_index/packages/pole_detector
[0.267s] -- Up-to-date symlink: /home/nvidia/acfly_ws/install/pole_detector/share/pole_detector/cmake/pole_detectorConfig.cmake
[0.267s] -- Up-to-date symlink: /home/nvidia/acfly_ws/install/pole_detector/share/pole_detector/cmake/pole_detectorConfig-version.cmake
[0.267s] -- Up-to-date symlink: /home/nvidia/acfly_ws/install/pole_detector/share/pole_detector/package.xml
[0.305s] Invoked command in '/home/nvidia/acfly_ws/build/pole_detector' returned '0': CMAKE_PREFIX_PATH=${CMAKE_PREFIX_PATH}:/home/nvidia/ws_orbbec/install/gemini_vision:/opt/ros/humble /usr/bin/cmake --install /home/nvidia/acfly_ws/build/pole_detector
