[0.056s] Invoking command in '/home/nvidia/acfly_ws/build/exploration_planner': CMAKE_PREFIX_PATH=${CMAKE_PREFIX_PATH}:/home/nvidia/ws_orbbec/install/gemini_vision:/opt/ros/humble /usr/bin/cmake /home/nvidia/acfly_ws/src/exploration_planner -DCMAKE_INSTALL_PREFIX=/home/nvidia/acfly_ws/install/exploration_planner
[0.079s] -- Found ament_cmake: 1.3.14 (/opt/ros/humble/share/ament_cmake/cmake)
[0.386s] -- Override CMake install command with custom implementation using symlinks instead of copying resources
[0.400s] -- Found rclcpp: 16.0.19 (/opt/ros/humble/share/rclcpp/cmake)
[0.464s] -- Found rosidl_generator_c: 3.1.9 (/opt/ros/humble/share/rosidl_generator_c/cmake)
[0.468s] -- Found rosidl_adapter: 3.1.9 (/opt/ros/humble/share/rosidl_adapter/cmake)
[0.480s] -- Found rosidl_generator_cpp: 3.1.9 (/opt/ros/humble/share/rosidl_generator_cpp/cmake)
[0.506s] -- Using all available rosidl_typesupport_c: rosidl_typesupport_fastrtps_c;rosidl_typesupport_introspection_c
[0.529s] -- Using all available rosidl_typesupport_cpp: rosidl_typesupport_fastrtps_cpp;rosidl_typesupport_introspection_cpp
[0.601s] -- Found rmw_implementation_cmake: 6.1.2 (/opt/ros/humble/share/rmw_implementation_cmake/cmake)
[0.606s] -- Found rmw_fastrtps_cpp: 6.2.10 (/opt/ros/humble/share/rmw_fastrtps_cpp/cmake)
[1.020s] -- Using RMW implementation 'rmw_fastrtps_cpp' as default
[1.118s] -- Found geometry_msgs: 4.9.1 (/opt/ros/humble/share/geometry_msgs/cmake)
[1.136s] -- Found nav_msgs: 4.9.1 (/opt/ros/humble/share/nav_msgs/cmake)
[1.162s] -- Found sensor_msgs: 4.9.1 (/opt/ros/humble/share/sensor_msgs/cmake)
[1.190s] -- Found visualization_msgs: 4.9.1 (/opt/ros/humble/share/visualization_msgs/cmake)
[1.220s] -- Found tf2: 0.25.20 (/opt/ros/humble/share/tf2/cmake)
[1.540s] -- Found ament_lint_auto: 0.12.15 (/opt/ros/humble/share/ament_lint_auto/cmake)
[1.647s] -- Added test 'cppcheck' to perform static code analysis on C / C++ code
[1.647s] -- Configured cppcheck include dirs: /home/nvidia/acfly_ws/src/exploration_planner/include
[1.647s] -- Configured cppcheck exclude dirs and/or files: 
[1.648s] -- Added test 'lint_cmake' to check CMake code style
[1.648s] -- Added test 'uncrustify' to check C / C++ code style
[1.648s] -- Configured uncrustify additional arguments: 
[1.648s] -- Added test 'xmllint' to check XML markup files
[1.648s] -- Configuring done
[1.652s] -- Generating done
[1.653s] -- Build files have been written to: /home/nvidia/acfly_ws/build/exploration_planner
[1.653s] Invoked command in '/home/nvidia/acfly_ws/build/exploration_planner' returned '0': CMAKE_PREFIX_PATH=${CMAKE_PREFIX_PATH}:/home/nvidia/ws_orbbec/install/gemini_vision:/opt/ros/humble /usr/bin/cmake /home/nvidia/acfly_ws/src/exploration_planner -DCMAKE_INSTALL_PREFIX=/home/nvidia/acfly_ws/install/exploration_planner
[1.654s] Invoking command in '/home/nvidia/acfly_ws/build/exploration_planner': CMAKE_PREFIX_PATH=${CMAKE_PREFIX_PATH}:/home/nvidia/ws_orbbec/install/gemini_vision:/opt/ros/humble /usr/bin/cmake --build /home/nvidia/acfly_ws/build/exploration_planner -- -j8 -l8
[1.673s] [35m[1mConsolidate compiler generated dependencies of target exploration_planner_node[0m
[1.740s] [100%] Built target exploration_planner_node
[1.813s] Invoked command in '/home/nvidia/acfly_ws/build/exploration_planner' returned '0': CMAKE_PREFIX_PATH=${CMAKE_PREFIX_PATH}:/home/nvidia/ws_orbbec/install/gemini_vision:/opt/ros/humble /usr/bin/cmake --build /home/nvidia/acfly_ws/build/exploration_planner -- -j8 -l8
[1.817s] Invoking command in '/home/nvidia/acfly_ws/build/exploration_planner': CMAKE_PREFIX_PATH=${CMAKE_PREFIX_PATH}:/home/nvidia/ws_orbbec/install/gemini_vision:/opt/ros/humble /usr/bin/cmake --install /home/nvidia/acfly_ws/build/exploration_planner
[1.830s] -- Install configuration: ""
[1.832s] -- Execute custom install script
[1.833s] -- Up-to-date symlink: /home/nvidia/acfly_ws/install/exploration_planner/lib/exploration_planner/exploration_planner_node
[1.835s] -- Up-to-date symlink: /home/nvidia/acfly_ws/install/exploration_planner/include//exploration_planner/bezier.hpp
[1.836s] -- Up-to-date symlink: /home/nvidia/acfly_ws/install/exploration_planner/include//exploration_planner/coverage_planner.hpp
[1.836s] -- Up-to-date symlink: /home/nvidia/acfly_ws/install/exploration_planner/include//exploration_planner/global_planner.hpp
[1.836s] -- Up-to-date symlink: /home/nvidia/acfly_ws/install/exploration_planner/include//exploration_planner/grid_map.hpp
[1.836s] -- Up-to-date symlink: /home/nvidia/acfly_ws/install/exploration_planner/include//exploration_planner/obstacle_map.hpp
[1.836s] -- Up-to-date symlink: /home/nvidia/acfly_ws/install/exploration_planner/include//exploration_planner/params.hpp
[1.836s] -- Up-to-date symlink: /home/nvidia/acfly_ws/install/exploration_planner/include//exploration_planner/trajectory_tracker.hpp
[1.837s] -- Up-to-date symlink: /home/nvidia/acfly_ws/install/exploration_planner/include//exploration_planner/types.hpp
[1.838s] -- Up-to-date symlink: /home/nvidia/acfly_ws/install/exploration_planner/include//exploration_planner/visualizer.hpp
[1.838s] -- Up-to-date symlink: /home/nvidia/acfly_ws/install/exploration_planner/share/ament_index/resource_index/package_run_dependencies/exploration_planner
[1.838s] -- Up-to-date symlink: /home/nvidia/acfly_ws/install/exploration_planner/share/ament_index/resource_index/parent_prefix_path/exploration_planner
[1.838s] -- Up-to-date symlink: /home/nvidia/acfly_ws/install/exploration_planner/share/exploration_planner/environment/ament_prefix_path.sh
[1.838s] -- Up-to-date symlink: /home/nvidia/acfly_ws/install/exploration_planner/share/exploration_planner/environment/ament_prefix_path.dsv
[1.838s] -- Up-to-date symlink: /home/nvidia/acfly_ws/install/exploration_planner/share/exploration_planner/environment/path.sh
[1.838s] -- Up-to-date symlink: /home/nvidia/acfly_ws/install/exploration_planner/share/exploration_planner/environment/path.dsv
[1.838s] -- Up-to-date symlink: /home/nvidia/acfly_ws/install/exploration_planner/share/exploration_planner/local_setup.bash
[1.839s] -- Up-to-date symlink: /home/nvidia/acfly_ws/install/exploration_planner/share/exploration_planner/local_setup.sh
[1.839s] -- Up-to-date symlink: /home/nvidia/acfly_ws/install/exploration_planner/share/exploration_planner/local_setup.zsh
[1.839s] -- Up-to-date symlink: /home/nvidia/acfly_ws/install/exploration_planner/share/exploration_planner/local_setup.dsv
[1.839s] -- Symlinking: /home/nvidia/acfly_ws/install/exploration_planner/share/exploration_planner/package.dsv
[1.851s] -- Up-to-date symlink: /home/nvidia/acfly_ws/install/exploration_planner/share/ament_index/resource_index/packages/exploration_planner
[1.851s] -- Up-to-date symlink: /home/nvidia/acfly_ws/install/exploration_planner/share/exploration_planner/cmake/exploration_plannerConfig.cmake
[1.851s] -- Up-to-date symlink: /home/nvidia/acfly_ws/install/exploration_planner/share/exploration_planner/cmake/exploration_plannerConfig-version.cmake
[1.852s] -- Up-to-date symlink: /home/nvidia/acfly_ws/install/exploration_planner/share/exploration_planner/package.xml
[1.870s] Invoked command in '/home/nvidia/acfly_ws/build/exploration_planner' returned '0': CMAKE_PREFIX_PATH=${CMAKE_PREFIX_PATH}:/home/nvidia/ws_orbbec/install/gemini_vision:/opt/ros/humble /usr/bin/cmake --install /home/nvidia/acfly_ws/build/exploration_planner
