[0.051s] Invoking command in '/home/nvidia/acfly_ws/build/multi_pole_detector': CMAKE_PREFIX_PATH=${CMAKE_PREFIX_PATH}:/home/nvidia/ws_opencv/github_vison-master/install/pointcloud_mapper:/home/nvidia/ws_opencv/github_vison-master/install/gemini_vision:/home/nvidia/ws_opencv/github_vison-master/install/finding:/home/nvidia/ws_orbbec/install/gemini_vision:/opt/ros/humble /usr/bin/cmake --build /home/nvidia/acfly_ws/build/multi_pole_detector -- -j8 -l8
[0.228s] [100%] Built target multi_pole_detector_node
[0.295s] Invoked command in '/home/nvidia/acfly_ws/build/multi_pole_detector' returned '0': CMAKE_PREFIX_PATH=${CMAKE_PREFIX_PATH}:/home/nvidia/ws_opencv/github_vison-master/install/pointcloud_mapper:/home/nvidia/ws_opencv/github_vison-master/install/gemini_vision:/home/nvidia/ws_opencv/github_vison-master/install/finding:/home/nvidia/ws_orbbec/install/gemini_vision:/opt/ros/humble /usr/bin/cmake --build /home/nvidia/acfly_ws/build/multi_pole_detector -- -j8 -l8
[0.302s] Invoking command in '/home/nvidia/acfly_ws/build/multi_pole_detector': CMAKE_PREFIX_PATH=${CMAKE_PREFIX_PATH}:/home/nvidia/ws_opencv/github_vison-master/install/pointcloud_mapper:/home/nvidia/ws_opencv/github_vison-master/install/gemini_vision:/home/nvidia/ws_opencv/github_vison-master/install/finding:/home/nvidia/ws_orbbec/install/gemini_vision:/opt/ros/humble /usr/bin/cmake --install /home/nvidia/acfly_ws/build/multi_pole_detector
[0.332s] -- Install configuration: ""
[0.333s] -- Up-to-date: /home/nvidia/acfly_ws/install/multi_pole_detector/lib/multi_pole_detector/multi_pole_detector_node
[0.333s] -- Up-to-date: /home/nvidia/acfly_ws/install/multi_pole_detector/share/multi_pole_detector/rviz
[0.333s] -- Up-to-date: /home/nvidia/acfly_ws/install/multi_pole_detector/share/multi_pole_detector/rviz/multi_pole_detector.rviz
[0.334s] -- Up-to-date: /home/nvidia/acfly_ws/install/multi_pole_detector/share/ament_index/resource_index/package_run_dependencies/multi_pole_detector
[0.335s] -- Up-to-date: /home/nvidia/acfly_ws/install/multi_pole_detector/share/ament_index/resource_index/parent_prefix_path/multi_pole_detector
[0.335s] -- Up-to-date: /home/nvidia/acfly_ws/install/multi_pole_detector/share/multi_pole_detector/environment/ament_prefix_path.sh
[0.336s] -- Up-to-date: /home/nvidia/acfly_ws/install/multi_pole_detector/share/multi_pole_detector/environment/ament_prefix_path.dsv
[0.337s] -- Up-to-date: /home/nvidia/acfly_ws/install/multi_pole_detector/share/multi_pole_detector/environment/path.sh
[0.337s] -- Up-to-date: /home/nvidia/acfly_ws/install/multi_pole_detector/share/multi_pole_detector/environment/path.dsv
[0.339s] -- Up-to-date: /home/nvidia/acfly_ws/install/multi_pole_detector/share/multi_pole_detector/local_setup.bash
[0.339s] -- Up-to-date: /home/nvidia/acfly_ws/install/multi_pole_detector/share/multi_pole_detector/local_setup.sh
[0.340s] -- Up-to-date: /home/nvidia/acfly_ws/install/multi_pole_detector/share/multi_pole_detector/local_setup.zsh
[0.341s] -- Up-to-date: /home/nvidia/acfly_ws/install/multi_pole_detector/share/multi_pole_detector/local_setup.dsv
[0.343s] -- Installing: /home/nvidia/acfly_ws/install/multi_pole_detector/share/multi_pole_detector/package.dsv
[0.343s] -- Up-to-date: /home/nvidia/acfly_ws/install/multi_pole_detector/share/ament_index/resource_index/packages/multi_pole_detector
[0.343s] -- Up-to-date: /home/nvidia/acfly_ws/install/multi_pole_detector/share/multi_pole_detector/cmake/multi_pole_detectorConfig.cmake
[0.343s] -- Up-to-date: /home/nvidia/acfly_ws/install/multi_pole_detector/share/multi_pole_detector/cmake/multi_pole_detectorConfig-version.cmake
[0.346s] -- Up-to-date: /home/nvidia/acfly_ws/install/multi_pole_detector/share/multi_pole_detector/package.xml
[0.446s] Invoked command in '/home/nvidia/acfly_ws/build/multi_pole_detector' returned '0': CMAKE_PREFIX_PATH=${CMAKE_PREFIX_PATH}:/home/nvidia/ws_opencv/github_vison-master/install/pointcloud_mapper:/home/nvidia/ws_opencv/github_vison-master/install/gemini_vision:/home/nvidia/ws_opencv/github_vison-master/install/finding:/home/nvidia/ws_orbbec/install/gemini_vision:/opt/ros/humble /usr/bin/cmake --install /home/nvidia/acfly_ws/build/multi_pole_detector
