[0.001s] Invoking command in '/home/nvidia/acfly_ws/build/libmavconn': CMAKE_PREFIX_PATH=/home/nvidia/acfly_ws/install/mavlink:/home/nvidia/acfly_ws/install/mavros_extras:/home/nvidia/acfly_ws/install/mavros:/home/nvidia/acfly_ws/install/fly_mission_gps:/home/nvidia/acfly_ws/install/fly_mission:/home/nvidia/acfly_ws/install/mavros_msgs:/home/nvidia/acfly_ws/install/libmavconn:/home/nvidia/ws_orbbec/install/orbbec_description:/home/nvidia/ws_orbbec/install/orbbec_camera:/home/nvidia/ws_orbbec/install/orbbec_camera_msgs:/home/nvidia/ws_livox/install/livox_ros_driver2:/home/nvidia/ws_point/install/pos_link:/home/nvidia/ws_point/install/point_lio:/home/nvidia/ws_point/install/pcl_cloud:/home/nvidia/ws_point/install/ac_link:/home/nvidia/ws_orbbec/install/gemini_vision:/opt/ros/humble /usr/bin/cmake --build /home/nvidia/acfly_ws/build/libmavconn -- -j8 -l8
[0.002s] [ 33%] Built target gtest
[0.002s] [ 33%] Built target gtest_main
[0.002s] [35m[1mConsolidate compiler generated dependencies of target mavconn[0m
[0.048s] [ 83%] Built target mavconn
[0.077s] [35m[1mConsolidate compiler generated dependencies of target test_mavconn[0m
[0.122s] [100%] Built target test_mavconn
[0.144s] Invoked command in '/home/nvidia/acfly_ws/build/libmavconn' returned '0': CMAKE_PREFIX_PATH=/home/nvidia/acfly_ws/install/mavlink:/home/nvidia/acfly_ws/install/mavros_extras:/home/nvidia/acfly_ws/install/mavros:/home/nvidia/acfly_ws/install/fly_mission_gps:/home/nvidia/acfly_ws/install/fly_mission:/home/nvidia/acfly_ws/install/mavros_msgs:/home/nvidia/acfly_ws/install/libmavconn:/home/nvidia/ws_orbbec/install/orbbec_description:/home/nvidia/ws_orbbec/install/orbbec_camera:/home/nvidia/ws_orbbec/install/orbbec_camera_msgs:/home/nvidia/ws_livox/install/livox_ros_driver2:/home/nvidia/ws_point/install/pos_link:/home/nvidia/ws_point/install/point_lio:/home/nvidia/ws_point/install/pcl_cloud:/home/nvidia/ws_point/install/ac_link:/home/nvidia/ws_orbbec/install/gemini_vision:/opt/ros/humble /usr/bin/cmake --build /home/nvidia/acfly_ws/build/libmavconn -- -j8 -l8
[0.148s] Invoking command in '/home/nvidia/acfly_ws/build/libmavconn': CMAKE_PREFIX_PATH=/home/nvidia/acfly_ws/install/mavlink:/home/nvidia/acfly_ws/install/mavros_extras:/home/nvidia/acfly_ws/install/mavros:/home/nvidia/acfly_ws/install/fly_mission_gps:/home/nvidia/acfly_ws/install/fly_mission:/home/nvidia/acfly_ws/install/mavros_msgs:/home/nvidia/acfly_ws/install/libmavconn:/home/nvidia/ws_orbbec/install/orbbec_description:/home/nvidia/ws_orbbec/install/orbbec_camera:/home/nvidia/ws_orbbec/install/orbbec_camera_msgs:/home/nvidia/ws_livox/install/livox_ros_driver2:/home/nvidia/ws_point/install/pos_link:/home/nvidia/ws_point/install/point_lio:/home/nvidia/ws_point/install/pcl_cloud:/home/nvidia/ws_point/install/ac_link:/home/nvidia/ws_orbbec/install/gemini_vision:/opt/ros/humble /usr/bin/cmake --install /home/nvidia/acfly_ws/build/libmavconn
[0.166s] -- Install configuration: ""
[0.167s] -- Execute custom install script
[0.167s] -- Up-to-date symlink: /home/nvidia/acfly_ws/install/libmavconn/lib/libmavconn.so
[0.168s] -- Up-to-date symlink: /home/nvidia/acfly_ws/install/libmavconn/include/mavconn/console_bridge_compat.hpp
[0.168s] -- Up-to-date symlink: /home/nvidia/acfly_ws/install/libmavconn/include/mavconn/interface.hpp
[0.168s] -- Up-to-date symlink: /home/nvidia/acfly_ws/install/libmavconn/include/mavconn/mavlink_dialect.hpp
[0.169s] -- Up-to-date symlink: /home/nvidia/acfly_ws/install/libmavconn/include/mavconn/mavlink_dialect.hpp.em
[0.169s] -- Up-to-date symlink: /home/nvidia/acfly_ws/install/libmavconn/include/mavconn/msgbuffer.hpp
[0.169s] -- Up-to-date symlink: /home/nvidia/acfly_ws/install/libmavconn/include/mavconn/serial.hpp
[0.169s] -- Up-to-date symlink: /home/nvidia/acfly_ws/install/libmavconn/include/mavconn/tcp.hpp
[0.170s] -- Up-to-date symlink: /home/nvidia/acfly_ws/install/libmavconn/include/mavconn/thread_utils.hpp
[0.170s] -- Up-to-date symlink: /home/nvidia/acfly_ws/install/libmavconn/include/mavconn/udp.hpp
[0.170s] -- Up-to-date symlink: /home/nvidia/acfly_ws/install/libmavconn/share/libmavconn/cmake/Modules/CheckGeographicLibDatasets.cmake
[0.171s] -- Up-to-date symlink: /home/nvidia/acfly_ws/install/libmavconn/share/libmavconn/cmake/Modules/FindASIO.cmake
[0.171s] -- Up-to-date symlink: /home/nvidia/acfly_ws/install/libmavconn/share/libmavconn/cmake/Modules/em_expand.cmake
[0.171s] -- Up-to-date symlink: /home/nvidia/acfly_ws/install/libmavconn/share/libmavconn/environment/library_path.sh
[0.171s] -- Up-to-date symlink: /home/nvidia/acfly_ws/install/libmavconn/share/libmavconn/environment/library_path.dsv
[0.171s] -- Up-to-date symlink: /home/nvidia/acfly_ws/install/libmavconn/share/ament_index/resource_index/package_run_dependencies/libmavconn
[0.172s] -- Up-to-date symlink: /home/nvidia/acfly_ws/install/libmavconn/share/ament_index/resource_index/parent_prefix_path/libmavconn
[0.172s] -- Up-to-date symlink: /home/nvidia/acfly_ws/install/libmavconn/share/libmavconn/environment/ament_prefix_path.sh
[0.172s] -- Up-to-date symlink: /home/nvidia/acfly_ws/install/libmavconn/share/libmavconn/environment/ament_prefix_path.dsv
[0.172s] -- Up-to-date symlink: /home/nvidia/acfly_ws/install/libmavconn/share/libmavconn/environment/path.sh
[0.173s] -- Up-to-date symlink: /home/nvidia/acfly_ws/install/libmavconn/share/libmavconn/environment/path.dsv
[0.173s] -- Up-to-date symlink: /home/nvidia/acfly_ws/install/libmavconn/share/libmavconn/local_setup.bash
[0.173s] -- Up-to-date symlink: /home/nvidia/acfly_ws/install/libmavconn/share/libmavconn/local_setup.sh
[0.173s] -- Up-to-date symlink: /home/nvidia/acfly_ws/install/libmavconn/share/libmavconn/local_setup.zsh
[0.173s] -- Up-to-date symlink: /home/nvidia/acfly_ws/install/libmavconn/share/libmavconn/local_setup.dsv
[0.174s] -- Symlinking: /home/nvidia/acfly_ws/install/libmavconn/share/libmavconn/package.dsv
[0.192s] -- Up-to-date symlink: /home/nvidia/acfly_ws/install/libmavconn/share/ament_index/resource_index/packages/libmavconn
[0.193s] -- Up-to-date symlink: /home/nvidia/acfly_ws/install/libmavconn/share/libmavconn/cmake/libmavconn-extras.cmake
[0.193s] -- Up-to-date symlink: /home/nvidia/acfly_ws/install/libmavconn/share/libmavconn/cmake/ament_cmake_export_dependencies-extras.cmake
[0.194s] -- Up-to-date symlink: /home/nvidia/acfly_ws/install/libmavconn/share/libmavconn/cmake/ament_cmake_export_include_directories-extras.cmake
[0.194s] -- Up-to-date symlink: /home/nvidia/acfly_ws/install/libmavconn/share/libmavconn/cmake/ament_cmake_export_libraries-extras.cmake
[0.194s] -- Up-to-date symlink: /home/nvidia/acfly_ws/install/libmavconn/share/libmavconn/cmake/libmavconnConfig.cmake
[0.194s] -- Up-to-date symlink: /home/nvidia/acfly_ws/install/libmavconn/share/libmavconn/cmake/libmavconnConfig-version.cmake
[0.194s] -- Up-to-date symlink: /home/nvidia/acfly_ws/install/libmavconn/share/libmavconn/package.xml
[0.194s] -- Up-to-date: /home/nvidia/acfly_ws/install/libmavconn/include/mavconn
[0.195s] -- Up-to-date: /home/nvidia/acfly_ws/install/libmavconn/include/mavconn/mavlink_dialect.hpp
[0.200s] Invoked command in '/home/nvidia/acfly_ws/build/libmavconn' returned '0': CMAKE_PREFIX_PATH=/home/nvidia/acfly_ws/install/mavlink:/home/nvidia/acfly_ws/install/mavros_extras:/home/nvidia/acfly_ws/install/mavros:/home/nvidia/acfly_ws/install/fly_mission_gps:/home/nvidia/acfly_ws/install/fly_mission:/home/nvidia/acfly_ws/install/mavros_msgs:/home/nvidia/acfly_ws/install/libmavconn:/home/nvidia/ws_orbbec/install/orbbec_description:/home/nvidia/ws_orbbec/install/orbbec_camera:/home/nvidia/ws_orbbec/install/orbbec_camera_msgs:/home/nvidia/ws_livox/install/livox_ros_driver2:/home/nvidia/ws_point/install/pos_link:/home/nvidia/ws_point/install/point_lio:/home/nvidia/ws_point/install/pcl_cloud:/home/nvidia/ws_point/install/ac_link:/home/nvidia/ws_orbbec/install/gemini_vision:/opt/ros/humble /usr/bin/cmake --install /home/nvidia/acfly_ws/build/libmavconn
