[0.034s] Invoking command in '/home/nvidia/acfly_ws/build/mavros_extras': AMENT_PREFIX_PATH=/home/nvidia/acfly_ws/install/mavros:/home/nvidia/acfly_ws/install/libmavconn:/home/nvidia/acfly_ws/install/mavros_msgs:${AMENT_PREFIX_PATH} CMAKE_PREFIX_PATH=/home/nvidia/acfly_ws/install/mavros:/home/nvidia/acfly_ws/install/libmavconn:/home/nvidia/acfly_ws/install/mavros_msgs:/home/nvidia/acfly_ws/install/mavlink:/home/nvidia/ws_orbbec/install/orbbec_description:/home/nvidia/ws_orbbec/install/orbbec_camera:/home/nvidia/ws_orbbec/install/orbbec_camera_msgs:/home/nvidia/ws_livox/install/livox_ros_driver2:/home/nvidia/ws_point/install/pos_link:/home/nvidia/ws_point/install/point_lio:/home/nvidia/ws_point/install/pcl_cloud:/home/nvidia/ws_point/install/ac_link:/home/nvidia/ws_orbbec/install/gemini_vision:/opt/ros/humble LD_LIBRARY_PATH=/home/nvidia/acfly_ws/install/mavros/lib:/home/nvidia/acfly_ws/install/libmavconn/lib:/home/nvidia/acfly_ws/install/mavros_msgs/lib:${LD_LIBRARY_PATH} PKG_CONFIG_PATH=/home/nvidia/acfly_ws/install/mavlink/lib/aarch64-linux-gnu/pkgconfig:/home/nvidia/acfly_ws/install/mavlink/lib/pkgconfig PYTHONPATH=/home/nvidia/acfly_ws/install/mavros/local/lib/python3.10/dist-packages:/home/nvidia/acfly_ws/install/mavros_msgs/local/lib/python3.10/dist-packages:${PYTHONPATH} /usr/bin/cmake /home/nvidia/acfly_ws/src/acfly_mavros/mavros/mavros_extras -DAMENT_CMAKE_SYMLINK_INSTALL=1 -DCMAKE_INSTALL_PREFIX=/home/nvidia/acfly_ws/install/mavros_extras
[0.141s] -- The C compiler identification is GNU 11.4.0
[0.249s] -- The CXX compiler identification is GNU 11.4.0
[0.272s] -- Detecting C compiler ABI info
[0.425s] -- Detecting C compiler ABI info - done
[0.451s] -- Check for working C compiler: /usr/bin/cc - skipped
[0.452s] -- Detecting C compile features
[0.453s] -- Detecting C compile features - done
[0.465s] -- Detecting CXX compiler ABI info
[0.627s] -- Detecting CXX compiler ABI info - done
[0.653s] -- Check for working CXX compiler: /usr/bin/c++ - skipped
[0.653s] -- Detecting CXX compile features
[0.655s] -- Detecting CXX compile features - done
[0.668s] -- Found ament_cmake: 1.3.13 (/opt/ros/humble/share/ament_cmake/cmake)
[0.945s] -- Found Python3: /usr/bin/python3 (found version "3.10.12") found components: Interpreter 
[1.067s] -- Override CMake install command with custom implementation using symlinks instead of copying resources
[1.158s] -- Found rclcpp: 16.0.18 (/opt/ros/humble/share/rclcpp/cmake)
[1.241s] -- Found rosidl_generator_c: 3.1.8 (/opt/ros/humble/share/rosidl_generator_c/cmake)
[1.250s] -- Found rosidl_adapter: 3.1.8 (/opt/ros/humble/share/rosidl_adapter/cmake)
[1.265s] -- Found rosidl_generator_cpp: 3.1.8 (/opt/ros/humble/share/rosidl_generator_cpp/cmake)
[1.285s] -- Using all available rosidl_typesupport_c: rosidl_typesupport_fastrtps_c;rosidl_typesupport_introspection_c
[1.314s] -- Using all available rosidl_typesupport_cpp: rosidl_typesupport_fastrtps_cpp;rosidl_typesupport_introspection_cpp
[1.389s] -- Found rmw_implementation_cmake: 6.1.2 (/opt/ros/humble/share/rmw_implementation_cmake/cmake)
[1.394s] -- Found rmw_fastrtps_cpp: 6.2.10 (/opt/ros/humble/share/rmw_fastrtps_cpp/cmake)
[1.565s] -- Found OpenSSL: /usr/lib/aarch64-linux-gnu/libcrypto.so (found version "3.0.2")  
[1.620s] -- Found FastRTPS: /opt/ros/humble/include  
[1.691s] -- Using RMW implementation 'rmw_fastrtps_cpp' as default
[1.711s] -- Looking for pthread.h
[1.845s] -- Looking for pthread.h - found
[1.846s] -- Performing Test CMAKE_HAVE_LIBC_PTHREAD
[1.981s] -- Performing Test CMAKE_HAVE_LIBC_PTHREAD - Success
[1.984s] -- Found Threads: TRUE  
[2.093s] -- Found rclcpp_components: 16.0.18 (/opt/ros/humble/share/rclcpp_components/cmake)
[2.139s] -- Found pluginlib: 5.1.3 (/opt/ros/humble/share/pluginlib/cmake)
[2.166s] -- Found message_filters: 4.3.14 (/opt/ros/humble/share/message_filters/cmake)
[2.172s] -- Found mavros: 2.12.0 (/home/nvidia/acfly_ws/install/mavros/share/mavros/cmake)
[2.190s] -- Found libmavconn: 2.12.0 (/home/nvidia/acfly_ws/install/libmavconn/share/libmavconn/cmake)
[2.194s] -- Found Eigen3: TRUE (found version "3.4.0") 
[2.198s] -- Found GeographicLib: /usr/lib/aarch64-linux-gnu  
[2.201s] -- Found angles: 1.15.0 (/opt/ros/humble/share/angles/cmake)
[2.206s] -- Found eigen_stl_containers: 1.1.0 (/opt/ros/humble/share/eigen_stl_containers/cmake)
[2.211s] -- Found tf2_eigen: 0.25.19 (/opt/ros/humble/share/tf2_eigen/cmake)
[2.351s] -- Found urdf: 2.6.1 (/opt/ros/humble/share/urdf/cmake)
[2.372s] -- Found diagnostic_msgs: 4.9.1 (/opt/ros/humble/share/diagnostic_msgs/cmake)
[2.393s] -- Found diagnostic_updater: 4.0.6 (/opt/ros/humble/share/diagnostic_updater/cmake)
[2.404s] -- Found geographic_msgs: 1.0.6 (/opt/ros/humble/share/geographic_msgs/cmake)
[2.431s] -- Found mavros_msgs: 2.12.0 (/home/nvidia/acfly_ws/install/mavros_msgs/share/mavros_msgs/cmake)
[2.491s] -- Found nav_msgs: 4.9.1 (/opt/ros/humble/share/nav_msgs/cmake)
[2.519s] -- Found std_srvs: 4.9.1 (/opt/ros/humble/share/std_srvs/cmake)
[2.534s] -- Found trajectory_msgs: 4.9.1 (/opt/ros/humble/share/trajectory_msgs/cmake)
[2.563s] -- Found visualization_msgs: 4.9.1 (/opt/ros/humble/share/visualization_msgs/cmake)
[2.603s] -- Found yaml_cpp_vendor: 8.0.2 (/opt/ros/humble/share/yaml_cpp_vendor/cmake)
[2.613s] -- Found ament_cmake_gtest: 1.3.13 (/opt/ros/humble/share/ament_cmake_gtest/cmake)
[2.617s] -- Found ament_cmake_gmock: 1.3.13 (/opt/ros/humble/share/ament_cmake_gmock/cmake)
[2.621s] -- Found ament_lint_auto: 0.12.15 (/opt/ros/humble/share/ament_lint_auto/cmake)
[2.812s] -- Added test 'cppcheck' to perform static code analysis on C / C++ code
[2.812s] -- Configured cppcheck include dirs: $<BUILD_INTERFACE:/home/nvidia/acfly_ws/src/acfly_mavros/mavros/mavros_extras/include>
[2.812s] -- Configured cppcheck exclude dirs and/or files: 
[2.816s] -- Added test 'cpplint' to check C / C++ code against the Google style
[2.816s] -- Configured cpplint exclude dirs and/or files: 
[2.818s] -- Added test 'lint_cmake' to check CMake code style
[2.819s] -- Added test 'xmllint' to check XML markup files
[2.825s] -- Configuring done
[2.878s] -- Generating done
[2.892s] -- Build files have been written to: /home/nvidia/acfly_ws/build/mavros_extras
[2.925s] Invoked command in '/home/nvidia/acfly_ws/build/mavros_extras' returned '0': AMENT_PREFIX_PATH=/home/nvidia/acfly_ws/install/mavros:/home/nvidia/acfly_ws/install/libmavconn:/home/nvidia/acfly_ws/install/mavros_msgs:${AMENT_PREFIX_PATH} CMAKE_PREFIX_PATH=/home/nvidia/acfly_ws/install/mavros:/home/nvidia/acfly_ws/install/libmavconn:/home/nvidia/acfly_ws/install/mavros_msgs:/home/nvidia/acfly_ws/install/mavlink:/home/nvidia/ws_orbbec/install/orbbec_description:/home/nvidia/ws_orbbec/install/orbbec_camera:/home/nvidia/ws_orbbec/install/orbbec_camera_msgs:/home/nvidia/ws_livox/install/livox_ros_driver2:/home/nvidia/ws_point/install/pos_link:/home/nvidia/ws_point/install/point_lio:/home/nvidia/ws_point/install/pcl_cloud:/home/nvidia/ws_point/install/ac_link:/home/nvidia/ws_orbbec/install/gemini_vision:/opt/ros/humble LD_LIBRARY_PATH=/home/nvidia/acfly_ws/install/mavros/lib:/home/nvidia/acfly_ws/install/libmavconn/lib:/home/nvidia/acfly_ws/install/mavros_msgs/lib:${LD_LIBRARY_PATH} PKG_CONFIG_PATH=/home/nvidia/acfly_ws/install/mavlink/lib/aarch64-linux-gnu/pkgconfig:/home/nvidia/acfly_ws/install/mavlink/lib/pkgconfig PYTHONPATH=/home/nvidia/acfly_ws/install/mavros/local/lib/python3.10/dist-packages:/home/nvidia/acfly_ws/install/mavros_msgs/local/lib/python3.10/dist-packages:${PYTHONPATH} /usr/bin/cmake /home/nvidia/acfly_ws/src/acfly_mavros/mavros/mavros_extras -DAMENT_CMAKE_SYMLINK_INSTALL=1 -DCMAKE_INSTALL_PREFIX=/home/nvidia/acfly_ws/install/mavros_extras
[2.929s] Invoking command in '/home/nvidia/acfly_ws/build/mavros_extras': AMENT_PREFIX_PATH=/home/nvidia/acfly_ws/install/mavros:/home/nvidia/acfly_ws/install/libmavconn:/home/nvidia/acfly_ws/install/mavros_msgs:${AMENT_PREFIX_PATH} CMAKE_PREFIX_PATH=/home/nvidia/acfly_ws/install/mavros:/home/nvidia/acfly_ws/install/libmavconn:/home/nvidia/acfly_ws/install/mavros_msgs:/home/nvidia/acfly_ws/install/mavlink:/home/nvidia/ws_orbbec/install/orbbec_description:/home/nvidia/ws_orbbec/install/orbbec_camera:/home/nvidia/ws_orbbec/install/orbbec_camera_msgs:/home/nvidia/ws_livox/install/livox_ros_driver2:/home/nvidia/ws_point/install/pos_link:/home/nvidia/ws_point/install/point_lio:/home/nvidia/ws_point/install/pcl_cloud:/home/nvidia/ws_point/install/ac_link:/home/nvidia/ws_orbbec/install/gemini_vision:/opt/ros/humble LD_LIBRARY_PATH=/home/nvidia/acfly_ws/install/mavros/lib:/home/nvidia/acfly_ws/install/libmavconn/lib:/home/nvidia/acfly_ws/install/mavros_msgs/lib:${LD_LIBRARY_PATH} PKG_CONFIG_PATH=/home/nvidia/acfly_ws/install/mavlink/lib/aarch64-linux-gnu/pkgconfig:/home/nvidia/acfly_ws/install/mavlink/lib/pkgconfig PYTHONPATH=/home/nvidia/acfly_ws/install/mavros/local/lib/python3.10/dist-packages:/home/nvidia/acfly_ws/install/mavros_msgs/local/lib/python3.10/dist-packages:${PYTHONPATH} /usr/bin/cmake --build /home/nvidia/acfly_ws/build/mavros_extras -- -j8 -l8
[3.037s] [  9%] [32mBuilding CXX object CMakeFiles/mavros_extras_plugins.dir/src/plugins/3dr_radio.cpp.o[0m
[3.037s] [  9%] [32mBuilding CXX object CMakeFiles/servo_state_publisher.dir/rclcpp_components/node_main_servo_state_publisher.cpp.o[0m
[3.037s] [  9%] [32mBuilding CXX object CMakeFiles/mavros_extras_plugins.dir/src/plugins/adsb.cpp.o[0m
[3.037s] [ 11%] [32mBuilding CXX object CMakeFiles/mavros_extras_plugins.dir/src/plugins/cam_imu_sync.cpp.o[0m
[3.038s] [  9%] [32mBuilding CXX object CMakeFiles/mavros_extras.dir/src/lib/servo_state_publisher.cpp.o[0m
[3.038s] [ 13%] [32mBuilding CXX object CMakeFiles/mavros_extras_plugins.dir/src/plugins/companion_process_status.cpp.o[0m
[3.039s] [ 16%] [32mBuilding CXX object CMakeFiles/mavros_extras_plugins.dir/src/plugins/cellular_status.cpp.o[0m
[3.040s] [ 18%] [32mBuilding CXX object CMakeFiles/mavros_extras_plugins.dir/src/plugins/camera.cpp.o[0m
[11.939s] [ 20%] [32m[1mLinking CXX executable servo_state_publisher[0m
[12.224s] [ 20%] Built target servo_state_publisher
[12.244s] [ 23%] [32mBuilding CXX object CMakeFiles/mavros_extras_plugins.dir/src/plugins/debug_value.cpp.o[0m
[27.363s] [ 25%] [32mBuilding CXX object CMakeFiles/mavros_extras_plugins.dir/src/plugins/distance_sensor.cpp.o[0m
[27.923s] [ 27%] [32mBuilding CXX object CMakeFiles/mavros_extras_plugins.dir/src/plugins/esc_status.cpp.o[0m
[30.787s] [ 30%] [32mBuilding CXX object CMakeFiles/mavros_extras_plugins.dir/src/plugins/esc_telemetry.cpp.o[0m
[33.665s] [ 32%] [32m[1mLinking CXX shared library libmavros_extras.so[0m
[35.338s] [ 34%] [32mBuilding CXX object CMakeFiles/mavros_extras_plugins.dir/src/plugins/fake_gps.cpp.o[0m
[35.625s] [ 34%] Built target mavros_extras
[35.643s] [ 37%] [32mBuilding CXX object CMakeFiles/mavros_extras_plugins.dir/src/plugins/gimbal_control.cpp.o[0m
[35.661s] [ 39%] [32mBuilding CXX object CMakeFiles/mavros_extras_plugins.dir/src/plugins/gps_input.cpp.o[0m
[36.064s] [ 41%] [32mBuilding CXX object CMakeFiles/mavros_extras_plugins.dir/src/plugins/gps_rtk.cpp.o[0m
[50.400s] [ 44%] [32mBuilding CXX object CMakeFiles/mavros_extras_plugins.dir/src/plugins/gps_status.cpp.o[0m
[54.518s] [ 46%] [32mBuilding CXX object CMakeFiles/mavros_extras_plugins.dir/src/plugins/guided_target.cpp.o[0m
[56.989s] [ 48%] [32mBuilding CXX object CMakeFiles/mavros_extras_plugins.dir/src/plugins/hil.cpp.o[0m
[69.830s] [ 51%] [32mBuilding CXX object CMakeFiles/mavros_extras_plugins.dir/src/plugins/landing_target.cpp.o[0m
[70.427s] [ 53%] [32mBuilding CXX object CMakeFiles/mavros_extras_plugins.dir/src/plugins/log_transfer.cpp.o[0m
[70.747s] [ 55%] [32mBuilding CXX object CMakeFiles/mavros_extras_plugins.dir/src/plugins/mag_calibration_status.cpp.o[0m
[77.210s] [ 58%] [32mBuilding CXX object CMakeFiles/mavros_extras_plugins.dir/src/plugins/mocap_pose_estimate.cpp.o[0m
[88.527s] [ 60%] [32mBuilding CXX object CMakeFiles/mavros_extras_plugins.dir/src/plugins/mount_control.cpp.o[0m
[96.832s] [ 62%] [32mBuilding CXX object CMakeFiles/mavros_extras_plugins.dir/src/plugins/obstacle_distance.cpp.o[0m
[97.669s] [ 65%] [32mBuilding CXX object CMakeFiles/mavros_extras_plugins.dir/src/plugins/odom.cpp.o[0m
[100.093s] [ 67%] [32mBuilding CXX object CMakeFiles/mavros_extras_plugins.dir/src/plugins/onboard_computer_status.cpp.o[0m
[102.507s] [ 69%] [32mBuilding CXX object CMakeFiles/mavros_extras_plugins.dir/src/plugins/open_drone_id.cpp.o[0m
[125.357s] [ 72%] [32mBuilding CXX object CMakeFiles/mavros_extras_plugins.dir/src/plugins/px4flow.cpp.o[0m
[127.380s] [ 74%] [32mBuilding CXX object CMakeFiles/mavros_extras_plugins.dir/src/plugins/play_tune.cpp.o[0m
[129.403s] [ 76%] [32mBuilding CXX object CMakeFiles/mavros_extras_plugins.dir/src/plugins/optical_flow.cpp.o[0m
[130.598s] [ 79%] [32mBuilding CXX object CMakeFiles/mavros_extras_plugins.dir/src/plugins/rangefinder.cpp.o[0m
[132.842s] [ 81%] [32mBuilding CXX object CMakeFiles/mavros_extras_plugins.dir/src/plugins/terrain.cpp.o[0m
[134.052s] [ 83%] [32mBuilding CXX object CMakeFiles/mavros_extras_plugins.dir/src/plugins/trajectory.cpp.o[0m
[150.207s] [ 86%] [32mBuilding CXX object CMakeFiles/mavros_extras_plugins.dir/src/plugins/tunnel.cpp.o[0m
[160.526s] [ 88%] [32mBuilding CXX object CMakeFiles/mavros_extras_plugins.dir/src/plugins/vibration.cpp.o[0m
[162.681s] [ 90%] [32mBuilding CXX object CMakeFiles/mavros_extras_plugins.dir/src/plugins/vision_speed_estimate.cpp.o[0m
[165.890s] [ 95%] [32mBuilding CXX object CMakeFiles/mavros_extras_plugins.dir/src/plugins/vision_pose_estimate.cpp.o[0m
[165.890s] [ 95%] [32mBuilding CXX object CMakeFiles/mavros_extras_plugins.dir/src/plugins/wheel_odometry.cpp.o[0m
[174.499s] [ 97%] [32mBuilding CXX object CMakeFiles/mavros_extras_plugins.dir/src/plugins/vfr_hud.cpp.o[0m
[208.325s] [100%] [32m[1mLinking CXX shared library libmavros_extras_plugins.so[0m
[243.894s] [100%] Built target mavros_extras_plugins
[243.922s] Invoked command in '/home/nvidia/acfly_ws/build/mavros_extras' returned '0': AMENT_PREFIX_PATH=/home/nvidia/acfly_ws/install/mavros:/home/nvidia/acfly_ws/install/libmavconn:/home/nvidia/acfly_ws/install/mavros_msgs:${AMENT_PREFIX_PATH} CMAKE_PREFIX_PATH=/home/nvidia/acfly_ws/install/mavros:/home/nvidia/acfly_ws/install/libmavconn:/home/nvidia/acfly_ws/install/mavros_msgs:/home/nvidia/acfly_ws/install/mavlink:/home/nvidia/ws_orbbec/install/orbbec_description:/home/nvidia/ws_orbbec/install/orbbec_camera:/home/nvidia/ws_orbbec/install/orbbec_camera_msgs:/home/nvidia/ws_livox/install/livox_ros_driver2:/home/nvidia/ws_point/install/pos_link:/home/nvidia/ws_point/install/point_lio:/home/nvidia/ws_point/install/pcl_cloud:/home/nvidia/ws_point/install/ac_link:/home/nvidia/ws_orbbec/install/gemini_vision:/opt/ros/humble LD_LIBRARY_PATH=/home/nvidia/acfly_ws/install/mavros/lib:/home/nvidia/acfly_ws/install/libmavconn/lib:/home/nvidia/acfly_ws/install/mavros_msgs/lib:${LD_LIBRARY_PATH} PKG_CONFIG_PATH=/home/nvidia/acfly_ws/install/mavlink/lib/aarch64-linux-gnu/pkgconfig:/home/nvidia/acfly_ws/install/mavlink/lib/pkgconfig PYTHONPATH=/home/nvidia/acfly_ws/install/mavros/local/lib/python3.10/dist-packages:/home/nvidia/acfly_ws/install/mavros_msgs/local/lib/python3.10/dist-packages:${PYTHONPATH} /usr/bin/cmake --build /home/nvidia/acfly_ws/build/mavros_extras -- -j8 -l8
[243.928s] Invoking command in '/home/nvidia/acfly_ws/build/mavros_extras': AMENT_PREFIX_PATH=/home/nvidia/acfly_ws/install/mavros:/home/nvidia/acfly_ws/install/libmavconn:/home/nvidia/acfly_ws/install/mavros_msgs:${AMENT_PREFIX_PATH} CMAKE_PREFIX_PATH=/home/nvidia/acfly_ws/install/mavros:/home/nvidia/acfly_ws/install/libmavconn:/home/nvidia/acfly_ws/install/mavros_msgs:/home/nvidia/acfly_ws/install/mavlink:/home/nvidia/ws_orbbec/install/orbbec_description:/home/nvidia/ws_orbbec/install/orbbec_camera:/home/nvidia/ws_orbbec/install/orbbec_camera_msgs:/home/nvidia/ws_livox/install/livox_ros_driver2:/home/nvidia/ws_point/install/pos_link:/home/nvidia/ws_point/install/point_lio:/home/nvidia/ws_point/install/pcl_cloud:/home/nvidia/ws_point/install/ac_link:/home/nvidia/ws_orbbec/install/gemini_vision:/opt/ros/humble LD_LIBRARY_PATH=/home/nvidia/acfly_ws/install/mavros/lib:/home/nvidia/acfly_ws/install/libmavconn/lib:/home/nvidia/acfly_ws/install/mavros_msgs/lib:${LD_LIBRARY_PATH} PKG_CONFIG_PATH=/home/nvidia/acfly_ws/install/mavlink/lib/aarch64-linux-gnu/pkgconfig:/home/nvidia/acfly_ws/install/mavlink/lib/pkgconfig PYTHONPATH=/home/nvidia/acfly_ws/install/mavros/local/lib/python3.10/dist-packages:/home/nvidia/acfly_ws/install/mavros_msgs/local/lib/python3.10/dist-packages:${PYTHONPATH} /usr/bin/cmake --install /home/nvidia/acfly_ws/build/mavros_extras
[243.945s] -- Install configuration: ""
[243.945s] -- Execute custom install script
[243.946s] -- Symlinking: /home/nvidia/acfly_ws/install/mavros_extras/share/mavros_extras//mavros_plugins.xml
[243.964s] -- Symlinking: /home/nvidia/acfly_ws/install/mavros_extras/lib/mavros_extras/servo_state_publisher
[243.983s] -- Symlinking: /home/nvidia/acfly_ws/install/mavros_extras/include/mavros_extras/servo_state_publisher.hpp
[244.001s] -- Symlinking: /home/nvidia/acfly_ws/install/mavros_extras/share/mavros_extras/launch/px4flow.launch
[244.018s] -- Symlinking: /home/nvidia/acfly_ws/install/mavros_extras/share/mavros_extras/launch/px4flow_config.yaml
[244.035s] -- Symlinking: /home/nvidia/acfly_ws/install/mavros_extras/share/mavros_extras/launch/px4flow_pluginlists.yaml
[244.053s] -- Symlinking: /home/nvidia/acfly_ws/install/mavros_extras/share/mavros_extras/launch/servo_state_publisher.yaml
[244.071s] -- Symlinking: /home/nvidia/acfly_ws/install/mavros_extras/share/mavros_extras/environment/library_path.sh
[244.088s] -- Symlinking: /home/nvidia/acfly_ws/install/mavros_extras/share/mavros_extras/environment/library_path.dsv
[244.107s] -- Symlinking: /home/nvidia/acfly_ws/install/mavros_extras/share/ament_index/resource_index/package_run_dependencies/mavros_extras
[244.130s] -- Symlinking: /home/nvidia/acfly_ws/install/mavros_extras/share/ament_index/resource_index/parent_prefix_path/mavros_extras
[244.151s] -- Symlinking: /home/nvidia/acfly_ws/install/mavros_extras/share/mavros_extras/environment/ament_prefix_path.sh
[244.168s] -- Symlinking: /home/nvidia/acfly_ws/install/mavros_extras/share/mavros_extras/environment/ament_prefix_path.dsv
[244.185s] -- Symlinking: /home/nvidia/acfly_ws/install/mavros_extras/share/mavros_extras/environment/path.sh
[244.204s] -- Symlinking: /home/nvidia/acfly_ws/install/mavros_extras/share/mavros_extras/environment/path.dsv
[244.220s] -- Symlinking: /home/nvidia/acfly_ws/install/mavros_extras/share/mavros_extras/local_setup.bash
[244.238s] -- Symlinking: /home/nvidia/acfly_ws/install/mavros_extras/share/mavros_extras/local_setup.sh
[244.255s] -- Symlinking: /home/nvidia/acfly_ws/install/mavros_extras/share/mavros_extras/local_setup.zsh
[244.271s] -- Symlinking: /home/nvidia/acfly_ws/install/mavros_extras/share/mavros_extras/local_setup.dsv
[244.288s] -- Symlinking: /home/nvidia/acfly_ws/install/mavros_extras/share/mavros_extras/package.dsv
[244.306s] -- Symlinking: /home/nvidia/acfly_ws/install/mavros_extras/share/ament_index/resource_index/packages/mavros_extras
[244.325s] -- Symlinking: /home/nvidia/acfly_ws/install/mavros_extras/share/ament_index/resource_index/mavros__pluginlib__plugin/mavros_extras
[244.344s] -- Symlinking: /home/nvidia/acfly_ws/install/mavros_extras/share/ament_index/resource_index/rclcpp_components/mavros_extras
[244.360s] -- Symlinking: /home/nvidia/acfly_ws/install/mavros_extras/share/mavros_extras/cmake/ament_cmake_export_include_directories-extras.cmake
[244.376s] -- Symlinking: /home/nvidia/acfly_ws/install/mavros_extras/share/mavros_extras/cmake/ament_cmake_export_libraries-extras.cmake
[244.394s] -- Symlinking: /home/nvidia/acfly_ws/install/mavros_extras/share/mavros_extras/cmake/ament_cmake_export_dependencies-extras.cmake
[244.413s] -- Symlinking: /home/nvidia/acfly_ws/install/mavros_extras/share/mavros_extras/cmake/mavros_extrasConfig.cmake
[244.432s] -- Symlinking: /home/nvidia/acfly_ws/install/mavros_extras/share/mavros_extras/cmake/mavros_extrasConfig-version.cmake
[244.451s] -- Symlinking: /home/nvidia/acfly_ws/install/mavros_extras/share/mavros_extras/package.xml
[244.468s] -- Installing: /home/nvidia/acfly_ws/install/mavros_extras/lib/libmavros_extras.so
[244.492s] -- Set runtime path of "/home/nvidia/acfly_ws/install/mavros_extras/lib/libmavros_extras.so" to ""
[244.492s] -- Installing: /home/nvidia/acfly_ws/install/mavros_extras/lib/libmavros_extras_plugins.so
[244.766s] -- Set runtime path of "/home/nvidia/acfly_ws/install/mavros_extras/lib/libmavros_extras_plugins.so" to ""
[244.772s] Invoked command in '/home/nvidia/acfly_ws/build/mavros_extras' returned '0': AMENT_PREFIX_PATH=/home/nvidia/acfly_ws/install/mavros:/home/nvidia/acfly_ws/install/libmavconn:/home/nvidia/acfly_ws/install/mavros_msgs:${AMENT_PREFIX_PATH} CMAKE_PREFIX_PATH=/home/nvidia/acfly_ws/install/mavros:/home/nvidia/acfly_ws/install/libmavconn:/home/nvidia/acfly_ws/install/mavros_msgs:/home/nvidia/acfly_ws/install/mavlink:/home/nvidia/ws_orbbec/install/orbbec_description:/home/nvidia/ws_orbbec/install/orbbec_camera:/home/nvidia/ws_orbbec/install/orbbec_camera_msgs:/home/nvidia/ws_livox/install/livox_ros_driver2:/home/nvidia/ws_point/install/pos_link:/home/nvidia/ws_point/install/point_lio:/home/nvidia/ws_point/install/pcl_cloud:/home/nvidia/ws_point/install/ac_link:/home/nvidia/ws_orbbec/install/gemini_vision:/opt/ros/humble LD_LIBRARY_PATH=/home/nvidia/acfly_ws/install/mavros/lib:/home/nvidia/acfly_ws/install/libmavconn/lib:/home/nvidia/acfly_ws/install/mavros_msgs/lib:${LD_LIBRARY_PATH} PKG_CONFIG_PATH=/home/nvidia/acfly_ws/install/mavlink/lib/aarch64-linux-gnu/pkgconfig:/home/nvidia/acfly_ws/install/mavlink/lib/pkgconfig PYTHONPATH=/home/nvidia/acfly_ws/install/mavros/local/lib/python3.10/dist-packages:/home/nvidia/acfly_ws/install/mavros_msgs/local/lib/python3.10/dist-packages:${PYTHONPATH} /usr/bin/cmake --install /home/nvidia/acfly_ws/build/mavros_extras
