[ 50%] [32mBuilding CXX object CMakeFiles/multi_pole_detector_node.dir/src/multi_pole_detector_node.cpp.o[0m
In file included from [01m[K/usr/include/eigen3/Eigen/Core:214[m[K,
                 from [01m[K/usr/include/eigen3/Eigen/Dense:1[m[K,
                 from [01m[K/home/nvidia/acfly_ws/src/finding_objects_ws/multi_pole_detector/src/multi_pole_detector_node.cpp:36[m[K:
[01m[K/usr/include/eigen3/Eigen/src/Core/arch/NEON/PacketMath.h:[m[K In function ‘[01m[KPacket Eigen::internal::pload(const typename Eigen::internal::unpacket_traits<T>::type*) [with Packet = Eigen::internal::eigen_packet_wrapper<int, 2>; typename Eigen::internal::unpacket_traits<T>::type = signed char][m[K’:
[01m[K/usr/include/eigen3/Eigen/src/Core/arch/NEON/PacketMath.h:1671:9:[m[K [01;35m[Kwarning: [m[K‘[01m[Kvoid* memcpy(void*, const void*, size_t)[m[K’ copying an object of non-trivial type ‘[01m[KEigen::internal::Packet4c[m[K’ {aka ‘[01m[Kstruct Eigen::internal::eigen_packet_wrapper<int, 2>[m[K’} from an array of ‘[01m[Kconst int8_t[m[K’ {aka ‘[01m[Kconst signed char[m[K’} [[01;35m[K]8;;https://gcc.gnu.org/onlinedocs/gcc/Warning-Options.html#index-Wclass-memaccess-Wclass-memaccess]8;;[m[K]
 1671 |   [01;35m[Kmemcpy(&res, from, sizeof(Packet4c))[m[K;
      |   [01;35m[K~~~~~~^~~~~~~~~~~~~~~~~~~~~~~~~~~~~~[m[K
In file included from [01m[K/usr/include/eigen3/Eigen/Core:172[m[K,
                 from [01m[K/usr/include/eigen3/Eigen/Dense:1[m[K,
                 from [01m[K/home/nvidia/acfly_ws/src/finding_objects_ws/multi_pole_detector/src/multi_pole_detector_node.cpp:36[m[K:
[01m[K/usr/include/eigen3/Eigen/src/Core/GenericPacketMath.h:159:8:[m[K [01;36m[Knote: [m[K‘[01m[KEigen::internal::Packet4c[m[K’ {aka ‘[01m[Kstruct Eigen::internal::eigen_packet_wrapper<int, 2>[m[K’} declared here
  159 | struct [01;36m[Keigen_packet_wrapper[m[K
      |        [01;36m[K^~~~~~~~~~~~~~~~~~~~[m[K
In file included from [01m[K/usr/include/eigen3/Eigen/Core:214[m[K,
                 from [01m[K/usr/include/eigen3/Eigen/Dense:1[m[K,
                 from [01m[K/home/nvidia/acfly_ws/src/finding_objects_ws/multi_pole_detector/src/multi_pole_detector_node.cpp:36[m[K:
[01m[K/usr/include/eigen3/Eigen/src/Core/arch/NEON/PacketMath.h:[m[K In function ‘[01m[KPacket Eigen::internal::ploadu(const typename Eigen::internal::unpacket_traits<T>::type*) [with Packet = Eigen::internal::eigen_packet_wrapper<int, 2>; typename Eigen::internal::unpacket_traits<T>::type = signed char][m[K’:
[01m[K/usr/include/eigen3/Eigen/src/Core/arch/NEON/PacketMath.h:1716:9:[m[K [01;35m[Kwarning: [m[K‘[01m[Kvoid* memcpy(void*, const void*, size_t)[m[K’ copying an object of non-trivial type ‘[01m[KEigen::internal::Packet4c[m[K’ {aka ‘[01m[Kstruct Eigen::internal::eigen_packet_wrapper<int, 2>[m[K’} from an array of ‘[01m[Kconst int8_t[m[K’ {aka ‘[01m[Kconst signed char[m[K’} [[01;35m[K]8;;https://gcc.gnu.org/onlinedocs/gcc/Warning-Options.html#index-Wclass-memaccess-Wclass-memaccess]8;;[m[K]
 1716 |   [01;35m[Kmemcpy(&res, from, sizeof(Packet4c))[m[K;
      |   [01;35m[K~~~~~~^~~~~~~~~~~~~~~~~~~~~~~~~~~~~~[m[K
In file included from [01m[K/usr/include/eigen3/Eigen/Core:172[m[K,
                 from [01m[K/usr/include/eigen3/Eigen/Dense:1[m[K,
                 from [01m[K/home/nvidia/acfly_ws/src/finding_objects_ws/multi_pole_detector/src/multi_pole_detector_node.cpp:36[m[K:
[01m[K/usr/include/eigen3/Eigen/src/Core/GenericPacketMath.h:159:8:[m[K [01;36m[Knote: [m[K‘[01m[KEigen::internal::Packet4c[m[K’ {aka ‘[01m[Kstruct Eigen::internal::eigen_packet_wrapper<int, 2>[m[K’} declared here
  159 | struct [01;36m[Keigen_packet_wrapper[m[K
      |        [01;36m[K^~~~~~~~~~~~~~~~~~~~[m[K
[100%] [32m[1mLinking CXX executable multi_pole_detector_node[0m
[100%] Built target multi_pole_detector_node
-- Install configuration: ""
-- Installing: /home/nvidia/acfly_ws/install/multi_pole_detector/lib/multi_pole_detector/multi_pole_detector_node
-- Set runtime path of "/home/nvidia/acfly_ws/install/multi_pole_detector/lib/multi_pole_detector/multi_pole_detector_node" to ""
-- Up-to-date: /home/nvidia/acfly_ws/install/multi_pole_detector/share/multi_pole_detector/rviz
-- Up-to-date: /home/nvidia/acfly_ws/install/multi_pole_detector/share/multi_pole_detector/rviz/multi_pole_detector.rviz
-- Up-to-date: /home/nvidia/acfly_ws/install/multi_pole_detector/share/ament_index/resource_index/package_run_dependencies/multi_pole_detector
-- Up-to-date: /home/nvidia/acfly_ws/install/multi_pole_detector/share/ament_index/resource_index/parent_prefix_path/multi_pole_detector
-- Up-to-date: /home/nvidia/acfly_ws/install/multi_pole_detector/share/multi_pole_detector/environment/ament_prefix_path.sh
-- Up-to-date: /home/nvidia/acfly_ws/install/multi_pole_detector/share/multi_pole_detector/environment/ament_prefix_path.dsv
-- Up-to-date: /home/nvidia/acfly_ws/install/multi_pole_detector/share/multi_pole_detector/environment/path.sh
-- Up-to-date: /home/nvidia/acfly_ws/install/multi_pole_detector/share/multi_pole_detector/environment/path.dsv
-- Up-to-date: /home/nvidia/acfly_ws/install/multi_pole_detector/share/multi_pole_detector/local_setup.bash
-- Up-to-date: /home/nvidia/acfly_ws/install/multi_pole_detector/share/multi_pole_detector/local_setup.sh
-- Up-to-date: /home/nvidia/acfly_ws/install/multi_pole_detector/share/multi_pole_detector/local_setup.zsh
-- Up-to-date: /home/nvidia/acfly_ws/install/multi_pole_detector/share/multi_pole_detector/local_setup.dsv
-- Installing: /home/nvidia/acfly_ws/install/multi_pole_detector/share/multi_pole_detector/package.dsv
-- Up-to-date: /home/nvidia/acfly_ws/install/multi_pole_detector/share/ament_index/resource_index/packages/multi_pole_detector
-- Up-to-date: /home/nvidia/acfly_ws/install/multi_pole_detector/share/multi_pole_detector/cmake/multi_pole_detectorConfig.cmake
-- Up-to-date: /home/nvidia/acfly_ws/install/multi_pole_detector/share/multi_pole_detector/cmake/multi_pole_detectorConfig-version.cmake
-- Up-to-date: /home/nvidia/acfly_ws/install/multi_pole_detector/share/multi_pole_detector/package.xml
