[0.042s] Invoking command in '/home/nvidia/acfly_ws/build/ring_detector': CMAKE_PREFIX_PATH=${CMAKE_PREFIX_PATH}:/home/nvidia/ws_orbbec/install/gemini_vision:/opt/ros/humble /usr/bin/cmake --build /home/nvidia/acfly_ws/build/ring_detector -- -j8 -l8
[0.163s] [ 50%] [32mBuilding CXX object CMakeFiles/ring_detector_node.dir/src/ring_detector_node.cpp.o[0m
[33.433s] [100%] [32m[1mLinking CXX executable ring_detector_node[0m
[34.948s] [100%] Built target ring_detector_node
[34.973s] Invoked command in '/home/nvidia/acfly_ws/build/ring_detector' returned '0': CMAKE_PREFIX_PATH=${CMAKE_PREFIX_PATH}:/home/nvidia/ws_orbbec/install/gemini_vision:/opt/ros/humble /usr/bin/cmake --build /home/nvidia/acfly_ws/build/ring_detector -- -j8 -l8
[34.977s] Invoking command in '/home/nvidia/acfly_ws/build/ring_detector': CMAKE_PREFIX_PATH=${CMAKE_PREFIX_PATH}:/home/nvidia/ws_orbbec/install/gemini_vision:/opt/ros/humble /usr/bin/cmake --install /home/nvidia/acfly_ws/build/ring_detector
[34.991s] -- Install configuration: ""
[34.991s] -- Installing: /home/nvidia/acfly_ws/install/ring_detector/lib/ring_detector/ring_detector_node
[35.004s] -- Set runtime path of "/home/nvidia/acfly_ws/install/ring_detector/lib/ring_detector/ring_detector_node" to ""
[35.005s] -- Up-to-date: /home/nvidia/acfly_ws/install/ring_detector/share/ring_detector/rviz
[35.005s] -- Up-to-date: /home/nvidia/acfly_ws/install/ring_detector/share/ring_detector/rviz/ring_detector.rviz
[35.006s] -- Up-to-date: /home/nvidia/acfly_ws/install/ring_detector/share/ament_index/resource_index/package_run_dependencies/ring_detector
[35.006s] -- Up-to-date: /home/nvidia/acfly_ws/install/ring_detector/share/ament_index/resource_index/parent_prefix_path/ring_detector
[35.006s] -- Up-to-date: /home/nvidia/acfly_ws/install/ring_detector/share/ring_detector/environment/ament_prefix_path.sh
[35.006s] -- Up-to-date: /home/nvidia/acfly_ws/install/ring_detector/share/ring_detector/environment/ament_prefix_path.dsv
[35.007s] -- Up-to-date: /home/nvidia/acfly_ws/install/ring_detector/share/ring_detector/environment/path.sh
[35.007s] -- Up-to-date: /home/nvidia/acfly_ws/install/ring_detector/share/ring_detector/environment/path.dsv
[35.007s] -- Up-to-date: /home/nvidia/acfly_ws/install/ring_detector/share/ring_detector/local_setup.bash
[35.007s] -- Up-to-date: /home/nvidia/acfly_ws/install/ring_detector/share/ring_detector/local_setup.sh
[35.007s] -- Up-to-date: /home/nvidia/acfly_ws/install/ring_detector/share/ring_detector/local_setup.zsh
[35.008s] -- Up-to-date: /home/nvidia/acfly_ws/install/ring_detector/share/ring_detector/local_setup.dsv
[35.008s] -- Installing: /home/nvidia/acfly_ws/install/ring_detector/share/ring_detector/package.dsv
[35.008s] -- Up-to-date: /home/nvidia/acfly_ws/install/ring_detector/share/ament_index/resource_index/packages/ring_detector
[35.008s] -- Up-to-date: /home/nvidia/acfly_ws/install/ring_detector/share/ring_detector/cmake/ring_detectorConfig.cmake
[35.009s] -- Up-to-date: /home/nvidia/acfly_ws/install/ring_detector/share/ring_detector/cmake/ring_detectorConfig-version.cmake
[35.010s] -- Up-to-date: /home/nvidia/acfly_ws/install/ring_detector/share/ring_detector/package.xml
[35.012s] Invoked command in '/home/nvidia/acfly_ws/build/ring_detector' returned '0': CMAKE_PREFIX_PATH=${CMAKE_PREFIX_PATH}:/home/nvidia/ws_orbbec/install/gemini_vision:/opt/ros/humble /usr/bin/cmake --install /home/nvidia/acfly_ws/build/ring_detector
