[35m[1mConsolidate compiler generated dependencies of target multi_pole_detector_node[0m
[100%] Built target multi_pole_detector_node
-- Install configuration: ""
-- Up-to-date: /home/nvidia/acfly_ws/install/multi_pole_detector/lib/multi_pole_detector/multi_pole_detector_node
-- Up-to-date: /home/nvidia/acfly_ws/install/multi_pole_detector/share/multi_pole_detector/rviz
-- Up-to-date: /home/nvidia/acfly_ws/install/multi_pole_detector/share/multi_pole_detector/rviz/multi_pole_detector.rviz
-- Up-to-date: /home/nvidia/acfly_ws/install/multi_pole_detector/share/ament_index/resource_index/package_run_dependencies/multi_pole_detector
-- Up-to-date: /home/nvidia/acfly_ws/install/multi_pole_detector/share/ament_index/resource_index/parent_prefix_path/multi_pole_detector
-- Up-to-date: /home/nvidia/acfly_ws/install/multi_pole_detector/share/multi_pole_detector/environment/ament_prefix_path.sh
-- Up-to-date: /home/nvidia/acfly_ws/install/multi_pole_detector/share/multi_pole_detector/environment/ament_prefix_path.dsv
-- Up-to-date: /home/nvidia/acfly_ws/install/multi_pole_detector/share/multi_pole_detector/environment/path.sh
-- Up-to-date: /home/nvidia/acfly_ws/install/multi_pole_detector/share/multi_pole_detector/environment/path.dsv
-- Up-to-date: /home/nvidia/acfly_ws/install/multi_pole_detector/share/multi_pole_detector/local_setup.bash
-- Up-to-date: /home/nvidia/acfly_ws/install/multi_pole_detector/share/multi_pole_detector/local_setup.sh
-- Up-to-date: /home/nvidia/acfly_ws/install/multi_pole_detector/share/multi_pole_detector/local_setup.zsh
-- Up-to-date: /home/nvidia/acfly_ws/install/multi_pole_detector/share/multi_pole_detector/local_setup.dsv
-- Installing: /home/nvidia/acfly_ws/install/multi_pole_detector/share/multi_pole_detector/package.dsv
-- Up-to-date: /home/nvidia/acfly_ws/install/multi_pole_detector/share/ament_index/resource_index/packages/multi_pole_detector
-- Up-to-date: /home/nvidia/acfly_ws/install/multi_pole_detector/share/multi_pole_detector/cmake/multi_pole_detectorConfig.cmake
-- Up-to-date: /home/nvidia/acfly_ws/install/multi_pole_detector/share/multi_pole_detector/cmake/multi_pole_detectorConfig-version.cmake
-- Up-to-date: /home/nvidia/acfly_ws/install/multi_pole_detector/share/multi_pole_detector/package.xml
