[0.038s] Invoking command in '/home/nvidia/acfly_ws/build/ring_detector': CMAKE_PREFIX_PATH=${CMAKE_PREFIX_PATH}:/home/nvidia/ws_orbbec/install/gemini_vision:/opt/ros/humble /usr/bin/cmake /home/nvidia/acfly_ws/src/finding_objects_ws/ring_detector -DCMAKE_INSTALL_PREFIX=/home/nvidia/acfly_ws/install/ring_detector
[0.058s] -- Found ament_cmake: 1.3.14 (/opt/ros/humble/share/ament_cmake/cmake)
[0.378s] -- Found rclcpp: 16.0.19 (/opt/ros/humble/share/rclcpp/cmake)
[0.425s] -- Found rosidl_generator_c: 3.1.9 (/opt/ros/humble/share/rosidl_generator_c/cmake)
[0.428s] -- Found rosidl_adapter: 3.1.9 (/opt/ros/humble/share/rosidl_adapter/cmake)
[0.437s] -- Found rosidl_generator_cpp: 3.1.9 (/opt/ros/humble/share/rosidl_generator_cpp/cmake)
[0.451s] -- Using all available rosidl_typesupport_c: rosidl_typesupport_fastrtps_c;rosidl_typesupport_introspection_c
[0.469s] -- Using all available rosidl_typesupport_cpp: rosidl_typesupport_fastrtps_cpp;rosidl_typesupport_introspection_cpp
[0.517s] -- Found rmw_implementation_cmake: 6.1.2 (/opt/ros/humble/share/rmw_implementation_cmake/cmake)
[0.519s] -- Found rmw_fastrtps_cpp: 6.2.10 (/opt/ros/humble/share/rmw_fastrtps_cpp/cmake)
[0.682s] -- Using RMW implementation 'rmw_fastrtps_cpp' as default
[0.760s] -- Found sensor_msgs: 4.9.1 (/opt/ros/humble/share/sensor_msgs/cmake)
[0.801s] -- Found nav_msgs: 4.9.1 (/opt/ros/humble/share/nav_msgs/cmake)
[0.825s] -- Found visualization_msgs: 4.9.1 (/opt/ros/humble/share/visualization_msgs/cmake)
[0.915s] Traceback (most recent call last):
[0.920s]   File "/opt/ros/humble/share/ament_cmake_core/cmake/core/package_xml_2_cmake.py", line 22, in <module>
[0.921s]     from catkin_pkg.package import parse_package_string
[0.921s] ModuleNotFoundError: No module named 'catkin_pkg'
[0.936s] CMake Error at /opt/ros/humble/share/ament_cmake_core/cmake/core/ament_package_xml.cmake:95 (message):
[0.936s]   execute_process(/home/nvidia/miniforge3/bin/python3
[0.936s]   /opt/ros/humble/share/ament_cmake_core/cmake/core/package_xml_2_cmake.py
[0.936s]   /home/nvidia/acfly_ws/src/finding_objects_ws/ring_detector/package.xml
[0.936s]   /home/nvidia/acfly_ws/build/ring_detector/ament_cmake_core/package.cmake)
[0.936s]   returned error code 1
[0.937s] Call Stack (most recent call first):
[0.937s]   /opt/ros/humble/share/ament_cmake_core/cmake/core/ament_package_xml.cmake:49 (_ament_package_xml)
[0.937s]   /opt/ros/humble/share/ament_cmake_core/cmake/core/ament_package.cmake:63 (ament_package_xml)
[0.937s]   CMakeLists.txt:41 (ament_package)
[0.937s] 
[0.937s] 
[0.937s] -- Configuring incomplete, errors occurred!
[0.938s] See also "/home/nvidia/acfly_ws/build/ring_detector/CMakeFiles/CMakeOutput.log".
[0.967s] Invoked command in '/home/nvidia/acfly_ws/build/ring_detector' returned '1': CMAKE_PREFIX_PATH=${CMAKE_PREFIX_PATH}:/home/nvidia/ws_orbbec/install/gemini_vision:/opt/ros/humble /usr/bin/cmake /home/nvidia/acfly_ws/src/finding_objects_ws/ring_detector -DCMAKE_INSTALL_PREFIX=/home/nvidia/acfly_ws/install/ring_detector
