[0.029s] Invoking command in '/home/nvidia/acfly_ws/build/fly_mission_gps': CMAKE_PREFIX_PATH=/home/nvidia/acfly_ws/install/mavros_msgs:/home/nvidia/acfly_ws/install/mavros_extras:/home/nvidia/acfly_ws/install/mavros:/home/nvidia/acfly_ws/install/fly_mission_gps:/home/nvidia/acfly_ws/install/fly_mission:/home/nvidia/acfly_ws/install/libmavconn:/home/nvidia/acfly_ws/install/mavlink:/home/nvidia/ws_orbbec/install/orbbec_description:/home/nvidia/ws_orbbec/install/orbbec_camera:/home/nvidia/ws_orbbec/install/orbbec_camera_msgs:/home/nvidia/ws_livox/install/livox_ros_driver2:/home/nvidia/ws_point/install/pos_link:/home/nvidia/ws_point/install/point_lio:/home/nvidia/ws_point/install/pcl_cloud:/home/nvidia/ws_point/install/ac_link:/home/nvidia/ws_orbbec/install/gemini_vision:/opt/ros/humble LD_LIBRARY_PATH=/home/nvidia/acfly_ws/install/mavros_msgs/lib:/usr/local/lib:/home/nvidia/acfly_ws/install/mavros_extras/lib:/home/nvidia/acfly_ws/install/mavros/lib:/home/nvidia/acfly_ws/install/libmavconn/lib:/usr/local/lib:/home/nvidia/ws_orbbec/install/orbbec_camera/lib:/home/nvidia/ws_orbbec/install/orbbec_camera_msgs/lib:/home/nvidia/ws_livox/install/livox_ros_driver2/lib:/home/nvidia/ws_point/install/ac_link/lib:/opt/ros/humble/opt/rviz_ogre_vendor/lib:/opt/ros/humble/lib/aarch64-linux-gnu:/opt/ros/humble/lib /usr/bin/cmake /home/nvidia/acfly_ws/src/fly_mission_gps -DCMAKE_INSTALL_PREFIX=/home/nvidia/acfly_ws/install/fly_mission_gps
[0.080s] -- Found ament_cmake: 1.3.13 (/opt/ros/humble/share/ament_cmake/cmake)
[0.344s] -- Override CMake install command with custom implementation using symlinks instead of copying resources
[0.360s] -- Found rclcpp: 16.0.18 (/opt/ros/humble/share/rclcpp/cmake)
[0.409s] -- Found rosidl_generator_c: 3.1.8 (/opt/ros/humble/share/rosidl_generator_c/cmake)
[0.413s] -- Found rosidl_adapter: 3.1.8 (/opt/ros/humble/share/rosidl_adapter/cmake)
[0.423s] -- Found rosidl_generator_cpp: 3.1.8 (/opt/ros/humble/share/rosidl_generator_cpp/cmake)
[0.439s] -- Using all available rosidl_typesupport_c: rosidl_typesupport_fastrtps_c;rosidl_typesupport_introspection_c
[0.458s] -- Using all available rosidl_typesupport_cpp: rosidl_typesupport_fastrtps_cpp;rosidl_typesupport_introspection_cpp
[0.509s] -- Found rmw_implementation_cmake: 6.1.2 (/opt/ros/humble/share/rmw_implementation_cmake/cmake)
[0.512s] -- Found rmw_fastrtps_cpp: 6.2.10 (/opt/ros/humble/share/rmw_fastrtps_cpp/cmake)
[0.686s] -- Using RMW implementation 'rmw_fastrtps_cpp' as default
[0.764s] -- Found geometry_msgs: 4.9.1 (/opt/ros/humble/share/geometry_msgs/cmake)
[0.784s] -- Found mavros_msgs: 2.12.0 (/home/nvidia/acfly_ws/install/mavros_msgs/share/mavros_msgs/cmake)
[0.887s] -- Found nav_msgs: 4.9.1 (/opt/ros/humble/share/nav_msgs/cmake)
[0.912s] -- Found tf2: 0.25.19 (/opt/ros/humble/share/tf2/cmake)
[0.924s] -- Found ament_lint_auto: 0.12.15 (/opt/ros/humble/share/ament_lint_auto/cmake)
[1.083s] -- Added test 'cppcheck' to perform static code analysis on C / C++ code
[1.085s] -- Configured cppcheck include dirs: /home/nvidia/acfly_ws/src/fly_mission_gps/include
[1.085s] -- Configured cppcheck exclude dirs and/or files: 
[1.088s] -- Added test 'lint_cmake' to check CMake code style
[1.090s] -- Added test 'uncrustify' to check C / C++ code style
[1.090s] -- Configured uncrustify additional arguments: 
[1.092s] -- Added test 'xmllint' to check XML markup files
[1.095s] -- Configuring done
[1.134s] -- Generating done
[1.147s] -- Build files have been written to: /home/nvidia/acfly_ws/build/fly_mission_gps
[1.179s] Invoked command in '/home/nvidia/acfly_ws/build/fly_mission_gps' returned '0': CMAKE_PREFIX_PATH=/home/nvidia/acfly_ws/install/mavros_msgs:/home/nvidia/acfly_ws/install/mavros_extras:/home/nvidia/acfly_ws/install/mavros:/home/nvidia/acfly_ws/install/fly_mission_gps:/home/nvidia/acfly_ws/install/fly_mission:/home/nvidia/acfly_ws/install/libmavconn:/home/nvidia/acfly_ws/install/mavlink:/home/nvidia/ws_orbbec/install/orbbec_description:/home/nvidia/ws_orbbec/install/orbbec_camera:/home/nvidia/ws_orbbec/install/orbbec_camera_msgs:/home/nvidia/ws_livox/install/livox_ros_driver2:/home/nvidia/ws_point/install/pos_link:/home/nvidia/ws_point/install/point_lio:/home/nvidia/ws_point/install/pcl_cloud:/home/nvidia/ws_point/install/ac_link:/home/nvidia/ws_orbbec/install/gemini_vision:/opt/ros/humble LD_LIBRARY_PATH=/home/nvidia/acfly_ws/install/mavros_msgs/lib:/usr/local/lib:/home/nvidia/acfly_ws/install/mavros_extras/lib:/home/nvidia/acfly_ws/install/mavros/lib:/home/nvidia/acfly_ws/install/libmavconn/lib:/usr/local/lib:/home/nvidia/ws_orbbec/install/orbbec_camera/lib:/home/nvidia/ws_orbbec/install/orbbec_camera_msgs/lib:/home/nvidia/ws_livox/install/livox_ros_driver2/lib:/home/nvidia/ws_point/install/ac_link/lib:/opt/ros/humble/opt/rviz_ogre_vendor/lib:/opt/ros/humble/lib/aarch64-linux-gnu:/opt/ros/humble/lib /usr/bin/cmake /home/nvidia/acfly_ws/src/fly_mission_gps -DCMAKE_INSTALL_PREFIX=/home/nvidia/acfly_ws/install/fly_mission_gps
[1.180s] Invoking command in '/home/nvidia/acfly_ws/build/fly_mission_gps': CMAKE_PREFIX_PATH=/home/nvidia/acfly_ws/install/mavros_msgs:/home/nvidia/acfly_ws/install/mavros_extras:/home/nvidia/acfly_ws/install/mavros:/home/nvidia/acfly_ws/install/fly_mission_gps:/home/nvidia/acfly_ws/install/fly_mission:/home/nvidia/acfly_ws/install/libmavconn:/home/nvidia/acfly_ws/install/mavlink:/home/nvidia/ws_orbbec/install/orbbec_description:/home/nvidia/ws_orbbec/install/orbbec_camera:/home/nvidia/ws_orbbec/install/orbbec_camera_msgs:/home/nvidia/ws_livox/install/livox_ros_driver2:/home/nvidia/ws_point/install/pos_link:/home/nvidia/ws_point/install/point_lio:/home/nvidia/ws_point/install/pcl_cloud:/home/nvidia/ws_point/install/ac_link:/home/nvidia/ws_orbbec/install/gemini_vision:/opt/ros/humble LD_LIBRARY_PATH=/home/nvidia/acfly_ws/install/mavros_msgs/lib:/usr/local/lib:/home/nvidia/acfly_ws/install/mavros_extras/lib:/home/nvidia/acfly_ws/install/mavros/lib:/home/nvidia/acfly_ws/install/libmavconn/lib:/usr/local/lib:/home/nvidia/ws_orbbec/install/orbbec_camera/lib:/home/nvidia/ws_orbbec/install/orbbec_camera_msgs/lib:/home/nvidia/ws_livox/install/livox_ros_driver2/lib:/home/nvidia/ws_point/install/ac_link/lib:/opt/ros/humble/opt/rviz_ogre_vendor/lib:/opt/ros/humble/lib/aarch64-linux-gnu:/opt/ros/humble/lib /usr/bin/cmake --build /home/nvidia/acfly_ws/build/fly_mission_gps -- -j8 -l8
[1.256s] [35m[1mConsolidate compiler generated dependencies of target fly_mission_gps_node[0m
[1.294s] [100%] Built target fly_mission_gps_node
[1.318s] Invoked command in '/home/nvidia/acfly_ws/build/fly_mission_gps' returned '0': CMAKE_PREFIX_PATH=/home/nvidia/acfly_ws/install/mavros_msgs:/home/nvidia/acfly_ws/install/mavros_extras:/home/nvidia/acfly_ws/install/mavros:/home/nvidia/acfly_ws/install/fly_mission_gps:/home/nvidia/acfly_ws/install/fly_mission:/home/nvidia/acfly_ws/install/libmavconn:/home/nvidia/acfly_ws/install/mavlink:/home/nvidia/ws_orbbec/install/orbbec_description:/home/nvidia/ws_orbbec/install/orbbec_camera:/home/nvidia/ws_orbbec/install/orbbec_camera_msgs:/home/nvidia/ws_livox/install/livox_ros_driver2:/home/nvidia/ws_point/install/pos_link:/home/nvidia/ws_point/install/point_lio:/home/nvidia/ws_point/install/pcl_cloud:/home/nvidia/ws_point/install/ac_link:/home/nvidia/ws_orbbec/install/gemini_vision:/opt/ros/humble LD_LIBRARY_PATH=/home/nvidia/acfly_ws/install/mavros_msgs/lib:/usr/local/lib:/home/nvidia/acfly_ws/install/mavros_extras/lib:/home/nvidia/acfly_ws/install/mavros/lib:/home/nvidia/acfly_ws/install/libmavconn/lib:/usr/local/lib:/home/nvidia/ws_orbbec/install/orbbec_camera/lib:/home/nvidia/ws_orbbec/install/orbbec_camera_msgs/lib:/home/nvidia/ws_livox/install/livox_ros_driver2/lib:/home/nvidia/ws_point/install/ac_link/lib:/opt/ros/humble/opt/rviz_ogre_vendor/lib:/opt/ros/humble/lib/aarch64-linux-gnu:/opt/ros/humble/lib /usr/bin/cmake --build /home/nvidia/acfly_ws/build/fly_mission_gps -- -j8 -l8
[1.319s] Invoking command in '/home/nvidia/acfly_ws/build/fly_mission_gps': CMAKE_PREFIX_PATH=/home/nvidia/acfly_ws/install/mavros_msgs:/home/nvidia/acfly_ws/install/mavros_extras:/home/nvidia/acfly_ws/install/mavros:/home/nvidia/acfly_ws/install/fly_mission_gps:/home/nvidia/acfly_ws/install/fly_mission:/home/nvidia/acfly_ws/install/libmavconn:/home/nvidia/acfly_ws/install/mavlink:/home/nvidia/ws_orbbec/install/orbbec_description:/home/nvidia/ws_orbbec/install/orbbec_camera:/home/nvidia/ws_orbbec/install/orbbec_camera_msgs:/home/nvidia/ws_livox/install/livox_ros_driver2:/home/nvidia/ws_point/install/pos_link:/home/nvidia/ws_point/install/point_lio:/home/nvidia/ws_point/install/pcl_cloud:/home/nvidia/ws_point/install/ac_link:/home/nvidia/ws_orbbec/install/gemini_vision:/opt/ros/humble LD_LIBRARY_PATH=/home/nvidia/acfly_ws/install/mavros_msgs/lib:/usr/local/lib:/home/nvidia/acfly_ws/install/mavros_extras/lib:/home/nvidia/acfly_ws/install/mavros/lib:/home/nvidia/acfly_ws/install/libmavconn/lib:/usr/local/lib:/home/nvidia/ws_orbbec/install/orbbec_camera/lib:/home/nvidia/ws_orbbec/install/orbbec_camera_msgs/lib:/home/nvidia/ws_livox/install/livox_ros_driver2/lib:/home/nvidia/ws_point/install/ac_link/lib:/opt/ros/humble/opt/rviz_ogre_vendor/lib:/opt/ros/humble/lib/aarch64-linux-gnu:/opt/ros/humble/lib /usr/bin/cmake --install /home/nvidia/acfly_ws/build/fly_mission_gps
[1.332s] -- Install configuration: ""
[1.332s] -- Execute custom install script
[1.333s] -- Up-to-date symlink: /home/nvidia/acfly_ws/install/fly_mission_gps/lib/fly_mission_gps/fly_mission_gps_node
[1.334s] -- Up-to-date symlink: /home/nvidia/acfly_ws/install/fly_mission_gps/include//fly_mission_gps/drone_controller.hpp
[1.334s] -- Up-to-date symlink: /home/nvidia/acfly_ws/install/fly_mission_gps/include//fly_mission_gps/params.hpp
[1.334s] -- Up-to-date symlink: /home/nvidia/acfly_ws/install/fly_mission_gps/share/ament_index/resource_index/package_run_dependencies/fly_mission_gps
[1.335s] -- Up-to-date symlink: /home/nvidia/acfly_ws/install/fly_mission_gps/share/ament_index/resource_index/parent_prefix_path/fly_mission_gps
[1.335s] -- Up-to-date symlink: /home/nvidia/acfly_ws/install/fly_mission_gps/share/fly_mission_gps/environment/ament_prefix_path.sh
[1.335s] -- Up-to-date symlink: /home/nvidia/acfly_ws/install/fly_mission_gps/share/fly_mission_gps/environment/ament_prefix_path.dsv
[1.336s] -- Up-to-date symlink: /home/nvidia/acfly_ws/install/fly_mission_gps/share/fly_mission_gps/environment/path.sh
[1.336s] -- Up-to-date symlink: /home/nvidia/acfly_ws/install/fly_mission_gps/share/fly_mission_gps/environment/path.dsv
[1.336s] -- Up-to-date symlink: /home/nvidia/acfly_ws/install/fly_mission_gps/share/fly_mission_gps/local_setup.bash
[1.337s] -- Up-to-date symlink: /home/nvidia/acfly_ws/install/fly_mission_gps/share/fly_mission_gps/local_setup.sh
[1.338s] -- Up-to-date symlink: /home/nvidia/acfly_ws/install/fly_mission_gps/share/fly_mission_gps/local_setup.zsh
[1.338s] -- Up-to-date symlink: /home/nvidia/acfly_ws/install/fly_mission_gps/share/fly_mission_gps/local_setup.dsv
[1.338s] -- Symlinking: /home/nvidia/acfly_ws/install/fly_mission_gps/share/fly_mission_gps/package.dsv
[1.361s] -- Up-to-date symlink: /home/nvidia/acfly_ws/install/fly_mission_gps/share/ament_index/resource_index/packages/fly_mission_gps
[1.361s] -- Up-to-date symlink: /home/nvidia/acfly_ws/install/fly_mission_gps/share/fly_mission_gps/cmake/fly_mission_gpsConfig.cmake
[1.362s] -- Up-to-date symlink: /home/nvidia/acfly_ws/install/fly_mission_gps/share/fly_mission_gps/cmake/fly_mission_gpsConfig-version.cmake
[1.362s] -- Up-to-date symlink: /home/nvidia/acfly_ws/install/fly_mission_gps/share/fly_mission_gps/package.xml
[1.367s] Invoked command in '/home/nvidia/acfly_ws/build/fly_mission_gps' returned '0': CMAKE_PREFIX_PATH=/home/nvidia/acfly_ws/install/mavros_msgs:/home/nvidia/acfly_ws/install/mavros_extras:/home/nvidia/acfly_ws/install/mavros:/home/nvidia/acfly_ws/install/fly_mission_gps:/home/nvidia/acfly_ws/install/fly_mission:/home/nvidia/acfly_ws/install/libmavconn:/home/nvidia/acfly_ws/install/mavlink:/home/nvidia/ws_orbbec/install/orbbec_description:/home/nvidia/ws_orbbec/install/orbbec_camera:/home/nvidia/ws_orbbec/install/orbbec_camera_msgs:/home/nvidia/ws_livox/install/livox_ros_driver2:/home/nvidia/ws_point/install/pos_link:/home/nvidia/ws_point/install/point_lio:/home/nvidia/ws_point/install/pcl_cloud:/home/nvidia/ws_point/install/ac_link:/home/nvidia/ws_orbbec/install/gemini_vision:/opt/ros/humble LD_LIBRARY_PATH=/home/nvidia/acfly_ws/install/mavros_msgs/lib:/usr/local/lib:/home/nvidia/acfly_ws/install/mavros_extras/lib:/home/nvidia/acfly_ws/install/mavros/lib:/home/nvidia/acfly_ws/install/libmavconn/lib:/usr/local/lib:/home/nvidia/ws_orbbec/install/orbbec_camera/lib:/home/nvidia/ws_orbbec/install/orbbec_camera_msgs/lib:/home/nvidia/ws_livox/install/livox_ros_driver2/lib:/home/nvidia/ws_point/install/ac_link/lib:/opt/ros/humble/opt/rviz_ogre_vendor/lib:/opt/ros/humble/lib/aarch64-linux-gnu:/opt/ros/humble/lib /usr/bin/cmake --install /home/nvidia/acfly_ws/build/fly_mission_gps
