[0.041s] Invoking command in '/home/nvidia/acfly_ws/build/pole_detector': CMAKE_PREFIX_PATH=${CMAKE_PREFIX_PATH}:/home/nvidia/ws_orbbec/install/gemini_vision:/opt/ros/humble /usr/bin/cmake /home/nvidia/acfly_ws/src/finding_objects_ws/pole_detector -DPython3_EXECUTABLE=/usr/bin/python3 -DAMENT_CMAKE_SYMLINK_INSTALL=1 -DCMAKE_INSTALL_PREFIX=/home/nvidia/acfly_ws/install/pole_detector
[0.062s] -- Found ament_cmake: 1.3.14 (/opt/ros/humble/share/ament_cmake/cmake)
[0.297s] -- Override CMake install command with custom implementation using symlinks instead of copying resources
[0.310s] -- Found rclcpp: 16.0.19 (/opt/ros/humble/share/rclcpp/cmake)
[0.369s] -- Found rosidl_generator_c: 3.1.9 (/opt/ros/humble/share/rosidl_generator_c/cmake)
[0.373s] -- Found rosidl_adapter: 3.1.9 (/opt/ros/humble/share/rosidl_adapter/cmake)
[0.383s] -- Found rosidl_generator_cpp: 3.1.9 (/opt/ros/humble/share/rosidl_generator_cpp/cmake)
[0.397s] -- Using all available rosidl_typesupport_c: rosidl_typesupport_fastrtps_c;rosidl_typesupport_introspection_c
[0.416s] -- Using all available rosidl_typesupport_cpp: rosidl_typesupport_fastrtps_cpp;rosidl_typesupport_introspection_cpp
[0.463s] -- Found rmw_implementation_cmake: 6.1.2 (/opt/ros/humble/share/rmw_implementation_cmake/cmake)
[0.466s] -- Found rmw_fastrtps_cpp: 6.2.10 (/opt/ros/humble/share/rmw_fastrtps_cpp/cmake)
[0.630s] -- Using RMW implementation 'rmw_fastrtps_cpp' as default
[0.709s] -- Found sensor_msgs: 4.9.1 (/opt/ros/humble/share/sensor_msgs/cmake)
[0.750s] -- Found nav_msgs: 4.9.1 (/opt/ros/humble/share/nav_msgs/cmake)
[0.774s] -- Found visualization_msgs: 4.9.1 (/opt/ros/humble/share/visualization_msgs/cmake)
[0.940s] -- Configuring done
[0.962s] -- Generating done
[0.970s] -- Build files have been written to: /home/nvidia/acfly_ws/build/pole_detector
[0.998s] Invoked command in '/home/nvidia/acfly_ws/build/pole_detector' returned '0': CMAKE_PREFIX_PATH=${CMAKE_PREFIX_PATH}:/home/nvidia/ws_orbbec/install/gemini_vision:/opt/ros/humble /usr/bin/cmake /home/nvidia/acfly_ws/src/finding_objects_ws/pole_detector -DPython3_EXECUTABLE=/usr/bin/python3 -DAMENT_CMAKE_SYMLINK_INSTALL=1 -DCMAKE_INSTALL_PREFIX=/home/nvidia/acfly_ws/install/pole_detector
[0.999s] Invoking command in '/home/nvidia/acfly_ws/build/pole_detector': CMAKE_PREFIX_PATH=${CMAKE_PREFIX_PATH}:/home/nvidia/ws_orbbec/install/gemini_vision:/opt/ros/humble /usr/bin/cmake --build /home/nvidia/acfly_ws/build/pole_detector -- -j8 -l8
[1.089s] Consolidate compiler generated dependencies of target pole_detector_node
[1.116s] [ 50%] Linking CXX executable pole_detector_node
[4.722s] [100%] Built target pole_detector_node
[4.791s] Invoked command in '/home/nvidia/acfly_ws/build/pole_detector' returned '0': CMAKE_PREFIX_PATH=${CMAKE_PREFIX_PATH}:/home/nvidia/ws_orbbec/install/gemini_vision:/opt/ros/humble /usr/bin/cmake --build /home/nvidia/acfly_ws/build/pole_detector -- -j8 -l8
[4.865s] Invoking command in '/home/nvidia/acfly_ws/build/pole_detector': CMAKE_PREFIX_PATH=${CMAKE_PREFIX_PATH}:/home/nvidia/ws_orbbec/install/gemini_vision:/opt/ros/humble /usr/bin/cmake --install /home/nvidia/acfly_ws/build/pole_detector
[4.922s] -- Install configuration: ""
[4.922s] -- Execute custom install script
[4.923s] -- Symlinking: /home/nvidia/acfly_ws/install/pole_detector/lib/pole_detector/pole_detector_node
[4.961s] -- Symlinking: /home/nvidia/acfly_ws/install/pole_detector/share/pole_detector/rviz/pole_detector.rviz
[5.012s] -- Symlinking: /home/nvidia/acfly_ws/install/pole_detector/share/ament_index/resource_index/package_run_dependencies/pole_detector
[5.060s] -- Symlinking: /home/nvidia/acfly_ws/install/pole_detector/share/ament_index/resource_index/parent_prefix_path/pole_detector
[5.112s] -- Symlinking: /home/nvidia/acfly_ws/install/pole_detector/share/pole_detector/environment/ament_prefix_path.sh
[5.152s] -- Symlinking: /home/nvidia/acfly_ws/install/pole_detector/share/pole_detector/environment/ament_prefix_path.dsv
[5.208s] -- Symlinking: /home/nvidia/acfly_ws/install/pole_detector/share/pole_detector/environment/path.sh
[5.268s] -- Symlinking: /home/nvidia/acfly_ws/install/pole_detector/share/pole_detector/environment/path.dsv
[5.314s] -- Symlinking: /home/nvidia/acfly_ws/install/pole_detector/share/pole_detector/local_setup.bash
[5.354s] -- Symlinking: /home/nvidia/acfly_ws/install/pole_detector/share/pole_detector/local_setup.sh
[5.402s] -- Symlinking: /home/nvidia/acfly_ws/install/pole_detector/share/pole_detector/local_setup.zsh
[5.451s] -- Symlinking: /home/nvidia/acfly_ws/install/pole_detector/share/pole_detector/local_setup.dsv
[5.483s] -- Symlinking: /home/nvidia/acfly_ws/install/pole_detector/share/pole_detector/package.dsv
[5.526s] -- Symlinking: /home/nvidia/acfly_ws/install/pole_detector/share/ament_index/resource_index/packages/pole_detector
[5.586s] -- Symlinking: /home/nvidia/acfly_ws/install/pole_detector/share/pole_detector/cmake/pole_detectorConfig.cmake
[5.626s] -- Symlinking: /home/nvidia/acfly_ws/install/pole_detector/share/pole_detector/cmake/pole_detectorConfig-version.cmake
[5.670s] -- Symlinking: /home/nvidia/acfly_ws/install/pole_detector/share/pole_detector/package.xml
[5.805s] Invoked command in '/home/nvidia/acfly_ws/build/pole_detector' returned '0': CMAKE_PREFIX_PATH=${CMAKE_PREFIX_PATH}:/home/nvidia/ws_orbbec/install/gemini_vision:/opt/ros/humble /usr/bin/cmake --install /home/nvidia/acfly_ws/build/pole_detector
