[0.072s] Invoking command in '/home/nvidia/acfly_ws/build/exploration_planner': CMAKE_PREFIX_PATH=${CMAKE_PREFIX_PATH}:/home/nvidia/ws_opencv/github_vison-master/install/pointcloud_mapper:/home/nvidia/ws_opencv/github_vison-master/install/gemini_vision:/home/nvidia/ws_opencv/github_vison-master/install/finding:/home/nvidia/ws_orbbec/install/gemini_vision:/opt/ros/humble /usr/bin/cmake --build /home/nvidia/acfly_ws/build/exploration_planner -- -j8 -l8
[0.163s] gmake[2]: Warning: File 'exploration_planner_node' has modification time 706 s in the future
[0.166s] gmake[2]: warning:  Clock skew detected.  Your build may be incomplete.
[0.181s] [100%] Built target exploration_planner_node
[0.238s] Invoked command in '/home/nvidia/acfly_ws/build/exploration_planner' returned '0': CMAKE_PREFIX_PATH=${CMAKE_PREFIX_PATH}:/home/nvidia/ws_opencv/github_vison-master/install/pointcloud_mapper:/home/nvidia/ws_opencv/github_vison-master/install/gemini_vision:/home/nvidia/ws_opencv/github_vison-master/install/finding:/home/nvidia/ws_orbbec/install/gemini_vision:/opt/ros/humble /usr/bin/cmake --build /home/nvidia/acfly_ws/build/exploration_planner -- -j8 -l8
[0.241s] Invoking command in '/home/nvidia/acfly_ws/build/exploration_planner': CMAKE_PREFIX_PATH=${CMAKE_PREFIX_PATH}:/home/nvidia/ws_opencv/github_vison-master/install/pointcloud_mapper:/home/nvidia/ws_opencv/github_vison-master/install/gemini_vision:/home/nvidia/ws_opencv/github_vison-master/install/finding:/home/nvidia/ws_orbbec/install/gemini_vision:/opt/ros/humble /usr/bin/cmake --install /home/nvidia/acfly_ws/build/exploration_planner
[0.271s] -- Install configuration: ""
[0.271s] -- Up-to-date: /home/nvidia/acfly_ws/install/exploration_planner/lib/exploration_planner/exploration_planner_node
[0.272s] -- Up-to-date: /home/nvidia/acfly_ws/install/exploration_planner/include/
[0.272s] -- Up-to-date: /home/nvidia/acfly_ws/install/exploration_planner/include//exploration_planner
[0.273s] -- Up-to-date: /home/nvidia/acfly_ws/install/exploration_planner/include//exploration_planner/global_planner.hpp
[0.277s] -- Up-to-date: /home/nvidia/acfly_ws/install/exploration_planner/include//exploration_planner/coverage_planner.hpp
[0.277s] -- Up-to-date: /home/nvidia/acfly_ws/install/exploration_planner/include//exploration_planner/bezier.hpp
[0.277s] -- Up-to-date: /home/nvidia/acfly_ws/install/exploration_planner/include//exploration_planner/obstacle_map.hpp
[0.277s] -- Up-to-date: /home/nvidia/acfly_ws/install/exploration_planner/include//exploration_planner/trajectory_tracker.hpp
[0.279s] -- Up-to-date: /home/nvidia/acfly_ws/install/exploration_planner/include//exploration_planner/visualizer.hpp
[0.280s] -- Up-to-date: /home/nvidia/acfly_ws/install/exploration_planner/include//exploration_planner/grid_map.hpp
[0.280s] -- Up-to-date: /home/nvidia/acfly_ws/install/exploration_planner/include//exploration_planner/params.hpp
[0.280s] -- Up-to-date: /home/nvidia/acfly_ws/install/exploration_planner/include//exploration_planner/types.hpp
[0.281s] -- Up-to-date: /home/nvidia/acfly_ws/install/exploration_planner/share/ament_index/resource_index/package_run_dependencies/exploration_planner
[0.281s] -- Up-to-date: /home/nvidia/acfly_ws/install/exploration_planner/share/ament_index/resource_index/parent_prefix_path/exploration_planner
[0.282s] -- Up-to-date: /home/nvidia/acfly_ws/install/exploration_planner/share/exploration_planner/environment/ament_prefix_path.sh
[0.283s] -- Up-to-date: /home/nvidia/acfly_ws/install/exploration_planner/share/exploration_planner/environment/ament_prefix_path.dsv
[0.283s] -- Up-to-date: /home/nvidia/acfly_ws/install/exploration_planner/share/exploration_planner/environment/path.sh
[0.285s] -- Up-to-date: /home/nvidia/acfly_ws/install/exploration_planner/share/exploration_planner/environment/path.dsv
[0.286s] -- Up-to-date: /home/nvidia/acfly_ws/install/exploration_planner/share/exploration_planner/local_setup.bash
[0.288s] -- Up-to-date: /home/nvidia/acfly_ws/install/exploration_planner/share/exploration_planner/local_setup.sh
[0.290s] -- Up-to-date: /home/nvidia/acfly_ws/install/exploration_planner/share/exploration_planner/local_setup.zsh
[0.290s] -- Up-to-date: /home/nvidia/acfly_ws/install/exploration_planner/share/exploration_planner/local_setup.dsv
[0.291s] -- Installing: /home/nvidia/acfly_ws/install/exploration_planner/share/exploration_planner/package.dsv
[0.291s] -- Up-to-date: /home/nvidia/acfly_ws/install/exploration_planner/share/ament_index/resource_index/packages/exploration_planner
[0.292s] -- Up-to-date: /home/nvidia/acfly_ws/install/exploration_planner/share/exploration_planner/cmake/exploration_plannerConfig.cmake
[0.293s] -- Up-to-date: /home/nvidia/acfly_ws/install/exploration_planner/share/exploration_planner/cmake/exploration_plannerConfig-version.cmake
[0.294s] -- Up-to-date: /home/nvidia/acfly_ws/install/exploration_planner/share/exploration_planner/package.xml
[0.373s] Invoked command in '/home/nvidia/acfly_ws/build/exploration_planner' returned '0': CMAKE_PREFIX_PATH=${CMAKE_PREFIX_PATH}:/home/nvidia/ws_opencv/github_vison-master/install/pointcloud_mapper:/home/nvidia/ws_opencv/github_vison-master/install/gemini_vision:/home/nvidia/ws_opencv/github_vison-master/install/finding:/home/nvidia/ws_orbbec/install/gemini_vision:/opt/ros/humble /usr/bin/cmake --install /home/nvidia/acfly_ws/build/exploration_planner
