[0.042s] Invoking command in '/home/nvidia/acfly_ws/build/mavros': CMAKE_PREFIX_PATH=/home/nvidia/acfly_ws/install/libmavconn:/home/nvidia/acfly_ws/install/mavros_msgs:/home/nvidia/acfly_ws/install/mavlink:/home/nvidia/acfly_ws/install/mavros_extras:/home/nvidia/acfly_ws/install/mavros:/home/nvidia/acfly_ws/install/fly_mission_gps:/home/nvidia/acfly_ws/install/fly_mission:/home/nvidia/ws_orbbec/install/orbbec_description:/home/nvidia/ws_orbbec/install/orbbec_camera:/home/nvidia/ws_orbbec/install/orbbec_camera_msgs:/home/nvidia/ws_livox/install/livox_ros_driver2:/home/nvidia/ws_point/install/pos_link:/home/nvidia/ws_point/install/point_lio:/home/nvidia/ws_point/install/pcl_cloud:/home/nvidia/ws_point/install/ac_link:/home/nvidia/ws_orbbec/install/gemini_vision:/opt/ros/humble LD_LIBRARY_PATH=/home/nvidia/acfly_ws/install/libmavconn/lib:/home/nvidia/acfly_ws/install/mavros_msgs/lib:/usr/local/lib:/home/nvidia/acfly_ws/install/mavros_extras/lib:/home/nvidia/acfly_ws/install/mavros/lib:/usr/local/lib:/home/nvidia/ws_orbbec/install/orbbec_camera/lib:/home/nvidia/ws_orbbec/install/orbbec_camera_msgs/lib:/home/nvidia/ws_livox/install/livox_ros_driver2/lib:/home/nvidia/ws_point/install/ac_link/lib:/opt/ros/humble/opt/rviz_ogre_vendor/lib:/opt/ros/humble/lib/aarch64-linux-gnu:/opt/ros/humble/lib /usr/bin/cmake --build /home/nvidia/acfly_ws/build/mavros -- -j8 -l8
[0.142s] [  3%] Built target gtest_main
[0.148s] [  6%] Built target gtest
[0.148s] [  6%] Built target ament_cmake_python_symlink_mavros
[0.149s] [  9%] Built target gmock_main
[0.151s] [ 14%] Built target gmock
[0.153s] [ 14%] Built target ament_cmake_python_symlink_mavros_setup
[0.199s] [35m[1mConsolidate compiler generated dependencies of target mavros[0m
[0.348s] [ 37%] Built target mavros
[0.380s] [35m[1mConsolidate compiler generated dependencies of target libmavros-sensor-orientation-test[0m
[0.384s] [35m[1mConsolidate compiler generated dependencies of target mavros-uas-test[0m
[0.384s] [35m[1mConsolidate compiler generated dependencies of target mavros_node[0m
[0.396s] [35m[1mConsolidate compiler generated dependencies of target mavros-router-test[0m
[0.410s] [ 40%] Built target libmavros-frame-conversions-test
[0.426s] [ 43%] Built target libmavros-quaternion-utils-test
[0.443s] [ 46%] Built target libmavros-sensor-orientation-test
[0.453s] [ 54%] Built target mavros-uas-test
[0.454s] [ 54%] Built target mavros_node
[0.454s] [ 56%] Built target mavros-router-test
[0.524s] [35m[1mConsolidate compiler generated dependencies of target mavros_plugins[0m
[0.599s] running egg_info
[0.600s] writing mavros.egg-info/PKG-INFO
[0.601s] writing dependency_links to mavros.egg-info/dependency_links.txt
[0.601s] writing entry points to mavros.egg-info/entry_points.txt
[0.601s] writing top-level names to mavros.egg-info/top_level.txt
[0.606s] reading manifest file 'mavros.egg-info/SOURCES.txt'
[0.607s] writing manifest file 'mavros.egg-info/SOURCES.txt'
[0.670s] [ 56%] Built target ament_cmake_python_build_mavros_egg
[0.831s] [100%] Built target mavros_plugins
[0.855s] Invoked command in '/home/nvidia/acfly_ws/build/mavros' returned '0': CMAKE_PREFIX_PATH=/home/nvidia/acfly_ws/install/libmavconn:/home/nvidia/acfly_ws/install/mavros_msgs:/home/nvidia/acfly_ws/install/mavlink:/home/nvidia/acfly_ws/install/mavros_extras:/home/nvidia/acfly_ws/install/mavros:/home/nvidia/acfly_ws/install/fly_mission_gps:/home/nvidia/acfly_ws/install/fly_mission:/home/nvidia/ws_orbbec/install/orbbec_description:/home/nvidia/ws_orbbec/install/orbbec_camera:/home/nvidia/ws_orbbec/install/orbbec_camera_msgs:/home/nvidia/ws_livox/install/livox_ros_driver2:/home/nvidia/ws_point/install/pos_link:/home/nvidia/ws_point/install/point_lio:/home/nvidia/ws_point/install/pcl_cloud:/home/nvidia/ws_point/install/ac_link:/home/nvidia/ws_orbbec/install/gemini_vision:/opt/ros/humble LD_LIBRARY_PATH=/home/nvidia/acfly_ws/install/libmavconn/lib:/home/nvidia/acfly_ws/install/mavros_msgs/lib:/usr/local/lib:/home/nvidia/acfly_ws/install/mavros_extras/lib:/home/nvidia/acfly_ws/install/mavros/lib:/usr/local/lib:/home/nvidia/ws_orbbec/install/orbbec_camera/lib:/home/nvidia/ws_orbbec/install/orbbec_camera_msgs/lib:/home/nvidia/ws_livox/install/livox_ros_driver2/lib:/home/nvidia/ws_point/install/ac_link/lib:/opt/ros/humble/opt/rviz_ogre_vendor/lib:/opt/ros/humble/lib/aarch64-linux-gnu:/opt/ros/humble/lib /usr/bin/cmake --build /home/nvidia/acfly_ws/build/mavros -- -j8 -l8
[0.858s] Invoking command in '/home/nvidia/acfly_ws/build/mavros': CMAKE_PREFIX_PATH=/home/nvidia/acfly_ws/install/libmavconn:/home/nvidia/acfly_ws/install/mavros_msgs:/home/nvidia/acfly_ws/install/mavlink:/home/nvidia/acfly_ws/install/mavros_extras:/home/nvidia/acfly_ws/install/mavros:/home/nvidia/acfly_ws/install/fly_mission_gps:/home/nvidia/acfly_ws/install/fly_mission:/home/nvidia/ws_orbbec/install/orbbec_description:/home/nvidia/ws_orbbec/install/orbbec_camera:/home/nvidia/ws_orbbec/install/orbbec_camera_msgs:/home/nvidia/ws_livox/install/livox_ros_driver2:/home/nvidia/ws_point/install/pos_link:/home/nvidia/ws_point/install/point_lio:/home/nvidia/ws_point/install/pcl_cloud:/home/nvidia/ws_point/install/ac_link:/home/nvidia/ws_orbbec/install/gemini_vision:/opt/ros/humble LD_LIBRARY_PATH=/home/nvidia/acfly_ws/install/libmavconn/lib:/home/nvidia/acfly_ws/install/mavros_msgs/lib:/usr/local/lib:/home/nvidia/acfly_ws/install/mavros_extras/lib:/home/nvidia/acfly_ws/install/mavros/lib:/usr/local/lib:/home/nvidia/ws_orbbec/install/orbbec_camera/lib:/home/nvidia/ws_orbbec/install/orbbec_camera_msgs/lib:/home/nvidia/ws_livox/install/livox_ros_driver2/lib:/home/nvidia/ws_point/install/ac_link/lib:/opt/ros/humble/opt/rviz_ogre_vendor/lib:/opt/ros/humble/lib/aarch64-linux-gnu:/opt/ros/humble/lib /usr/bin/cmake --install /home/nvidia/acfly_ws/build/mavros
[0.874s] -- Install configuration: ""
[0.875s] -- Execute custom install script
[0.875s] -- Up-to-date symlink: /home/nvidia/acfly_ws/install/mavros/share/mavros//mavros_plugins.xml
[0.876s] -- Up-to-date symlink: /home/nvidia/acfly_ws/install/mavros/share/mavros/environment/pythonpath.sh
[0.876s] -- Up-to-date symlink: /home/nvidia/acfly_ws/install/mavros/share/mavros/environment/pythonpath.dsv
[0.877s] -- Up-to-date symlink: /home/nvidia/acfly_ws/install/mavros/local/lib/python3.10/dist-packages/mavros-2.12.0-py3.10.egg-info/PKG-INFO
[0.877s] -- Up-to-date symlink: /home/nvidia/acfly_ws/install/mavros/local/lib/python3.10/dist-packages/mavros-2.12.0-py3.10.egg-info/SOURCES.txt
[0.877s] -- Up-to-date symlink: /home/nvidia/acfly_ws/install/mavros/local/lib/python3.10/dist-packages/mavros-2.12.0-py3.10.egg-info/dependency_links.txt
[0.877s] -- Up-to-date symlink: /home/nvidia/acfly_ws/install/mavros/local/lib/python3.10/dist-packages/mavros-2.12.0-py3.10.egg-info/entry_points.txt
[0.878s] -- Up-to-date symlink: /home/nvidia/acfly_ws/install/mavros/local/lib/python3.10/dist-packages/mavros-2.12.0-py3.10.egg-info/top_level.txt
[0.879s] -- Up-to-date symlink: /home/nvidia/acfly_ws/install/mavros/local/lib/python3.10/dist-packages/mavros/__init__.py
[0.879s] -- Up-to-date symlink: /home/nvidia/acfly_ws/install/mavros/local/lib/python3.10/dist-packages/mavros/base.py
[0.879s] -- Up-to-date symlink: /home/nvidia/acfly_ws/install/mavros/local/lib/python3.10/dist-packages/mavros/cmd/__init__.py
[0.879s] -- Up-to-date symlink: /home/nvidia/acfly_ws/install/mavros/local/lib/python3.10/dist-packages/mavros/cmd/__main__.py
[0.880s] -- Up-to-date symlink: /home/nvidia/acfly_ws/install/mavros/local/lib/python3.10/dist-packages/mavros/cmd/checkid.py
[0.880s] -- Up-to-date symlink: /home/nvidia/acfly_ws/install/mavros/local/lib/python3.10/dist-packages/mavros/cmd/cmd.py
[0.880s] -- Up-to-date symlink: /home/nvidia/acfly_ws/install/mavros/local/lib/python3.10/dist-packages/mavros/cmd/ftp.py
[0.880s] -- Up-to-date symlink: /home/nvidia/acfly_ws/install/mavros/local/lib/python3.10/dist-packages/mavros/cmd/mission.py
[0.880s] -- Up-to-date symlink: /home/nvidia/acfly_ws/install/mavros/local/lib/python3.10/dist-packages/mavros/cmd/param.py
[0.881s] -- Up-to-date symlink: /home/nvidia/acfly_ws/install/mavros/local/lib/python3.10/dist-packages/mavros/cmd/safety.py
[0.881s] -- Up-to-date symlink: /home/nvidia/acfly_ws/install/mavros/local/lib/python3.10/dist-packages/mavros/cmd/system.py
[0.881s] -- Up-to-date symlink: /home/nvidia/acfly_ws/install/mavros/local/lib/python3.10/dist-packages/mavros/cmd/utils.py
[0.881s] -- Up-to-date symlink: /home/nvidia/acfly_ws/install/mavros/local/lib/python3.10/dist-packages/mavros/command.py
[0.882s] -- Up-to-date symlink: /home/nvidia/acfly_ws/install/mavros/local/lib/python3.10/dist-packages/mavros/ftp.py
[0.882s] -- Up-to-date symlink: /home/nvidia/acfly_ws/install/mavros/local/lib/python3.10/dist-packages/mavros/global_position.py
[0.882s] -- Up-to-date symlink: /home/nvidia/acfly_ws/install/mavros/local/lib/python3.10/dist-packages/mavros/local_position.py
[0.882s] -- Up-to-date symlink: /home/nvidia/acfly_ws/install/mavros/local/lib/python3.10/dist-packages/mavros/mavlink.py
[0.882s] -- Up-to-date symlink: /home/nvidia/acfly_ws/install/mavros/local/lib/python3.10/dist-packages/mavros/mission.py
[0.882s] -- Up-to-date symlink: /home/nvidia/acfly_ws/install/mavros/local/lib/python3.10/dist-packages/mavros/nuttx_crc32.py
[0.883s] -- Up-to-date symlink: /home/nvidia/acfly_ws/install/mavros/local/lib/python3.10/dist-packages/mavros/param.py
[0.883s] -- Up-to-date symlink: /home/nvidia/acfly_ws/install/mavros/local/lib/python3.10/dist-packages/mavros/setpoint.py
[0.883s] -- Up-to-date symlink: /home/nvidia/acfly_ws/install/mavros/local/lib/python3.10/dist-packages/mavros/system.py
[0.883s] -- Up-to-date symlink: /home/nvidia/acfly_ws/install/mavros/local/lib/python3.10/dist-packages/mavros/utils.py
[0.883s] -- Up-to-date symlink: /home/nvidia/acfly_ws/install/mavros/lib/mavros/mav
[0.884s] -- Up-to-date symlink: /home/nvidia/acfly_ws/install/mavros/lib/mavros/install_geographiclib_datasets.sh
[0.884s] -- Up-to-date symlink: /home/nvidia/acfly_ws/install/mavros/include/mavros/frame_tf.hpp
[0.884s] -- Up-to-date symlink: /home/nvidia/acfly_ws/install/mavros/include/mavros/mavros_plugin_register_macro.hpp
[0.885s] -- Up-to-date symlink: /home/nvidia/acfly_ws/install/mavros/include/mavros/mavros_router.hpp
[0.885s] -- Up-to-date symlink: /home/nvidia/acfly_ws/install/mavros/include/mavros/mavros_uas.hpp
[0.885s] -- Up-to-date symlink: /home/nvidia/acfly_ws/install/mavros/include/mavros/mission_protocol_base.hpp
[0.885s] -- Up-to-date symlink: /home/nvidia/acfly_ws/install/mavros/include/mavros/plugin.hpp
[0.885s] -- Up-to-date symlink: /home/nvidia/acfly_ws/install/mavros/include/mavros/plugin_filter.hpp
[0.885s] -- Up-to-date symlink: /home/nvidia/acfly_ws/install/mavros/include/mavros/px4_custom_mode.hpp
[0.886s] -- Up-to-date symlink: /home/nvidia/acfly_ws/install/mavros/include/mavros/qos.hpp
[0.886s] -- Up-to-date symlink: /home/nvidia/acfly_ws/install/mavros/include/mavros/setpoint_mixin.hpp
[0.886s] -- Up-to-date symlink: /home/nvidia/acfly_ws/install/mavros/include/mavros/uas_executor.hpp
[0.886s] -- Up-to-date symlink: /home/nvidia/acfly_ws/install/mavros/include/mavros/utils.hpp
[0.887s] -- Up-to-date symlink: /home/nvidia/acfly_ws/install/mavros/share/mavros/launch/acfly.launch.py
[0.887s] -- Up-to-date symlink: /home/nvidia/acfly_ws/install/mavros/share/mavros/launch/acfly_config.yaml
[0.887s] -- Up-to-date symlink: /home/nvidia/acfly_ws/install/mavros/share/mavros/launch/apm.launch
[0.887s] -- Up-to-date symlink: /home/nvidia/acfly_ws/install/mavros/share/mavros/launch/apm_config.yaml
[0.887s] -- Up-to-date symlink: /home/nvidia/acfly_ws/install/mavros/share/mavros/launch/apm_pluginlists.yaml
[0.888s] -- Up-to-date symlink: /home/nvidia/acfly_ws/install/mavros/share/mavros/launch/multi_uas.launch
[0.888s] -- Up-to-date symlink: /home/nvidia/acfly_ws/install/mavros/share/mavros/launch/node.launch
[0.888s] -- Up-to-date symlink: /home/nvidia/acfly_ws/install/mavros/share/mavros/launch/px4.launch
[0.888s] -- Up-to-date symlink: /home/nvidia/acfly_ws/install/mavros/share/mavros/launch/px4_config.yaml
[0.888s] -- Up-to-date symlink: /home/nvidia/acfly_ws/install/mavros/share/mavros/launch/px4_pluginlists.yaml
[0.888s] -- Up-to-date symlink: /home/nvidia/acfly_ws/install/mavros/share/mavros/launch/test_compose.launch.py
[0.889s] -- Up-to-date symlink: /home/nvidia/acfly_ws/install/mavros/share/mavros/environment/library_path.sh
[0.889s] -- Up-to-date symlink: /home/nvidia/acfly_ws/install/mavros/share/mavros/environment/library_path.dsv
[0.890s] -- Up-to-date symlink: /home/nvidia/acfly_ws/install/mavros/share/ament_index/resource_index/package_run_dependencies/mavros
[0.890s] -- Up-to-date symlink: /home/nvidia/acfly_ws/install/mavros/share/ament_index/resource_index/parent_prefix_path/mavros
[0.890s] -- Up-to-date symlink: /home/nvidia/acfly_ws/install/mavros/share/mavros/environment/ament_prefix_path.sh
[0.890s] -- Up-to-date symlink: /home/nvidia/acfly_ws/install/mavros/share/mavros/environment/ament_prefix_path.dsv
[0.891s] -- Up-to-date symlink: /home/nvidia/acfly_ws/install/mavros/share/mavros/environment/path.sh
[0.891s] -- Up-to-date symlink: /home/nvidia/acfly_ws/install/mavros/share/mavros/environment/path.dsv
[0.891s] -- Up-to-date symlink: /home/nvidia/acfly_ws/install/mavros/share/mavros/local_setup.bash
[0.891s] -- Up-to-date symlink: /home/nvidia/acfly_ws/install/mavros/share/mavros/local_setup.sh
[0.892s] -- Up-to-date symlink: /home/nvidia/acfly_ws/install/mavros/share/mavros/local_setup.zsh
[0.892s] -- Up-to-date symlink: /home/nvidia/acfly_ws/install/mavros/share/mavros/local_setup.dsv
[0.892s] -- Symlinking: /home/nvidia/acfly_ws/install/mavros/share/mavros/package.dsv
[0.908s] -- Up-to-date symlink: /home/nvidia/acfly_ws/install/mavros/share/ament_index/resource_index/packages/mavros
[0.908s] -- Up-to-date symlink: /home/nvidia/acfly_ws/install/mavros/share/ament_index/resource_index/mavros__pluginlib__plugin/mavros
[0.908s] -- Up-to-date symlink: /home/nvidia/acfly_ws/install/mavros/share/ament_index/resource_index/rclcpp_components/mavros
[0.909s] -- Up-to-date symlink: /home/nvidia/acfly_ws/install/mavros/share/mavros/cmake/ament_cmake_export_include_directories-extras.cmake
[0.909s] -- Up-to-date symlink: /home/nvidia/acfly_ws/install/mavros/share/mavros/cmake/ament_cmake_export_libraries-extras.cmake
[0.909s] -- Up-to-date symlink: /home/nvidia/acfly_ws/install/mavros/share/mavros/cmake/ament_cmake_export_dependencies-extras.cmake
[0.909s] -- Up-to-date symlink: /home/nvidia/acfly_ws/install/mavros/share/mavros/cmake/mavrosConfig.cmake
[0.909s] -- Up-to-date symlink: /home/nvidia/acfly_ws/install/mavros/share/mavros/cmake/mavrosConfig-version.cmake
[0.910s] -- Up-to-date symlink: /home/nvidia/acfly_ws/install/mavros/share/mavros/package.xml
[0.968s] Listing '/home/nvidia/acfly_ws/install/mavros/local/lib/python3.10/dist-packages/mavros'...
[0.969s] Listing '/home/nvidia/acfly_ws/install/mavros/local/lib/python3.10/dist-packages/mavros/cmd'...
[0.978s] -- Up-to-date: /home/nvidia/acfly_ws/install/mavros/lib/libmavros.so
[0.978s] -- Up-to-date: /home/nvidia/acfly_ws/install/mavros/lib/mavros/mavros_node
[0.979s] -- Up-to-date: /home/nvidia/acfly_ws/install/mavros/lib/libmavros_plugins.so
[0.984s] Invoked command in '/home/nvidia/acfly_ws/build/mavros' returned '0': CMAKE_PREFIX_PATH=/home/nvidia/acfly_ws/install/libmavconn:/home/nvidia/acfly_ws/install/mavros_msgs:/home/nvidia/acfly_ws/install/mavlink:/home/nvidia/acfly_ws/install/mavros_extras:/home/nvidia/acfly_ws/install/mavros:/home/nvidia/acfly_ws/install/fly_mission_gps:/home/nvidia/acfly_ws/install/fly_mission:/home/nvidia/ws_orbbec/install/orbbec_description:/home/nvidia/ws_orbbec/install/orbbec_camera:/home/nvidia/ws_orbbec/install/orbbec_camera_msgs:/home/nvidia/ws_livox/install/livox_ros_driver2:/home/nvidia/ws_point/install/pos_link:/home/nvidia/ws_point/install/point_lio:/home/nvidia/ws_point/install/pcl_cloud:/home/nvidia/ws_point/install/ac_link:/home/nvidia/ws_orbbec/install/gemini_vision:/opt/ros/humble LD_LIBRARY_PATH=/home/nvidia/acfly_ws/install/libmavconn/lib:/home/nvidia/acfly_ws/install/mavros_msgs/lib:/usr/local/lib:/home/nvidia/acfly_ws/install/mavros_extras/lib:/home/nvidia/acfly_ws/install/mavros/lib:/usr/local/lib:/home/nvidia/ws_orbbec/install/orbbec_camera/lib:/home/nvidia/ws_orbbec/install/orbbec_camera_msgs/lib:/home/nvidia/ws_livox/install/livox_ros_driver2/lib:/home/nvidia/ws_point/install/ac_link/lib:/opt/ros/humble/opt/rviz_ogre_vendor/lib:/opt/ros/humble/lib/aarch64-linux-gnu:/opt/ros/humble/lib /usr/bin/cmake --install /home/nvidia/acfly_ws/build/mavros
