[0.001s] Invoking command in '/home/nvidia/acfly_ws/build/libmavconn': CMAKE_PREFIX_PATH=/home/nvidia/acfly_ws/install/mavlink:/home/nvidia/acfly_ws/install/mavros_extras:/home/nvidia/acfly_ws/install/mavros:/home/nvidia/acfly_ws/install/fly_mission_gps:/home/nvidia/acfly_ws/install/fly_mission:/home/nvidia/acfly_ws/install/mavros_msgs:/home/nvidia/acfly_ws/install/libmavconn:/home/nvidia/ws_orbbec/install/orbbec_description:/home/nvidia/ws_orbbec/install/orbbec_camera:/home/nvidia/ws_orbbec/install/orbbec_camera_msgs:/home/nvidia/ws_livox/install/livox_ros_driver2:/home/nvidia/ws_point/install/pos_link:/home/nvidia/ws_point/install/point_lio:/home/nvidia/ws_point/install/pcl_cloud:/home/nvidia/ws_point/install/ac_link:/home/nvidia/ws_orbbec/install/gemini_vision:/opt/ros/humble /usr/bin/cmake /home/nvidia/acfly_ws/src/acfly_mavros/mavros/libmavconn -DCMAKE_INSTALL_PREFIX=/home/nvidia/acfly_ws/install/libmavconn
[0.001s] -- Found ament_cmake: 1.3.13 (/opt/ros/humble/share/ament_cmake/cmake)
[0.122s] -- Override CMake install command with custom implementation using symlinks instead of copying resources
[0.366s] -- Copy mavlink_dialect.hpp to source tree
[0.368s] -- Found ament_cmake_gtest: 1.3.13 (/opt/ros/humble/share/ament_cmake_gtest/cmake)
[0.371s] -- Found ament_lint_auto: 0.12.15 (/opt/ros/humble/share/ament_lint_auto/cmake)
[0.503s] -- Found gtest sources under '/opt/ros/humble/src/gtest_vendor': C++ tests using 'Google Test' will be built
[0.536s] -- Added test 'cppcheck' to perform static code analysis on C / C++ code
[0.537s] -- Configured cppcheck include dirs: /home/nvidia/acfly_ws/src/acfly_mavros/mavros/libmavconn/include
[0.537s] -- Configured cppcheck exclude dirs and/or files: 
[0.543s] -- Added test 'cpplint' to check C / C++ code against the Google style
[0.543s] -- Configured cpplint exclude dirs and/or files: 
[0.545s] -- Added test 'lint_cmake' to check CMake code style
[0.547s] -- Added test 'xmllint' to check XML markup files
[0.554s] -- Configuring done
[0.578s] -- Generating done
[0.585s] -- Build files have been written to: /home/nvidia/acfly_ws/build/libmavconn
[0.594s] Invoked command in '/home/nvidia/acfly_ws/build/libmavconn' returned '0': CMAKE_PREFIX_PATH=/home/nvidia/acfly_ws/install/mavlink:/home/nvidia/acfly_ws/install/mavros_extras:/home/nvidia/acfly_ws/install/mavros:/home/nvidia/acfly_ws/install/fly_mission_gps:/home/nvidia/acfly_ws/install/fly_mission:/home/nvidia/acfly_ws/install/mavros_msgs:/home/nvidia/acfly_ws/install/libmavconn:/home/nvidia/ws_orbbec/install/orbbec_description:/home/nvidia/ws_orbbec/install/orbbec_camera:/home/nvidia/ws_orbbec/install/orbbec_camera_msgs:/home/nvidia/ws_livox/install/livox_ros_driver2:/home/nvidia/ws_point/install/pos_link:/home/nvidia/ws_point/install/point_lio:/home/nvidia/ws_point/install/pcl_cloud:/home/nvidia/ws_point/install/ac_link:/home/nvidia/ws_orbbec/install/gemini_vision:/opt/ros/humble /usr/bin/cmake /home/nvidia/acfly_ws/src/acfly_mavros/mavros/libmavconn -DCMAKE_INSTALL_PREFIX=/home/nvidia/acfly_ws/install/libmavconn
[0.597s] Invoking command in '/home/nvidia/acfly_ws/build/libmavconn': CMAKE_PREFIX_PATH=/home/nvidia/acfly_ws/install/mavlink:/home/nvidia/acfly_ws/install/mavros_extras:/home/nvidia/acfly_ws/install/mavros:/home/nvidia/acfly_ws/install/fly_mission_gps:/home/nvidia/acfly_ws/install/fly_mission:/home/nvidia/acfly_ws/install/mavros_msgs:/home/nvidia/acfly_ws/install/libmavconn:/home/nvidia/ws_orbbec/install/orbbec_description:/home/nvidia/ws_orbbec/install/orbbec_camera:/home/nvidia/ws_orbbec/install/orbbec_camera_msgs:/home/nvidia/ws_livox/install/livox_ros_driver2:/home/nvidia/ws_point/install/pos_link:/home/nvidia/ws_point/install/point_lio:/home/nvidia/ws_point/install/pcl_cloud:/home/nvidia/ws_point/install/ac_link:/home/nvidia/ws_orbbec/install/gemini_vision:/opt/ros/humble /usr/bin/cmake --build /home/nvidia/acfly_ws/build/libmavconn -- -j8 -l8
[0.673s] [35m[1mConsolidate compiler generated dependencies of target gtest_main[0m
[0.673s] [35m[1mConsolidate compiler generated dependencies of target gtest[0m
[0.683s] [35m[1mConsolidate compiler generated dependencies of target mavconn[0m
[0.698s] [ 25%] Built target gtest_main
[0.698s] [ 33%] Built target gtest
[0.754s] [ 41%] [32mBuilding CXX object CMakeFiles/mavconn.dir/generated/src/mavlink_helpers.cpp.o[0m
[0.758s] [ 50%] [32mBuilding CXX object CMakeFiles/mavconn.dir/src/interface.cpp.o[0m
[0.759s] [ 58%] [32mBuilding CXX object CMakeFiles/mavconn.dir/src/serial.cpp.o[0m
[0.762s] [ 75%] [32mBuilding CXX object CMakeFiles/mavconn.dir/src/udp.cpp.o[0m
[0.763s] [ 75%] [32mBuilding CXX object CMakeFiles/mavconn.dir/src/tcp.cpp.o[0m
[12.118s] [ 83%] [32m[1mLinking CXX shared library libmavconn.so[0m
[12.516s] [ 83%] Built target mavconn
[12.541s] [35m[1mConsolidate compiler generated dependencies of target test_mavconn[0m
[12.592s] [ 91%] [32mBuilding CXX object CMakeFiles/test_mavconn.dir/test/test_mavconn.cpp.o[0m
[23.110s] [100%] [32m[1mLinking CXX executable test_mavconn[0m
[23.425s] [100%] Built target test_mavconn
[23.452s] Invoked command in '/home/nvidia/acfly_ws/build/libmavconn' returned '0': CMAKE_PREFIX_PATH=/home/nvidia/acfly_ws/install/mavlink:/home/nvidia/acfly_ws/install/mavros_extras:/home/nvidia/acfly_ws/install/mavros:/home/nvidia/acfly_ws/install/fly_mission_gps:/home/nvidia/acfly_ws/install/fly_mission:/home/nvidia/acfly_ws/install/mavros_msgs:/home/nvidia/acfly_ws/install/libmavconn:/home/nvidia/ws_orbbec/install/orbbec_description:/home/nvidia/ws_orbbec/install/orbbec_camera:/home/nvidia/ws_orbbec/install/orbbec_camera_msgs:/home/nvidia/ws_livox/install/livox_ros_driver2:/home/nvidia/ws_point/install/pos_link:/home/nvidia/ws_point/install/point_lio:/home/nvidia/ws_point/install/pcl_cloud:/home/nvidia/ws_point/install/ac_link:/home/nvidia/ws_orbbec/install/gemini_vision:/opt/ros/humble /usr/bin/cmake --build /home/nvidia/acfly_ws/build/libmavconn -- -j8 -l8
[23.457s] Invoking command in '/home/nvidia/acfly_ws/build/libmavconn': CMAKE_PREFIX_PATH=/home/nvidia/acfly_ws/install/mavlink:/home/nvidia/acfly_ws/install/mavros_extras:/home/nvidia/acfly_ws/install/mavros:/home/nvidia/acfly_ws/install/fly_mission_gps:/home/nvidia/acfly_ws/install/fly_mission:/home/nvidia/acfly_ws/install/mavros_msgs:/home/nvidia/acfly_ws/install/libmavconn:/home/nvidia/ws_orbbec/install/orbbec_description:/home/nvidia/ws_orbbec/install/orbbec_camera:/home/nvidia/ws_orbbec/install/orbbec_camera_msgs:/home/nvidia/ws_livox/install/livox_ros_driver2:/home/nvidia/ws_point/install/pos_link:/home/nvidia/ws_point/install/point_lio:/home/nvidia/ws_point/install/pcl_cloud:/home/nvidia/ws_point/install/ac_link:/home/nvidia/ws_orbbec/install/gemini_vision:/opt/ros/humble /usr/bin/cmake --install /home/nvidia/acfly_ws/build/libmavconn
[23.473s] -- Install configuration: ""
[23.474s] -- Execute custom install script
[23.475s] -- Up-to-date symlink: /home/nvidia/acfly_ws/install/libmavconn/lib/libmavconn.so
[23.476s] -- Up-to-date symlink: /home/nvidia/acfly_ws/install/libmavconn/include/mavconn/console_bridge_compat.hpp
[23.476s] -- Up-to-date symlink: /home/nvidia/acfly_ws/install/libmavconn/include/mavconn/interface.hpp
[23.477s] -- Up-to-date symlink: /home/nvidia/acfly_ws/install/libmavconn/include/mavconn/mavlink_dialect.hpp
[23.477s] -- Up-to-date symlink: /home/nvidia/acfly_ws/install/libmavconn/include/mavconn/mavlink_dialect.hpp.em
[23.477s] -- Up-to-date symlink: /home/nvidia/acfly_ws/install/libmavconn/include/mavconn/msgbuffer.hpp
[23.477s] -- Up-to-date symlink: /home/nvidia/acfly_ws/install/libmavconn/include/mavconn/serial.hpp
[23.478s] -- Up-to-date symlink: /home/nvidia/acfly_ws/install/libmavconn/include/mavconn/tcp.hpp
[23.478s] -- Up-to-date symlink: /home/nvidia/acfly_ws/install/libmavconn/include/mavconn/thread_utils.hpp
[23.478s] -- Up-to-date symlink: /home/nvidia/acfly_ws/install/libmavconn/include/mavconn/udp.hpp
[23.478s] -- Up-to-date symlink: /home/nvidia/acfly_ws/install/libmavconn/share/libmavconn/cmake/Modules/CheckGeographicLibDatasets.cmake
[23.478s] -- Up-to-date symlink: /home/nvidia/acfly_ws/install/libmavconn/share/libmavconn/cmake/Modules/FindASIO.cmake
[23.479s] -- Up-to-date symlink: /home/nvidia/acfly_ws/install/libmavconn/share/libmavconn/cmake/Modules/em_expand.cmake
[23.479s] -- Up-to-date symlink: /home/nvidia/acfly_ws/install/libmavconn/share/libmavconn/environment/library_path.sh
[23.479s] -- Up-to-date symlink: /home/nvidia/acfly_ws/install/libmavconn/share/libmavconn/environment/library_path.dsv
[23.479s] -- Up-to-date symlink: /home/nvidia/acfly_ws/install/libmavconn/share/ament_index/resource_index/package_run_dependencies/libmavconn
[23.480s] -- Up-to-date symlink: /home/nvidia/acfly_ws/install/libmavconn/share/ament_index/resource_index/parent_prefix_path/libmavconn
[23.480s] -- Up-to-date symlink: /home/nvidia/acfly_ws/install/libmavconn/share/libmavconn/environment/ament_prefix_path.sh
[23.480s] -- Up-to-date symlink: /home/nvidia/acfly_ws/install/libmavconn/share/libmavconn/environment/ament_prefix_path.dsv
[23.480s] -- Up-to-date symlink: /home/nvidia/acfly_ws/install/libmavconn/share/libmavconn/environment/path.sh
[23.481s] -- Up-to-date symlink: /home/nvidia/acfly_ws/install/libmavconn/share/libmavconn/environment/path.dsv
[23.481s] -- Up-to-date symlink: /home/nvidia/acfly_ws/install/libmavconn/share/libmavconn/local_setup.bash
[23.481s] -- Up-to-date symlink: /home/nvidia/acfly_ws/install/libmavconn/share/libmavconn/local_setup.sh
[23.481s] -- Up-to-date symlink: /home/nvidia/acfly_ws/install/libmavconn/share/libmavconn/local_setup.zsh
[23.482s] -- Up-to-date symlink: /home/nvidia/acfly_ws/install/libmavconn/share/libmavconn/local_setup.dsv
[23.482s] -- Symlinking: /home/nvidia/acfly_ws/install/libmavconn/share/libmavconn/package.dsv
[23.499s] -- Up-to-date symlink: /home/nvidia/acfly_ws/install/libmavconn/share/ament_index/resource_index/packages/libmavconn
[23.499s] -- Up-to-date symlink: /home/nvidia/acfly_ws/install/libmavconn/share/libmavconn/cmake/libmavconn-extras.cmake
[23.499s] -- Up-to-date symlink: /home/nvidia/acfly_ws/install/libmavconn/share/libmavconn/cmake/ament_cmake_export_dependencies-extras.cmake
[23.500s] -- Up-to-date symlink: /home/nvidia/acfly_ws/install/libmavconn/share/libmavconn/cmake/ament_cmake_export_include_directories-extras.cmake
[23.500s] -- Up-to-date symlink: /home/nvidia/acfly_ws/install/libmavconn/share/libmavconn/cmake/ament_cmake_export_libraries-extras.cmake
[23.500s] -- Up-to-date symlink: /home/nvidia/acfly_ws/install/libmavconn/share/libmavconn/cmake/libmavconnConfig.cmake
[23.501s] -- Up-to-date symlink: /home/nvidia/acfly_ws/install/libmavconn/share/libmavconn/cmake/libmavconnConfig-version.cmake
[23.501s] -- Up-to-date symlink: /home/nvidia/acfly_ws/install/libmavconn/share/libmavconn/package.xml
[23.501s] -- Up-to-date: /home/nvidia/acfly_ws/install/libmavconn/include/mavconn
[23.501s] -- Up-to-date: /home/nvidia/acfly_ws/install/libmavconn/include/mavconn/mavlink_dialect.hpp
[23.506s] Invoked command in '/home/nvidia/acfly_ws/build/libmavconn' returned '0': CMAKE_PREFIX_PATH=/home/nvidia/acfly_ws/install/mavlink:/home/nvidia/acfly_ws/install/mavros_extras:/home/nvidia/acfly_ws/install/mavros:/home/nvidia/acfly_ws/install/fly_mission_gps:/home/nvidia/acfly_ws/install/fly_mission:/home/nvidia/acfly_ws/install/mavros_msgs:/home/nvidia/acfly_ws/install/libmavconn:/home/nvidia/ws_orbbec/install/orbbec_description:/home/nvidia/ws_orbbec/install/orbbec_camera:/home/nvidia/ws_orbbec/install/orbbec_camera_msgs:/home/nvidia/ws_livox/install/livox_ros_driver2:/home/nvidia/ws_point/install/pos_link:/home/nvidia/ws_point/install/point_lio:/home/nvidia/ws_point/install/pcl_cloud:/home/nvidia/ws_point/install/ac_link:/home/nvidia/ws_orbbec/install/gemini_vision:/opt/ros/humble /usr/bin/cmake --install /home/nvidia/acfly_ws/build/libmavconn
