[0.047s] Invoking command in '/home/nvidia/acfly_ws/build/pole_detector': CMAKE_PREFIX_PATH=${CMAKE_PREFIX_PATH}:/home/nvidia/ws_orbbec/install/gemini_vision:/opt/ros/humble /usr/bin/cmake --build /home/nvidia/acfly_ws/build/pole_detector -- -j8 -l8
[0.140s] [35m[1mConsolidate compiler generated dependencies of target pole_detector_node[0m
[0.188s] [100%] Built target pole_detector_node
[0.311s] Invoked command in '/home/nvidia/acfly_ws/build/pole_detector' returned '0': CMAKE_PREFIX_PATH=${CMAKE_PREFIX_PATH}:/home/nvidia/ws_orbbec/install/gemini_vision:/opt/ros/humble /usr/bin/cmake --build /home/nvidia/acfly_ws/build/pole_detector -- -j8 -l8
[0.312s] Invoking command in '/home/nvidia/acfly_ws/build/pole_detector': CMAKE_PREFIX_PATH=${CMAKE_PREFIX_PATH}:/home/nvidia/ws_orbbec/install/gemini_vision:/opt/ros/humble /usr/bin/cmake --install /home/nvidia/acfly_ws/build/pole_detector
[0.327s] -- Install configuration: ""
[0.327s] -- Up-to-date: /home/nvidia/acfly_ws/install/pole_detector/lib/pole_detector/pole_detector_node
[0.328s] -- Up-to-date: /home/nvidia/acfly_ws/install/pole_detector/share/pole_detector/rviz
[0.329s] -- Up-to-date: /home/nvidia/acfly_ws/install/pole_detector/share/pole_detector/rviz/pole_detector.rviz
[0.329s] -- Up-to-date: /home/nvidia/acfly_ws/install/pole_detector/share/ament_index/resource_index/package_run_dependencies/pole_detector
[0.329s] -- Up-to-date: /home/nvidia/acfly_ws/install/pole_detector/share/ament_index/resource_index/parent_prefix_path/pole_detector
[0.329s] -- Up-to-date: /home/nvidia/acfly_ws/install/pole_detector/share/pole_detector/environment/ament_prefix_path.sh
[0.329s] -- Up-to-date: /home/nvidia/acfly_ws/install/pole_detector/share/pole_detector/environment/ament_prefix_path.dsv
[0.330s] -- Up-to-date: /home/nvidia/acfly_ws/install/pole_detector/share/pole_detector/environment/path.sh
[0.333s] -- Up-to-date: /home/nvidia/acfly_ws/install/pole_detector/share/pole_detector/environment/path.dsv
[0.334s] -- Up-to-date: /home/nvidia/acfly_ws/install/pole_detector/share/pole_detector/local_setup.bash
[0.334s] -- Up-to-date: /home/nvidia/acfly_ws/install/pole_detector/share/pole_detector/local_setup.sh
[0.334s] -- Up-to-date: /home/nvidia/acfly_ws/install/pole_detector/share/pole_detector/local_setup.zsh
[0.334s] -- Up-to-date: /home/nvidia/acfly_ws/install/pole_detector/share/pole_detector/local_setup.dsv
[0.335s] -- Installing: /home/nvidia/acfly_ws/install/pole_detector/share/pole_detector/package.dsv
[0.337s] -- Up-to-date: /home/nvidia/acfly_ws/install/pole_detector/share/ament_index/resource_index/packages/pole_detector
[0.337s] -- Up-to-date: /home/nvidia/acfly_ws/install/pole_detector/share/pole_detector/cmake/pole_detectorConfig.cmake
[0.337s] -- Up-to-date: /home/nvidia/acfly_ws/install/pole_detector/share/pole_detector/cmake/pole_detectorConfig-version.cmake
[0.337s] -- Up-to-date: /home/nvidia/acfly_ws/install/pole_detector/share/pole_detector/package.xml
[0.357s] Invoked command in '/home/nvidia/acfly_ws/build/pole_detector' returned '0': CMAKE_PREFIX_PATH=${CMAKE_PREFIX_PATH}:/home/nvidia/ws_orbbec/install/gemini_vision:/opt/ros/humble /usr/bin/cmake --install /home/nvidia/acfly_ws/build/pole_detector
