[0.054s] Invoking command in '/home/nvidia/acfly_ws/build/multi_pole_detector': CMAKE_PREFIX_PATH=${CMAKE_PREFIX_PATH}:/home/nvidia/ws_orbbec/install/gemini_vision:/opt/ros/humble /usr/bin/cmake --build /home/nvidia/acfly_ws/build/multi_pole_detector -- -j8 -l8
[0.172s] [100%] Built target multi_pole_detector_node
[0.230s] Invoked command in '/home/nvidia/acfly_ws/build/multi_pole_detector' returned '0': CMAKE_PREFIX_PATH=${CMAKE_PREFIX_PATH}:/home/nvidia/ws_orbbec/install/gemini_vision:/opt/ros/humble /usr/bin/cmake --build /home/nvidia/acfly_ws/build/multi_pole_detector -- -j8 -l8
[0.231s] Invoking command in '/home/nvidia/acfly_ws/build/multi_pole_detector': CMAKE_PREFIX_PATH=${CMAKE_PREFIX_PATH}:/home/nvidia/ws_orbbec/install/gemini_vision:/opt/ros/humble /usr/bin/cmake --install /home/nvidia/acfly_ws/build/multi_pole_detector
[0.249s] -- Install configuration: ""
[0.250s] -- Up-to-date: /home/nvidia/acfly_ws/install/multi_pole_detector/lib/multi_pole_detector/multi_pole_detector_node
[0.251s] -- Up-to-date: /home/nvidia/acfly_ws/install/multi_pole_detector/share/multi_pole_detector/rviz
[0.251s] -- Up-to-date: /home/nvidia/acfly_ws/install/multi_pole_detector/share/multi_pole_detector/rviz/multi_pole_detector.rviz
[0.252s] -- Up-to-date: /home/nvidia/acfly_ws/install/multi_pole_detector/share/ament_index/resource_index/package_run_dependencies/multi_pole_detector
[0.252s] -- Up-to-date: /home/nvidia/acfly_ws/install/multi_pole_detector/share/ament_index/resource_index/parent_prefix_path/multi_pole_detector
[0.253s] -- Up-to-date: /home/nvidia/acfly_ws/install/multi_pole_detector/share/multi_pole_detector/environment/ament_prefix_path.sh
[0.253s] -- Up-to-date: /home/nvidia/acfly_ws/install/multi_pole_detector/share/multi_pole_detector/environment/ament_prefix_path.dsv
[0.253s] -- Up-to-date: /home/nvidia/acfly_ws/install/multi_pole_detector/share/multi_pole_detector/environment/path.sh
[0.264s] -- Up-to-date: /home/nvidia/acfly_ws/install/multi_pole_detector/share/multi_pole_detector/environment/path.dsv
[0.264s] -- Up-to-date: /home/nvidia/acfly_ws/install/multi_pole_detector/share/multi_pole_detector/local_setup.bash
[0.271s] -- Up-to-date: /home/nvidia/acfly_ws/install/multi_pole_detector/share/multi_pole_detector/local_setup.sh
[0.271s] -- Up-to-date: /home/nvidia/acfly_ws/install/multi_pole_detector/share/multi_pole_detector/local_setup.zsh
[0.271s] -- Up-to-date: /home/nvidia/acfly_ws/install/multi_pole_detector/share/multi_pole_detector/local_setup.dsv
[0.272s] -- Installing: /home/nvidia/acfly_ws/install/multi_pole_detector/share/multi_pole_detector/package.dsv
[0.272s] -- Up-to-date: /home/nvidia/acfly_ws/install/multi_pole_detector/share/ament_index/resource_index/packages/multi_pole_detector
[0.274s] -- Up-to-date: /home/nvidia/acfly_ws/install/multi_pole_detector/share/multi_pole_detector/cmake/multi_pole_detectorConfig.cmake
[0.274s] -- Up-to-date: /home/nvidia/acfly_ws/install/multi_pole_detector/share/multi_pole_detector/cmake/multi_pole_detectorConfig-version.cmake
[0.274s] -- Up-to-date: /home/nvidia/acfly_ws/install/multi_pole_detector/share/multi_pole_detector/package.xml
[0.312s] Invoked command in '/home/nvidia/acfly_ws/build/multi_pole_detector' returned '0': CMAKE_PREFIX_PATH=${CMAKE_PREFIX_PATH}:/home/nvidia/ws_orbbec/install/gemini_vision:/opt/ros/humble /usr/bin/cmake --install /home/nvidia/acfly_ws/build/multi_pole_detector
