[0.035s] Invoking command in '/home/nvidia/acfly_ws/build/fly_mission': CMAKE_PREFIX_PATH=/home/nvidia/acfly_ws/install/mavros_msgs:/home/nvidia/acfly_ws/install/mavros_extras:/home/nvidia/acfly_ws/install/mavros:/home/nvidia/acfly_ws/install/fly_mission_gps:/home/nvidia/acfly_ws/install/fly_mission:/home/nvidia/acfly_ws/install/libmavconn:/home/nvidia/acfly_ws/install/mavlink:/home/nvidia/ws_orbbec/install/orbbec_description:/home/nvidia/ws_orbbec/install/orbbec_camera:/home/nvidia/ws_orbbec/install/orbbec_camera_msgs:/home/nvidia/ws_livox/install/livox_ros_driver2:/home/nvidia/ws_point/install/pos_link:/home/nvidia/ws_point/install/point_lio:/home/nvidia/ws_point/install/pcl_cloud:/home/nvidia/ws_point/install/ac_link:/home/nvidia/ws_orbbec/install/gemini_vision:/opt/ros/humble LD_LIBRARY_PATH=/home/nvidia/acfly_ws/install/mavros_msgs/lib:/usr/local/lib:/home/nvidia/acfly_ws/install/mavros_extras/lib:/home/nvidia/acfly_ws/install/mavros/lib:/home/nvidia/acfly_ws/install/libmavconn/lib:/home/nvidia/ws_orbbec/install/orbbec_camera/lib:/home/nvidia/ws_orbbec/install/orbbec_camera_msgs/lib:/home/nvidia/ws_livox/install/livox_ros_driver2/lib:/home/nvidia/ws_point/install/ac_link/lib:/opt/ros/humble/opt/rviz_ogre_vendor/lib:/opt/ros/humble/lib/aarch64-linux-gnu:/opt/ros/humble/lib /usr/bin/cmake /home/nvidia/acfly_ws/src/fly_mission -DPython3_EXECUTABLE=/usr/bin/python3 -DCMAKE_INSTALL_PREFIX=/home/nvidia/acfly_ws/install/fly_mission
[0.136s] -- The C compiler identification is GNU 11.4.0
[0.232s] -- The CXX compiler identification is GNU 11.4.0
[0.249s] -- Detecting C compiler ABI info
[0.385s] -- Detecting C compiler ABI info - done
[0.401s] -- Check for working C compiler: /usr/bin/cc - skipped
[0.402s] -- Detecting C compile features
[0.402s] -- Detecting C compile features - done
[0.408s] -- Detecting CXX compiler ABI info
[0.553s] -- Detecting CXX compiler ABI info - done
[0.563s] -- Check for working CXX compiler: /usr/bin/c++ - skipped
[0.564s] -- Detecting CXX compile features
[0.565s] -- Detecting CXX compile features - done
[0.570s] -- Found ament_cmake: 1.3.14 (/opt/ros/humble/share/ament_cmake/cmake)
[0.839s] -- Found Python3: /usr/bin/python3 (found version "3.10.12") found components: Interpreter 
[1.058s] -- Found rclcpp: 16.0.19 (/opt/ros/humble/share/rclcpp/cmake)
[1.139s] -- Found rosidl_generator_c: 3.1.9 (/opt/ros/humble/share/rosidl_generator_c/cmake)
[1.149s] -- Found rosidl_adapter: 3.1.9 (/opt/ros/humble/share/rosidl_adapter/cmake)
[1.166s] -- Found rosidl_generator_cpp: 3.1.9 (/opt/ros/humble/share/rosidl_generator_cpp/cmake)
[1.189s] -- Using all available rosidl_typesupport_c: rosidl_typesupport_fastrtps_c;rosidl_typesupport_introspection_c
[1.218s] -- Using all available rosidl_typesupport_cpp: rosidl_typesupport_fastrtps_cpp;rosidl_typesupport_introspection_cpp
[1.302s] -- Found rmw_implementation_cmake: 6.1.2 (/opt/ros/humble/share/rmw_implementation_cmake/cmake)
[1.308s] -- Found rmw_fastrtps_cpp: 6.2.10 (/opt/ros/humble/share/rmw_fastrtps_cpp/cmake)
[1.467s] -- Found OpenSSL: /usr/lib/aarch64-linux-gnu/libcrypto.so (found version "3.0.2")  
[1.514s] -- Found FastRTPS: /opt/ros/humble/include  
[1.584s] -- Using RMW implementation 'rmw_fastrtps_cpp' as default
[1.603s] -- Looking for pthread.h
[1.733s] -- Looking for pthread.h - found
[1.733s] -- Performing Test CMAKE_HAVE_LIBC_PTHREAD
[1.872s] -- Performing Test CMAKE_HAVE_LIBC_PTHREAD - Success
[1.872s] -- Found Threads: TRUE  
[1.961s] -- Found geometry_msgs: 4.9.1 (/opt/ros/humble/share/geometry_msgs/cmake)
[1.980s] -- Found mavros_msgs: 2.12.0 (/home/nvidia/acfly_ws/install/mavros_msgs/share/mavros_msgs/cmake)
[2.089s] CMake Error at /home/nvidia/acfly_ws/install/mavros_msgs/share/mavros_msgs/cmake/mavros_msgsConfig.cmake:41 (include):
[2.089s]   include could not find requested file:
[2.089s] 
[2.089s]     /home/nvidia/acfly_ws/install/mavros_msgs/share/mavros_msgs/cmake/rosidl_cmake_aggregate_target-extras.cmake
[2.089s] Call Stack (most recent call first):
[2.090s]   CMakeLists.txt:12 (find_package)
[2.090s] 
[2.090s] 
[2.093s] -- Found nav_msgs: 4.9.1 (/opt/ros/humble/share/nav_msgs/cmake)
[2.121s] -- Found tf2: 0.25.20 (/opt/ros/humble/share/tf2/cmake)
[2.144s] -- Found nlohmann_json: /usr/lib/cmake/nlohmann_json/nlohmann_jsonConfig.cmake (found version "3.10.5") 
[2.155s] -- Found ament_lint_auto: 0.12.15 (/opt/ros/humble/share/ament_lint_auto/cmake)
[2.323s] -- Added test 'cppcheck' to perform static code analysis on C / C++ code
[2.323s] -- Configured cppcheck include dirs: /home/nvidia/acfly_ws/src/fly_mission/include
[2.323s] -- Configured cppcheck exclude dirs and/or files: 
[2.325s] -- Added test 'lint_cmake' to check CMake code style
[2.328s] -- Added test 'uncrustify' to check C / C++ code style
[2.328s] -- Configured uncrustify additional arguments: 
[2.329s] -- Added test 'xmllint' to check XML markup files
[2.333s] -- Configuring incomplete, errors occurred!
[2.333s] See also "/home/nvidia/acfly_ws/build/fly_mission/CMakeFiles/CMakeOutput.log".
[2.364s] Invoked command in '/home/nvidia/acfly_ws/build/fly_mission' returned '1': CMAKE_PREFIX_PATH=/home/nvidia/acfly_ws/install/mavros_msgs:/home/nvidia/acfly_ws/install/mavros_extras:/home/nvidia/acfly_ws/install/mavros:/home/nvidia/acfly_ws/install/fly_mission_gps:/home/nvidia/acfly_ws/install/fly_mission:/home/nvidia/acfly_ws/install/libmavconn:/home/nvidia/acfly_ws/install/mavlink:/home/nvidia/ws_orbbec/install/orbbec_description:/home/nvidia/ws_orbbec/install/orbbec_camera:/home/nvidia/ws_orbbec/install/orbbec_camera_msgs:/home/nvidia/ws_livox/install/livox_ros_driver2:/home/nvidia/ws_point/install/pos_link:/home/nvidia/ws_point/install/point_lio:/home/nvidia/ws_point/install/pcl_cloud:/home/nvidia/ws_point/install/ac_link:/home/nvidia/ws_orbbec/install/gemini_vision:/opt/ros/humble LD_LIBRARY_PATH=/home/nvidia/acfly_ws/install/mavros_msgs/lib:/usr/local/lib:/home/nvidia/acfly_ws/install/mavros_extras/lib:/home/nvidia/acfly_ws/install/mavros/lib:/home/nvidia/acfly_ws/install/libmavconn/lib:/home/nvidia/ws_orbbec/install/orbbec_camera/lib:/home/nvidia/ws_orbbec/install/orbbec_camera_msgs/lib:/home/nvidia/ws_livox/install/livox_ros_driver2/lib:/home/nvidia/ws_point/install/ac_link/lib:/opt/ros/humble/opt/rviz_ogre_vendor/lib:/opt/ros/humble/lib/aarch64-linux-gnu:/opt/ros/humble/lib /usr/bin/cmake /home/nvidia/acfly_ws/src/fly_mission -DPython3_EXECUTABLE=/usr/bin/python3 -DCMAKE_INSTALL_PREFIX=/home/nvidia/acfly_ws/install/fly_mission
