[0.043s] Invoking command in '/home/nvidia/acfly_ws/build/mavros': AMENT_PREFIX_PATH=/home/nvidia/acfly_ws/install/libmavconn:/home/nvidia/acfly_ws/install/mavros_msgs:${AMENT_PREFIX_PATH} CMAKE_PREFIX_PATH=/home/nvidia/acfly_ws/install/libmavconn:/home/nvidia/acfly_ws/install/mavros_msgs:/home/nvidia/acfly_ws/install/mavlink:/home/nvidia/ws_orbbec/install/orbbec_description:/home/nvidia/ws_orbbec/install/orbbec_camera:/home/nvidia/ws_orbbec/install/orbbec_camera_msgs:/home/nvidia/ws_livox/install/livox_ros_driver2:/home/nvidia/ws_point/install/pos_link:/home/nvidia/ws_point/install/point_lio:/home/nvidia/ws_point/install/pcl_cloud:/home/nvidia/ws_point/install/ac_link:/home/nvidia/ws_orbbec/install/gemini_vision:/opt/ros/humble LD_LIBRARY_PATH=/home/nvidia/acfly_ws/install/libmavconn/lib:/home/nvidia/acfly_ws/install/mavros_msgs/lib:${LD_LIBRARY_PATH} PKG_CONFIG_PATH=/home/nvidia/acfly_ws/install/mavlink/lib/aarch64-linux-gnu/pkgconfig:/home/nvidia/acfly_ws/install/mavlink/lib/pkgconfig PYTHONPATH=/home/nvidia/acfly_ws/install/mavros_msgs/local/lib/python3.10/dist-packages:${PYTHONPATH} /usr/bin/cmake /home/nvidia/acfly_ws/src/acfly_mavros/mavros/mavros -DAMENT_CMAKE_SYMLINK_INSTALL=1 -DCMAKE_INSTALL_PREFIX=/home/nvidia/acfly_ws/install/mavros
[0.132s] -- The C compiler identification is GNU 11.4.0
[0.223s] -- The CXX compiler identification is GNU 11.4.0
[0.234s] -- Detecting C compiler ABI info
[0.348s] -- Detecting C compiler ABI info - done
[0.360s] -- Check for working C compiler: /usr/bin/cc - skipped
[0.360s] -- Detecting C compile features
[0.361s] -- Detecting C compile features - done
[0.366s] -- Detecting CXX compiler ABI info
[0.502s] -- Detecting CXX compiler ABI info - done
[0.518s] -- Check for working CXX compiler: /usr/bin/c++ - skipped
[0.522s] -- Detecting CXX compile features
[0.523s] -- Detecting CXX compile features - done
[0.529s] -- Found ament_cmake: 1.3.13 (/opt/ros/humble/share/ament_cmake/cmake)
[0.802s] -- Found Python3: /usr/bin/python3 (found version "3.10.12") found components: Interpreter 
[0.922s] -- Override CMake install command with custom implementation using symlinks instead of copying resources
[1.005s] -- Found rclcpp: 16.0.18 (/opt/ros/humble/share/rclcpp/cmake)
[1.086s] -- Found rosidl_generator_c: 3.1.8 (/opt/ros/humble/share/rosidl_generator_c/cmake)
[1.095s] -- Found rosidl_adapter: 3.1.8 (/opt/ros/humble/share/rosidl_adapter/cmake)
[1.109s] -- Found rosidl_generator_cpp: 3.1.8 (/opt/ros/humble/share/rosidl_generator_cpp/cmake)
[1.129s] -- Using all available rosidl_typesupport_c: rosidl_typesupport_fastrtps_c;rosidl_typesupport_introspection_c
[1.155s] -- Using all available rosidl_typesupport_cpp: rosidl_typesupport_fastrtps_cpp;rosidl_typesupport_introspection_cpp
[1.229s] -- Found rmw_implementation_cmake: 6.1.2 (/opt/ros/humble/share/rmw_implementation_cmake/cmake)
[1.234s] -- Found rmw_fastrtps_cpp: 6.2.10 (/opt/ros/humble/share/rmw_fastrtps_cpp/cmake)
[1.389s] -- Found OpenSSL: /usr/lib/aarch64-linux-gnu/libcrypto.so (found version "3.0.2")  
[1.443s] -- Found FastRTPS: /opt/ros/humble/include  
[1.513s] -- Using RMW implementation 'rmw_fastrtps_cpp' as default
[1.529s] -- Looking for pthread.h
[1.668s] -- Looking for pthread.h - found
[1.668s] -- Performing Test CMAKE_HAVE_LIBC_PTHREAD
[1.799s] -- Performing Test CMAKE_HAVE_LIBC_PTHREAD - Success
[1.802s] -- Found Threads: TRUE  
[1.911s] -- Found rclcpp_components: 16.0.18 (/opt/ros/humble/share/rclcpp_components/cmake)
[1.954s] -- Found pluginlib: 5.1.3 (/opt/ros/humble/share/pluginlib/cmake)
[1.981s] -- Found message_filters: 4.3.14 (/opt/ros/humble/share/message_filters/cmake)
[1.986s] -- Found libmavconn: 2.12.0 (/home/nvidia/acfly_ws/install/libmavconn/share/libmavconn/cmake)
[1.992s] -- Found eigen3_cmake_module: 0.1.1 (/opt/ros/humble/share/eigen3_cmake_module/cmake)
[2.003s] -- Found Eigen3: TRUE (found version "3.4.0") 
[2.007s] -- Found GeographicLib: /usr/lib/aarch64-linux-gnu  
[2.011s] -- Found angles: 1.15.0 (/opt/ros/humble/share/angles/cmake)
[2.016s] -- Found eigen_stl_containers: 1.1.0 (/opt/ros/humble/share/eigen_stl_containers/cmake)
[2.025s] -- Found tf2_eigen: 0.25.19 (/opt/ros/humble/share/tf2_eigen/cmake)
[2.172s] -- Found diagnostic_msgs: 4.9.1 (/opt/ros/humble/share/diagnostic_msgs/cmake)
[2.195s] -- Found diagnostic_updater: 4.0.6 (/opt/ros/humble/share/diagnostic_updater/cmake)
[2.208s] -- Found geographic_msgs: 1.0.6 (/opt/ros/humble/share/geographic_msgs/cmake)
[2.235s] -- Found mavros_msgs: 2.12.0 (/home/nvidia/acfly_ws/install/mavros_msgs/share/mavros_msgs/cmake)
[2.295s] -- Found nav_msgs: 4.9.1 (/opt/ros/humble/share/nav_msgs/cmake)
[2.324s] -- Found std_srvs: 4.9.1 (/opt/ros/humble/share/std_srvs/cmake)
[2.344s] -- Found trajectory_msgs: 4.9.1 (/opt/ros/humble/share/trajectory_msgs/cmake)
[2.372s] -- No geoid model datasets found. This will result on a SIGINT! Please execute the script install_geographiclib_dataset.sh
[2.372s] -- No gravity field model datasets found.
[2.372s] Please execute the script install_geographiclib_dataset.sh
[2.373s] -- No magnetic field model datasets found. Please execute the script install_geographiclib_dataset.sh
[2.540s] -- Found ament_cmake_gtest: 1.3.13 (/opt/ros/humble/share/ament_cmake_gtest/cmake)
[2.544s] -- Found ament_cmake_gmock: 1.3.13 (/opt/ros/humble/share/ament_cmake_gmock/cmake)
[2.548s] -- Found ament_cmake_pytest: 1.3.13 (/opt/ros/humble/share/ament_cmake_pytest/cmake)
[2.553s] -- Found ament_lint_auto: 0.12.15 (/opt/ros/humble/share/ament_lint_auto/cmake)
[2.768s] -- Found gtest sources under '/opt/ros/humble/src/gtest_vendor': C++ tests using 'Google Test' will be built
[2.789s] -- Found gmock sources under '/opt/ros/humble/src/gmock_vendor': C++ tests using 'Google Mock' will be built
[3.488s] -- Added test 'cppcheck' to perform static code analysis on C / C++ code
[3.489s] -- Configured cppcheck include dirs: $<BUILD_INTERFACE:/home/nvidia/acfly_ws/src/acfly_mavros/mavros/mavros/include>
[3.490s] -- Configured cppcheck exclude dirs and/or files: ./test/*.cpp
[3.498s] -- Added test 'cpplint' to check C / C++ code against the Google style
[3.499s] -- Configured cpplint exclude dirs and/or files: 
[3.501s] -- Added test 'flake8' to check Python code syntax and style conventions
[3.505s] -- Added test 'lint_cmake' to check CMake code style
[3.508s] -- Added test 'pep257' to check Python code against some of the docstring style conventions in PEP 257
[3.510s] -- Added test 'xmllint' to check XML markup files
[3.518s] -- Configuring done
[3.639s] -- Generating done
[3.674s] -- Build files have been written to: /home/nvidia/acfly_ws/build/mavros
[3.712s] Invoked command in '/home/nvidia/acfly_ws/build/mavros' returned '0': AMENT_PREFIX_PATH=/home/nvidia/acfly_ws/install/libmavconn:/home/nvidia/acfly_ws/install/mavros_msgs:${AMENT_PREFIX_PATH} CMAKE_PREFIX_PATH=/home/nvidia/acfly_ws/install/libmavconn:/home/nvidia/acfly_ws/install/mavros_msgs:/home/nvidia/acfly_ws/install/mavlink:/home/nvidia/ws_orbbec/install/orbbec_description:/home/nvidia/ws_orbbec/install/orbbec_camera:/home/nvidia/ws_orbbec/install/orbbec_camera_msgs:/home/nvidia/ws_livox/install/livox_ros_driver2:/home/nvidia/ws_point/install/pos_link:/home/nvidia/ws_point/install/point_lio:/home/nvidia/ws_point/install/pcl_cloud:/home/nvidia/ws_point/install/ac_link:/home/nvidia/ws_orbbec/install/gemini_vision:/opt/ros/humble LD_LIBRARY_PATH=/home/nvidia/acfly_ws/install/libmavconn/lib:/home/nvidia/acfly_ws/install/mavros_msgs/lib:${LD_LIBRARY_PATH} PKG_CONFIG_PATH=/home/nvidia/acfly_ws/install/mavlink/lib/aarch64-linux-gnu/pkgconfig:/home/nvidia/acfly_ws/install/mavlink/lib/pkgconfig PYTHONPATH=/home/nvidia/acfly_ws/install/mavros_msgs/local/lib/python3.10/dist-packages:${PYTHONPATH} /usr/bin/cmake /home/nvidia/acfly_ws/src/acfly_mavros/mavros/mavros -DAMENT_CMAKE_SYMLINK_INSTALL=1 -DCMAKE_INSTALL_PREFIX=/home/nvidia/acfly_ws/install/mavros
[3.717s] Invoking command in '/home/nvidia/acfly_ws/build/mavros': AMENT_PREFIX_PATH=/home/nvidia/acfly_ws/install/libmavconn:/home/nvidia/acfly_ws/install/mavros_msgs:${AMENT_PREFIX_PATH} CMAKE_PREFIX_PATH=/home/nvidia/acfly_ws/install/libmavconn:/home/nvidia/acfly_ws/install/mavros_msgs:/home/nvidia/acfly_ws/install/mavlink:/home/nvidia/ws_orbbec/install/orbbec_description:/home/nvidia/ws_orbbec/install/orbbec_camera:/home/nvidia/ws_orbbec/install/orbbec_camera_msgs:/home/nvidia/ws_livox/install/livox_ros_driver2:/home/nvidia/ws_point/install/pos_link:/home/nvidia/ws_point/install/point_lio:/home/nvidia/ws_point/install/pcl_cloud:/home/nvidia/ws_point/install/ac_link:/home/nvidia/ws_orbbec/install/gemini_vision:/opt/ros/humble LD_LIBRARY_PATH=/home/nvidia/acfly_ws/install/libmavconn/lib:/home/nvidia/acfly_ws/install/mavros_msgs/lib:${LD_LIBRARY_PATH} PKG_CONFIG_PATH=/home/nvidia/acfly_ws/install/mavlink/lib/aarch64-linux-gnu/pkgconfig:/home/nvidia/acfly_ws/install/mavlink/lib/pkgconfig PYTHONPATH=/home/nvidia/acfly_ws/install/mavros_msgs/local/lib/python3.10/dist-packages:${PYTHONPATH} /usr/bin/cmake --build /home/nvidia/acfly_ws/build/mavros -- -j8 -l8
[3.826s] [  3%] [32mBuilding CXX object gmock/CMakeFiles/gmock.dir/opt/ros/humble/src/gtest_vendor/src/gtest-all.cc.o[0m
[3.826s] [  3%] [32mBuilding CXX object gtest/CMakeFiles/gtest.dir/src/gtest-all.cc.o[0m
[3.826s] [  6%] [32mBuilding CXX object gmock/CMakeFiles/gmock.dir/src/gmock-all.cc.o[0m
[3.827s] [  6%] [32mBuilding CXX object CMakeFiles/mavros.dir/src/lib/enum_sensor_orientation.cpp.o[0m
[3.828s] [  9%] [32mBuilding CXX object gtest/CMakeFiles/gtest_main.dir/src/gtest_main.cc.o[0m
[3.828s] [  9%] [32mBuilding CXX object gmock/CMakeFiles/gmock_main.dir/src/gmock_main.cc.o[0m
[3.843s] [  9%] Built target ament_cmake_python_symlink_mavros
[3.844s] [  9%] Built target ament_cmake_python_symlink_mavros_setup
[3.860s] [ 11%] [32mBuilding CXX object CMakeFiles/mavros.dir/src/lib/enum_to_string.cpp.o[0m
[4.348s] running egg_info
[4.349s] creating mavros.egg-info
[4.350s] writing mavros.egg-info/PKG-INFO
[4.350s] writing dependency_links to mavros.egg-info/dependency_links.txt
[4.351s] writing entry points to mavros.egg-info/entry_points.txt
[4.351s] writing top-level names to mavros.egg-info/top_level.txt
[4.351s] writing manifest file 'mavros.egg-info/SOURCES.txt'
[4.358s] reading manifest file 'mavros.egg-info/SOURCES.txt'
[4.359s] writing manifest file 'mavros.egg-info/SOURCES.txt'
[4.516s] [ 11%] Built target ament_cmake_python_build_mavros_egg
[4.580s] [ 12%] [32mBuilding CXX object CMakeFiles/mavros.dir/src/lib/ftf_frame_conversions.cpp.o[0m
[6.294s] [ 14%] [32m[1mLinking CXX static library libgtest_main.a[0m
[6.365s] [ 14%] Built target gtest_main
[6.384s] [ 16%] [32mBuilding CXX object CMakeFiles/mavros.dir/src/lib/ftf_quaternion_utils.cpp.o[0m
[7.015s] [ 17%] [32m[1mLinking CXX static library libgmock_main.a[0m
[7.087s] [ 17%] Built target gmock_main
[7.106s] [ 19%] [32mBuilding CXX object CMakeFiles/mavros.dir/src/lib/mavros_router.cpp.o[0m
[8.907s] [ 20%] [32mBuilding CXX object CMakeFiles/mavros.dir/src/lib/mavros_uas.cpp.o[0m
[11.896s] [ 22%] [32m[1mLinking CXX static library libgmock.a[0m
[11.911s] [ 24%] [32mBuilding CXX object CMakeFiles/mavros.dir/src/lib/plugin.cpp.o[0m
[12.033s] [ 24%] Built target gmock
[12.052s] [ 25%] [32mBuilding CXX object CMakeFiles/mavros.dir/src/lib/uas_ap.cpp.o[0m
[12.573s] [ 27%] [32m[1mLinking CXX static library libgtest.a[0m
[12.697s] [ 27%] Built target gtest
[12.716s] [ 29%] [32mBuilding CXX object CMakeFiles/mavros.dir/src/lib/uas_data.cpp.o[0m
[19.445s] [ 30%] [32mBuilding CXX object CMakeFiles/mavros.dir/src/lib/uas_executor.cpp.o[0m
[20.651s] [ 32%] [32mBuilding CXX object CMakeFiles/mavros.dir/src/lib/uas_stringify.cpp.o[0m
[22.043s] [ 33%] [32mBuilding CXX object CMakeFiles/mavros.dir/src/lib/uas_tf.cpp.o[0m
[32.841s] [ 35%] [32mBuilding CXX object CMakeFiles/mavros.dir/src/lib/uas_timesync.cpp.o[0m
[51.536s] [ 37%] [32m[1mLinking CXX shared library libmavros.so[0m
[54.851s] [ 37%] Built target mavros
[54.891s] [ 48%] [32mBuilding CXX object CMakeFiles/mavros-uas-test.dir/test/test_uas.cpp.o[0m
[54.892s] [ 48%] [32mBuilding CXX object CMakeFiles/libmavros-frame-conversions-test.dir/test/test_frame_conversions.cpp.o[0m
[54.892s] [ 48%] [32mBuilding CXX object CMakeFiles/libmavros-sensor-orientation-test.dir/test/test_sensor_orientation.cpp.o[0m
[54.892s] [ 48%] [32mBuilding CXX object CMakeFiles/mavros-router-test.dir/test/test_router.cpp.o[0m
[54.892s] [ 48%] [32mBuilding CXX object CMakeFiles/libmavros-quaternion-utils-test.dir/test/test_quaternion_utils.cpp.o[0m
[54.892s] [ 48%] [32mBuilding CXX object CMakeFiles/mavros_plugins.dir/src/plugins/altitude.cpp.o[0m
[54.892s] [ 50%] [32mBuilding CXX object CMakeFiles/mavros_plugins.dir/src/plugins/actuator_control.cpp.o[0m
[54.893s] [ 50%] [32mBuilding CXX object CMakeFiles/mavros_node.dir/src/mavros_node.cpp.o[0m
[69.249s] [ 51%] [32m[1mLinking CXX executable libmavros-quaternion-utils-test[0m
[69.908s] [ 53%] [32m[1mLinking CXX executable libmavros-frame-conversions-test[0m
[71.452s] [ 53%] Built target libmavros-quaternion-utils-test
[71.484s] [ 54%] [32mBuilding CXX object CMakeFiles/mavros_plugins.dir/src/plugins/command.cpp.o[0m
[72.237s] [ 54%] Built target libmavros-frame-conversions-test
[72.258s] [ 56%] [32mBuilding CXX object CMakeFiles/mavros_plugins.dir/src/plugins/dummy.cpp.o[0m
[75.679s] [ 58%] [32m[1mLinking CXX executable libmavros-sensor-orientation-test[0m
[77.599s] [ 58%] Built target libmavros-sensor-orientation-test
[77.618s] [ 59%] [32mBuilding CXX object CMakeFiles/mavros_plugins.dir/src/plugins/ftp.cpp.o[0m
[80.409s] [ 61%] [32mBuilding CXX object CMakeFiles/mavros_plugins.dir/src/plugins/geofence.cpp.o[0m
[83.967s] [ 62%] [32m[1mLinking CXX executable mavros_node[0m
[86.225s] [ 62%] Built target mavros_node
[86.244s] [ 64%] [32mBuilding CXX object CMakeFiles/mavros_plugins.dir/src/plugins/global_position.cpp.o[0m
[87.517s] [ 66%] [32m[1mLinking CXX executable mavros-router-test[0m
[88.610s] [ 67%] [32m[1mLinking CXX executable mavros-uas-test[0m
[88.992s] [ 69%] [32mBuilding CXX object CMakeFiles/mavros_plugins.dir/src/plugins/home_position.cpp.o[0m
[90.619s] [ 69%] Built target mavros-router-test
[90.645s] [ 70%] [32mBuilding CXX object CMakeFiles/mavros_plugins.dir/src/plugins/imu.cpp.o[0m
[91.447s] [ 70%] Built target mavros-uas-test
[91.476s] [ 72%] [32mBuilding CXX object CMakeFiles/mavros_plugins.dir/src/plugins/local_position.cpp.o[0m
[96.728s] [ 74%] [32mBuilding CXX object CMakeFiles/mavros_plugins.dir/src/plugins/manual_control.cpp.o[0m
[107.921s] [ 75%] [32mBuilding CXX object CMakeFiles/mavros_plugins.dir/src/plugins/mission_protocol_base.cpp.o[0m
[111.832s] [ 77%] [32mBuilding CXX object CMakeFiles/mavros_plugins.dir/src/plugins/nav_controller_output.cpp.o[0m
[121.707s] [ 79%] [32mBuilding CXX object CMakeFiles/mavros_plugins.dir/src/plugins/param.cpp.o[0m
[122.908s] [ 80%] [32mBuilding CXX object CMakeFiles/mavros_plugins.dir/src/plugins/rallypoint.cpp.o[0m
[124.775s] [ 82%] [32mBuilding CXX object CMakeFiles/mavros_plugins.dir/src/plugins/rc_io.cpp.o[0m
[130.680s] [ 83%] [32mBuilding CXX object CMakeFiles/mavros_plugins.dir/src/plugins/setpoint_accel.cpp.o[0m
[132.026s] [ 85%] [32mBuilding CXX object CMakeFiles/mavros_plugins.dir/src/plugins/setpoint_attitude.cpp.o[0m
[132.990s] [ 87%] [32mBuilding CXX object CMakeFiles/mavros_plugins.dir/src/plugins/setpoint_position.cpp.o[0m
[138.337s] [ 88%] [32mBuilding CXX object CMakeFiles/mavros_plugins.dir/src/plugins/setpoint_raw.cpp.o[0m
[140.584s] [ 90%] [32mBuilding CXX object CMakeFiles/mavros_plugins.dir/src/plugins/setpoint_trajectory.cpp.o[0m
[154.381s] [ 91%] [32mBuilding CXX object CMakeFiles/mavros_plugins.dir/src/plugins/setpoint_velocity.cpp.o[0m
[175.317s] [ 93%] [32mBuilding CXX object CMakeFiles/mavros_plugins.dir/src/plugins/waypoint.cpp.o[0m
[176.338s] [ 95%] [32mBuilding CXX object CMakeFiles/mavros_plugins.dir/src/plugins/sys_time.cpp.o[0m
[177.390s] [ 96%] [32mBuilding CXX object CMakeFiles/mavros_plugins.dir/src/plugins/sys_status.cpp.o[0m
[197.934s] [ 98%] [32mBuilding CXX object CMakeFiles/mavros_plugins.dir/src/plugins/wind_estimation.cpp.o[0m
[224.179s] [100%] [32m[1mLinking CXX shared library libmavros_plugins.so[0m
[248.293s] [100%] Built target mavros_plugins
[248.316s] Invoked command in '/home/nvidia/acfly_ws/build/mavros' returned '0': AMENT_PREFIX_PATH=/home/nvidia/acfly_ws/install/libmavconn:/home/nvidia/acfly_ws/install/mavros_msgs:${AMENT_PREFIX_PATH} CMAKE_PREFIX_PATH=/home/nvidia/acfly_ws/install/libmavconn:/home/nvidia/acfly_ws/install/mavros_msgs:/home/nvidia/acfly_ws/install/mavlink:/home/nvidia/ws_orbbec/install/orbbec_description:/home/nvidia/ws_orbbec/install/orbbec_camera:/home/nvidia/ws_orbbec/install/orbbec_camera_msgs:/home/nvidia/ws_livox/install/livox_ros_driver2:/home/nvidia/ws_point/install/pos_link:/home/nvidia/ws_point/install/point_lio:/home/nvidia/ws_point/install/pcl_cloud:/home/nvidia/ws_point/install/ac_link:/home/nvidia/ws_orbbec/install/gemini_vision:/opt/ros/humble LD_LIBRARY_PATH=/home/nvidia/acfly_ws/install/libmavconn/lib:/home/nvidia/acfly_ws/install/mavros_msgs/lib:${LD_LIBRARY_PATH} PKG_CONFIG_PATH=/home/nvidia/acfly_ws/install/mavlink/lib/aarch64-linux-gnu/pkgconfig:/home/nvidia/acfly_ws/install/mavlink/lib/pkgconfig PYTHONPATH=/home/nvidia/acfly_ws/install/mavros_msgs/local/lib/python3.10/dist-packages:${PYTHONPATH} /usr/bin/cmake --build /home/nvidia/acfly_ws/build/mavros -- -j8 -l8
[248.321s] Invoking command in '/home/nvidia/acfly_ws/build/mavros': AMENT_PREFIX_PATH=/home/nvidia/acfly_ws/install/libmavconn:/home/nvidia/acfly_ws/install/mavros_msgs:${AMENT_PREFIX_PATH} CMAKE_PREFIX_PATH=/home/nvidia/acfly_ws/install/libmavconn:/home/nvidia/acfly_ws/install/mavros_msgs:/home/nvidia/acfly_ws/install/mavlink:/home/nvidia/ws_orbbec/install/orbbec_description:/home/nvidia/ws_orbbec/install/orbbec_camera:/home/nvidia/ws_orbbec/install/orbbec_camera_msgs:/home/nvidia/ws_livox/install/livox_ros_driver2:/home/nvidia/ws_point/install/pos_link:/home/nvidia/ws_point/install/point_lio:/home/nvidia/ws_point/install/pcl_cloud:/home/nvidia/ws_point/install/ac_link:/home/nvidia/ws_orbbec/install/gemini_vision:/opt/ros/humble LD_LIBRARY_PATH=/home/nvidia/acfly_ws/install/libmavconn/lib:/home/nvidia/acfly_ws/install/mavros_msgs/lib:${LD_LIBRARY_PATH} PKG_CONFIG_PATH=/home/nvidia/acfly_ws/install/mavlink/lib/aarch64-linux-gnu/pkgconfig:/home/nvidia/acfly_ws/install/mavlink/lib/pkgconfig PYTHONPATH=/home/nvidia/acfly_ws/install/mavros_msgs/local/lib/python3.10/dist-packages:${PYTHONPATH} /usr/bin/cmake --install /home/nvidia/acfly_ws/build/mavros
[248.336s] -- Install configuration: ""
[248.336s] -- Execute custom install script
[248.337s] -- Symlinking: /home/nvidia/acfly_ws/install/mavros/share/mavros//mavros_plugins.xml
[248.353s] -- Symlinking: /home/nvidia/acfly_ws/install/mavros/share/mavros/environment/pythonpath.sh
[248.370s] -- Symlinking: /home/nvidia/acfly_ws/install/mavros/share/mavros/environment/pythonpath.dsv
[248.389s] -- Symlinking: /home/nvidia/acfly_ws/install/mavros/local/lib/python3.10/dist-packages/mavros-2.12.0-py3.10.egg-info/PKG-INFO
[248.406s] -- Symlinking: /home/nvidia/acfly_ws/install/mavros/local/lib/python3.10/dist-packages/mavros-2.12.0-py3.10.egg-info/SOURCES.txt
[248.423s] -- Symlinking: /home/nvidia/acfly_ws/install/mavros/local/lib/python3.10/dist-packages/mavros-2.12.0-py3.10.egg-info/dependency_links.txt
[248.440s] -- Symlinking: /home/nvidia/acfly_ws/install/mavros/local/lib/python3.10/dist-packages/mavros-2.12.0-py3.10.egg-info/entry_points.txt
[248.458s] -- Symlinking: /home/nvidia/acfly_ws/install/mavros/local/lib/python3.10/dist-packages/mavros-2.12.0-py3.10.egg-info/top_level.txt
[248.479s] -- Symlinking: /home/nvidia/acfly_ws/install/mavros/local/lib/python3.10/dist-packages/mavros/__init__.py
[248.496s] -- Symlinking: /home/nvidia/acfly_ws/install/mavros/local/lib/python3.10/dist-packages/mavros/base.py
[248.516s] -- Symlinking: /home/nvidia/acfly_ws/install/mavros/local/lib/python3.10/dist-packages/mavros/cmd/__init__.py
[248.537s] -- Symlinking: /home/nvidia/acfly_ws/install/mavros/local/lib/python3.10/dist-packages/mavros/cmd/__main__.py
[248.556s] -- Symlinking: /home/nvidia/acfly_ws/install/mavros/local/lib/python3.10/dist-packages/mavros/cmd/checkid.py
[248.571s] -- Symlinking: /home/nvidia/acfly_ws/install/mavros/local/lib/python3.10/dist-packages/mavros/cmd/cmd.py
[248.589s] -- Symlinking: /home/nvidia/acfly_ws/install/mavros/local/lib/python3.10/dist-packages/mavros/cmd/ftp.py
[248.606s] -- Symlinking: /home/nvidia/acfly_ws/install/mavros/local/lib/python3.10/dist-packages/mavros/cmd/mission.py
[248.626s] -- Symlinking: /home/nvidia/acfly_ws/install/mavros/local/lib/python3.10/dist-packages/mavros/cmd/param.py
[248.647s] -- Symlinking: /home/nvidia/acfly_ws/install/mavros/local/lib/python3.10/dist-packages/mavros/cmd/safety.py
[248.665s] -- Symlinking: /home/nvidia/acfly_ws/install/mavros/local/lib/python3.10/dist-packages/mavros/cmd/system.py
[248.682s] -- Symlinking: /home/nvidia/acfly_ws/install/mavros/local/lib/python3.10/dist-packages/mavros/cmd/utils.py
[248.702s] -- Symlinking: /home/nvidia/acfly_ws/install/mavros/local/lib/python3.10/dist-packages/mavros/command.py
[248.718s] -- Symlinking: /home/nvidia/acfly_ws/install/mavros/local/lib/python3.10/dist-packages/mavros/ftp.py
[248.735s] -- Symlinking: /home/nvidia/acfly_ws/install/mavros/local/lib/python3.10/dist-packages/mavros/global_position.py
[248.752s] -- Symlinking: /home/nvidia/acfly_ws/install/mavros/local/lib/python3.10/dist-packages/mavros/local_position.py
[248.770s] -- Symlinking: /home/nvidia/acfly_ws/install/mavros/local/lib/python3.10/dist-packages/mavros/mavlink.py
[248.788s] -- Symlinking: /home/nvidia/acfly_ws/install/mavros/local/lib/python3.10/dist-packages/mavros/mission.py
[248.806s] -- Symlinking: /home/nvidia/acfly_ws/install/mavros/local/lib/python3.10/dist-packages/mavros/nuttx_crc32.py
[248.824s] -- Symlinking: /home/nvidia/acfly_ws/install/mavros/local/lib/python3.10/dist-packages/mavros/param.py
[248.843s] -- Symlinking: /home/nvidia/acfly_ws/install/mavros/local/lib/python3.10/dist-packages/mavros/setpoint.py
[248.860s] -- Symlinking: /home/nvidia/acfly_ws/install/mavros/local/lib/python3.10/dist-packages/mavros/system.py
[248.877s] -- Symlinking: /home/nvidia/acfly_ws/install/mavros/local/lib/python3.10/dist-packages/mavros/utils.py
[248.895s] -- Symlinking: /home/nvidia/acfly_ws/install/mavros/lib/mavros/mav
[248.911s] -- Symlinking: /home/nvidia/acfly_ws/install/mavros/lib/mavros/install_geographiclib_datasets.sh
[248.930s] -- Symlinking: /home/nvidia/acfly_ws/install/mavros/include/mavros/frame_tf.hpp
[248.947s] -- Symlinking: /home/nvidia/acfly_ws/install/mavros/include/mavros/mavros_plugin_register_macro.hpp
[248.965s] -- Symlinking: /home/nvidia/acfly_ws/install/mavros/include/mavros/mavros_router.hpp
[248.983s] -- Symlinking: /home/nvidia/acfly_ws/install/mavros/include/mavros/mavros_uas.hpp
[249.000s] -- Symlinking: /home/nvidia/acfly_ws/install/mavros/include/mavros/mission_protocol_base.hpp
[249.018s] -- Symlinking: /home/nvidia/acfly_ws/install/mavros/include/mavros/plugin.hpp
[249.036s] -- Symlinking: /home/nvidia/acfly_ws/install/mavros/include/mavros/plugin_filter.hpp
[249.055s] -- Symlinking: /home/nvidia/acfly_ws/install/mavros/include/mavros/px4_custom_mode.hpp
[249.072s] -- Symlinking: /home/nvidia/acfly_ws/install/mavros/include/mavros/qos.hpp
[249.088s] -- Symlinking: /home/nvidia/acfly_ws/install/mavros/include/mavros/setpoint_mixin.hpp
[249.105s] -- Symlinking: /home/nvidia/acfly_ws/install/mavros/include/mavros/uas_executor.hpp
[249.121s] -- Symlinking: /home/nvidia/acfly_ws/install/mavros/include/mavros/utils.hpp
[249.139s] -- Symlinking: /home/nvidia/acfly_ws/install/mavros/share/mavros/launch/acfly.launch.py
[249.158s] -- Symlinking: /home/nvidia/acfly_ws/install/mavros/share/mavros/launch/acfly_config.yaml
[249.175s] -- Symlinking: /home/nvidia/acfly_ws/install/mavros/share/mavros/launch/apm.launch
[249.195s] -- Symlinking: /home/nvidia/acfly_ws/install/mavros/share/mavros/launch/apm_config.yaml
[249.212s] -- Symlinking: /home/nvidia/acfly_ws/install/mavros/share/mavros/launch/apm_pluginlists.yaml
[249.230s] -- Symlinking: /home/nvidia/acfly_ws/install/mavros/share/mavros/launch/multi_uas.launch
[249.249s] -- Symlinking: /home/nvidia/acfly_ws/install/mavros/share/mavros/launch/node.launch
[249.265s] -- Symlinking: /home/nvidia/acfly_ws/install/mavros/share/mavros/launch/px4.launch
[249.282s] -- Symlinking: /home/nvidia/acfly_ws/install/mavros/share/mavros/launch/px4_config.yaml
[249.301s] -- Symlinking: /home/nvidia/acfly_ws/install/mavros/share/mavros/launch/px4_pluginlists.yaml
[249.318s] -- Symlinking: /home/nvidia/acfly_ws/install/mavros/share/mavros/launch/test_compose.launch.py
[249.335s] -- Symlinking: /home/nvidia/acfly_ws/install/mavros/share/mavros/environment/library_path.sh
[249.353s] -- Symlinking: /home/nvidia/acfly_ws/install/mavros/share/mavros/environment/library_path.dsv
[249.371s] -- Symlinking: /home/nvidia/acfly_ws/install/mavros/share/ament_index/resource_index/package_run_dependencies/mavros
[249.387s] -- Symlinking: /home/nvidia/acfly_ws/install/mavros/share/ament_index/resource_index/parent_prefix_path/mavros
[249.403s] -- Symlinking: /home/nvidia/acfly_ws/install/mavros/share/mavros/environment/ament_prefix_path.sh
[249.420s] -- Symlinking: /home/nvidia/acfly_ws/install/mavros/share/mavros/environment/ament_prefix_path.dsv
[249.437s] -- Symlinking: /home/nvidia/acfly_ws/install/mavros/share/mavros/environment/path.sh
[249.456s] -- Symlinking: /home/nvidia/acfly_ws/install/mavros/share/mavros/environment/path.dsv
[249.474s] -- Symlinking: /home/nvidia/acfly_ws/install/mavros/share/mavros/local_setup.bash
[249.493s] -- Symlinking: /home/nvidia/acfly_ws/install/mavros/share/mavros/local_setup.sh
[249.512s] -- Symlinking: /home/nvidia/acfly_ws/install/mavros/share/mavros/local_setup.zsh
[249.529s] -- Symlinking: /home/nvidia/acfly_ws/install/mavros/share/mavros/local_setup.dsv
[249.546s] -- Symlinking: /home/nvidia/acfly_ws/install/mavros/share/mavros/package.dsv
[249.564s] -- Symlinking: /home/nvidia/acfly_ws/install/mavros/share/ament_index/resource_index/packages/mavros
[249.584s] -- Symlinking: /home/nvidia/acfly_ws/install/mavros/share/ament_index/resource_index/mavros__pluginlib__plugin/mavros
[249.602s] -- Symlinking: /home/nvidia/acfly_ws/install/mavros/share/ament_index/resource_index/rclcpp_components/mavros
[249.619s] -- Symlinking: /home/nvidia/acfly_ws/install/mavros/share/mavros/cmake/ament_cmake_export_include_directories-extras.cmake
[249.637s] -- Symlinking: /home/nvidia/acfly_ws/install/mavros/share/mavros/cmake/ament_cmake_export_libraries-extras.cmake
[249.654s] -- Symlinking: /home/nvidia/acfly_ws/install/mavros/share/mavros/cmake/ament_cmake_export_dependencies-extras.cmake
[249.672s] -- Symlinking: /home/nvidia/acfly_ws/install/mavros/share/mavros/cmake/mavrosConfig.cmake
[249.688s] -- Symlinking: /home/nvidia/acfly_ws/install/mavros/share/mavros/cmake/mavrosConfig-version.cmake
[249.705s] -- Symlinking: /home/nvidia/acfly_ws/install/mavros/share/mavros/package.xml
[249.819s] Listing '/home/nvidia/acfly_ws/install/mavros/local/lib/python3.10/dist-packages/mavros'...
[249.820s] Compiling '/home/nvidia/acfly_ws/install/mavros/local/lib/python3.10/dist-packages/mavros/__init__.py'...
[249.820s] Compiling '/home/nvidia/acfly_ws/install/mavros/local/lib/python3.10/dist-packages/mavros/base.py'...
[249.820s] Listing '/home/nvidia/acfly_ws/install/mavros/local/lib/python3.10/dist-packages/mavros/cmd'...
[249.820s] Compiling '/home/nvidia/acfly_ws/install/mavros/local/lib/python3.10/dist-packages/mavros/cmd/__init__.py'...
[249.820s] Compiling '/home/nvidia/acfly_ws/install/mavros/local/lib/python3.10/dist-packages/mavros/cmd/__main__.py'...
[249.820s] Compiling '/home/nvidia/acfly_ws/install/mavros/local/lib/python3.10/dist-packages/mavros/cmd/checkid.py'...
[249.820s] Compiling '/home/nvidia/acfly_ws/install/mavros/local/lib/python3.10/dist-packages/mavros/cmd/cmd.py'...
[249.820s] Compiling '/home/nvidia/acfly_ws/install/mavros/local/lib/python3.10/dist-packages/mavros/cmd/ftp.py'...
[249.820s] Compiling '/home/nvidia/acfly_ws/install/mavros/local/lib/python3.10/dist-packages/mavros/cmd/mission.py'...
[249.820s] Compiling '/home/nvidia/acfly_ws/install/mavros/local/lib/python3.10/dist-packages/mavros/cmd/param.py'...
[249.821s] Compiling '/home/nvidia/acfly_ws/install/mavros/local/lib/python3.10/dist-packages/mavros/cmd/safety.py'...
[249.821s] Compiling '/home/nvidia/acfly_ws/install/mavros/local/lib/python3.10/dist-packages/mavros/cmd/system.py'...
[249.821s] Compiling '/home/nvidia/acfly_ws/install/mavros/local/lib/python3.10/dist-packages/mavros/cmd/utils.py'...
[249.821s] Compiling '/home/nvidia/acfly_ws/install/mavros/local/lib/python3.10/dist-packages/mavros/command.py'...
[249.821s] Compiling '/home/nvidia/acfly_ws/install/mavros/local/lib/python3.10/dist-packages/mavros/ftp.py'...
[249.821s] Compiling '/home/nvidia/acfly_ws/install/mavros/local/lib/python3.10/dist-packages/mavros/global_position.py'...
[249.821s] Compiling '/home/nvidia/acfly_ws/install/mavros/local/lib/python3.10/dist-packages/mavros/local_position.py'...
[249.821s] Compiling '/home/nvidia/acfly_ws/install/mavros/local/lib/python3.10/dist-packages/mavros/mavlink.py'...
[249.821s] Compiling '/home/nvidia/acfly_ws/install/mavros/local/lib/python3.10/dist-packages/mavros/mission.py'...
[249.821s] Compiling '/home/nvidia/acfly_ws/install/mavros/local/lib/python3.10/dist-packages/mavros/nuttx_crc32.py'...
[249.821s] Compiling '/home/nvidia/acfly_ws/install/mavros/local/lib/python3.10/dist-packages/mavros/param.py'...
[249.822s] Compiling '/home/nvidia/acfly_ws/install/mavros/local/lib/python3.10/dist-packages/mavros/setpoint.py'...
[249.822s] Compiling '/home/nvidia/acfly_ws/install/mavros/local/lib/python3.10/dist-packages/mavros/system.py'...
[249.822s] Compiling '/home/nvidia/acfly_ws/install/mavros/local/lib/python3.10/dist-packages/mavros/utils.py'...
[249.829s] -- Installing: /home/nvidia/acfly_ws/install/mavros/lib/libmavros.so
[249.892s] -- Set runtime path of "/home/nvidia/acfly_ws/install/mavros/lib/libmavros.so" to ""
[249.892s] -- Installing: /home/nvidia/acfly_ws/install/mavros/lib/mavros/mavros_node
[249.901s] -- Set runtime path of "/home/nvidia/acfly_ws/install/mavros/lib/mavros/mavros_node" to ""
[249.901s] -- Installing: /home/nvidia/acfly_ws/install/mavros/lib/libmavros_plugins.so
[250.103s] -- Set runtime path of "/home/nvidia/acfly_ws/install/mavros/lib/libmavros_plugins.so" to ""
[250.108s] Invoked command in '/home/nvidia/acfly_ws/build/mavros' returned '0': AMENT_PREFIX_PATH=/home/nvidia/acfly_ws/install/libmavconn:/home/nvidia/acfly_ws/install/mavros_msgs:${AMENT_PREFIX_PATH} CMAKE_PREFIX_PATH=/home/nvidia/acfly_ws/install/libmavconn:/home/nvidia/acfly_ws/install/mavros_msgs:/home/nvidia/acfly_ws/install/mavlink:/home/nvidia/ws_orbbec/install/orbbec_description:/home/nvidia/ws_orbbec/install/orbbec_camera:/home/nvidia/ws_orbbec/install/orbbec_camera_msgs:/home/nvidia/ws_livox/install/livox_ros_driver2:/home/nvidia/ws_point/install/pos_link:/home/nvidia/ws_point/install/point_lio:/home/nvidia/ws_point/install/pcl_cloud:/home/nvidia/ws_point/install/ac_link:/home/nvidia/ws_orbbec/install/gemini_vision:/opt/ros/humble LD_LIBRARY_PATH=/home/nvidia/acfly_ws/install/libmavconn/lib:/home/nvidia/acfly_ws/install/mavros_msgs/lib:${LD_LIBRARY_PATH} PKG_CONFIG_PATH=/home/nvidia/acfly_ws/install/mavlink/lib/aarch64-linux-gnu/pkgconfig:/home/nvidia/acfly_ws/install/mavlink/lib/pkgconfig PYTHONPATH=/home/nvidia/acfly_ws/install/mavros_msgs/local/lib/python3.10/dist-packages:${PYTHONPATH} /usr/bin/cmake --install /home/nvidia/acfly_ws/build/mavros
