[0.028s] Invoking command in '/home/nvidia/acfly_ws/build/mavros_extras': CMAKE_PREFIX_PATH=/home/nvidia/acfly_ws/install/mavros:/home/nvidia/acfly_ws/install/libmavconn:/home/nvidia/acfly_ws/install/mavros_msgs:/home/nvidia/acfly_ws/install/mavlink:/home/nvidia/acfly_ws/install/mavros_extras:/home/nvidia/acfly_ws/install/fly_mission_gps:/home/nvidia/acfly_ws/install/fly_mission:/home/nvidia/ws_orbbec/install/orbbec_description:/home/nvidia/ws_orbbec/install/orbbec_camera:/home/nvidia/ws_orbbec/install/orbbec_camera_msgs:/home/nvidia/ws_livox/install/livox_ros_driver2:/home/nvidia/ws_point/install/pos_link:/home/nvidia/ws_point/install/point_lio:/home/nvidia/ws_point/install/pcl_cloud:/home/nvidia/ws_point/install/ac_link:/home/nvidia/ws_orbbec/install/gemini_vision:/opt/ros/humble LD_LIBRARY_PATH=/home/nvidia/acfly_ws/install/mavros/lib:/home/nvidia/acfly_ws/install/libmavconn/lib:/home/nvidia/acfly_ws/install/mavros_msgs/lib:/usr/local/lib:/home/nvidia/acfly_ws/install/mavros_extras/lib:/usr/local/lib:/home/nvidia/ws_orbbec/install/orbbec_camera/lib:/home/nvidia/ws_orbbec/install/orbbec_camera_msgs/lib:/home/nvidia/ws_livox/install/livox_ros_driver2/lib:/home/nvidia/ws_point/install/ac_link/lib:/opt/ros/humble/opt/rviz_ogre_vendor/lib:/opt/ros/humble/lib/aarch64-linux-gnu:/opt/ros/humble/lib /usr/bin/cmake --build /home/nvidia/acfly_ws/build/mavros_extras -- -j8 -l8
[0.135s] [  9%] Built target servo_state_publisher
[0.135s] [  9%] Built target mavros_extras
[0.316s] [35m[1mConsolidate compiler generated dependencies of target mavros_extras_plugins[0m
[0.733s] [100%] Built target mavros_extras_plugins
[0.756s] Invoked command in '/home/nvidia/acfly_ws/build/mavros_extras' returned '0': CMAKE_PREFIX_PATH=/home/nvidia/acfly_ws/install/mavros:/home/nvidia/acfly_ws/install/libmavconn:/home/nvidia/acfly_ws/install/mavros_msgs:/home/nvidia/acfly_ws/install/mavlink:/home/nvidia/acfly_ws/install/mavros_extras:/home/nvidia/acfly_ws/install/fly_mission_gps:/home/nvidia/acfly_ws/install/fly_mission:/home/nvidia/ws_orbbec/install/orbbec_description:/home/nvidia/ws_orbbec/install/orbbec_camera:/home/nvidia/ws_orbbec/install/orbbec_camera_msgs:/home/nvidia/ws_livox/install/livox_ros_driver2:/home/nvidia/ws_point/install/pos_link:/home/nvidia/ws_point/install/point_lio:/home/nvidia/ws_point/install/pcl_cloud:/home/nvidia/ws_point/install/ac_link:/home/nvidia/ws_orbbec/install/gemini_vision:/opt/ros/humble LD_LIBRARY_PATH=/home/nvidia/acfly_ws/install/mavros/lib:/home/nvidia/acfly_ws/install/libmavconn/lib:/home/nvidia/acfly_ws/install/mavros_msgs/lib:/usr/local/lib:/home/nvidia/acfly_ws/install/mavros_extras/lib:/usr/local/lib:/home/nvidia/ws_orbbec/install/orbbec_camera/lib:/home/nvidia/ws_orbbec/install/orbbec_camera_msgs/lib:/home/nvidia/ws_livox/install/livox_ros_driver2/lib:/home/nvidia/ws_point/install/ac_link/lib:/opt/ros/humble/opt/rviz_ogre_vendor/lib:/opt/ros/humble/lib/aarch64-linux-gnu:/opt/ros/humble/lib /usr/bin/cmake --build /home/nvidia/acfly_ws/build/mavros_extras -- -j8 -l8
[0.759s] Invoking command in '/home/nvidia/acfly_ws/build/mavros_extras': CMAKE_PREFIX_PATH=/home/nvidia/acfly_ws/install/mavros:/home/nvidia/acfly_ws/install/libmavconn:/home/nvidia/acfly_ws/install/mavros_msgs:/home/nvidia/acfly_ws/install/mavlink:/home/nvidia/acfly_ws/install/mavros_extras:/home/nvidia/acfly_ws/install/fly_mission_gps:/home/nvidia/acfly_ws/install/fly_mission:/home/nvidia/ws_orbbec/install/orbbec_description:/home/nvidia/ws_orbbec/install/orbbec_camera:/home/nvidia/ws_orbbec/install/orbbec_camera_msgs:/home/nvidia/ws_livox/install/livox_ros_driver2:/home/nvidia/ws_point/install/pos_link:/home/nvidia/ws_point/install/point_lio:/home/nvidia/ws_point/install/pcl_cloud:/home/nvidia/ws_point/install/ac_link:/home/nvidia/ws_orbbec/install/gemini_vision:/opt/ros/humble LD_LIBRARY_PATH=/home/nvidia/acfly_ws/install/mavros/lib:/home/nvidia/acfly_ws/install/libmavconn/lib:/home/nvidia/acfly_ws/install/mavros_msgs/lib:/usr/local/lib:/home/nvidia/acfly_ws/install/mavros_extras/lib:/usr/local/lib:/home/nvidia/ws_orbbec/install/orbbec_camera/lib:/home/nvidia/ws_orbbec/install/orbbec_camera_msgs/lib:/home/nvidia/ws_livox/install/livox_ros_driver2/lib:/home/nvidia/ws_point/install/ac_link/lib:/opt/ros/humble/opt/rviz_ogre_vendor/lib:/opt/ros/humble/lib/aarch64-linux-gnu:/opt/ros/humble/lib /usr/bin/cmake --install /home/nvidia/acfly_ws/build/mavros_extras
[0.775s] -- Install configuration: ""
[0.776s] -- Execute custom install script
[0.777s] -- Up-to-date symlink: /home/nvidia/acfly_ws/install/mavros_extras/share/mavros_extras//mavros_plugins.xml
[0.777s] -- Up-to-date symlink: /home/nvidia/acfly_ws/install/mavros_extras/lib/mavros_extras/servo_state_publisher
[0.778s] -- Up-to-date symlink: /home/nvidia/acfly_ws/install/mavros_extras/include/mavros_extras/servo_state_publisher.hpp
[0.779s] -- Up-to-date symlink: /home/nvidia/acfly_ws/install/mavros_extras/share/mavros_extras/launch/px4flow.launch
[0.779s] -- Up-to-date symlink: /home/nvidia/acfly_ws/install/mavros_extras/share/mavros_extras/launch/px4flow_config.yaml
[0.779s] -- Up-to-date symlink: /home/nvidia/acfly_ws/install/mavros_extras/share/mavros_extras/launch/px4flow_pluginlists.yaml
[0.779s] -- Up-to-date symlink: /home/nvidia/acfly_ws/install/mavros_extras/share/mavros_extras/launch/servo_state_publisher.yaml
[0.779s] -- Up-to-date symlink: /home/nvidia/acfly_ws/install/mavros_extras/share/mavros_extras/environment/library_path.sh
[0.780s] -- Up-to-date symlink: /home/nvidia/acfly_ws/install/mavros_extras/share/mavros_extras/environment/library_path.dsv
[0.780s] -- Up-to-date symlink: /home/nvidia/acfly_ws/install/mavros_extras/share/ament_index/resource_index/package_run_dependencies/mavros_extras
[0.780s] -- Up-to-date symlink: /home/nvidia/acfly_ws/install/mavros_extras/share/ament_index/resource_index/parent_prefix_path/mavros_extras
[0.781s] -- Up-to-date symlink: /home/nvidia/acfly_ws/install/mavros_extras/share/mavros_extras/environment/ament_prefix_path.sh
[0.781s] -- Up-to-date symlink: /home/nvidia/acfly_ws/install/mavros_extras/share/mavros_extras/environment/ament_prefix_path.dsv
[0.781s] -- Up-to-date symlink: /home/nvidia/acfly_ws/install/mavros_extras/share/mavros_extras/environment/path.sh
[0.781s] -- Up-to-date symlink: /home/nvidia/acfly_ws/install/mavros_extras/share/mavros_extras/environment/path.dsv
[0.782s] -- Up-to-date symlink: /home/nvidia/acfly_ws/install/mavros_extras/share/mavros_extras/local_setup.bash
[0.782s] -- Up-to-date symlink: /home/nvidia/acfly_ws/install/mavros_extras/share/mavros_extras/local_setup.sh
[0.782s] -- Up-to-date symlink: /home/nvidia/acfly_ws/install/mavros_extras/share/mavros_extras/local_setup.zsh
[0.782s] -- Up-to-date symlink: /home/nvidia/acfly_ws/install/mavros_extras/share/mavros_extras/local_setup.dsv
[0.783s] -- Symlinking: /home/nvidia/acfly_ws/install/mavros_extras/share/mavros_extras/package.dsv
[0.802s] -- Up-to-date symlink: /home/nvidia/acfly_ws/install/mavros_extras/share/ament_index/resource_index/packages/mavros_extras
[0.802s] -- Up-to-date symlink: /home/nvidia/acfly_ws/install/mavros_extras/share/ament_index/resource_index/mavros__pluginlib__plugin/mavros_extras
[0.802s] -- Up-to-date symlink: /home/nvidia/acfly_ws/install/mavros_extras/share/ament_index/resource_index/rclcpp_components/mavros_extras
[0.802s] -- Up-to-date symlink: /home/nvidia/acfly_ws/install/mavros_extras/share/mavros_extras/cmake/ament_cmake_export_include_directories-extras.cmake
[0.802s] -- Up-to-date symlink: /home/nvidia/acfly_ws/install/mavros_extras/share/mavros_extras/cmake/ament_cmake_export_libraries-extras.cmake
[0.803s] -- Up-to-date symlink: /home/nvidia/acfly_ws/install/mavros_extras/share/mavros_extras/cmake/ament_cmake_export_dependencies-extras.cmake
[0.803s] -- Up-to-date symlink: /home/nvidia/acfly_ws/install/mavros_extras/share/mavros_extras/cmake/mavros_extrasConfig.cmake
[0.803s] -- Up-to-date symlink: /home/nvidia/acfly_ws/install/mavros_extras/share/mavros_extras/cmake/mavros_extrasConfig-version.cmake
[0.803s] -- Up-to-date symlink: /home/nvidia/acfly_ws/install/mavros_extras/share/mavros_extras/package.xml
[0.804s] -- Up-to-date: /home/nvidia/acfly_ws/install/mavros_extras/lib/libmavros_extras.so
[0.804s] -- Up-to-date: /home/nvidia/acfly_ws/install/mavros_extras/lib/libmavros_extras_plugins.so
[0.809s] Invoked command in '/home/nvidia/acfly_ws/build/mavros_extras' returned '0': CMAKE_PREFIX_PATH=/home/nvidia/acfly_ws/install/mavros:/home/nvidia/acfly_ws/install/libmavconn:/home/nvidia/acfly_ws/install/mavros_msgs:/home/nvidia/acfly_ws/install/mavlink:/home/nvidia/acfly_ws/install/mavros_extras:/home/nvidia/acfly_ws/install/fly_mission_gps:/home/nvidia/acfly_ws/install/fly_mission:/home/nvidia/ws_orbbec/install/orbbec_description:/home/nvidia/ws_orbbec/install/orbbec_camera:/home/nvidia/ws_orbbec/install/orbbec_camera_msgs:/home/nvidia/ws_livox/install/livox_ros_driver2:/home/nvidia/ws_point/install/pos_link:/home/nvidia/ws_point/install/point_lio:/home/nvidia/ws_point/install/pcl_cloud:/home/nvidia/ws_point/install/ac_link:/home/nvidia/ws_orbbec/install/gemini_vision:/opt/ros/humble LD_LIBRARY_PATH=/home/nvidia/acfly_ws/install/mavros/lib:/home/nvidia/acfly_ws/install/libmavconn/lib:/home/nvidia/acfly_ws/install/mavros_msgs/lib:/usr/local/lib:/home/nvidia/acfly_ws/install/mavros_extras/lib:/usr/local/lib:/home/nvidia/ws_orbbec/install/orbbec_camera/lib:/home/nvidia/ws_orbbec/install/orbbec_camera_msgs/lib:/home/nvidia/ws_livox/install/livox_ros_driver2/lib:/home/nvidia/ws_point/install/ac_link/lib:/opt/ros/humble/opt/rviz_ogre_vendor/lib:/opt/ros/humble/lib/aarch64-linux-gnu:/opt/ros/humble/lib /usr/bin/cmake --install /home/nvidia/acfly_ws/build/mavros_extras
