[0.043s] Invoking command in '/home/nvidia/acfly_ws/build/ring_detector': CMAKE_PREFIX_PATH=${CMAKE_PREFIX_PATH}:/home/nvidia/ws_orbbec/install/gemini_vision:/opt/ros/humble /usr/bin/cmake --build /home/nvidia/acfly_ws/build/ring_detector -- -j8 -l8
[0.147s] [100%] Built target ring_detector_node
[0.174s] Invoked command in '/home/nvidia/acfly_ws/build/ring_detector' returned '0': CMAKE_PREFIX_PATH=${CMAKE_PREFIX_PATH}:/home/nvidia/ws_orbbec/install/gemini_vision:/opt/ros/humble /usr/bin/cmake --build /home/nvidia/acfly_ws/build/ring_detector -- -j8 -l8
[0.177s] Invoking command in '/home/nvidia/acfly_ws/build/ring_detector': CMAKE_PREFIX_PATH=${CMAKE_PREFIX_PATH}:/home/nvidia/ws_orbbec/install/gemini_vision:/opt/ros/humble /usr/bin/cmake --install /home/nvidia/acfly_ws/build/ring_detector
[0.196s] -- Install configuration: ""
[0.196s] -- Up-to-date: /home/nvidia/acfly_ws/install/ring_detector/lib/ring_detector/ring_detector_node
[0.197s] -- Up-to-date: /home/nvidia/acfly_ws/install/ring_detector/share/ring_detector/rviz
[0.200s] -- Up-to-date: /home/nvidia/acfly_ws/install/ring_detector/share/ring_detector/rviz/ring_detector.rviz
[0.200s] -- Up-to-date: /home/nvidia/acfly_ws/install/ring_detector/share/ament_index/resource_index/package_run_dependencies/ring_detector
[0.200s] -- Up-to-date: /home/nvidia/acfly_ws/install/ring_detector/share/ament_index/resource_index/parent_prefix_path/ring_detector
[0.200s] -- Up-to-date: /home/nvidia/acfly_ws/install/ring_detector/share/ring_detector/environment/ament_prefix_path.sh
[0.201s] -- Up-to-date: /home/nvidia/acfly_ws/install/ring_detector/share/ring_detector/environment/ament_prefix_path.dsv
[0.202s] -- Up-to-date: /home/nvidia/acfly_ws/install/ring_detector/share/ring_detector/environment/path.sh
[0.202s] -- Up-to-date: /home/nvidia/acfly_ws/install/ring_detector/share/ring_detector/environment/path.dsv
[0.202s] -- Up-to-date: /home/nvidia/acfly_ws/install/ring_detector/share/ring_detector/local_setup.bash
[0.203s] -- Up-to-date: /home/nvidia/acfly_ws/install/ring_detector/share/ring_detector/local_setup.sh
[0.203s] -- Up-to-date: /home/nvidia/acfly_ws/install/ring_detector/share/ring_detector/local_setup.zsh
[0.203s] -- Up-to-date: /home/nvidia/acfly_ws/install/ring_detector/share/ring_detector/local_setup.dsv
[0.203s] -- Installing: /home/nvidia/acfly_ws/install/ring_detector/share/ring_detector/package.dsv
[0.204s] -- Up-to-date: /home/nvidia/acfly_ws/install/ring_detector/share/ament_index/resource_index/packages/ring_detector
[0.204s] -- Up-to-date: /home/nvidia/acfly_ws/install/ring_detector/share/ring_detector/cmake/ring_detectorConfig.cmake
[0.204s] -- Up-to-date: /home/nvidia/acfly_ws/install/ring_detector/share/ring_detector/cmake/ring_detectorConfig-version.cmake
[0.205s] -- Up-to-date: /home/nvidia/acfly_ws/install/ring_detector/share/ring_detector/package.xml
[0.243s] Invoked command in '/home/nvidia/acfly_ws/build/ring_detector' returned '0': CMAKE_PREFIX_PATH=${CMAKE_PREFIX_PATH}:/home/nvidia/ws_orbbec/install/gemini_vision:/opt/ros/humble /usr/bin/cmake --install /home/nvidia/acfly_ws/build/ring_detector
