-- Found ament_cmake: 1.3.14 (/opt/ros/humble/share/ament_cmake/cmake)
-- Override CMake install command with custom implementation using symlinks instead of copying resources
-- Found rclcpp: 16.0.19 (/opt/ros/humble/share/rclcpp/cmake)
-- Found rosidl_generator_c: 3.1.9 (/opt/ros/humble/share/rosidl_generator_c/cmake)
-- Found rosidl_adapter: 3.1.9 (/opt/ros/humble/share/rosidl_adapter/cmake)
-- Found rosidl_generator_cpp: 3.1.9 (/opt/ros/humble/share/rosidl_generator_cpp/cmake)
-- Using all available rosidl_typesupport_c: rosidl_typesupport_fastrtps_c;rosidl_typesupport_introspection_c
-- Using all available rosidl_typesupport_cpp: rosidl_typesupport_fastrtps_cpp;rosidl_typesupport_introspection_cpp
-- Found rmw_implementation_cmake: 6.1.2 (/opt/ros/humble/share/rmw_implementation_cmake/cmake)
-- Found rmw_fastrtps_cpp: 6.2.10 (/opt/ros/humble/share/rmw_fastrtps_cpp/cmake)
-- Using RMW implementation 'rmw_fastrtps_cpp' as default
-- Found geometry_msgs: 4.9.1 (/opt/ros/humble/share/geometry_msgs/cmake)
-- Found nav_msgs: 4.9.1 (/opt/ros/humble/share/nav_msgs/cmake)
-- Found sensor_msgs: 4.9.1 (/opt/ros/humble/share/sensor_msgs/cmake)
-- Found visualization_msgs: 4.9.1 (/opt/ros/humble/share/visualization_msgs/cmake)
-- Found tf2: 0.25.20 (/opt/ros/humble/share/tf2/cmake)
-- Found ament_lint_auto: 0.12.15 (/opt/ros/humble/share/ament_lint_auto/cmake)
-- Added test 'cppcheck' to perform static code analysis on C / C++ code
-- Configured cppcheck include dirs: /home/nvidia/acfly_ws/src/exploration_planner/include
-- Configured cppcheck exclude dirs and/or files: 
-- Added test 'lint_cmake' to check CMake code style
-- Added test 'uncrustify' to check C / C++ code style
-- Configured uncrustify additional arguments: 
-- Added test 'xmllint' to check XML markup files
-- Configuring done
-- Generating done
-- Build files have been written to: /home/nvidia/acfly_ws/build/exploration_planner
[ 22%] Building CXX object CMakeFiles/exploration_planner_node.dir/src/exploration_planner_node.cpp.o
[ 33%] Building CXX object CMakeFiles/exploration_planner_node.dir/src/coverage_planner.cpp.o
[ 44%] Building CXX object CMakeFiles/exploration_planner_node.dir/src/trajectory_tracker.cpp.o
[ 33%] Building CXX object CMakeFiles/exploration_planner_node.dir/src/grid_map.cpp.o
[ 55%] Building CXX object CMakeFiles/exploration_planner_node.dir/src/bezier.cpp.o
[ 66%] Building CXX object CMakeFiles/exploration_planner_node.dir/src/visualizer.cpp.o
[ 77%] Building CXX object CMakeFiles/exploration_planner_node.dir/src/global_planner.cpp.o
[ 88%] Building CXX object CMakeFiles/exploration_planner_node.dir/src/obstacle_map.cpp.o
[100%] Linking CXX executable exploration_planner_node
[100%] Built target exploration_planner_node
-- Install configuration: ""
-- Execute custom install script
-- Symlinking: /home/nvidia/acfly_ws/install/exploration_planner/lib/exploration_planner/exploration_planner_node
-- Symlinking: /home/nvidia/acfly_ws/install/exploration_planner/include//exploration_planner/bezier.hpp
-- Symlinking: /home/nvidia/acfly_ws/install/exploration_planner/include//exploration_planner/coverage_planner.hpp
-- Symlinking: /home/nvidia/acfly_ws/install/exploration_planner/include//exploration_planner/global_planner.hpp
-- Symlinking: /home/nvidia/acfly_ws/install/exploration_planner/include//exploration_planner/grid_map.hpp
-- Symlinking: /home/nvidia/acfly_ws/install/exploration_planner/include//exploration_planner/obstacle_map.hpp
-- Symlinking: /home/nvidia/acfly_ws/install/exploration_planner/include//exploration_planner/params.hpp
-- Symlinking: /home/nvidia/acfly_ws/install/exploration_planner/include//exploration_planner/trajectory_tracker.hpp
-- Symlinking: /home/nvidia/acfly_ws/install/exploration_planner/include//exploration_planner/types.hpp
-- Symlinking: /home/nvidia/acfly_ws/install/exploration_planner/include//exploration_planner/visualizer.hpp
-- Symlinking: /home/nvidia/acfly_ws/install/exploration_planner/share/ament_index/resource_index/package_run_dependencies/exploration_planner
-- Symlinking: /home/nvidia/acfly_ws/install/exploration_planner/share/ament_index/resource_index/parent_prefix_path/exploration_planner
-- Symlinking: /home/nvidia/acfly_ws/install/exploration_planner/share/exploration_planner/environment/ament_prefix_path.sh
-- Symlinking: /home/nvidia/acfly_ws/install/exploration_planner/share/exploration_planner/environment/ament_prefix_path.dsv
-- Symlinking: /home/nvidia/acfly_ws/install/exploration_planner/share/exploration_planner/environment/path.sh
-- Symlinking: /home/nvidia/acfly_ws/install/exploration_planner/share/exploration_planner/environment/path.dsv
-- Symlinking: /home/nvidia/acfly_ws/install/exploration_planner/share/exploration_planner/local_setup.bash
-- Symlinking: /home/nvidia/acfly_ws/install/exploration_planner/share/exploration_planner/local_setup.sh
-- Symlinking: /home/nvidia/acfly_ws/install/exploration_planner/share/exploration_planner/local_setup.zsh
-- Symlinking: /home/nvidia/acfly_ws/install/exploration_planner/share/exploration_planner/local_setup.dsv
-- Symlinking: /home/nvidia/acfly_ws/install/exploration_planner/share/exploration_planner/package.dsv
-- Symlinking: /home/nvidia/acfly_ws/install/exploration_planner/share/ament_index/resource_index/packages/exploration_planner
-- Symlinking: /home/nvidia/acfly_ws/install/exploration_planner/share/exploration_planner/cmake/exploration_plannerConfig.cmake
-- Symlinking: /home/nvidia/acfly_ws/install/exploration_planner/share/exploration_planner/cmake/exploration_plannerConfig-version.cmake
-- Symlinking: /home/nvidia/acfly_ws/install/exploration_planner/share/exploration_planner/package.xml
