[0.055s] Invoking command in '/home/nvidia/acfly_ws/build/exploration_planner': CMAKE_PREFIX_PATH=${CMAKE_PREFIX_PATH}:/home/nvidia/ws_orbbec/install/gemini_vision:/opt/ros/humble /usr/bin/cmake /home/nvidia/acfly_ws/src/exploration_planner -DPython3_EXECUTABLE=/usr/bin/python3 -DAMENT_CMAKE_SYMLINK_INSTALL=1 -DCMAKE_INSTALL_PREFIX=/home/nvidia/acfly_ws/install/exploration_planner
[0.076s] -- Found ament_cmake: 1.3.14 (/opt/ros/humble/share/ament_cmake/cmake)
[0.319s] -- Override CMake install command with custom implementation using symlinks instead of copying resources
[0.333s] -- Found rclcpp: 16.0.19 (/opt/ros/humble/share/rclcpp/cmake)
[0.392s] -- Found rosidl_generator_c: 3.1.9 (/opt/ros/humble/share/rosidl_generator_c/cmake)
[0.395s] -- Found rosidl_adapter: 3.1.9 (/opt/ros/humble/share/rosidl_adapter/cmake)
[0.405s] -- Found rosidl_generator_cpp: 3.1.9 (/opt/ros/humble/share/rosidl_generator_cpp/cmake)
[0.420s] -- Using all available rosidl_typesupport_c: rosidl_typesupport_fastrtps_c;rosidl_typesupport_introspection_c
[0.438s] -- Using all available rosidl_typesupport_cpp: rosidl_typesupport_fastrtps_cpp;rosidl_typesupport_introspection_cpp
[0.486s] -- Found rmw_implementation_cmake: 6.1.2 (/opt/ros/humble/share/rmw_implementation_cmake/cmake)
[0.488s] -- Found rmw_fastrtps_cpp: 6.2.10 (/opt/ros/humble/share/rmw_fastrtps_cpp/cmake)
[0.654s] -- Using RMW implementation 'rmw_fastrtps_cpp' as default
[0.731s] -- Found geometry_msgs: 4.9.1 (/opt/ros/humble/share/geometry_msgs/cmake)
[0.748s] -- Found nav_msgs: 4.9.1 (/opt/ros/humble/share/nav_msgs/cmake)
[0.772s] -- Found sensor_msgs: 4.9.1 (/opt/ros/humble/share/sensor_msgs/cmake)
[0.797s] -- Found visualization_msgs: 4.9.1 (/opt/ros/humble/share/visualization_msgs/cmake)
[0.825s] -- Found tf2: 0.25.20 (/opt/ros/humble/share/tf2/cmake)
[0.874s] -- Found ament_lint_auto: 0.12.15 (/opt/ros/humble/share/ament_lint_auto/cmake)
[1.016s] -- Added test 'cppcheck' to perform static code analysis on C / C++ code
[1.017s] -- Configured cppcheck include dirs: /home/nvidia/acfly_ws/src/exploration_planner/include
[1.017s] -- Configured cppcheck exclude dirs and/or files: 
[1.026s] -- Added test 'lint_cmake' to check CMake code style
[1.026s] -- Added test 'uncrustify' to check C / C++ code style
[1.026s] -- Configured uncrustify additional arguments: 
[1.026s] -- Added test 'xmllint' to check XML markup files
[1.026s] -- Configuring done
[1.056s] -- Generating done
[1.066s] -- Build files have been written to: /home/nvidia/acfly_ws/build/exploration_planner
[1.089s] Invoked command in '/home/nvidia/acfly_ws/build/exploration_planner' returned '0': CMAKE_PREFIX_PATH=${CMAKE_PREFIX_PATH}:/home/nvidia/ws_orbbec/install/gemini_vision:/opt/ros/humble /usr/bin/cmake /home/nvidia/acfly_ws/src/exploration_planner -DPython3_EXECUTABLE=/usr/bin/python3 -DAMENT_CMAKE_SYMLINK_INSTALL=1 -DCMAKE_INSTALL_PREFIX=/home/nvidia/acfly_ws/install/exploration_planner
[1.091s] Invoking command in '/home/nvidia/acfly_ws/build/exploration_planner': CMAKE_PREFIX_PATH=${CMAKE_PREFIX_PATH}:/home/nvidia/ws_orbbec/install/gemini_vision:/opt/ros/humble /usr/bin/cmake --build /home/nvidia/acfly_ws/build/exploration_planner -- -j8 -l8
[1.188s] [ 22%] Building CXX object CMakeFiles/exploration_planner_node.dir/src/exploration_planner_node.cpp.o
[1.188s] [ 33%] Building CXX object CMakeFiles/exploration_planner_node.dir/src/coverage_planner.cpp.o
[1.190s] [ 44%] Building CXX object CMakeFiles/exploration_planner_node.dir/src/trajectory_tracker.cpp.o
[1.191s] [ 33%] Building CXX object CMakeFiles/exploration_planner_node.dir/src/grid_map.cpp.o
[1.195s] [ 55%] Building CXX object CMakeFiles/exploration_planner_node.dir/src/bezier.cpp.o
[1.204s] [ 66%] Building CXX object CMakeFiles/exploration_planner_node.dir/src/visualizer.cpp.o
[1.205s] [ 77%] Building CXX object CMakeFiles/exploration_planner_node.dir/src/global_planner.cpp.o
[1.208s] [ 88%] Building CXX object CMakeFiles/exploration_planner_node.dir/src/obstacle_map.cpp.o
[40.644s] [100%] Linking CXX executable exploration_planner_node
[42.973s] [100%] Built target exploration_planner_node
[42.999s] Invoked command in '/home/nvidia/acfly_ws/build/exploration_planner' returned '0': CMAKE_PREFIX_PATH=${CMAKE_PREFIX_PATH}:/home/nvidia/ws_orbbec/install/gemini_vision:/opt/ros/humble /usr/bin/cmake --build /home/nvidia/acfly_ws/build/exploration_planner -- -j8 -l8
[43.003s] Invoking command in '/home/nvidia/acfly_ws/build/exploration_planner': CMAKE_PREFIX_PATH=${CMAKE_PREFIX_PATH}:/home/nvidia/ws_orbbec/install/gemini_vision:/opt/ros/humble /usr/bin/cmake --install /home/nvidia/acfly_ws/build/exploration_planner
[43.022s] -- Install configuration: ""
[43.023s] -- Execute custom install script
[43.024s] -- Symlinking: /home/nvidia/acfly_ws/install/exploration_planner/lib/exploration_planner/exploration_planner_node
[43.046s] -- Symlinking: /home/nvidia/acfly_ws/install/exploration_planner/include//exploration_planner/bezier.hpp
[43.066s] -- Symlinking: /home/nvidia/acfly_ws/install/exploration_planner/include//exploration_planner/coverage_planner.hpp
[43.085s] -- Symlinking: /home/nvidia/acfly_ws/install/exploration_planner/include//exploration_planner/global_planner.hpp
[43.103s] -- Symlinking: /home/nvidia/acfly_ws/install/exploration_planner/include//exploration_planner/grid_map.hpp
[43.121s] -- Symlinking: /home/nvidia/acfly_ws/install/exploration_planner/include//exploration_planner/obstacle_map.hpp
[43.141s] -- Symlinking: /home/nvidia/acfly_ws/install/exploration_planner/include//exploration_planner/params.hpp
[43.157s] -- Symlinking: /home/nvidia/acfly_ws/install/exploration_planner/include//exploration_planner/trajectory_tracker.hpp
[43.175s] -- Symlinking: /home/nvidia/acfly_ws/install/exploration_planner/include//exploration_planner/types.hpp
[43.195s] -- Symlinking: /home/nvidia/acfly_ws/install/exploration_planner/include//exploration_planner/visualizer.hpp
[43.213s] -- Symlinking: /home/nvidia/acfly_ws/install/exploration_planner/share/ament_index/resource_index/package_run_dependencies/exploration_planner
[43.233s] -- Symlinking: /home/nvidia/acfly_ws/install/exploration_planner/share/ament_index/resource_index/parent_prefix_path/exploration_planner
[43.252s] -- Symlinking: /home/nvidia/acfly_ws/install/exploration_planner/share/exploration_planner/environment/ament_prefix_path.sh
[43.270s] -- Symlinking: /home/nvidia/acfly_ws/install/exploration_planner/share/exploration_planner/environment/ament_prefix_path.dsv
[43.288s] -- Symlinking: /home/nvidia/acfly_ws/install/exploration_planner/share/exploration_planner/environment/path.sh
[43.306s] -- Symlinking: /home/nvidia/acfly_ws/install/exploration_planner/share/exploration_planner/environment/path.dsv
[43.324s] -- Symlinking: /home/nvidia/acfly_ws/install/exploration_planner/share/exploration_planner/local_setup.bash
[43.342s] -- Symlinking: /home/nvidia/acfly_ws/install/exploration_planner/share/exploration_planner/local_setup.sh
[43.359s] -- Symlinking: /home/nvidia/acfly_ws/install/exploration_planner/share/exploration_planner/local_setup.zsh
[43.377s] -- Symlinking: /home/nvidia/acfly_ws/install/exploration_planner/share/exploration_planner/local_setup.dsv
[43.395s] -- Symlinking: /home/nvidia/acfly_ws/install/exploration_planner/share/exploration_planner/package.dsv
[43.414s] -- Symlinking: /home/nvidia/acfly_ws/install/exploration_planner/share/ament_index/resource_index/packages/exploration_planner
[43.435s] -- Symlinking: /home/nvidia/acfly_ws/install/exploration_planner/share/exploration_planner/cmake/exploration_plannerConfig.cmake
[43.453s] -- Symlinking: /home/nvidia/acfly_ws/install/exploration_planner/share/exploration_planner/cmake/exploration_plannerConfig-version.cmake
[43.472s] -- Symlinking: /home/nvidia/acfly_ws/install/exploration_planner/share/exploration_planner/package.xml
[43.494s] Invoked command in '/home/nvidia/acfly_ws/build/exploration_planner' returned '0': CMAKE_PREFIX_PATH=${CMAKE_PREFIX_PATH}:/home/nvidia/ws_orbbec/install/gemini_vision:/opt/ros/humble /usr/bin/cmake --install /home/nvidia/acfly_ws/build/exploration_planner
