[0.059s] Invoking command in '/home/nvidia/acfly_ws/build/exploration_planner': CMAKE_PREFIX_PATH=${CMAKE_PREFIX_PATH}:/home/nvidia/ws_orbbec/install/gemini_vision:/opt/ros/humble /usr/bin/cmake --build /home/nvidia/acfly_ws/build/exploration_planner -- -j8 -l8
[0.168s] [ 11%] [32mBuilding CXX object CMakeFiles/exploration_planner_node.dir/src/exploration_planner_node.cpp.o[0m
[35.169s] [ 22%] [32m[1mLinking CXX executable exploration_planner_node[0m
[37.479s] [100%] Built target exploration_planner_node
[37.513s] Invoked command in '/home/nvidia/acfly_ws/build/exploration_planner' returned '0': CMAKE_PREFIX_PATH=${CMAKE_PREFIX_PATH}:/home/nvidia/ws_orbbec/install/gemini_vision:/opt/ros/humble /usr/bin/cmake --build /home/nvidia/acfly_ws/build/exploration_planner -- -j8 -l8
[37.518s] Invoking command in '/home/nvidia/acfly_ws/build/exploration_planner': CMAKE_PREFIX_PATH=${CMAKE_PREFIX_PATH}:/home/nvidia/ws_orbbec/install/gemini_vision:/opt/ros/humble /usr/bin/cmake --install /home/nvidia/acfly_ws/build/exploration_planner
[37.535s] -- Install configuration: ""
[37.536s] -- Installing: /home/nvidia/acfly_ws/install/exploration_planner/lib/exploration_planner/exploration_planner_node
[37.553s] -- Set runtime path of "/home/nvidia/acfly_ws/install/exploration_planner/lib/exploration_planner/exploration_planner_node" to ""
[37.553s] -- Up-to-date: /home/nvidia/acfly_ws/install/exploration_planner/include/
[37.554s] -- Up-to-date: /home/nvidia/acfly_ws/install/exploration_planner/include//exploration_planner
[37.554s] -- Up-to-date: /home/nvidia/acfly_ws/install/exploration_planner/include//exploration_planner/global_planner.hpp
[37.554s] -- Up-to-date: /home/nvidia/acfly_ws/install/exploration_planner/include//exploration_planner/coverage_planner.hpp
[37.554s] -- Up-to-date: /home/nvidia/acfly_ws/install/exploration_planner/include//exploration_planner/bezier.hpp
[37.554s] -- Up-to-date: /home/nvidia/acfly_ws/install/exploration_planner/include//exploration_planner/obstacle_map.hpp
[37.554s] -- Up-to-date: /home/nvidia/acfly_ws/install/exploration_planner/include//exploration_planner/trajectory_tracker.hpp
[37.554s] -- Up-to-date: /home/nvidia/acfly_ws/install/exploration_planner/include//exploration_planner/visualizer.hpp
[37.555s] -- Up-to-date: /home/nvidia/acfly_ws/install/exploration_planner/include//exploration_planner/grid_map.hpp
[37.555s] -- Installing: /home/nvidia/acfly_ws/install/exploration_planner/include//exploration_planner/params.hpp
[37.555s] -- Up-to-date: /home/nvidia/acfly_ws/install/exploration_planner/include//exploration_planner/types.hpp
[37.555s] -- Up-to-date: /home/nvidia/acfly_ws/install/exploration_planner/share/ament_index/resource_index/package_run_dependencies/exploration_planner
[37.555s] -- Up-to-date: /home/nvidia/acfly_ws/install/exploration_planner/share/ament_index/resource_index/parent_prefix_path/exploration_planner
[37.555s] -- Up-to-date: /home/nvidia/acfly_ws/install/exploration_planner/share/exploration_planner/environment/ament_prefix_path.sh
[37.555s] -- Up-to-date: /home/nvidia/acfly_ws/install/exploration_planner/share/exploration_planner/environment/ament_prefix_path.dsv
[37.555s] -- Up-to-date: /home/nvidia/acfly_ws/install/exploration_planner/share/exploration_planner/environment/path.sh
[37.556s] -- Up-to-date: /home/nvidia/acfly_ws/install/exploration_planner/share/exploration_planner/environment/path.dsv
[37.556s] -- Up-to-date: /home/nvidia/acfly_ws/install/exploration_planner/share/exploration_planner/local_setup.bash
[37.556s] -- Up-to-date: /home/nvidia/acfly_ws/install/exploration_planner/share/exploration_planner/local_setup.sh
[37.556s] -- Up-to-date: /home/nvidia/acfly_ws/install/exploration_planner/share/exploration_planner/local_setup.zsh
[37.556s] -- Up-to-date: /home/nvidia/acfly_ws/install/exploration_planner/share/exploration_planner/local_setup.dsv
[37.556s] -- Installing: /home/nvidia/acfly_ws/install/exploration_planner/share/exploration_planner/package.dsv
[37.556s] -- Up-to-date: /home/nvidia/acfly_ws/install/exploration_planner/share/ament_index/resource_index/packages/exploration_planner
[37.556s] -- Up-to-date: /home/nvidia/acfly_ws/install/exploration_planner/share/exploration_planner/cmake/exploration_plannerConfig.cmake
[37.556s] -- Up-to-date: /home/nvidia/acfly_ws/install/exploration_planner/share/exploration_planner/cmake/exploration_plannerConfig-version.cmake
[37.557s] -- Up-to-date: /home/nvidia/acfly_ws/install/exploration_planner/share/exploration_planner/package.xml
[37.561s] Invoked command in '/home/nvidia/acfly_ws/build/exploration_planner' returned '0': CMAKE_PREFIX_PATH=${CMAKE_PREFIX_PATH}:/home/nvidia/ws_orbbec/install/gemini_vision:/opt/ros/humble /usr/bin/cmake --install /home/nvidia/acfly_ws/build/exploration_planner
