[0.040s] Invoking command in '/home/nvidia/acfly_ws/build/ring_detector': CMAKE_PREFIX_PATH=${CMAKE_PREFIX_PATH}:/home/nvidia/ws_orbbec/install/gemini_vision:/opt/ros/humble /usr/bin/cmake /home/nvidia/acfly_ws/src/finding_objects_ws/ring_detector -DCMAKE_INSTALL_PREFIX=/home/nvidia/acfly_ws/install/ring_detector
[0.216s] -- The C compiler identification is GNU 11.4.0
[0.396s] -- The CXX compiler identification is GNU 11.4.0
[0.408s] -- Detecting C compiler ABI info
[0.594s] -- Detecting C compiler ABI info - done
[0.712s] -- Check for working C compiler: /usr/bin/cc - skipped
[0.712s] -- Detecting C compile features
[0.712s] -- Detecting C compile features - done
[0.713s] -- Detecting CXX compiler ABI info
[0.912s] -- Detecting CXX compiler ABI info - done
[0.912s] -- Check for working CXX compiler: /usr/bin/c++ - skipped
[0.912s] -- Detecting CXX compile features
[0.912s] -- Detecting CXX compile features - done
[0.912s] -- Found ament_cmake: 1.3.14 (/opt/ros/humble/share/ament_cmake/cmake)
[2.001s] -- Found Python3: /home/nvidia/miniforge3/bin/python3 (found version "3.13.12") found components: Interpreter 
[2.559s] -- Found rclcpp: 16.0.19 (/opt/ros/humble/share/rclcpp/cmake)
[2.779s] -- Found rosidl_generator_c: 3.1.9 (/opt/ros/humble/share/rosidl_generator_c/cmake)
[2.804s] -- Found rosidl_adapter: 3.1.9 (/opt/ros/humble/share/rosidl_adapter/cmake)
[2.845s] -- Found rosidl_generator_cpp: 3.1.9 (/opt/ros/humble/share/rosidl_generator_cpp/cmake)
[2.875s] -- Using all available rosidl_typesupport_c: rosidl_typesupport_fastrtps_c;rosidl_typesupport_introspection_c
[2.915s] -- Using all available rosidl_typesupport_cpp: rosidl_typesupport_fastrtps_cpp;rosidl_typesupport_introspection_cpp
[3.027s] -- Found rmw_implementation_cmake: 6.1.2 (/opt/ros/humble/share/rmw_implementation_cmake/cmake)
[3.036s] -- Found rmw_fastrtps_cpp: 6.2.10 (/opt/ros/humble/share/rmw_fastrtps_cpp/cmake)
[3.575s] -- Found OpenSSL: /usr/lib/aarch64-linux-gnu/libcrypto.so (found version "3.0.2")  
[3.653s] -- Found FastRTPS: /opt/ros/humble/include  
[3.750s] -- Using RMW implementation 'rmw_fastrtps_cpp' as default
[3.804s] -- Looking for pthread.h
[4.291s] -- Looking for pthread.h - found
[4.291s] -- Performing Test CMAKE_HAVE_LIBC_PTHREAD
[4.718s] -- Performing Test CMAKE_HAVE_LIBC_PTHREAD - Success
[4.718s] -- Found Threads: TRUE  
[4.871s] -- Found sensor_msgs: 4.9.1 (/opt/ros/humble/share/sensor_msgs/cmake)
[4.945s] -- Found nav_msgs: 4.9.1 (/opt/ros/humble/share/nav_msgs/cmake)
[4.985s] -- Found visualization_msgs: 4.9.1 (/opt/ros/humble/share/visualization_msgs/cmake)
[5.240s] Traceback (most recent call last):
[5.260s]   File "/opt/ros/humble/share/ament_cmake_core/cmake/core/package_xml_2_cmake.py", line 22, in <module>
[5.260s]     from catkin_pkg.package import parse_package_string
[5.261s] ModuleNotFoundError: No module named 'catkin_pkg'
[5.306s] CMake Error at /opt/ros/humble/share/ament_cmake_core/cmake/core/ament_package_xml.cmake:95 (message):
[5.306s]   execute_process(/home/nvidia/miniforge3/bin/python3
[5.306s]   /opt/ros/humble/share/ament_cmake_core/cmake/core/package_xml_2_cmake.py
[5.306s]   /home/nvidia/acfly_ws/src/finding_objects_ws/ring_detector/package.xml
[5.306s]   /home/nvidia/acfly_ws/build/ring_detector/ament_cmake_core/package.cmake)
[5.306s]   returned error code 1
[5.306s] Call Stack (most recent call first):
[5.306s]   /opt/ros/humble/share/ament_cmake_core/cmake/core/ament_package_xml.cmake:49 (_ament_package_xml)
[5.306s]   /opt/ros/humble/share/ament_cmake_core/cmake/core/ament_package.cmake:63 (ament_package_xml)
[5.306s]   CMakeLists.txt:41 (ament_package)
[5.307s] 
[5.307s] 
[5.309s] -- Configuring incomplete, errors occurred!
[5.309s] See also "/home/nvidia/acfly_ws/build/ring_detector/CMakeFiles/CMakeOutput.log".
[5.367s] Invoked command in '/home/nvidia/acfly_ws/build/ring_detector' returned '1': CMAKE_PREFIX_PATH=${CMAKE_PREFIX_PATH}:/home/nvidia/ws_orbbec/install/gemini_vision:/opt/ros/humble /usr/bin/cmake /home/nvidia/acfly_ws/src/finding_objects_ws/ring_detector -DCMAKE_INSTALL_PREFIX=/home/nvidia/acfly_ws/install/ring_detector
