[0.053s] Invoking command in '/home/nvidia/acfly_ws/build/exploration_planner': CMAKE_PREFIX_PATH=${CMAKE_PREFIX_PATH}:/home/nvidia/ws_orbbec/install/gemini_vision:/opt/ros/humble /usr/bin/cmake /home/nvidia/acfly_ws/src/exploration_planner -DCMAKE_INSTALL_PREFIX=/home/nvidia/acfly_ws/install/exploration_planner
[0.252s] -- The C compiler identification is GNU 11.4.0
[0.416s] -- The CXX compiler identification is GNU 11.4.0
[0.431s] -- Detecting C compiler ABI info
[0.608s] -- Detecting C compiler ABI info - done
[0.608s] -- Check for working C compiler: /usr/bin/cc - skipped
[0.608s] -- Detecting C compile features
[0.608s] -- Detecting C compile features - done
[0.610s] -- Detecting CXX compiler ABI info
[0.939s] -- Detecting CXX compiler ABI info - done
[0.940s] -- Check for working CXX compiler: /usr/bin/c++ - skipped
[0.940s] -- Detecting CXX compile features
[0.940s] -- Detecting CXX compile features - done
[0.941s] -- Found ament_cmake: 1.3.14 (/opt/ros/humble/share/ament_cmake/cmake)
[2.468s] -- Found Python3: /home/nvidia/miniforge3/bin/python3 (found version "3.13.12") found components: Interpreter 
[2.828s] -- Found rclcpp: 16.0.19 (/opt/ros/humble/share/rclcpp/cmake)
[2.923s] -- Found rosidl_generator_c: 3.1.9 (/opt/ros/humble/share/rosidl_generator_c/cmake)
[2.937s] -- Found rosidl_adapter: 3.1.9 (/opt/ros/humble/share/rosidl_adapter/cmake)
[2.957s] -- Found rosidl_generator_cpp: 3.1.9 (/opt/ros/humble/share/rosidl_generator_cpp/cmake)
[2.983s] -- Using all available rosidl_typesupport_c: rosidl_typesupport_fastrtps_c;rosidl_typesupport_introspection_c
[3.036s] -- Using all available rosidl_typesupport_cpp: rosidl_typesupport_fastrtps_cpp;rosidl_typesupport_introspection_cpp
[3.245s] -- Found rmw_implementation_cmake: 6.1.2 (/opt/ros/humble/share/rmw_implementation_cmake/cmake)
[3.266s] -- Found rmw_fastrtps_cpp: 6.2.10 (/opt/ros/humble/share/rmw_fastrtps_cpp/cmake)
[3.869s] -- Found OpenSSL: /usr/lib/aarch64-linux-gnu/libcrypto.so (found version "3.0.2")  
[3.982s] -- Found FastRTPS: /opt/ros/humble/include  
[4.157s] -- Using RMW implementation 'rmw_fastrtps_cpp' as default
[4.201s] -- Looking for pthread.h
[4.690s] -- Looking for pthread.h - found
[4.690s] -- Performing Test CMAKE_HAVE_LIBC_PTHREAD
[5.188s] -- Performing Test CMAKE_HAVE_LIBC_PTHREAD - Success
[5.189s] -- Found Threads: TRUE  
[5.287s] -- Found geometry_msgs: 4.9.1 (/opt/ros/humble/share/geometry_msgs/cmake)
[5.312s] -- Found nav_msgs: 4.9.1 (/opt/ros/humble/share/nav_msgs/cmake)
[5.344s] -- Found sensor_msgs: 4.9.1 (/opt/ros/humble/share/sensor_msgs/cmake)
[5.375s] -- Found visualization_msgs: 4.9.1 (/opt/ros/humble/share/visualization_msgs/cmake)
[5.425s] -- Found tf2: 0.25.20 (/opt/ros/humble/share/tf2/cmake)
[5.586s] -- Found CUDA: /usr/local/cuda (found suitable exact version "12.6") 
[5.629s] -- Found OpenCV: /usr/local (found version "4.10.0") 
[5.642s] -- Found ament_lint_auto: 0.12.15 (/opt/ros/humble/share/ament_lint_auto/cmake)
[5.746s] Traceback (most recent call last):
[5.753s]   File "/opt/ros/humble/share/ament_cmake_core/cmake/core/package_xml_2_cmake.py", line 22, in <module>
[5.754s]     from catkin_pkg.package import parse_package_string
[5.754s] ModuleNotFoundError: No module named 'catkin_pkg'
[5.772s] CMake Error at /opt/ros/humble/share/ament_cmake_core/cmake/core/ament_package_xml.cmake:95 (message):
[5.772s]   execute_process(/home/nvidia/miniforge3/bin/python3
[5.772s]   /opt/ros/humble/share/ament_cmake_core/cmake/core/package_xml_2_cmake.py
[5.773s]   /home/nvidia/acfly_ws/src/exploration_planner/package.xml
[5.773s]   /home/nvidia/acfly_ws/build/exploration_planner/ament_cmake_core/package.cmake)
[5.773s]   returned error code 1
[5.773s] Call Stack (most recent call first):
[5.773s]   /opt/ros/humble/share/ament_cmake_core/cmake/core/ament_package_xml.cmake:49 (_ament_package_xml)
[5.773s]   /opt/ros/humble/share/ament_lint_auto/cmake/ament_lint_auto_find_test_dependencies.cmake:31 (ament_package_xml)
[5.773s]   CMakeLists.txt:58 (ament_lint_auto_find_test_dependencies)
[5.773s] 
[5.773s] 
[5.774s] -- Configuring incomplete, errors occurred!
[5.774s] See also "/home/nvidia/acfly_ws/build/exploration_planner/CMakeFiles/CMakeOutput.log".
