[0.056s] Invoking command in '/home/nvidia/acfly_ws/build/exploration_planner': CMAKE_PREFIX_PATH=${CMAKE_PREFIX_PATH}:/home/nvidia/ws_orbbec/install/gemini_vision:/opt/ros/humble /usr/bin/cmake /home/nvidia/acfly_ws/src/exploration_planner -DPython3_EXECUTABLE=/usr/bin/python3 -DCMAKE_INSTALL_PREFIX=/home/nvidia/acfly_ws/install/exploration_planner
[0.150s] -- The C compiler identification is GNU 11.4.0
[0.263s] -- The CXX compiler identification is GNU 11.4.0
[0.274s] -- Detecting C compiler ABI info
[0.405s] -- Detecting C compiler ABI info - done
[0.418s] -- Check for working C compiler: /usr/bin/cc - skipped
[0.418s] -- Detecting C compile features
[0.421s] -- Detecting C compile features - done
[0.429s] -- Detecting CXX compiler ABI info
[0.572s] -- Detecting CXX compiler ABI info - done
[0.583s] -- Check for working CXX compiler: /usr/bin/c++ - skipped
[0.584s] -- Detecting CXX compile features
[0.584s] -- Detecting CXX compile features - done
[0.592s] -- Found ament_cmake: 1.3.14 (/opt/ros/humble/share/ament_cmake/cmake)
[0.888s] -- Found Python3: /usr/bin/python3 (found version "3.10.12") found components: Interpreter 
[1.107s] -- Found rclcpp: 16.0.19 (/opt/ros/humble/share/rclcpp/cmake)
[1.187s] -- Found rosidl_generator_c: 3.1.9 (/opt/ros/humble/share/rosidl_generator_c/cmake)
[1.198s] -- Found rosidl_adapter: 3.1.9 (/opt/ros/humble/share/rosidl_adapter/cmake)
[1.215s] -- Found rosidl_generator_cpp: 3.1.9 (/opt/ros/humble/share/rosidl_generator_cpp/cmake)
[1.237s] -- Using all available rosidl_typesupport_c: rosidl_typesupport_fastrtps_c;rosidl_typesupport_introspection_c
[1.265s] -- Using all available rosidl_typesupport_cpp: rosidl_typesupport_fastrtps_cpp;rosidl_typesupport_introspection_cpp
[1.347s] -- Found rmw_implementation_cmake: 6.1.2 (/opt/ros/humble/share/rmw_implementation_cmake/cmake)
[1.354s] -- Found rmw_fastrtps_cpp: 6.2.10 (/opt/ros/humble/share/rmw_fastrtps_cpp/cmake)
[1.511s] -- Found OpenSSL: /usr/lib/aarch64-linux-gnu/libcrypto.so (found version "3.0.2")  
[1.558s] -- Found FastRTPS: /opt/ros/humble/include  
[1.627s] -- Using RMW implementation 'rmw_fastrtps_cpp' as default
[1.645s] -- Looking for pthread.h
[1.781s] -- Looking for pthread.h - found
[1.782s] -- Performing Test CMAKE_HAVE_LIBC_PTHREAD
[1.920s] -- Performing Test CMAKE_HAVE_LIBC_PTHREAD - Success
[1.922s] -- Found Threads: TRUE  
[2.019s] -- Found geometry_msgs: 4.9.1 (/opt/ros/humble/share/geometry_msgs/cmake)
[2.041s] -- Found nav_msgs: 4.9.1 (/opt/ros/humble/share/nav_msgs/cmake)
[2.069s] -- Found sensor_msgs: 4.9.1 (/opt/ros/humble/share/sensor_msgs/cmake)
[2.097s] -- Found visualization_msgs: 4.9.1 (/opt/ros/humble/share/visualization_msgs/cmake)
[2.130s] -- Found tf2: 0.25.20 (/opt/ros/humble/share/tf2/cmake)
[2.203s] -- Found CUDA: /usr/local/cuda (found suitable exact version "12.6") 
[2.220s] -- Found OpenCV: /usr/local (found version "4.10.0") 
[2.231s] -- Found ament_lint_auto: 0.12.15 (/opt/ros/humble/share/ament_lint_auto/cmake)
[2.405s] -- Added test 'cppcheck' to perform static code analysis on C / C++ code
[2.405s] -- Configured cppcheck include dirs: /home/nvidia/acfly_ws/src/exploration_planner/include
[2.405s] -- Configured cppcheck exclude dirs and/or files: 
[2.405s] -- Added test 'lint_cmake' to check CMake code style
[2.407s] -- Added test 'uncrustify' to check C / C++ code style
[2.407s] -- Configured uncrustify additional arguments: 
[2.409s] -- Added test 'xmllint' to check XML markup files
[2.412s] -- Configuring done
[2.446s] -- Generating done
[2.455s] -- Build files have been written to: /home/nvidia/acfly_ws/build/exploration_planner
