[0.033s] Invoking command in '/home/nvidia/acfly_ws/build/fly_mission': CMAKE_PREFIX_PATH=/home/nvidia/acfly_ws/install/mavros_msgs:/home/nvidia/acfly_ws/install/mavros_extras:/home/nvidia/acfly_ws/install/mavros:/home/nvidia/acfly_ws/install/fly_mission_gps:/home/nvidia/acfly_ws/install/fly_mission:/home/nvidia/acfly_ws/install/libmavconn:/home/nvidia/acfly_ws/install/mavlink:/home/nvidia/ws_orbbec/install/orbbec_description:/home/nvidia/ws_orbbec/install/orbbec_camera:/home/nvidia/ws_orbbec/install/orbbec_camera_msgs:/home/nvidia/ws_livox/install/livox_ros_driver2:/home/nvidia/ws_point/install/pos_link:/home/nvidia/ws_point/install/point_lio:/home/nvidia/ws_point/install/pcl_cloud:/home/nvidia/ws_point/install/ac_link:/home/nvidia/ws_orbbec/install/gemini_vision:/opt/ros/humble LD_LIBRARY_PATH=/home/nvidia/acfly_ws/install/mavros_msgs/lib:/usr/local/lib:/home/nvidia/acfly_ws/install/mavros_extras/lib:/home/nvidia/acfly_ws/install/mavros/lib:/home/nvidia/acfly_ws/install/libmavconn/lib:/usr/local/lib:/home/nvidia/ws_orbbec/install/orbbec_camera/lib:/home/nvidia/ws_orbbec/install/orbbec_camera_msgs/lib:/home/nvidia/ws_livox/install/livox_ros_driver2/lib:/home/nvidia/ws_point/install/ac_link/lib:/opt/ros/humble/opt/rviz_ogre_vendor/lib:/opt/ros/humble/lib/aarch64-linux-gnu:/opt/ros/humble/lib /usr/bin/cmake /home/nvidia/acfly_ws/src/fly_mission -DCMAKE_INSTALL_PREFIX=/home/nvidia/acfly_ws/install/fly_mission
[0.066s] -- Found ament_cmake: 1.3.13 (/opt/ros/humble/share/ament_cmake/cmake)
[0.350s] -- Override CMake install command with custom implementation using symlinks instead of copying resources
[0.364s] -- Found rclcpp: 16.0.18 (/opt/ros/humble/share/rclcpp/cmake)
[0.422s] -- Found rosidl_generator_c: 3.1.8 (/opt/ros/humble/share/rosidl_generator_c/cmake)
[0.426s] -- Found rosidl_adapter: 3.1.8 (/opt/ros/humble/share/rosidl_adapter/cmake)
[0.437s] -- Found rosidl_generator_cpp: 3.1.8 (/opt/ros/humble/share/rosidl_generator_cpp/cmake)
[0.455s] -- Using all available rosidl_typesupport_c: rosidl_typesupport_fastrtps_c;rosidl_typesupport_introspection_c
[0.478s] -- Using all available rosidl_typesupport_cpp: rosidl_typesupport_fastrtps_cpp;rosidl_typesupport_introspection_cpp
[0.539s] -- Found rmw_implementation_cmake: 6.1.2 (/opt/ros/humble/share/rmw_implementation_cmake/cmake)
[0.543s] -- Found rmw_fastrtps_cpp: 6.2.10 (/opt/ros/humble/share/rmw_fastrtps_cpp/cmake)
[0.731s] -- Using RMW implementation 'rmw_fastrtps_cpp' as default
[0.820s] -- Found geometry_msgs: 4.9.1 (/opt/ros/humble/share/geometry_msgs/cmake)
[0.841s] -- Found mavros_msgs: 2.12.0 (/home/nvidia/acfly_ws/install/mavros_msgs/share/mavros_msgs/cmake)
[0.955s] -- Found nav_msgs: 4.9.1 (/opt/ros/humble/share/nav_msgs/cmake)
[0.982s] -- Found tf2: 0.25.19 (/opt/ros/humble/share/tf2/cmake)
[0.994s] -- Found ament_lint_auto: 0.12.15 (/opt/ros/humble/share/ament_lint_auto/cmake)
[1.152s] -- Added test 'cppcheck' to perform static code analysis on C / C++ code
[1.154s] -- Configured cppcheck include dirs: /home/nvidia/acfly_ws/src/fly_mission/include
[1.154s] -- Configured cppcheck exclude dirs and/or files: 
[1.155s] -- Added test 'lint_cmake' to check CMake code style
[1.156s] -- Added test 'uncrustify' to check C / C++ code style
[1.156s] -- Configured uncrustify additional arguments: 
[1.157s] -- Added test 'xmllint' to check XML markup files
[1.159s] -- Configuring done
[1.197s] -- Generating done
[1.206s] -- Build files have been written to: /home/nvidia/acfly_ws/build/fly_mission
[1.231s] Invoked command in '/home/nvidia/acfly_ws/build/fly_mission' returned '0': CMAKE_PREFIX_PATH=/home/nvidia/acfly_ws/install/mavros_msgs:/home/nvidia/acfly_ws/install/mavros_extras:/home/nvidia/acfly_ws/install/mavros:/home/nvidia/acfly_ws/install/fly_mission_gps:/home/nvidia/acfly_ws/install/fly_mission:/home/nvidia/acfly_ws/install/libmavconn:/home/nvidia/acfly_ws/install/mavlink:/home/nvidia/ws_orbbec/install/orbbec_description:/home/nvidia/ws_orbbec/install/orbbec_camera:/home/nvidia/ws_orbbec/install/orbbec_camera_msgs:/home/nvidia/ws_livox/install/livox_ros_driver2:/home/nvidia/ws_point/install/pos_link:/home/nvidia/ws_point/install/point_lio:/home/nvidia/ws_point/install/pcl_cloud:/home/nvidia/ws_point/install/ac_link:/home/nvidia/ws_orbbec/install/gemini_vision:/opt/ros/humble LD_LIBRARY_PATH=/home/nvidia/acfly_ws/install/mavros_msgs/lib:/usr/local/lib:/home/nvidia/acfly_ws/install/mavros_extras/lib:/home/nvidia/acfly_ws/install/mavros/lib:/home/nvidia/acfly_ws/install/libmavconn/lib:/usr/local/lib:/home/nvidia/ws_orbbec/install/orbbec_camera/lib:/home/nvidia/ws_orbbec/install/orbbec_camera_msgs/lib:/home/nvidia/ws_livox/install/livox_ros_driver2/lib:/home/nvidia/ws_point/install/ac_link/lib:/opt/ros/humble/opt/rviz_ogre_vendor/lib:/opt/ros/humble/lib/aarch64-linux-gnu:/opt/ros/humble/lib /usr/bin/cmake /home/nvidia/acfly_ws/src/fly_mission -DCMAKE_INSTALL_PREFIX=/home/nvidia/acfly_ws/install/fly_mission
[1.233s] Invoking command in '/home/nvidia/acfly_ws/build/fly_mission': CMAKE_PREFIX_PATH=/home/nvidia/acfly_ws/install/mavros_msgs:/home/nvidia/acfly_ws/install/mavros_extras:/home/nvidia/acfly_ws/install/mavros:/home/nvidia/acfly_ws/install/fly_mission_gps:/home/nvidia/acfly_ws/install/fly_mission:/home/nvidia/acfly_ws/install/libmavconn:/home/nvidia/acfly_ws/install/mavlink:/home/nvidia/ws_orbbec/install/orbbec_description:/home/nvidia/ws_orbbec/install/orbbec_camera:/home/nvidia/ws_orbbec/install/orbbec_camera_msgs:/home/nvidia/ws_livox/install/livox_ros_driver2:/home/nvidia/ws_point/install/pos_link:/home/nvidia/ws_point/install/point_lio:/home/nvidia/ws_point/install/pcl_cloud:/home/nvidia/ws_point/install/ac_link:/home/nvidia/ws_orbbec/install/gemini_vision:/opt/ros/humble LD_LIBRARY_PATH=/home/nvidia/acfly_ws/install/mavros_msgs/lib:/usr/local/lib:/home/nvidia/acfly_ws/install/mavros_extras/lib:/home/nvidia/acfly_ws/install/mavros/lib:/home/nvidia/acfly_ws/install/libmavconn/lib:/usr/local/lib:/home/nvidia/ws_orbbec/install/orbbec_camera/lib:/home/nvidia/ws_orbbec/install/orbbec_camera_msgs/lib:/home/nvidia/ws_livox/install/livox_ros_driver2/lib:/home/nvidia/ws_point/install/ac_link/lib:/opt/ros/humble/opt/rviz_ogre_vendor/lib:/opt/ros/humble/lib/aarch64-linux-gnu:/opt/ros/humble/lib /usr/bin/cmake --build /home/nvidia/acfly_ws/build/fly_mission -- -j8 -l8
[1.319s] [35m[1mConsolidate compiler generated dependencies of target fly_mission_node[0m
[1.362s] [100%] Built target fly_mission_node
[1.411s] Invoked command in '/home/nvidia/acfly_ws/build/fly_mission' returned '0': CMAKE_PREFIX_PATH=/home/nvidia/acfly_ws/install/mavros_msgs:/home/nvidia/acfly_ws/install/mavros_extras:/home/nvidia/acfly_ws/install/mavros:/home/nvidia/acfly_ws/install/fly_mission_gps:/home/nvidia/acfly_ws/install/fly_mission:/home/nvidia/acfly_ws/install/libmavconn:/home/nvidia/acfly_ws/install/mavlink:/home/nvidia/ws_orbbec/install/orbbec_description:/home/nvidia/ws_orbbec/install/orbbec_camera:/home/nvidia/ws_orbbec/install/orbbec_camera_msgs:/home/nvidia/ws_livox/install/livox_ros_driver2:/home/nvidia/ws_point/install/pos_link:/home/nvidia/ws_point/install/point_lio:/home/nvidia/ws_point/install/pcl_cloud:/home/nvidia/ws_point/install/ac_link:/home/nvidia/ws_orbbec/install/gemini_vision:/opt/ros/humble LD_LIBRARY_PATH=/home/nvidia/acfly_ws/install/mavros_msgs/lib:/usr/local/lib:/home/nvidia/acfly_ws/install/mavros_extras/lib:/home/nvidia/acfly_ws/install/mavros/lib:/home/nvidia/acfly_ws/install/libmavconn/lib:/usr/local/lib:/home/nvidia/ws_orbbec/install/orbbec_camera/lib:/home/nvidia/ws_orbbec/install/orbbec_camera_msgs/lib:/home/nvidia/ws_livox/install/livox_ros_driver2/lib:/home/nvidia/ws_point/install/ac_link/lib:/opt/ros/humble/opt/rviz_ogre_vendor/lib:/opt/ros/humble/lib/aarch64-linux-gnu:/opt/ros/humble/lib /usr/bin/cmake --build /home/nvidia/acfly_ws/build/fly_mission -- -j8 -l8
[1.414s] Invoking command in '/home/nvidia/acfly_ws/build/fly_mission': CMAKE_PREFIX_PATH=/home/nvidia/acfly_ws/install/mavros_msgs:/home/nvidia/acfly_ws/install/mavros_extras:/home/nvidia/acfly_ws/install/mavros:/home/nvidia/acfly_ws/install/fly_mission_gps:/home/nvidia/acfly_ws/install/fly_mission:/home/nvidia/acfly_ws/install/libmavconn:/home/nvidia/acfly_ws/install/mavlink:/home/nvidia/ws_orbbec/install/orbbec_description:/home/nvidia/ws_orbbec/install/orbbec_camera:/home/nvidia/ws_orbbec/install/orbbec_camera_msgs:/home/nvidia/ws_livox/install/livox_ros_driver2:/home/nvidia/ws_point/install/pos_link:/home/nvidia/ws_point/install/point_lio:/home/nvidia/ws_point/install/pcl_cloud:/home/nvidia/ws_point/install/ac_link:/home/nvidia/ws_orbbec/install/gemini_vision:/opt/ros/humble LD_LIBRARY_PATH=/home/nvidia/acfly_ws/install/mavros_msgs/lib:/usr/local/lib:/home/nvidia/acfly_ws/install/mavros_extras/lib:/home/nvidia/acfly_ws/install/mavros/lib:/home/nvidia/acfly_ws/install/libmavconn/lib:/usr/local/lib:/home/nvidia/ws_orbbec/install/orbbec_camera/lib:/home/nvidia/ws_orbbec/install/orbbec_camera_msgs/lib:/home/nvidia/ws_livox/install/livox_ros_driver2/lib:/home/nvidia/ws_point/install/ac_link/lib:/opt/ros/humble/opt/rviz_ogre_vendor/lib:/opt/ros/humble/lib/aarch64-linux-gnu:/opt/ros/humble/lib /usr/bin/cmake --install /home/nvidia/acfly_ws/build/fly_mission
[1.428s] -- Install configuration: ""
[1.429s] -- Execute custom install script
[1.430s] -- Up-to-date symlink: /home/nvidia/acfly_ws/install/fly_mission/lib/fly_mission/fly_mission_node
[1.430s] -- Up-to-date symlink: /home/nvidia/acfly_ws/install/fly_mission/include//fly_mission/drone_controller.hpp
[1.430s] -- Up-to-date symlink: /home/nvidia/acfly_ws/install/fly_mission/include//fly_mission/params.hpp
[1.431s] -- Up-to-date symlink: /home/nvidia/acfly_ws/install/fly_mission/share/ament_index/resource_index/package_run_dependencies/fly_mission
[1.431s] -- Up-to-date symlink: /home/nvidia/acfly_ws/install/fly_mission/share/ament_index/resource_index/parent_prefix_path/fly_mission
[1.431s] -- Up-to-date symlink: /home/nvidia/acfly_ws/install/fly_mission/share/fly_mission/environment/ament_prefix_path.sh
[1.431s] -- Up-to-date symlink: /home/nvidia/acfly_ws/install/fly_mission/share/fly_mission/environment/ament_prefix_path.dsv
[1.432s] -- Up-to-date symlink: /home/nvidia/acfly_ws/install/fly_mission/share/fly_mission/environment/path.sh
[1.432s] -- Up-to-date symlink: /home/nvidia/acfly_ws/install/fly_mission/share/fly_mission/environment/path.dsv
[1.432s] -- Up-to-date symlink: /home/nvidia/acfly_ws/install/fly_mission/share/fly_mission/local_setup.bash
[1.432s] -- Up-to-date symlink: /home/nvidia/acfly_ws/install/fly_mission/share/fly_mission/local_setup.sh
[1.433s] -- Up-to-date symlink: /home/nvidia/acfly_ws/install/fly_mission/share/fly_mission/local_setup.zsh
[1.433s] -- Up-to-date symlink: /home/nvidia/acfly_ws/install/fly_mission/share/fly_mission/local_setup.dsv
[1.433s] -- Symlinking: /home/nvidia/acfly_ws/install/fly_mission/share/fly_mission/package.dsv
[1.451s] -- Up-to-date symlink: /home/nvidia/acfly_ws/install/fly_mission/share/ament_index/resource_index/packages/fly_mission
[1.452s] -- Up-to-date symlink: /home/nvidia/acfly_ws/install/fly_mission/share/fly_mission/cmake/fly_missionConfig.cmake
[1.452s] -- Up-to-date symlink: /home/nvidia/acfly_ws/install/fly_mission/share/fly_mission/cmake/fly_missionConfig-version.cmake
[1.452s] -- Up-to-date symlink: /home/nvidia/acfly_ws/install/fly_mission/share/fly_mission/package.xml
[1.458s] Invoked command in '/home/nvidia/acfly_ws/build/fly_mission' returned '0': CMAKE_PREFIX_PATH=/home/nvidia/acfly_ws/install/mavros_msgs:/home/nvidia/acfly_ws/install/mavros_extras:/home/nvidia/acfly_ws/install/mavros:/home/nvidia/acfly_ws/install/fly_mission_gps:/home/nvidia/acfly_ws/install/fly_mission:/home/nvidia/acfly_ws/install/libmavconn:/home/nvidia/acfly_ws/install/mavlink:/home/nvidia/ws_orbbec/install/orbbec_description:/home/nvidia/ws_orbbec/install/orbbec_camera:/home/nvidia/ws_orbbec/install/orbbec_camera_msgs:/home/nvidia/ws_livox/install/livox_ros_driver2:/home/nvidia/ws_point/install/pos_link:/home/nvidia/ws_point/install/point_lio:/home/nvidia/ws_point/install/pcl_cloud:/home/nvidia/ws_point/install/ac_link:/home/nvidia/ws_orbbec/install/gemini_vision:/opt/ros/humble LD_LIBRARY_PATH=/home/nvidia/acfly_ws/install/mavros_msgs/lib:/usr/local/lib:/home/nvidia/acfly_ws/install/mavros_extras/lib:/home/nvidia/acfly_ws/install/mavros/lib:/home/nvidia/acfly_ws/install/libmavconn/lib:/usr/local/lib:/home/nvidia/ws_orbbec/install/orbbec_camera/lib:/home/nvidia/ws_orbbec/install/orbbec_camera_msgs/lib:/home/nvidia/ws_livox/install/livox_ros_driver2/lib:/home/nvidia/ws_point/install/ac_link/lib:/opt/ros/humble/opt/rviz_ogre_vendor/lib:/opt/ros/humble/lib/aarch64-linux-gnu:/opt/ros/humble/lib /usr/bin/cmake --install /home/nvidia/acfly_ws/build/fly_mission
