[0.207s] [34mcolcon[0m [1;30mDEBUG[0m [32mCommand line arguments: ['/usr/bin/colcon', 'build'][0m
[0.208s] [34mcolcon[0m [1;30mDEBUG[0m [32mParsed command line arguments: Namespace(log_base=None, log_level=None, verb_name='build', build_base='build', install_base='install', merge_install=False, symlink_install=False, test_result_base=None, continue_on_error=False, executor='parallel', parallel_workers=8, event_handlers=None, ignore_user_meta=False, metas=['./colcon.meta'], base_paths=['.'], packages_ignore=None, packages_ignore_regex=None, paths=None, packages_up_to=None, packages_up_to_regex=None, packages_above=None, packages_above_and_dependencies=None, packages_above_depth=None, packages_select_by_dep=None, packages_skip_by_dep=None, packages_skip_up_to=None, packages_select_build_failed=False, packages_skip_build_finished=False, packages_select_test_failures=False, packages_skip_test_passed=False, packages_select=None, packages_skip=None, packages_select_regex=None, packages_skip_regex=None, packages_start=None, packages_end=None, allow_overriding=[], cmake_args=['-DPython3_EXECUTABLE=/usr/bin/python3'], cmake_target=None, cmake_target_skip_unavailable=False, cmake_clean_cache=False, cmake_clean_first=False, cmake_force_configure=False, ament_cmake_args=None, catkin_cmake_args=None, catkin_skip_building_tests=False, verb_parser=<colcon_defaults.argument_parser.defaults.DefaultArgumentsDecorator object at 0xffffac243d00>, verb_extension=<colcon_core.verb.build.BuildVerb object at 0xffffac243700>, main=<bound method BuildVerb.main of <colcon_core.verb.build.BuildVerb object at 0xffffac243700>>)[0m
[0.503s] [34mcolcon.colcon_core.package_discovery[0m [1;30mLevel 1[0m discover_packages(colcon_meta) check parameters
[0.504s] [34mcolcon.colcon_core.package_discovery[0m [1;30mLevel 1[0m discover_packages(recursive) check parameters
[0.504s] [34mcolcon.colcon_core.package_discovery[0m [1;30mLevel 1[0m discover_packages(ignore) check parameters
[0.504s] [34mcolcon.colcon_core.package_discovery[0m [1;30mLevel 1[0m discover_packages(path) check parameters
[0.504s] [34mcolcon.colcon_core.package_discovery[0m [1;30mLevel 1[0m discover_packages(colcon_meta) discover
[0.504s] [34mcolcon.colcon_core.package_discovery[0m [1;30mLevel 1[0m discover_packages(recursive) discover
[0.504s] [34mcolcon.colcon_core.package_discovery[0m [1;30mINFO[0m Crawling recursively for packages in '/home/nvidia/acfly_ws'
[0.504s] [34mcolcon.colcon_core.package_identification[0m [1;30mLevel 1[0m _identify(.) by extensions ['ignore', 'ignore_ament_install']
[0.505s] [34mcolcon.colcon_core.package_identification[0m [1;30mLevel 1[0m _identify(.) by extension 'ignore'
[0.505s] [34mcolcon.colcon_core.package_identification[0m [1;30mLevel 1[0m _identify(.) by extension 'ignore_ament_install'
[0.505s] [34mcolcon.colcon_core.package_identification[0m [1;30mLevel 1[0m _identify(.) by extensions ['colcon_pkg']
[0.505s] [34mcolcon.colcon_core.package_identification[0m [1;30mLevel 1[0m _identify(.) by extension 'colcon_pkg'
[0.505s] [34mcolcon.colcon_core.package_identification[0m [1;30mLevel 1[0m _identify(.) by extensions ['colcon_meta']
[0.505s] [34mcolcon.colcon_core.package_identification[0m [1;30mLevel 1[0m _identify(.) by extension 'colcon_meta'
[0.505s] [34mcolcon.colcon_core.package_identification[0m [1;30mLevel 1[0m _identify(.) by extensions ['ros']
[0.505s] [34mcolcon.colcon_core.package_identification[0m [1;30mLevel 1[0m _identify(.) by extension 'ros'
[0.524s] [34mcolcon.colcon_core.package_identification[0m [1;30mLevel 1[0m _identify(.) by extensions ['cmake', 'python']
[0.524s] [34mcolcon.colcon_core.package_identification[0m [1;30mLevel 1[0m _identify(.) by extension 'cmake'
[0.524s] [34mcolcon.colcon_core.package_identification[0m [1;30mLevel 1[0m _identify(.) by extension 'python'
[0.524s] [34mcolcon.colcon_core.package_identification[0m [1;30mLevel 1[0m _identify(.) by extensions ['python_setup_py']
[0.524s] [34mcolcon.colcon_core.package_identification[0m [1;30mLevel 1[0m _identify(.) by extension 'python_setup_py'
[0.525s] [34mcolcon.colcon_core.package_identification[0m [1;30mLevel 1[0m _identify(build) by extensions ['ignore', 'ignore_ament_install']
[0.525s] [34mcolcon.colcon_core.package_identification[0m [1;30mLevel 1[0m _identify(build) by extension 'ignore'
[0.525s] [34mcolcon.colcon_core.package_identification[0m [1;30mLevel 1[0m _identify(build) ignored
[0.525s] [34mcolcon.colcon_core.package_identification[0m [1;30mLevel 1[0m _identify(install) by extensions ['ignore', 'ignore_ament_install']
[0.525s] [34mcolcon.colcon_core.package_identification[0m [1;30mLevel 1[0m _identify(install) by extension 'ignore'
[0.526s] [34mcolcon.colcon_core.package_identification[0m [1;30mLevel 1[0m _identify(install) ignored
[0.526s] [34mcolcon.colcon_core.package_identification[0m [1;30mLevel 1[0m _identify(log) by extensions ['ignore', 'ignore_ament_install']
[0.526s] [34mcolcon.colcon_core.package_identification[0m [1;30mLevel 1[0m _identify(log) by extension 'ignore'
[0.526s] [34mcolcon.colcon_core.package_identification[0m [1;30mLevel 1[0m _identify(log) ignored
[0.526s] [34mcolcon.colcon_core.package_identification[0m [1;30mLevel 1[0m _identify(src) by extensions ['ignore', 'ignore_ament_install']
[0.526s] [34mcolcon.colcon_core.package_identification[0m [1;30mLevel 1[0m _identify(src) by extension 'ignore'
[0.526s] [34mcolcon.colcon_core.package_identification[0m [1;30mLevel 1[0m _identify(src) by extension 'ignore_ament_install'
[0.526s] [34mcolcon.colcon_core.package_identification[0m [1;30mLevel 1[0m _identify(src) by extensions ['colcon_pkg']
[0.527s] [34mcolcon.colcon_core.package_identification[0m [1;30mLevel 1[0m _identify(src) by extension 'colcon_pkg'
[0.527s] [34mcolcon.colcon_core.package_identification[0m [1;30mLevel 1[0m _identify(src) by extensions ['colcon_meta']
[0.527s] [34mcolcon.colcon_core.package_identification[0m [1;30mLevel 1[0m _identify(src) by extension 'colcon_meta'
[0.527s] [34mcolcon.colcon_core.package_identification[0m [1;30mLevel 1[0m _identify(src) by extensions ['ros']
[0.527s] [34mcolcon.colcon_core.package_identification[0m [1;30mLevel 1[0m _identify(src) by extension 'ros'
[0.527s] [34mcolcon.colcon_core.package_identification[0m [1;30mLevel 1[0m _identify(src) by extensions ['cmake', 'python']
[0.527s] [34mcolcon.colcon_core.package_identification[0m [1;30mLevel 1[0m _identify(src) by extension 'cmake'
[0.527s] [34mcolcon.colcon_core.package_identification[0m [1;30mLevel 1[0m _identify(src) by extension 'python'
[0.527s] [34mcolcon.colcon_core.package_identification[0m [1;30mLevel 1[0m _identify(src) by extensions ['python_setup_py']
[0.527s] [34mcolcon.colcon_core.package_identification[0m [1;30mLevel 1[0m _identify(src) by extension 'python_setup_py'
[0.527s] [34mcolcon.colcon_core.package_identification[0m [1;30mLevel 1[0m _identify(src/acfly_mavros) by extensions ['ignore', 'ignore_ament_install']
[0.528s] [34mcolcon.colcon_core.package_identification[0m [1;30mLevel 1[0m _identify(src/acfly_mavros) by extension 'ignore'
[0.528s] [34mcolcon.colcon_core.package_identification[0m [1;30mLevel 1[0m _identify(src/acfly_mavros) ignored
[0.528s] [34mcolcon.colcon_core.package_identification[0m [1;30mLevel 1[0m _identify(src/exploration_planner) by extensions ['ignore', 'ignore_ament_install']
[0.528s] [34mcolcon.colcon_core.package_identification[0m [1;30mLevel 1[0m _identify(src/exploration_planner) by extension 'ignore'
[0.528s] [34mcolcon.colcon_core.package_identification[0m [1;30mLevel 1[0m _identify(src/exploration_planner) by extension 'ignore_ament_install'
[0.528s] [34mcolcon.colcon_core.package_identification[0m [1;30mLevel 1[0m _identify(src/exploration_planner) by extensions ['colcon_pkg']
[0.528s] [34mcolcon.colcon_core.package_identification[0m [1;30mLevel 1[0m _identify(src/exploration_planner) by extension 'colcon_pkg'
[0.528s] [34mcolcon.colcon_core.package_identification[0m [1;30mLevel 1[0m _identify(src/exploration_planner) by extensions ['colcon_meta']
[0.528s] [34mcolcon.colcon_core.package_identification[0m [1;30mLevel 1[0m _identify(src/exploration_planner) by extension 'colcon_meta'
[0.529s] [34mcolcon.colcon_core.package_identification[0m [1;30mLevel 1[0m _identify(src/exploration_planner) by extensions ['ros']
[0.529s] [34mcolcon.colcon_core.package_identification[0m [1;30mLevel 1[0m _identify(src/exploration_planner) by extension 'ros'
[0.534s] [34mcolcon.colcon_core.package_identification[0m [1;30mDEBUG[0m [32mPackage 'src/exploration_planner' with type 'ros.ament_cmake' and name 'exploration_planner'[0m
[0.534s] [34mcolcon.colcon_core.package_identification[0m [1;30mLevel 1[0m _identify(src/finding_objects_ws) by extensions ['ignore', 'ignore_ament_install']
[0.534s] [34mcolcon.colcon_core.package_identification[0m [1;30mLevel 1[0m _identify(src/finding_objects_ws) by extension 'ignore'
[0.535s] [34mcolcon.colcon_core.package_identification[0m [1;30mLevel 1[0m _identify(src/finding_objects_ws) by extension 'ignore_ament_install'
[0.535s] [34mcolcon.colcon_core.package_identification[0m [1;30mLevel 1[0m _identify(src/finding_objects_ws) by extensions ['colcon_pkg']
[0.535s] [34mcolcon.colcon_core.package_identification[0m [1;30mLevel 1[0m _identify(src/finding_objects_ws) by extension 'colcon_pkg'
[0.535s] [34mcolcon.colcon_core.package_identification[0m [1;30mLevel 1[0m _identify(src/finding_objects_ws) by extensions ['colcon_meta']
[0.535s] [34mcolcon.colcon_core.package_identification[0m [1;30mLevel 1[0m _identify(src/finding_objects_ws) by extension 'colcon_meta'
[0.535s] [34mcolcon.colcon_core.package_identification[0m [1;30mLevel 1[0m _identify(src/finding_objects_ws) by extensions ['ros']
[0.535s] [34mcolcon.colcon_core.package_identification[0m [1;30mLevel 1[0m _identify(src/finding_objects_ws) by extension 'ros'
[0.535s] [34mcolcon.colcon_core.package_identification[0m [1;30mLevel 1[0m _identify(src/finding_objects_ws) by extensions ['cmake', 'python']
[0.535s] [34mcolcon.colcon_core.package_identification[0m [1;30mLevel 1[0m _identify(src/finding_objects_ws) by extension 'cmake'
[0.535s] [34mcolcon.colcon_core.package_identification[0m [1;30mLevel 1[0m _identify(src/finding_objects_ws) by extension 'python'
[0.535s] [34mcolcon.colcon_core.package_identification[0m [1;30mLevel 1[0m _identify(src/finding_objects_ws) by extensions ['python_setup_py']
[0.536s] [34mcolcon.colcon_core.package_identification[0m [1;30mLevel 1[0m _identify(src/finding_objects_ws) by extension 'python_setup_py'
[0.536s] [34mcolcon.colcon_core.package_identification[0m [1;30mLevel 1[0m _identify(src/finding_objects_ws/multi_pole_detector) by extensions ['ignore', 'ignore_ament_install']
[0.536s] [34mcolcon.colcon_core.package_identification[0m [1;30mLevel 1[0m _identify(src/finding_objects_ws/multi_pole_detector) by extension 'ignore'
[0.536s] [34mcolcon.colcon_core.package_identification[0m [1;30mLevel 1[0m _identify(src/finding_objects_ws/multi_pole_detector) by extension 'ignore_ament_install'
[0.536s] [34mcolcon.colcon_core.package_identification[0m [1;30mLevel 1[0m _identify(src/finding_objects_ws/multi_pole_detector) by extensions ['colcon_pkg']
[0.536s] [34mcolcon.colcon_core.package_identification[0m [1;30mLevel 1[0m _identify(src/finding_objects_ws/multi_pole_detector) by extension 'colcon_pkg'
[0.536s] [34mcolcon.colcon_core.package_identification[0m [1;30mLevel 1[0m _identify(src/finding_objects_ws/multi_pole_detector) by extensions ['colcon_meta']
[0.536s] [34mcolcon.colcon_core.package_identification[0m [1;30mLevel 1[0m _identify(src/finding_objects_ws/multi_pole_detector) by extension 'colcon_meta'
[0.536s] [34mcolcon.colcon_core.package_identification[0m [1;30mLevel 1[0m _identify(src/finding_objects_ws/multi_pole_detector) by extensions ['ros']
[0.536s] [34mcolcon.colcon_core.package_identification[0m [1;30mLevel 1[0m _identify(src/finding_objects_ws/multi_pole_detector) by extension 'ros'
[0.538s] [34mcolcon.colcon_core.package_identification[0m [1;30mDEBUG[0m [32mPackage 'src/finding_objects_ws/multi_pole_detector' with type 'ros.ament_cmake' and name 'multi_pole_detector'[0m
[0.538s] [34mcolcon.colcon_core.package_identification[0m [1;30mLevel 1[0m _identify(src/finding_objects_ws/pole_detector) by extensions ['ignore', 'ignore_ament_install']
[0.539s] [34mcolcon.colcon_core.package_identification[0m [1;30mLevel 1[0m _identify(src/finding_objects_ws/pole_detector) by extension 'ignore'
[0.539s] [34mcolcon.colcon_core.package_identification[0m [1;30mLevel 1[0m _identify(src/finding_objects_ws/pole_detector) by extension 'ignore_ament_install'
[0.539s] [34mcolcon.colcon_core.package_identification[0m [1;30mLevel 1[0m _identify(src/finding_objects_ws/pole_detector) by extensions ['colcon_pkg']
[0.539s] [34mcolcon.colcon_core.package_identification[0m [1;30mLevel 1[0m _identify(src/finding_objects_ws/pole_detector) by extension 'colcon_pkg'
[0.539s] [34mcolcon.colcon_core.package_identification[0m [1;30mLevel 1[0m _identify(src/finding_objects_ws/pole_detector) by extensions ['colcon_meta']
[0.539s] [34mcolcon.colcon_core.package_identification[0m [1;30mLevel 1[0m _identify(src/finding_objects_ws/pole_detector) by extension 'colcon_meta'
[0.539s] [34mcolcon.colcon_core.package_identification[0m [1;30mLevel 1[0m _identify(src/finding_objects_ws/pole_detector) by extensions ['ros']
[0.539s] [34mcolcon.colcon_core.package_identification[0m [1;30mLevel 1[0m _identify(src/finding_objects_ws/pole_detector) by extension 'ros'
[0.541s] [34mcolcon.colcon_core.package_identification[0m [1;30mDEBUG[0m [32mPackage 'src/finding_objects_ws/pole_detector' with type 'ros.ament_cmake' and name 'pole_detector'[0m
[0.541s] [34mcolcon.colcon_core.package_identification[0m [1;30mLevel 1[0m _identify(src/finding_objects_ws/ring_detector) by extensions ['ignore', 'ignore_ament_install']
[0.541s] [34mcolcon.colcon_core.package_identification[0m [1;30mLevel 1[0m _identify(src/finding_objects_ws/ring_detector) by extension 'ignore'
[0.541s] [34mcolcon.colcon_core.package_identification[0m [1;30mLevel 1[0m _identify(src/finding_objects_ws/ring_detector) by extension 'ignore_ament_install'
[0.542s] [34mcolcon.colcon_core.package_identification[0m [1;30mLevel 1[0m _identify(src/finding_objects_ws/ring_detector) by extensions ['colcon_pkg']
[0.542s] [34mcolcon.colcon_core.package_identification[0m [1;30mLevel 1[0m _identify(src/finding_objects_ws/ring_detector) by extension 'colcon_pkg'
[0.542s] [34mcolcon.colcon_core.package_identification[0m [1;30mLevel 1[0m _identify(src/finding_objects_ws/ring_detector) by extensions ['colcon_meta']
[0.542s] [34mcolcon.colcon_core.package_identification[0m [1;30mLevel 1[0m _identify(src/finding_objects_ws/ring_detector) by extension 'colcon_meta'
[0.542s] [34mcolcon.colcon_core.package_identification[0m [1;30mLevel 1[0m _identify(src/finding_objects_ws/ring_detector) by extensions ['ros']
[0.542s] [34mcolcon.colcon_core.package_identification[0m [1;30mLevel 1[0m _identify(src/finding_objects_ws/ring_detector) by extension 'ros'
[0.546s] [34mcolcon.colcon_core.package_identification[0m [1;30mDEBUG[0m [32mPackage 'src/finding_objects_ws/ring_detector' with type 'ros.ament_cmake' and name 'ring_detector'[0m
[0.547s] [34mcolcon.colcon_core.package_identification[0m [1;30mLevel 1[0m _identify(src/fly_mission) by extensions ['ignore', 'ignore_ament_install']
[0.547s] [34mcolcon.colcon_core.package_identification[0m [1;30mLevel 1[0m _identify(src/fly_mission) by extension 'ignore'
[0.547s] [34mcolcon.colcon_core.package_identification[0m [1;30mLevel 1[0m _identify(src/fly_mission) by extension 'ignore_ament_install'
[0.547s] [34mcolcon.colcon_core.package_identification[0m [1;30mLevel 1[0m _identify(src/fly_mission) by extensions ['colcon_pkg']
[0.547s] [34mcolcon.colcon_core.package_identification[0m [1;30mLevel 1[0m _identify(src/fly_mission) by extension 'colcon_pkg'
[0.547s] [34mcolcon.colcon_core.package_identification[0m [1;30mLevel 1[0m _identify(src/fly_mission) by extensions ['colcon_meta']
[0.547s] [34mcolcon.colcon_core.package_identification[0m [1;30mLevel 1[0m _identify(src/fly_mission) by extension 'colcon_meta'
[0.547s] [34mcolcon.colcon_core.package_identification[0m [1;30mLevel 1[0m _identify(src/fly_mission) by extensions ['ros']
[0.547s] [34mcolcon.colcon_core.package_identification[0m [1;30mLevel 1[0m _identify(src/fly_mission) by extension 'ros'
[0.549s] [34mcolcon.colcon_core.package_identification[0m [1;30mDEBUG[0m [32mPackage 'src/fly_mission' with type 'ros.ament_cmake' and name 'fly_mission'[0m
[0.549s] [34mcolcon.colcon_core.package_discovery[0m [1;30mLevel 1[0m discover_packages(recursive) using defaults
[0.549s] [34mcolcon.colcon_core.package_discovery[0m [1;30mLevel 1[0m discover_packages(ignore) discover
[0.549s] [34mcolcon.colcon_core.package_discovery[0m [1;30mLevel 1[0m discover_packages(ignore) using defaults
[0.549s] [34mcolcon.colcon_core.package_discovery[0m [1;30mLevel 1[0m discover_packages(path) discover
[0.550s] [34mcolcon.colcon_core.package_discovery[0m [1;30mLevel 1[0m discover_packages(path) using defaults
[0.606s] [34mcolcon.colcon_core.package_discovery[0m [1;30mLevel 1[0m discover_packages(prefix_path) check parameters
[0.606s] [34mcolcon.colcon_core.package_discovery[0m [1;30mLevel 1[0m discover_packages(prefix_path) discover
[0.611s] [34mcolcon.colcon_installed_package_information.package_discovery[0m [1;30mDEBUG[0m [32mFound 11 installed packages in /home/nvidia/acfly_ws/install[0m
[0.613s] [34mcolcon.colcon_installed_package_information.package_discovery[0m [1;30mDEBUG[0m [32mFound 4 installed packages in /home/nvidia/ws_point/install[0m
[0.613s] [34mcolcon.colcon_installed_package_information.package_discovery[0m [1;30mDEBUG[0m [32mFound 1 installed packages in /home/nvidia/ws_livox/install[0m
[0.614s] [34mcolcon.colcon_installed_package_information.package_discovery[0m [1;30mDEBUG[0m [32mFound 4 installed packages in /home/nvidia/ws_orbbec/install[0m
[0.616s] [34mcolcon.colcon_installed_package_information.package_discovery[0m [1;30mDEBUG[0m [32mFound 285 installed packages in /opt/ros/humble[0m
[0.618s] [34mcolcon.colcon_core.package_discovery[0m [1;30mLevel 1[0m discover_packages(prefix_path) using defaults
[0.685s] [34mcolcon.colcon_core.verb[0m [1;30mLevel 5[0m set package 'exploration_planner' build argument 'cmake_args' from command line to '['-DPython3_EXECUTABLE=/usr/bin/python3']'
[0.685s] [34mcolcon.colcon_core.verb[0m [1;30mLevel 5[0m set package 'exploration_planner' build argument 'cmake_target' from command line to 'None'
[0.685s] [34mcolcon.colcon_core.verb[0m [1;30mLevel 5[0m set package 'exploration_planner' build argument 'cmake_target_skip_unavailable' from command line to 'False'
[0.685s] [34mcolcon.colcon_core.verb[0m [1;30mLevel 5[0m set package 'exploration_planner' build argument 'cmake_clean_cache' from command line to 'False'
[0.685s] [34mcolcon.colcon_core.verb[0m [1;30mLevel 5[0m set package 'exploration_planner' build argument 'cmake_clean_first' from command line to 'False'
[0.685s] [34mcolcon.colcon_core.verb[0m [1;30mLevel 5[0m set package 'exploration_planner' build argument 'cmake_force_configure' from command line to 'False'
[0.685s] [34mcolcon.colcon_core.verb[0m [1;30mLevel 5[0m set package 'exploration_planner' build argument 'ament_cmake_args' from command line to 'None'
[0.685s] [34mcolcon.colcon_core.verb[0m [1;30mLevel 5[0m set package 'exploration_planner' build argument 'catkin_cmake_args' from command line to 'None'
[0.685s] [34mcolcon.colcon_core.verb[0m [1;30mLevel 5[0m set package 'exploration_planner' build argument 'catkin_skip_building_tests' from command line to 'False'
[0.685s] [34mcolcon.colcon_core.verb[0m [1;30mDEBUG[0m [32mBuilding package 'exploration_planner' with the following arguments: {'ament_cmake_args': None, 'build_base': '/home/nvidia/acfly_ws/build/exploration_planner', 'catkin_cmake_args': None, 'catkin_skip_building_tests': False, 'cmake_args': ['-DPython3_EXECUTABLE=/usr/bin/python3'], 'cmake_clean_cache': False, 'cmake_clean_first': False, 'cmake_force_configure': False, 'cmake_target': None, 'cmake_target_skip_unavailable': False, 'install_base': '/home/nvidia/acfly_ws/install/exploration_planner', 'merge_install': False, 'path': '/home/nvidia/acfly_ws/src/exploration_planner', 'symlink_install': False, 'test_result_base': None}[0m
[0.686s] [34mcolcon.colcon_core.verb[0m [1;30mLevel 5[0m set package 'fly_mission' build argument 'cmake_args' from command line to '['-DPython3_EXECUTABLE=/usr/bin/python3']'
[0.686s] [34mcolcon.colcon_core.verb[0m [1;30mLevel 5[0m set package 'fly_mission' build argument 'cmake_target' from command line to 'None'
[0.686s] [34mcolcon.colcon_core.verb[0m [1;30mLevel 5[0m set package 'fly_mission' build argument 'cmake_target_skip_unavailable' from command line to 'False'
[0.686s] [34mcolcon.colcon_core.verb[0m [1;30mLevel 5[0m set package 'fly_mission' build argument 'cmake_clean_cache' from command line to 'False'
[0.686s] [34mcolcon.colcon_core.verb[0m [1;30mLevel 5[0m set package 'fly_mission' build argument 'cmake_clean_first' from command line to 'False'
[0.687s] [34mcolcon.colcon_core.verb[0m [1;30mLevel 5[0m set package 'fly_mission' build argument 'cmake_force_configure' from command line to 'False'
[0.687s] [34mcolcon.colcon_core.verb[0m [1;30mLevel 5[0m set package 'fly_mission' build argument 'ament_cmake_args' from command line to 'None'
[0.687s] [34mcolcon.colcon_core.verb[0m [1;30mLevel 5[0m set package 'fly_mission' build argument 'catkin_cmake_args' from command line to 'None'
[0.687s] [34mcolcon.colcon_core.verb[0m [1;30mLevel 5[0m set package 'fly_mission' build argument 'catkin_skip_building_tests' from command line to 'False'
[0.687s] [34mcolcon.colcon_core.verb[0m [1;30mDEBUG[0m [32mBuilding package 'fly_mission' with the following arguments: {'ament_cmake_args': None, 'build_base': '/home/nvidia/acfly_ws/build/fly_mission', 'catkin_cmake_args': None, 'catkin_skip_building_tests': False, 'cmake_args': ['-DPython3_EXECUTABLE=/usr/bin/python3'], 'cmake_clean_cache': False, 'cmake_clean_first': False, 'cmake_force_configure': False, 'cmake_target': None, 'cmake_target_skip_unavailable': False, 'install_base': '/home/nvidia/acfly_ws/install/fly_mission', 'merge_install': False, 'path': '/home/nvidia/acfly_ws/src/fly_mission', 'symlink_install': False, 'test_result_base': None}[0m
[0.687s] [34mcolcon.colcon_core.verb[0m [1;30mLevel 5[0m set package 'multi_pole_detector' build argument 'cmake_args' from command line to '['-DPython3_EXECUTABLE=/usr/bin/python3']'
[0.687s] [34mcolcon.colcon_core.verb[0m [1;30mLevel 5[0m set package 'multi_pole_detector' build argument 'cmake_target' from command line to 'None'
[0.687s] [34mcolcon.colcon_core.verb[0m [1;30mLevel 5[0m set package 'multi_pole_detector' build argument 'cmake_target_skip_unavailable' from command line to 'False'
[0.688s] [34mcolcon.colcon_core.verb[0m [1;30mLevel 5[0m set package 'multi_pole_detector' build argument 'cmake_clean_cache' from command line to 'False'
[0.688s] [34mcolcon.colcon_core.verb[0m [1;30mLevel 5[0m set package 'multi_pole_detector' build argument 'cmake_clean_first' from command line to 'False'
[0.688s] [34mcolcon.colcon_core.verb[0m [1;30mLevel 5[0m set package 'multi_pole_detector' build argument 'cmake_force_configure' from command line to 'False'
[0.688s] [34mcolcon.colcon_core.verb[0m [1;30mLevel 5[0m set package 'multi_pole_detector' build argument 'ament_cmake_args' from command line to 'None'
[0.688s] [34mcolcon.colcon_core.verb[0m [1;30mLevel 5[0m set package 'multi_pole_detector' build argument 'catkin_cmake_args' from command line to 'None'
[0.688s] [34mcolcon.colcon_core.verb[0m [1;30mLevel 5[0m set package 'multi_pole_detector' build argument 'catkin_skip_building_tests' from command line to 'False'
[0.688s] [34mcolcon.colcon_core.verb[0m [1;30mDEBUG[0m [32mBuilding package 'multi_pole_detector' with the following arguments: {'ament_cmake_args': None, 'build_base': '/home/nvidia/acfly_ws/build/multi_pole_detector', 'catkin_cmake_args': None, 'catkin_skip_building_tests': False, 'cmake_args': ['-DPython3_EXECUTABLE=/usr/bin/python3'], 'cmake_clean_cache': False, 'cmake_clean_first': False, 'cmake_force_configure': False, 'cmake_target': None, 'cmake_target_skip_unavailable': False, 'install_base': '/home/nvidia/acfly_ws/install/multi_pole_detector', 'merge_install': False, 'path': '/home/nvidia/acfly_ws/src/finding_objects_ws/multi_pole_detector', 'symlink_install': False, 'test_result_base': None}[0m
[0.688s] [34mcolcon.colcon_core.verb[0m [1;30mLevel 5[0m set package 'pole_detector' build argument 'cmake_args' from command line to '['-DPython3_EXECUTABLE=/usr/bin/python3']'
[0.688s] [34mcolcon.colcon_core.verb[0m [1;30mLevel 5[0m set package 'pole_detector' build argument 'cmake_target' from command line to 'None'
[0.688s] [34mcolcon.colcon_core.verb[0m [1;30mLevel 5[0m set package 'pole_detector' build argument 'cmake_target_skip_unavailable' from command line to 'False'
[0.689s] [34mcolcon.colcon_core.verb[0m [1;30mLevel 5[0m set package 'pole_detector' build argument 'cmake_clean_cache' from command line to 'False'
[0.689s] [34mcolcon.colcon_core.verb[0m [1;30mLevel 5[0m set package 'pole_detector' build argument 'cmake_clean_first' from command line to 'False'
[0.689s] [34mcolcon.colcon_core.verb[0m [1;30mLevel 5[0m set package 'pole_detector' build argument 'cmake_force_configure' from command line to 'False'
[0.689s] [34mcolcon.colcon_core.verb[0m [1;30mLevel 5[0m set package 'pole_detector' build argument 'ament_cmake_args' from command line to 'None'
[0.689s] [34mcolcon.colcon_core.verb[0m [1;30mLevel 5[0m set package 'pole_detector' build argument 'catkin_cmake_args' from command line to 'None'
[0.689s] [34mcolcon.colcon_core.verb[0m [1;30mLevel 5[0m set package 'pole_detector' build argument 'catkin_skip_building_tests' from command line to 'False'
[0.689s] [34mcolcon.colcon_core.verb[0m [1;30mDEBUG[0m [32mBuilding package 'pole_detector' with the following arguments: {'ament_cmake_args': None, 'build_base': '/home/nvidia/acfly_ws/build/pole_detector', 'catkin_cmake_args': None, 'catkin_skip_building_tests': False, 'cmake_args': ['-DPython3_EXECUTABLE=/usr/bin/python3'], 'cmake_clean_cache': False, 'cmake_clean_first': False, 'cmake_force_configure': False, 'cmake_target': None, 'cmake_target_skip_unavailable': False, 'install_base': '/home/nvidia/acfly_ws/install/pole_detector', 'merge_install': False, 'path': '/home/nvidia/acfly_ws/src/finding_objects_ws/pole_detector', 'symlink_install': False, 'test_result_base': None}[0m
[0.689s] [34mcolcon.colcon_core.verb[0m [1;30mLevel 5[0m set package 'ring_detector' build argument 'cmake_args' from command line to '['-DPython3_EXECUTABLE=/usr/bin/python3']'
[0.689s] [34mcolcon.colcon_core.verb[0m [1;30mLevel 5[0m set package 'ring_detector' build argument 'cmake_target' from command line to 'None'
[0.689s] [34mcolcon.colcon_core.verb[0m [1;30mLevel 5[0m set package 'ring_detector' build argument 'cmake_target_skip_unavailable' from command line to 'False'
[0.689s] [34mcolcon.colcon_core.verb[0m [1;30mLevel 5[0m set package 'ring_detector' build argument 'cmake_clean_cache' from command line to 'False'
[0.690s] [34mcolcon.colcon_core.verb[0m [1;30mLevel 5[0m set package 'ring_detector' build argument 'cmake_clean_first' from command line to 'False'
[0.690s] [34mcolcon.colcon_core.verb[0m [1;30mLevel 5[0m set package 'ring_detector' build argument 'cmake_force_configure' from command line to 'False'
[0.690s] [34mcolcon.colcon_core.verb[0m [1;30mLevel 5[0m set package 'ring_detector' build argument 'ament_cmake_args' from command line to 'None'
[0.690s] [34mcolcon.colcon_core.verb[0m [1;30mLevel 5[0m set package 'ring_detector' build argument 'catkin_cmake_args' from command line to 'None'
[0.690s] [34mcolcon.colcon_core.verb[0m [1;30mLevel 5[0m set package 'ring_detector' build argument 'catkin_skip_building_tests' from command line to 'False'
[0.690s] [34mcolcon.colcon_core.verb[0m [1;30mDEBUG[0m [32mBuilding package 'ring_detector' with the following arguments: {'ament_cmake_args': None, 'build_base': '/home/nvidia/acfly_ws/build/ring_detector', 'catkin_cmake_args': None, 'catkin_skip_building_tests': False, 'cmake_args': ['-DPython3_EXECUTABLE=/usr/bin/python3'], 'cmake_clean_cache': False, 'cmake_clean_first': False, 'cmake_force_configure': False, 'cmake_target': None, 'cmake_target_skip_unavailable': False, 'install_base': '/home/nvidia/acfly_ws/install/ring_detector', 'merge_install': False, 'path': '/home/nvidia/acfly_ws/src/finding_objects_ws/ring_detector', 'symlink_install': False, 'test_result_base': None}[0m
[0.690s] [34mcolcon.colcon_core.executor[0m [1;30mINFO[0m Executing jobs using 'parallel' executor
[0.692s] [34mcolcon.colcon_parallel_executor.executor.parallel[0m [1;30mDEBUG[0m [32mrun_until_complete[0m
[0.692s] [34mcolcon.colcon_ros.task.ament_cmake.build[0m [1;30mINFO[0m Building ROS package in '/home/nvidia/acfly_ws/src/exploration_planner' with build type 'ament_cmake'
[0.693s] [34mcolcon.colcon_cmake.task.cmake.build[0m [1;30mINFO[0m Building CMake package in '/home/nvidia/acfly_ws/src/exploration_planner'
[0.697s] [34mcolcon.colcon_core.plugin_system[0m [1;30mINFO[0m Skipping extension 'colcon_core.shell.bat': Not used on non-Windows systems
[0.697s] [34mcolcon.colcon_core.shell[0m [1;30mINFO[0m Skip shell extension 'powershell' for command environment: Not usable outside of PowerShell
[0.697s] [34mcolcon.colcon_core.shell[0m [1;30mDEBUG[0m [32mSkip shell extension 'dsv' for command environment[0m
[0.723s] [34mcolcon.colcon_ros.task.ament_cmake.build[0m [1;30mINFO[0m Building ROS package in '/home/nvidia/acfly_ws/src/fly_mission' with build type 'ament_cmake'
[0.724s] [34mcolcon.colcon_cmake.task.cmake.build[0m [1;30mINFO[0m Building CMake package in '/home/nvidia/acfly_ws/src/fly_mission'
[0.725s] [34mcolcon.colcon_core.shell[0m [1;30mINFO[0m Skip shell extension 'powershell' for command environment: Not usable outside of PowerShell
[0.725s] [34mcolcon.colcon_core.shell[0m [1;30mDEBUG[0m [32mSkip shell extension 'dsv' for command environment[0m
[0.735s] [34mcolcon.colcon_ros.task.ament_cmake.build[0m [1;30mINFO[0m Building ROS package in '/home/nvidia/acfly_ws/src/finding_objects_ws/multi_pole_detector' with build type 'ament_cmake'
[0.735s] [34mcolcon.colcon_cmake.task.cmake.build[0m [1;30mINFO[0m Building CMake package in '/home/nvidia/acfly_ws/src/finding_objects_ws/multi_pole_detector'
[0.736s] [34mcolcon.colcon_core.shell[0m [1;30mINFO[0m Skip shell extension 'powershell' for command environment: Not usable outside of PowerShell
[0.736s] [34mcolcon.colcon_core.shell[0m [1;30mDEBUG[0m [32mSkip shell extension 'dsv' for command environment[0m
[0.745s] [34mcolcon.colcon_ros.task.ament_cmake.build[0m [1;30mINFO[0m Building ROS package in '/home/nvidia/acfly_ws/src/finding_objects_ws/pole_detector' with build type 'ament_cmake'
[0.746s] [34mcolcon.colcon_cmake.task.cmake.build[0m [1;30mINFO[0m Building CMake package in '/home/nvidia/acfly_ws/src/finding_objects_ws/pole_detector'
[0.746s] [34mcolcon.colcon_core.shell[0m [1;30mINFO[0m Skip shell extension 'powershell' for command environment: Not usable outside of PowerShell
[0.746s] [34mcolcon.colcon_core.shell[0m [1;30mDEBUG[0m [32mSkip shell extension 'dsv' for command environment[0m
[0.756s] [34mcolcon.colcon_ros.task.ament_cmake.build[0m [1;30mINFO[0m Building ROS package in '/home/nvidia/acfly_ws/src/finding_objects_ws/ring_detector' with build type 'ament_cmake'
[0.756s] [34mcolcon.colcon_cmake.task.cmake.build[0m [1;30mINFO[0m Building CMake package in '/home/nvidia/acfly_ws/src/finding_objects_ws/ring_detector'
[0.757s] [34mcolcon.colcon_core.shell[0m [1;30mINFO[0m Skip shell extension 'powershell' for command environment: Not usable outside of PowerShell
[0.758s] [34mcolcon.colcon_core.shell[0m [1;30mDEBUG[0m [32mSkip shell extension 'dsv' for command environment[0m
[0.775s] [34mcolcon.colcon_core.event_handler.log_command[0m [1;30mDEBUG[0m [32mInvoking command in '/home/nvidia/acfly_ws/build/exploration_planner': CMAKE_PREFIX_PATH=${CMAKE_PREFIX_PATH}:/home/nvidia/ws_orbbec/install/gemini_vision:/opt/ros/humble /usr/bin/cmake --build /home/nvidia/acfly_ws/build/exploration_planner -- -j8 -l8[0m
[0.780s] [34mcolcon.colcon_core.event_handler.log_command[0m [1;30mDEBUG[0m [32mInvoking command in '/home/nvidia/acfly_ws/build/fly_mission': CMAKE_PREFIX_PATH=${CMAKE_PREFIX_PATH}:/home/nvidia/ws_orbbec/install/gemini_vision:/opt/ros/humble /usr/bin/cmake --build /home/nvidia/acfly_ws/build/fly_mission -- -j8 -l8[0m
[0.787s] [34mcolcon.colcon_core.event_handler.log_command[0m [1;30mDEBUG[0m [32mInvoking command in '/home/nvidia/acfly_ws/build/multi_pole_detector': CMAKE_PREFIX_PATH=${CMAKE_PREFIX_PATH}:/home/nvidia/ws_orbbec/install/gemini_vision:/opt/ros/humble /usr/bin/cmake --build /home/nvidia/acfly_ws/build/multi_pole_detector -- -j8 -l8[0m
[0.796s] [34mcolcon.colcon_core.event_handler.log_command[0m [1;30mDEBUG[0m [32mInvoking command in '/home/nvidia/acfly_ws/build/pole_detector': CMAKE_PREFIX_PATH=${CMAKE_PREFIX_PATH}:/home/nvidia/ws_orbbec/install/gemini_vision:/opt/ros/humble /usr/bin/cmake --build /home/nvidia/acfly_ws/build/pole_detector -- -j8 -l8[0m
[0.844s] [34mcolcon.colcon_core.event_handler.log_command[0m [1;30mDEBUG[0m [32mInvoking command in '/home/nvidia/acfly_ws/build/ring_detector': CMAKE_PREFIX_PATH=${CMAKE_PREFIX_PATH}:/home/nvidia/ws_orbbec/install/gemini_vision:/opt/ros/humble /usr/bin/cmake --build /home/nvidia/acfly_ws/build/ring_detector -- -j8 -l8[0m
[0.934s] [34mcolcon.colcon_core.event_handler.log_command[0m [1;30mDEBUG[0m [32mInvoked command in '/home/nvidia/acfly_ws/build/multi_pole_detector' returned '0': CMAKE_PREFIX_PATH=${CMAKE_PREFIX_PATH}:/home/nvidia/ws_orbbec/install/gemini_vision:/opt/ros/humble /usr/bin/cmake --build /home/nvidia/acfly_ws/build/multi_pole_detector -- -j8 -l8[0m
[0.967s] [34mcolcon.colcon_core.event_handler.log_command[0m [1;30mDEBUG[0m [32mInvoking command in '/home/nvidia/acfly_ws/build/multi_pole_detector': CMAKE_PREFIX_PATH=${CMAKE_PREFIX_PATH}:/home/nvidia/ws_orbbec/install/gemini_vision:/opt/ros/humble /usr/bin/cmake --install /home/nvidia/acfly_ws/build/multi_pole_detector[0m
[0.975s] [34mcolcon.colcon_core.event_handler.log_command[0m [1;30mDEBUG[0m [32mInvoked command in '/home/nvidia/acfly_ws/build/exploration_planner' returned '0': CMAKE_PREFIX_PATH=${CMAKE_PREFIX_PATH}:/home/nvidia/ws_orbbec/install/gemini_vision:/opt/ros/humble /usr/bin/cmake --build /home/nvidia/acfly_ws/build/exploration_planner -- -j8 -l8[0m
[0.990s] [34mcolcon.colcon_core.event_handler.log_command[0m [1;30mDEBUG[0m [32mInvoking command in '/home/nvidia/acfly_ws/build/exploration_planner': CMAKE_PREFIX_PATH=${CMAKE_PREFIX_PATH}:/home/nvidia/ws_orbbec/install/gemini_vision:/opt/ros/humble /usr/bin/cmake --install /home/nvidia/acfly_ws/build/exploration_planner[0m
[1.033s] [34mcolcon.colcon_core.event_handler.log_command[0m [1;30mDEBUG[0m [32mInvoked command in '/home/nvidia/acfly_ws/build/pole_detector' returned '0': CMAKE_PREFIX_PATH=${CMAKE_PREFIX_PATH}:/home/nvidia/ws_orbbec/install/gemini_vision:/opt/ros/humble /usr/bin/cmake --build /home/nvidia/acfly_ws/build/pole_detector -- -j8 -l8[0m
[1.033s] [34mcolcon.colcon_core.event_handler.log_command[0m [1;30mDEBUG[0m [32mInvoking command in '/home/nvidia/acfly_ws/build/pole_detector': CMAKE_PREFIX_PATH=${CMAKE_PREFIX_PATH}:/home/nvidia/ws_orbbec/install/gemini_vision:/opt/ros/humble /usr/bin/cmake --install /home/nvidia/acfly_ws/build/pole_detector[0m
[1.046s] [34mcolcon.colcon_core.environment[0m [1;30mLevel 1[0m create_environment_scripts_only(multi_pole_detector)
[1.048s] [34mcolcon.colcon_core.event_handler.log_command[0m [1;30mDEBUG[0m [32mInvoked command in '/home/nvidia/acfly_ws/build/multi_pole_detector' returned '0': CMAKE_PREFIX_PATH=${CMAKE_PREFIX_PATH}:/home/nvidia/ws_orbbec/install/gemini_vision:/opt/ros/humble /usr/bin/cmake --install /home/nvidia/acfly_ws/build/multi_pole_detector[0m
[1.052s] [34mcolcon.colcon_core.environment[0m [1;30mLevel 1[0m checking '/home/nvidia/acfly_ws/install/multi_pole_detector' for CMake module files
[1.053s] [34mcolcon.colcon_core.environment[0m [1;30mLevel 1[0m checking '/home/nvidia/acfly_ws/install/multi_pole_detector' for CMake config files
[1.053s] [34mcolcon.colcon_core.shell[0m [1;30mLevel 1[0m create_environment_hook('multi_pole_detector', 'cmake_prefix_path')
[1.054s] [34mcolcon.colcon_core.shell[0m [1;30mINFO[0m Creating environment hook '/home/nvidia/acfly_ws/install/multi_pole_detector/share/multi_pole_detector/hook/cmake_prefix_path.ps1'
[1.055s] [34mcolcon.colcon_core.shell[0m [1;30mINFO[0m Creating environment descriptor '/home/nvidia/acfly_ws/install/multi_pole_detector/share/multi_pole_detector/hook/cmake_prefix_path.dsv'
[1.056s] [34mcolcon.colcon_core.shell[0m [1;30mINFO[0m Creating environment hook '/home/nvidia/acfly_ws/install/multi_pole_detector/share/multi_pole_detector/hook/cmake_prefix_path.sh'
[1.057s] [34mcolcon.colcon_core.environment[0m [1;30mLevel 1[0m checking '/home/nvidia/acfly_ws/install/multi_pole_detector/lib'
[1.058s] [34mcolcon.colcon_core.environment[0m [1;30mLevel 1[0m checking '/home/nvidia/acfly_ws/install/multi_pole_detector/bin'
[1.058s] [34mcolcon.colcon_core.environment[0m [1;30mLevel 1[0m checking '/home/nvidia/acfly_ws/install/multi_pole_detector/lib/pkgconfig/multi_pole_detector.pc'
[1.058s] [34mcolcon.colcon_core.environment[0m [1;30mLevel 1[0m checking '/home/nvidia/acfly_ws/install/multi_pole_detector/lib/python3.10/site-packages'
[1.059s] [34mcolcon.colcon_core.environment[0m [1;30mLevel 1[0m checking '/home/nvidia/acfly_ws/install/multi_pole_detector/bin'
[1.059s] [34mcolcon.colcon_core.shell[0m [1;30mINFO[0m Creating package script '/home/nvidia/acfly_ws/install/multi_pole_detector/share/multi_pole_detector/package.ps1'
[1.062s] [34mcolcon.colcon_core.shell[0m [1;30mINFO[0m Creating package descriptor '/home/nvidia/acfly_ws/install/multi_pole_detector/share/multi_pole_detector/package.dsv'
[1.063s] [34mcolcon.colcon_core.shell[0m [1;30mINFO[0m Creating package script '/home/nvidia/acfly_ws/install/multi_pole_detector/share/multi_pole_detector/package.sh'
[1.065s] [34mcolcon.colcon_core.shell[0m [1;30mINFO[0m Creating package script '/home/nvidia/acfly_ws/install/multi_pole_detector/share/multi_pole_detector/package.bash'
[1.066s] [34mcolcon.colcon_core.shell[0m [1;30mINFO[0m Creating package script '/home/nvidia/acfly_ws/install/multi_pole_detector/share/multi_pole_detector/package.zsh'
[1.067s] [34mcolcon.colcon_core.environment[0m [1;30mLevel 1[0m create_file_with_runtime_dependencies(/home/nvidia/acfly_ws/install/multi_pole_detector/share/colcon-core/packages/multi_pole_detector)
[1.068s] [34mcolcon.colcon_core.environment[0m [1;30mLevel 1[0m create_environment_scripts_only(multi_pole_detector)
[1.068s] [34mcolcon.colcon_core.environment[0m [1;30mLevel 1[0m checking '/home/nvidia/acfly_ws/install/multi_pole_detector' for CMake module files
[1.069s] [34mcolcon.colcon_core.environment[0m [1;30mLevel 1[0m checking '/home/nvidia/acfly_ws/install/multi_pole_detector' for CMake config files
[1.069s] [34mcolcon.colcon_core.shell[0m [1;30mLevel 1[0m create_environment_hook('multi_pole_detector', 'cmake_prefix_path')
[1.070s] [34mcolcon.colcon_core.shell[0m [1;30mINFO[0m Creating environment hook '/home/nvidia/acfly_ws/install/multi_pole_detector/share/multi_pole_detector/hook/cmake_prefix_path.ps1'
[1.071s] [34mcolcon.colcon_core.shell[0m [1;30mINFO[0m Creating environment descriptor '/home/nvidia/acfly_ws/install/multi_pole_detector/share/multi_pole_detector/hook/cmake_prefix_path.dsv'
[1.071s] [34mcolcon.colcon_core.shell[0m [1;30mINFO[0m Creating environment hook '/home/nvidia/acfly_ws/install/multi_pole_detector/share/multi_pole_detector/hook/cmake_prefix_path.sh'
[1.072s] [34mcolcon.colcon_core.environment[0m [1;30mLevel 1[0m checking '/home/nvidia/acfly_ws/install/multi_pole_detector/lib'
[1.072s] [34mcolcon.colcon_core.environment[0m [1;30mLevel 1[0m checking '/home/nvidia/acfly_ws/install/multi_pole_detector/bin'
[1.072s] [34mcolcon.colcon_core.environment[0m [1;30mLevel 1[0m checking '/home/nvidia/acfly_ws/install/multi_pole_detector/lib/pkgconfig/multi_pole_detector.pc'
[1.073s] [34mcolcon.colcon_core.environment[0m [1;30mLevel 1[0m checking '/home/nvidia/acfly_ws/install/multi_pole_detector/lib/python3.10/site-packages'
[1.073s] [34mcolcon.colcon_core.environment[0m [1;30mLevel 1[0m checking '/home/nvidia/acfly_ws/install/multi_pole_detector/bin'
[1.074s] [34mcolcon.colcon_core.shell[0m [1;30mINFO[0m Creating package script '/home/nvidia/acfly_ws/install/multi_pole_detector/share/multi_pole_detector/package.ps1'
[1.075s] [34mcolcon.colcon_core.shell[0m [1;30mINFO[0m Creating package descriptor '/home/nvidia/acfly_ws/install/multi_pole_detector/share/multi_pole_detector/package.dsv'
[1.076s] [34mcolcon.colcon_core.shell[0m [1;30mINFO[0m Creating package script '/home/nvidia/acfly_ws/install/multi_pole_detector/share/multi_pole_detector/package.sh'
[1.077s] [34mcolcon.colcon_core.shell[0m [1;30mINFO[0m Creating package script '/home/nvidia/acfly_ws/install/multi_pole_detector/share/multi_pole_detector/package.bash'
[1.078s] [34mcolcon.colcon_core.shell[0m [1;30mINFO[0m Creating package script '/home/nvidia/acfly_ws/install/multi_pole_detector/share/multi_pole_detector/package.zsh'
[1.079s] [34mcolcon.colcon_core.environment[0m [1;30mLevel 1[0m create_file_with_runtime_dependencies(/home/nvidia/acfly_ws/install/multi_pole_detector/share/colcon-core/packages/multi_pole_detector)
[1.081s] [34mcolcon.colcon_core.event_handler.log_command[0m [1;30mDEBUG[0m [32mInvoked command in '/home/nvidia/acfly_ws/build/ring_detector' returned '0': CMAKE_PREFIX_PATH=${CMAKE_PREFIX_PATH}:/home/nvidia/ws_orbbec/install/gemini_vision:/opt/ros/humble /usr/bin/cmake --build /home/nvidia/acfly_ws/build/ring_detector -- -j8 -l8[0m
[1.108s] [34mcolcon.colcon_core.event_handler.log_command[0m [1;30mDEBUG[0m [32mInvoking command in '/home/nvidia/acfly_ws/build/ring_detector': CMAKE_PREFIX_PATH=${CMAKE_PREFIX_PATH}:/home/nvidia/ws_orbbec/install/gemini_vision:/opt/ros/humble /usr/bin/cmake --install /home/nvidia/acfly_ws/build/ring_detector[0m
[1.117s] [34mcolcon.colcon_core.environment[0m [1;30mLevel 1[0m create_environment_scripts_only(exploration_planner)
[1.118s] [34mcolcon.colcon_core.environment[0m [1;30mLevel 1[0m checking '/home/nvidia/acfly_ws/install/exploration_planner' for CMake module files
[1.119s] [34mcolcon.colcon_core.event_handler.log_command[0m [1;30mDEBUG[0m [32mInvoked command in '/home/nvidia/acfly_ws/build/exploration_planner' returned '0': CMAKE_PREFIX_PATH=${CMAKE_PREFIX_PATH}:/home/nvidia/ws_orbbec/install/gemini_vision:/opt/ros/humble /usr/bin/cmake --install /home/nvidia/acfly_ws/build/exploration_planner[0m
[1.120s] [34mcolcon.colcon_core.environment[0m [1;30mLevel 1[0m checking '/home/nvidia/acfly_ws/install/exploration_planner' for CMake config files
[1.121s] [34mcolcon.colcon_core.shell[0m [1;30mLevel 1[0m create_environment_hook('exploration_planner', 'cmake_prefix_path')
[1.121s] [34mcolcon.colcon_core.shell[0m [1;30mINFO[0m Creating environment hook '/home/nvidia/acfly_ws/install/exploration_planner/share/exploration_planner/hook/cmake_prefix_path.ps1'
[1.122s] [34mcolcon.colcon_core.shell[0m [1;30mINFO[0m Creating environment descriptor '/home/nvidia/acfly_ws/install/exploration_planner/share/exploration_planner/hook/cmake_prefix_path.dsv'
[1.123s] [34mcolcon.colcon_core.shell[0m [1;30mINFO[0m Creating environment hook '/home/nvidia/acfly_ws/install/exploration_planner/share/exploration_planner/hook/cmake_prefix_path.sh'
[1.124s] [34mcolcon.colcon_core.environment[0m [1;30mLevel 1[0m checking '/home/nvidia/acfly_ws/install/exploration_planner/lib'
[1.124s] [34mcolcon.colcon_core.environment[0m [1;30mLevel 1[0m checking '/home/nvidia/acfly_ws/install/exploration_planner/bin'
[1.124s] [34mcolcon.colcon_core.environment[0m [1;30mLevel 1[0m checking '/home/nvidia/acfly_ws/install/exploration_planner/lib/pkgconfig/exploration_planner.pc'
[1.124s] [34mcolcon.colcon_core.environment[0m [1;30mLevel 1[0m checking '/home/nvidia/acfly_ws/install/exploration_planner/lib/python3.10/site-packages'
[1.125s] [34mcolcon.colcon_core.environment[0m [1;30mLevel 1[0m checking '/home/nvidia/acfly_ws/install/exploration_planner/bin'
[1.126s] [34mcolcon.colcon_core.shell[0m [1;30mINFO[0m Creating package script '/home/nvidia/acfly_ws/install/exploration_planner/share/exploration_planner/package.ps1'
[1.127s] [34mcolcon.colcon_core.shell[0m [1;30mINFO[0m Creating package descriptor '/home/nvidia/acfly_ws/install/exploration_planner/share/exploration_planner/package.dsv'
[1.127s] [34mcolcon.colcon_core.shell[0m [1;30mINFO[0m Creating package script '/home/nvidia/acfly_ws/install/exploration_planner/share/exploration_planner/package.sh'
[1.128s] [34mcolcon.colcon_core.shell[0m [1;30mINFO[0m Creating package script '/home/nvidia/acfly_ws/install/exploration_planner/share/exploration_planner/package.bash'
[1.129s] [34mcolcon.colcon_core.shell[0m [1;30mINFO[0m Creating package script '/home/nvidia/acfly_ws/install/exploration_planner/share/exploration_planner/package.zsh'
[1.129s] [34mcolcon.colcon_core.environment[0m [1;30mLevel 1[0m create_file_with_runtime_dependencies(/home/nvidia/acfly_ws/install/exploration_planner/share/colcon-core/packages/exploration_planner)
[1.130s] [34mcolcon.colcon_core.environment[0m [1;30mLevel 1[0m create_environment_scripts_only(exploration_planner)
[1.131s] [34mcolcon.colcon_core.environment[0m [1;30mLevel 1[0m checking '/home/nvidia/acfly_ws/install/exploration_planner' for CMake module files
[1.144s] [34mcolcon.colcon_core.environment[0m [1;30mLevel 1[0m checking '/home/nvidia/acfly_ws/install/exploration_planner' for CMake config files
[1.144s] [34mcolcon.colcon_core.shell[0m [1;30mLevel 1[0m create_environment_hook('exploration_planner', 'cmake_prefix_path')
[1.145s] [34mcolcon.colcon_core.shell[0m [1;30mINFO[0m Creating environment hook '/home/nvidia/acfly_ws/install/exploration_planner/share/exploration_planner/hook/cmake_prefix_path.ps1'
[1.146s] [34mcolcon.colcon_core.shell[0m [1;30mINFO[0m Creating environment descriptor '/home/nvidia/acfly_ws/install/exploration_planner/share/exploration_planner/hook/cmake_prefix_path.dsv'
[1.147s] [34mcolcon.colcon_core.shell[0m [1;30mINFO[0m Creating environment hook '/home/nvidia/acfly_ws/install/exploration_planner/share/exploration_planner/hook/cmake_prefix_path.sh'
[1.148s] [34mcolcon.colcon_core.environment[0m [1;30mLevel 1[0m checking '/home/nvidia/acfly_ws/install/exploration_planner/lib'
[1.148s] [34mcolcon.colcon_core.environment[0m [1;30mLevel 1[0m checking '/home/nvidia/acfly_ws/install/exploration_planner/bin'
[1.148s] [34mcolcon.colcon_core.environment[0m [1;30mLevel 1[0m checking '/home/nvidia/acfly_ws/install/exploration_planner/lib/pkgconfig/exploration_planner.pc'
[1.149s] [34mcolcon.colcon_core.environment[0m [1;30mLevel 1[0m checking '/home/nvidia/acfly_ws/install/exploration_planner/lib/python3.10/site-packages'
[1.149s] [34mcolcon.colcon_core.environment[0m [1;30mLevel 1[0m checking '/home/nvidia/acfly_ws/install/exploration_planner/bin'
[1.150s] [34mcolcon.colcon_core.shell[0m [1;30mINFO[0m Creating package script '/home/nvidia/acfly_ws/install/exploration_planner/share/exploration_planner/package.ps1'
[1.151s] [34mcolcon.colcon_core.shell[0m [1;30mINFO[0m Creating package descriptor '/home/nvidia/acfly_ws/install/exploration_planner/share/exploration_planner/package.dsv'
[1.153s] [34mcolcon.colcon_core.shell[0m [1;30mINFO[0m Creating package script '/home/nvidia/acfly_ws/install/exploration_planner/share/exploration_planner/package.sh'
[1.153s] [34mcolcon.colcon_core.shell[0m [1;30mINFO[0m Creating package script '/home/nvidia/acfly_ws/install/exploration_planner/share/exploration_planner/package.bash'
[1.154s] [34mcolcon.colcon_core.shell[0m [1;30mINFO[0m Creating package script '/home/nvidia/acfly_ws/install/exploration_planner/share/exploration_planner/package.zsh'
[1.155s] [34mcolcon.colcon_core.environment[0m [1;30mLevel 1[0m create_file_with_runtime_dependencies(/home/nvidia/acfly_ws/install/exploration_planner/share/colcon-core/packages/exploration_planner)
[1.175s] [34mcolcon.colcon_core.environment[0m [1;30mLevel 1[0m create_environment_scripts_only(pole_detector)
[1.175s] [34mcolcon.colcon_core.environment[0m [1;30mLevel 1[0m checking '/home/nvidia/acfly_ws/install/pole_detector' for CMake module files
[1.176s] [34mcolcon.colcon_core.environment[0m [1;30mLevel 1[0m checking '/home/nvidia/acfly_ws/install/pole_detector' for CMake config files
[1.179s] [34mcolcon.colcon_core.shell[0m [1;30mLevel 1[0m create_environment_hook('pole_detector', 'cmake_prefix_path')
[1.179s] [34mcolcon.colcon_core.shell[0m [1;30mINFO[0m Creating environment hook '/home/nvidia/acfly_ws/install/pole_detector/share/pole_detector/hook/cmake_prefix_path.ps1'
[1.181s] [34mcolcon.colcon_core.shell[0m [1;30mINFO[0m Creating environment descriptor '/home/nvidia/acfly_ws/install/pole_detector/share/pole_detector/hook/cmake_prefix_path.dsv'
[1.183s] [34mcolcon.colcon_core.shell[0m [1;30mINFO[0m Creating environment hook '/home/nvidia/acfly_ws/install/pole_detector/share/pole_detector/hook/cmake_prefix_path.sh'
[1.186s] [34mcolcon.colcon_core.environment[0m [1;30mLevel 1[0m checking '/home/nvidia/acfly_ws/install/pole_detector/lib'
[1.186s] [34mcolcon.colcon_core.environment[0m [1;30mLevel 1[0m checking '/home/nvidia/acfly_ws/install/pole_detector/bin'
[1.187s] [34mcolcon.colcon_core.environment[0m [1;30mLevel 1[0m checking '/home/nvidia/acfly_ws/install/pole_detector/lib/pkgconfig/pole_detector.pc'
[1.187s] [34mcolcon.colcon_core.event_handler.log_command[0m [1;30mDEBUG[0m [32mInvoked command in '/home/nvidia/acfly_ws/build/pole_detector' returned '0': CMAKE_PREFIX_PATH=${CMAKE_PREFIX_PATH}:/home/nvidia/ws_orbbec/install/gemini_vision:/opt/ros/humble /usr/bin/cmake --install /home/nvidia/acfly_ws/build/pole_detector[0m
[1.188s] [34mcolcon.colcon_core.environment[0m [1;30mLevel 1[0m checking '/home/nvidia/acfly_ws/install/pole_detector/lib/python3.10/site-packages'
[1.188s] [34mcolcon.colcon_core.environment[0m [1;30mLevel 1[0m checking '/home/nvidia/acfly_ws/install/pole_detector/bin'
[1.189s] [34mcolcon.colcon_core.shell[0m [1;30mINFO[0m Creating package script '/home/nvidia/acfly_ws/install/pole_detector/share/pole_detector/package.ps1'
[1.190s] [34mcolcon.colcon_core.shell[0m [1;30mINFO[0m Creating package descriptor '/home/nvidia/acfly_ws/install/pole_detector/share/pole_detector/package.dsv'
[1.191s] [34mcolcon.colcon_core.shell[0m [1;30mINFO[0m Creating package script '/home/nvidia/acfly_ws/install/pole_detector/share/pole_detector/package.sh'
[1.192s] [34mcolcon.colcon_core.shell[0m [1;30mINFO[0m Creating package script '/home/nvidia/acfly_ws/install/pole_detector/share/pole_detector/package.bash'
[1.193s] [34mcolcon.colcon_core.shell[0m [1;30mINFO[0m Creating package script '/home/nvidia/acfly_ws/install/pole_detector/share/pole_detector/package.zsh'
[1.193s] [34mcolcon.colcon_core.environment[0m [1;30mLevel 1[0m create_file_with_runtime_dependencies(/home/nvidia/acfly_ws/install/pole_detector/share/colcon-core/packages/pole_detector)
[1.194s] [34mcolcon.colcon_core.environment[0m [1;30mLevel 1[0m create_environment_scripts_only(pole_detector)
[1.195s] [34mcolcon.colcon_core.environment[0m [1;30mLevel 1[0m checking '/home/nvidia/acfly_ws/install/pole_detector' for CMake module files
[1.196s] [34mcolcon.colcon_core.environment[0m [1;30mLevel 1[0m checking '/home/nvidia/acfly_ws/install/pole_detector' for CMake config files
[1.196s] [34mcolcon.colcon_core.shell[0m [1;30mLevel 1[0m create_environment_hook('pole_detector', 'cmake_prefix_path')
[1.196s] [34mcolcon.colcon_core.shell[0m [1;30mINFO[0m Creating environment hook '/home/nvidia/acfly_ws/install/pole_detector/share/pole_detector/hook/cmake_prefix_path.ps1'
[1.200s] [34mcolcon.colcon_core.shell[0m [1;30mINFO[0m Creating environment descriptor '/home/nvidia/acfly_ws/install/pole_detector/share/pole_detector/hook/cmake_prefix_path.dsv'
[1.201s] [34mcolcon.colcon_core.shell[0m [1;30mINFO[0m Creating environment hook '/home/nvidia/acfly_ws/install/pole_detector/share/pole_detector/hook/cmake_prefix_path.sh'
[1.202s] [34mcolcon.colcon_core.environment[0m [1;30mLevel 1[0m checking '/home/nvidia/acfly_ws/install/pole_detector/lib'
[1.202s] [34mcolcon.colcon_core.environment[0m [1;30mLevel 1[0m checking '/home/nvidia/acfly_ws/install/pole_detector/bin'
[1.203s] [34mcolcon.colcon_core.environment[0m [1;30mLevel 1[0m checking '/home/nvidia/acfly_ws/install/pole_detector/lib/pkgconfig/pole_detector.pc'
[1.203s] [34mcolcon.colcon_core.environment[0m [1;30mLevel 1[0m checking '/home/nvidia/acfly_ws/install/pole_detector/lib/python3.10/site-packages'
[1.203s] [34mcolcon.colcon_core.environment[0m [1;30mLevel 1[0m checking '/home/nvidia/acfly_ws/install/pole_detector/bin'
[1.204s] [34mcolcon.colcon_core.shell[0m [1;30mINFO[0m Creating package script '/home/nvidia/acfly_ws/install/pole_detector/share/pole_detector/package.ps1'
[1.205s] [34mcolcon.colcon_core.shell[0m [1;30mINFO[0m Creating package descriptor '/home/nvidia/acfly_ws/install/pole_detector/share/pole_detector/package.dsv'
[1.206s] [34mcolcon.colcon_core.shell[0m [1;30mINFO[0m Creating package script '/home/nvidia/acfly_ws/install/pole_detector/share/pole_detector/package.sh'
[1.220s] [34mcolcon.colcon_core.shell[0m [1;30mINFO[0m Creating package script '/home/nvidia/acfly_ws/install/pole_detector/share/pole_detector/package.bash'
[1.221s] [34mcolcon.colcon_core.shell[0m [1;30mINFO[0m Creating package script '/home/nvidia/acfly_ws/install/pole_detector/share/pole_detector/package.zsh'
[1.222s] [34mcolcon.colcon_core.environment[0m [1;30mLevel 1[0m create_file_with_runtime_dependencies(/home/nvidia/acfly_ws/install/pole_detector/share/colcon-core/packages/pole_detector)
[1.232s] [34mcolcon.colcon_core.environment[0m [1;30mLevel 1[0m create_environment_scripts_only(ring_detector)
[1.233s] [34mcolcon.colcon_core.environment[0m [1;30mLevel 1[0m checking '/home/nvidia/acfly_ws/install/ring_detector' for CMake module files
[1.234s] [34mcolcon.colcon_core.event_handler.log_command[0m [1;30mDEBUG[0m [32mInvoked command in '/home/nvidia/acfly_ws/build/ring_detector' returned '0': CMAKE_PREFIX_PATH=${CMAKE_PREFIX_PATH}:/home/nvidia/ws_orbbec/install/gemini_vision:/opt/ros/humble /usr/bin/cmake --install /home/nvidia/acfly_ws/build/ring_detector[0m
[1.234s] [34mcolcon.colcon_core.environment[0m [1;30mLevel 1[0m checking '/home/nvidia/acfly_ws/install/ring_detector' for CMake config files
[1.235s] [34mcolcon.colcon_core.shell[0m [1;30mLevel 1[0m create_environment_hook('ring_detector', 'cmake_prefix_path')
[1.235s] [34mcolcon.colcon_core.shell[0m [1;30mINFO[0m Creating environment hook '/home/nvidia/acfly_ws/install/ring_detector/share/ring_detector/hook/cmake_prefix_path.ps1'
[1.236s] [34mcolcon.colcon_core.shell[0m [1;30mINFO[0m Creating environment descriptor '/home/nvidia/acfly_ws/install/ring_detector/share/ring_detector/hook/cmake_prefix_path.dsv'
[1.237s] [34mcolcon.colcon_core.shell[0m [1;30mINFO[0m Creating environment hook '/home/nvidia/acfly_ws/install/ring_detector/share/ring_detector/hook/cmake_prefix_path.sh'
[1.238s] [34mcolcon.colcon_core.environment[0m [1;30mLevel 1[0m checking '/home/nvidia/acfly_ws/install/ring_detector/lib'
[1.238s] [34mcolcon.colcon_core.environment[0m [1;30mLevel 1[0m checking '/home/nvidia/acfly_ws/install/ring_detector/bin'
[1.238s] [34mcolcon.colcon_core.environment[0m [1;30mLevel 1[0m checking '/home/nvidia/acfly_ws/install/ring_detector/lib/pkgconfig/ring_detector.pc'
[1.239s] [34mcolcon.colcon_core.environment[0m [1;30mLevel 1[0m checking '/home/nvidia/acfly_ws/install/ring_detector/lib/python3.10/site-packages'
[1.239s] [34mcolcon.colcon_core.environment[0m [1;30mLevel 1[0m checking '/home/nvidia/acfly_ws/install/ring_detector/bin'
[1.240s] [34mcolcon.colcon_core.shell[0m [1;30mINFO[0m Creating package script '/home/nvidia/acfly_ws/install/ring_detector/share/ring_detector/package.ps1'
[1.241s] [34mcolcon.colcon_core.shell[0m [1;30mINFO[0m Creating package descriptor '/home/nvidia/acfly_ws/install/ring_detector/share/ring_detector/package.dsv'
[1.242s] [34mcolcon.colcon_core.shell[0m [1;30mINFO[0m Creating package script '/home/nvidia/acfly_ws/install/ring_detector/share/ring_detector/package.sh'
[1.243s] [34mcolcon.colcon_core.shell[0m [1;30mINFO[0m Creating package script '/home/nvidia/acfly_ws/install/ring_detector/share/ring_detector/package.bash'
[1.243s] [34mcolcon.colcon_core.shell[0m [1;30mINFO[0m Creating package script '/home/nvidia/acfly_ws/install/ring_detector/share/ring_detector/package.zsh'
[1.244s] [34mcolcon.colcon_core.environment[0m [1;30mLevel 1[0m create_file_with_runtime_dependencies(/home/nvidia/acfly_ws/install/ring_detector/share/colcon-core/packages/ring_detector)
[1.245s] [34mcolcon.colcon_core.environment[0m [1;30mLevel 1[0m create_environment_scripts_only(ring_detector)
[1.245s] [34mcolcon.colcon_core.environment[0m [1;30mLevel 1[0m checking '/home/nvidia/acfly_ws/install/ring_detector' for CMake module files
[1.246s] [34mcolcon.colcon_core.environment[0m [1;30mLevel 1[0m checking '/home/nvidia/acfly_ws/install/ring_detector' for CMake config files
[1.246s] [34mcolcon.colcon_core.shell[0m [1;30mLevel 1[0m create_environment_hook('ring_detector', 'cmake_prefix_path')
[1.247s] [34mcolcon.colcon_core.shell[0m [1;30mINFO[0m Creating environment hook '/home/nvidia/acfly_ws/install/ring_detector/share/ring_detector/hook/cmake_prefix_path.ps1'
[1.265s] [34mcolcon.colcon_core.shell[0m [1;30mINFO[0m Creating environment descriptor '/home/nvidia/acfly_ws/install/ring_detector/share/ring_detector/hook/cmake_prefix_path.dsv'
[1.266s] [34mcolcon.colcon_core.shell[0m [1;30mINFO[0m Creating environment hook '/home/nvidia/acfly_ws/install/ring_detector/share/ring_detector/hook/cmake_prefix_path.sh'
[1.267s] [34mcolcon.colcon_core.environment[0m [1;30mLevel 1[0m checking '/home/nvidia/acfly_ws/install/ring_detector/lib'
[1.267s] [34mcolcon.colcon_core.environment[0m [1;30mLevel 1[0m checking '/home/nvidia/acfly_ws/install/ring_detector/bin'
[1.268s] [34mcolcon.colcon_core.environment[0m [1;30mLevel 1[0m checking '/home/nvidia/acfly_ws/install/ring_detector/lib/pkgconfig/ring_detector.pc'
[1.268s] [34mcolcon.colcon_core.environment[0m [1;30mLevel 1[0m checking '/home/nvidia/acfly_ws/install/ring_detector/lib/python3.10/site-packages'
[1.268s] [34mcolcon.colcon_core.environment[0m [1;30mLevel 1[0m checking '/home/nvidia/acfly_ws/install/ring_detector/bin'
[1.269s] [34mcolcon.colcon_core.shell[0m [1;30mINFO[0m Creating package script '/home/nvidia/acfly_ws/install/ring_detector/share/ring_detector/package.ps1'
[1.270s] [34mcolcon.colcon_core.shell[0m [1;30mINFO[0m Creating package descriptor '/home/nvidia/acfly_ws/install/ring_detector/share/ring_detector/package.dsv'
[1.271s] [34mcolcon.colcon_core.shell[0m [1;30mINFO[0m Creating package script '/home/nvidia/acfly_ws/install/ring_detector/share/ring_detector/package.sh'
[1.272s] [34mcolcon.colcon_core.shell[0m [1;30mINFO[0m Creating package script '/home/nvidia/acfly_ws/install/ring_detector/share/ring_detector/package.bash'
[1.272s] [34mcolcon.colcon_core.shell[0m [1;30mINFO[0m Creating package script '/home/nvidia/acfly_ws/install/ring_detector/share/ring_detector/package.zsh'
[1.273s] [34mcolcon.colcon_core.environment[0m [1;30mLevel 1[0m create_file_with_runtime_dependencies(/home/nvidia/acfly_ws/install/ring_detector/share/colcon-core/packages/ring_detector)
[33.718s] [34mcolcon.colcon_core.event_handler.log_command[0m [1;30mDEBUG[0m [32mInvoked command in '/home/nvidia/acfly_ws/build/fly_mission' returned '0': CMAKE_PREFIX_PATH=${CMAKE_PREFIX_PATH}:/home/nvidia/ws_orbbec/install/gemini_vision:/opt/ros/humble /usr/bin/cmake --build /home/nvidia/acfly_ws/build/fly_mission -- -j8 -l8[0m
[33.721s] [34mcolcon.colcon_core.event_handler.log_command[0m [1;30mDEBUG[0m [32mInvoking command in '/home/nvidia/acfly_ws/build/fly_mission': CMAKE_PREFIX_PATH=${CMAKE_PREFIX_PATH}:/home/nvidia/ws_orbbec/install/gemini_vision:/opt/ros/humble /usr/bin/cmake --install /home/nvidia/acfly_ws/build/fly_mission[0m
[33.764s] [34mcolcon.colcon_core.environment[0m [1;30mLevel 1[0m create_environment_scripts_only(fly_mission)
[33.764s] [34mcolcon.colcon_core.environment[0m [1;30mLevel 1[0m checking '/home/nvidia/acfly_ws/install/fly_mission' for CMake module files
[33.765s] [34mcolcon.colcon_core.event_handler.log_command[0m [1;30mDEBUG[0m [32mInvoked command in '/home/nvidia/acfly_ws/build/fly_mission' returned '0': CMAKE_PREFIX_PATH=${CMAKE_PREFIX_PATH}:/home/nvidia/ws_orbbec/install/gemini_vision:/opt/ros/humble /usr/bin/cmake --install /home/nvidia/acfly_ws/build/fly_mission[0m
[33.766s] [34mcolcon.colcon_core.environment[0m [1;30mLevel 1[0m checking '/home/nvidia/acfly_ws/install/fly_mission' for CMake config files
[33.766s] [34mcolcon.colcon_core.shell[0m [1;30mLevel 1[0m create_environment_hook('fly_mission', 'cmake_prefix_path')
[33.767s] [34mcolcon.colcon_core.shell[0m [1;30mINFO[0m Creating environment hook '/home/nvidia/acfly_ws/install/fly_mission/share/fly_mission/hook/cmake_prefix_path.ps1'
[33.768s] [34mcolcon.colcon_core.shell[0m [1;30mINFO[0m Creating environment descriptor '/home/nvidia/acfly_ws/install/fly_mission/share/fly_mission/hook/cmake_prefix_path.dsv'
[33.769s] [34mcolcon.colcon_core.shell[0m [1;30mINFO[0m Creating environment hook '/home/nvidia/acfly_ws/install/fly_mission/share/fly_mission/hook/cmake_prefix_path.sh'
[33.770s] [34mcolcon.colcon_core.environment[0m [1;30mLevel 1[0m checking '/home/nvidia/acfly_ws/install/fly_mission/lib'
[33.770s] [34mcolcon.colcon_core.environment[0m [1;30mLevel 1[0m checking '/home/nvidia/acfly_ws/install/fly_mission/bin'
[33.770s] [34mcolcon.colcon_core.environment[0m [1;30mLevel 1[0m checking '/home/nvidia/acfly_ws/install/fly_mission/lib/pkgconfig/fly_mission.pc'
[33.770s] [34mcolcon.colcon_core.environment[0m [1;30mLevel 1[0m checking '/home/nvidia/acfly_ws/install/fly_mission/lib/python3.10/site-packages'
[33.771s] [34mcolcon.colcon_core.environment[0m [1;30mLevel 1[0m checking '/home/nvidia/acfly_ws/install/fly_mission/bin'
[33.772s] [34mcolcon.colcon_core.shell[0m [1;30mINFO[0m Creating package script '/home/nvidia/acfly_ws/install/fly_mission/share/fly_mission/package.ps1'
[33.773s] [34mcolcon.colcon_core.shell[0m [1;30mINFO[0m Creating package descriptor '/home/nvidia/acfly_ws/install/fly_mission/share/fly_mission/package.dsv'
[33.773s] [34mcolcon.colcon_core.shell[0m [1;30mINFO[0m Creating package script '/home/nvidia/acfly_ws/install/fly_mission/share/fly_mission/package.sh'
[33.774s] [34mcolcon.colcon_core.shell[0m [1;30mINFO[0m Creating package script '/home/nvidia/acfly_ws/install/fly_mission/share/fly_mission/package.bash'
[33.775s] [34mcolcon.colcon_core.shell[0m [1;30mINFO[0m Creating package script '/home/nvidia/acfly_ws/install/fly_mission/share/fly_mission/package.zsh'
[33.775s] [34mcolcon.colcon_core.environment[0m [1;30mLevel 1[0m create_file_with_runtime_dependencies(/home/nvidia/acfly_ws/install/fly_mission/share/colcon-core/packages/fly_mission)
[33.776s] [34mcolcon.colcon_core.environment[0m [1;30mLevel 1[0m create_environment_scripts_only(fly_mission)
[33.777s] [34mcolcon.colcon_core.environment[0m [1;30mLevel 1[0m checking '/home/nvidia/acfly_ws/install/fly_mission' for CMake module files
[33.777s] [34mcolcon.colcon_core.environment[0m [1;30mLevel 1[0m checking '/home/nvidia/acfly_ws/install/fly_mission' for CMake config files
[33.778s] [34mcolcon.colcon_core.shell[0m [1;30mLevel 1[0m create_environment_hook('fly_mission', 'cmake_prefix_path')
[33.778s] [34mcolcon.colcon_core.shell[0m [1;30mINFO[0m Creating environment hook '/home/nvidia/acfly_ws/install/fly_mission/share/fly_mission/hook/cmake_prefix_path.ps1'
[33.779s] [34mcolcon.colcon_core.shell[0m [1;30mINFO[0m Creating environment descriptor '/home/nvidia/acfly_ws/install/fly_mission/share/fly_mission/hook/cmake_prefix_path.dsv'
[33.780s] [34mcolcon.colcon_core.shell[0m [1;30mINFO[0m Creating environment hook '/home/nvidia/acfly_ws/install/fly_mission/share/fly_mission/hook/cmake_prefix_path.sh'
[33.781s] [34mcolcon.colcon_core.environment[0m [1;30mLevel 1[0m checking '/home/nvidia/acfly_ws/install/fly_mission/lib'
[33.781s] [34mcolcon.colcon_core.environment[0m [1;30mLevel 1[0m checking '/home/nvidia/acfly_ws/install/fly_mission/bin'
[33.781s] [34mcolcon.colcon_core.environment[0m [1;30mLevel 1[0m checking '/home/nvidia/acfly_ws/install/fly_mission/lib/pkgconfig/fly_mission.pc'
[33.781s] [34mcolcon.colcon_core.environment[0m [1;30mLevel 1[0m checking '/home/nvidia/acfly_ws/install/fly_mission/lib/python3.10/site-packages'
[33.782s] [34mcolcon.colcon_core.environment[0m [1;30mLevel 1[0m checking '/home/nvidia/acfly_ws/install/fly_mission/bin'
[33.782s] [34mcolcon.colcon_core.shell[0m [1;30mINFO[0m Creating package script '/home/nvidia/acfly_ws/install/fly_mission/share/fly_mission/package.ps1'
[33.784s] [34mcolcon.colcon_core.shell[0m [1;30mINFO[0m Creating package descriptor '/home/nvidia/acfly_ws/install/fly_mission/share/fly_mission/package.dsv'
[33.784s] [34mcolcon.colcon_core.shell[0m [1;30mINFO[0m Creating package script '/home/nvidia/acfly_ws/install/fly_mission/share/fly_mission/package.sh'
[33.785s] [34mcolcon.colcon_core.shell[0m [1;30mINFO[0m Creating package script '/home/nvidia/acfly_ws/install/fly_mission/share/fly_mission/package.bash'
[33.786s] [34mcolcon.colcon_core.shell[0m [1;30mINFO[0m Creating package script '/home/nvidia/acfly_ws/install/fly_mission/share/fly_mission/package.zsh'
[33.787s] [34mcolcon.colcon_core.environment[0m [1;30mLevel 1[0m create_file_with_runtime_dependencies(/home/nvidia/acfly_ws/install/fly_mission/share/colcon-core/packages/fly_mission)
[33.787s] [34mcolcon.colcon_parallel_executor.executor.parallel[0m [1;30mDEBUG[0m [32mclosing loop[0m
[33.788s] [34mcolcon.colcon_parallel_executor.executor.parallel[0m [1;30mDEBUG[0m [32mloop closed[0m
[33.788s] [34mcolcon.colcon_parallel_executor.executor.parallel[0m [1;30mDEBUG[0m [32mrun_until_complete finished with '0'[0m
[33.788s] [34mcolcon.colcon_core.event_reactor[0m [1;30mDEBUG[0m [32mjoining thread[0m
[33.789s] [34mcolcon.colcon_core.event_reactor[0m [1;30mDEBUG[0m [32mjoined thread[0m
[33.790s] [34mcolcon.colcon_core.shell[0m [1;30mINFO[0m Creating prefix script '/home/nvidia/acfly_ws/install/local_setup.ps1'
[33.791s] [34mcolcon.colcon_core.shell[0m [1;30mINFO[0m Creating prefix util module '/home/nvidia/acfly_ws/install/_local_setup_util_ps1.py'
[33.793s] [34mcolcon.colcon_core.shell[0m [1;30mINFO[0m Creating prefix chain script '/home/nvidia/acfly_ws/install/setup.ps1'
[33.797s] [34mcolcon.colcon_core.shell[0m [1;30mINFO[0m Creating prefix script '/home/nvidia/acfly_ws/install/local_setup.sh'
[33.797s] [34mcolcon.colcon_core.shell[0m [1;30mINFO[0m Creating prefix util module '/home/nvidia/acfly_ws/install/_local_setup_util_sh.py'
[33.798s] [34mcolcon.colcon_core.shell[0m [1;30mINFO[0m Creating prefix chain script '/home/nvidia/acfly_ws/install/setup.sh'
[33.801s] [34mcolcon.colcon_core.shell[0m [1;30mINFO[0m Creating prefix script '/home/nvidia/acfly_ws/install/local_setup.bash'
[33.802s] [34mcolcon.colcon_core.shell[0m [1;30mINFO[0m Creating prefix chain script '/home/nvidia/acfly_ws/install/setup.bash'
[33.805s] [34mcolcon.colcon_core.shell[0m [1;30mINFO[0m Creating prefix script '/home/nvidia/acfly_ws/install/local_setup.zsh'
[33.806s] [34mcolcon.colcon_core.shell[0m [1;30mINFO[0m Creating prefix chain script '/home/nvidia/acfly_ws/install/setup.zsh'
