[0.049s] Invoking command in '/home/nvidia/acfly_ws/build/multi_pole_detector': CMAKE_PREFIX_PATH=${CMAKE_PREFIX_PATH}:/home/nvidia/ws_orbbec/install/gemini_vision:/opt/ros/humble /usr/bin/cmake --build /home/nvidia/acfly_ws/build/multi_pole_detector -- -j8 -l8
[0.075s] gmake: Warning: File 'Makefile' has modification time 1784623944 s in the future
[0.142s] gmake[1]: Warning: File 'CMakeFiles/Makefile2' has modification time 1784623944 s in the future
[0.149s] gmake[2]: Warning: File 'CMakeFiles/multi_pole_detector_node.dir/flags.make' has modification time 1784623944 s in the future
[0.169s] gmake[2]: warning:  Clock skew detected.  Your build may be incomplete.
[0.175s] gmake[2]: Warning: File 'CMakeFiles/multi_pole_detector_node.dir/flags.make' has modification time 1784623944 s in the future
[0.200s] gmake[2]: warning:  Clock skew detected.  Your build may be incomplete.
[0.216s] [100%] Built target multi_pole_detector_node
[0.218s] gmake[1]: warning:  Clock skew detected.  Your build may be incomplete.
[0.240s] gmake: warning:  Clock skew detected.  Your build may be incomplete.
[0.273s] Invoked command in '/home/nvidia/acfly_ws/build/multi_pole_detector' returned '0': CMAKE_PREFIX_PATH=${CMAKE_PREFIX_PATH}:/home/nvidia/ws_orbbec/install/gemini_vision:/opt/ros/humble /usr/bin/cmake --build /home/nvidia/acfly_ws/build/multi_pole_detector -- -j8 -l8
[0.278s] Invoking command in '/home/nvidia/acfly_ws/build/multi_pole_detector': CMAKE_PREFIX_PATH=${CMAKE_PREFIX_PATH}:/home/nvidia/ws_orbbec/install/gemini_vision:/opt/ros/humble /usr/bin/cmake --install /home/nvidia/acfly_ws/build/multi_pole_detector
[0.304s] -- Install configuration: ""
[0.304s] -- Up-to-date: /home/nvidia/acfly_ws/install/multi_pole_detector/lib/multi_pole_detector/multi_pole_detector_node
[0.305s] -- Up-to-date: /home/nvidia/acfly_ws/install/multi_pole_detector/share/multi_pole_detector/rviz
[0.305s] -- Up-to-date: /home/nvidia/acfly_ws/install/multi_pole_detector/share/multi_pole_detector/rviz/multi_pole_detector.rviz
[0.305s] -- Up-to-date: /home/nvidia/acfly_ws/install/multi_pole_detector/share/ament_index/resource_index/package_run_dependencies/multi_pole_detector
[0.305s] -- Up-to-date: /home/nvidia/acfly_ws/install/multi_pole_detector/share/ament_index/resource_index/parent_prefix_path/multi_pole_detector
[0.305s] -- Up-to-date: /home/nvidia/acfly_ws/install/multi_pole_detector/share/multi_pole_detector/environment/ament_prefix_path.sh
[0.306s] -- Up-to-date: /home/nvidia/acfly_ws/install/multi_pole_detector/share/multi_pole_detector/environment/ament_prefix_path.dsv
[0.306s] -- Up-to-date: /home/nvidia/acfly_ws/install/multi_pole_detector/share/multi_pole_detector/environment/path.sh
[0.307s] -- Up-to-date: /home/nvidia/acfly_ws/install/multi_pole_detector/share/multi_pole_detector/environment/path.dsv
[0.307s] -- Up-to-date: /home/nvidia/acfly_ws/install/multi_pole_detector/share/multi_pole_detector/local_setup.bash
[0.307s] -- Up-to-date: /home/nvidia/acfly_ws/install/multi_pole_detector/share/multi_pole_detector/local_setup.sh
[0.307s] -- Up-to-date: /home/nvidia/acfly_ws/install/multi_pole_detector/share/multi_pole_detector/local_setup.zsh
[0.307s] -- Up-to-date: /home/nvidia/acfly_ws/install/multi_pole_detector/share/multi_pole_detector/local_setup.dsv
[0.307s] -- Installing: /home/nvidia/acfly_ws/install/multi_pole_detector/share/multi_pole_detector/package.dsv
[0.308s] -- Up-to-date: /home/nvidia/acfly_ws/install/multi_pole_detector/share/ament_index/resource_index/packages/multi_pole_detector
[0.309s] -- Up-to-date: /home/nvidia/acfly_ws/install/multi_pole_detector/share/multi_pole_detector/cmake/multi_pole_detectorConfig.cmake
[0.309s] -- Up-to-date: /home/nvidia/acfly_ws/install/multi_pole_detector/share/multi_pole_detector/cmake/multi_pole_detectorConfig-version.cmake
[0.309s] -- Up-to-date: /home/nvidia/acfly_ws/install/multi_pole_detector/share/multi_pole_detector/package.xml
[0.391s] Invoked command in '/home/nvidia/acfly_ws/build/multi_pole_detector' returned '0': CMAKE_PREFIX_PATH=${CMAKE_PREFIX_PATH}:/home/nvidia/ws_orbbec/install/gemini_vision:/opt/ros/humble /usr/bin/cmake --install /home/nvidia/acfly_ws/build/multi_pole_detector
