gmake: Warning: File 'Makefile' has modification time 1784623944 s in the future
gmake[1]: Warning: File 'CMakeFiles/Makefile2' has modification time 1784623944 s in the future
gmake[2]: Warning: File 'CMakeFiles/pole_detector_node.dir/flags.make' has modification time 1784623944 s in the future
gmake[2]: warning:  Clock skew detected.  Your build may be incomplete.
gmake[2]: Warning: File 'CMakeFiles/pole_detector_node.dir/flags.make' has modification time 1784623944 s in the future
gmake[2]: warning:  Clock skew detected.  Your build may be incomplete.
[100%] Built target pole_detector_node
gmake[1]: warning:  Clock skew detected.  Your build may be incomplete.
gmake: warning:  Clock skew detected.  Your build may be incomplete.
-- Install configuration: ""
-- Up-to-date: /home/nvidia/acfly_ws/install/pole_detector/lib/pole_detector/pole_detector_node
-- Up-to-date: /home/nvidia/acfly_ws/install/pole_detector/share/pole_detector/rviz
-- Up-to-date: /home/nvidia/acfly_ws/install/pole_detector/share/pole_detector/rviz/pole_detector.rviz
-- Up-to-date: /home/nvidia/acfly_ws/install/pole_detector/share/ament_index/resource_index/package_run_dependencies/pole_detector
-- Up-to-date: /home/nvidia/acfly_ws/install/pole_detector/share/ament_index/resource_index/parent_prefix_path/pole_detector
-- Up-to-date: /home/nvidia/acfly_ws/install/pole_detector/share/pole_detector/environment/ament_prefix_path.sh
-- Up-to-date: /home/nvidia/acfly_ws/install/pole_detector/share/pole_detector/environment/ament_prefix_path.dsv
-- Up-to-date: /home/nvidia/acfly_ws/install/pole_detector/share/pole_detector/environment/path.sh
-- Up-to-date: /home/nvidia/acfly_ws/install/pole_detector/share/pole_detector/environment/path.dsv
-- Up-to-date: /home/nvidia/acfly_ws/install/pole_detector/share/pole_detector/local_setup.bash
-- Up-to-date: /home/nvidia/acfly_ws/install/pole_detector/share/pole_detector/local_setup.sh
-- Up-to-date: /home/nvidia/acfly_ws/install/pole_detector/share/pole_detector/local_setup.zsh
-- Up-to-date: /home/nvidia/acfly_ws/install/pole_detector/share/pole_detector/local_setup.dsv
-- Installing: /home/nvidia/acfly_ws/install/pole_detector/share/pole_detector/package.dsv
-- Up-to-date: /home/nvidia/acfly_ws/install/pole_detector/share/ament_index/resource_index/packages/pole_detector
-- Up-to-date: /home/nvidia/acfly_ws/install/pole_detector/share/pole_detector/cmake/pole_detectorConfig.cmake
-- Up-to-date: /home/nvidia/acfly_ws/install/pole_detector/share/pole_detector/cmake/pole_detectorConfig-version.cmake
-- Up-to-date: /home/nvidia/acfly_ws/install/pole_detector/share/pole_detector/package.xml
