[0.205s] colcon DEBUG Command line arguments: ['/usr/bin/colcon', 'build', '--packages-select', 'fly_mission', 'exploration_planner', 'multi_pole_detector', 'pole_detector', 'ring_detector']
[0.205s] colcon DEBUG Parsed command line arguments: Namespace(log_base=None, log_level=None, verb_name='build', build_base='build', install_base='install', merge_install=False, symlink_install=False, test_result_base=None, continue_on_error=False, executor='parallel', parallel_workers=8, event_handlers=None, ignore_user_meta=False, metas=['./colcon.meta'], base_paths=['.'], packages_ignore=None, packages_ignore_regex=None, paths=None, packages_up_to=None, packages_up_to_regex=None, packages_above=None, packages_above_and_dependencies=None, packages_above_depth=None, packages_select_by_dep=None, packages_skip_by_dep=None, packages_skip_up_to=None, packages_select_build_failed=False, packages_skip_build_finished=False, packages_select_test_failures=False, packages_skip_test_passed=False, packages_select=['fly_mission', 'exploration_planner', 'multi_pole_detector', 'pole_detector', 'ring_detector'], packages_skip=None, packages_select_regex=None, packages_skip_regex=None, packages_start=None, packages_end=None, allow_overriding=[], cmake_args=None, cmake_target=None, cmake_target_skip_unavailable=False, cmake_clean_cache=False, cmake_clean_first=False, cmake_force_configure=False, ament_cmake_args=None, catkin_cmake_args=None, catkin_skip_building_tests=False, verb_parser=<colcon_defaults.argument_parser.defaults.DefaultArgumentsDecorator object at 0xffffb4133dc0>, verb_extension=<colcon_core.verb.build.BuildVerb object at 0xffffb41337c0>, main=<bound method BuildVerb.main of <colcon_core.verb.build.BuildVerb object at 0xffffb41337c0>>)
[0.483s] colcon.colcon_core.package_discovery Level 1 discover_packages(colcon_meta) check parameters
[0.484s] colcon.colcon_core.package_discovery Level 1 discover_packages(recursive) check parameters
[0.484s] colcon.colcon_core.package_discovery Level 1 discover_packages(ignore) check parameters
[0.484s] colcon.colcon_core.package_discovery Level 1 discover_packages(path) check parameters
[0.484s] colcon.colcon_core.package_discovery Level 1 discover_packages(colcon_meta) discover
[0.484s] colcon.colcon_core.package_discovery Level 1 discover_packages(recursive) discover
[0.484s] colcon.colcon_core.package_discovery INFO Crawling recursively for packages in '/home/nvidia/acfly_ws'
[0.484s] colcon.colcon_core.package_identification Level 1 _identify(.) by extensions ['ignore', 'ignore_ament_install']
[0.484s] colcon.colcon_core.package_identification Level 1 _identify(.) by extension 'ignore'
[0.485s] colcon.colcon_core.package_identification Level 1 _identify(.) by extension 'ignore_ament_install'
[0.485s] colcon.colcon_core.package_identification Level 1 _identify(.) by extensions ['colcon_pkg']
[0.485s] colcon.colcon_core.package_identification Level 1 _identify(.) by extension 'colcon_pkg'
[0.485s] colcon.colcon_core.package_identification Level 1 _identify(.) by extensions ['colcon_meta']
[0.485s] colcon.colcon_core.package_identification Level 1 _identify(.) by extension 'colcon_meta'
[0.485s] colcon.colcon_core.package_identification Level 1 _identify(.) by extensions ['ros']
[0.485s] colcon.colcon_core.package_identification Level 1 _identify(.) by extension 'ros'
[0.504s] colcon.colcon_core.package_identification Level 1 _identify(.) by extensions ['cmake', 'python']
[0.505s] colcon.colcon_core.package_identification Level 1 _identify(.) by extension 'cmake'
[0.505s] colcon.colcon_core.package_identification Level 1 _identify(.) by extension 'python'
[0.505s] colcon.colcon_core.package_identification Level 1 _identify(.) by extensions ['python_setup_py']
[0.505s] colcon.colcon_core.package_identification Level 1 _identify(.) by extension 'python_setup_py'
[0.505s] colcon.colcon_core.package_identification Level 1 _identify(build) by extensions ['ignore', 'ignore_ament_install']
[0.505s] colcon.colcon_core.package_identification Level 1 _identify(build) by extension 'ignore'
[0.506s] colcon.colcon_core.package_identification Level 1 _identify(build) ignored
[0.506s] colcon.colcon_core.package_identification Level 1 _identify(install) by extensions ['ignore', 'ignore_ament_install']
[0.506s] colcon.colcon_core.package_identification Level 1 _identify(install) by extension 'ignore'
[0.506s] colcon.colcon_core.package_identification Level 1 _identify(install) ignored
[0.506s] colcon.colcon_core.package_identification Level 1 _identify(log) by extensions ['ignore', 'ignore_ament_install']
[0.506s] colcon.colcon_core.package_identification Level 1 _identify(log) by extension 'ignore'
[0.506s] colcon.colcon_core.package_identification Level 1 _identify(log) ignored
[0.507s] colcon.colcon_core.package_identification Level 1 _identify(src) by extensions ['ignore', 'ignore_ament_install']
[0.507s] colcon.colcon_core.package_identification Level 1 _identify(src) by extension 'ignore'
[0.507s] colcon.colcon_core.package_identification Level 1 _identify(src) by extension 'ignore_ament_install'
[0.507s] colcon.colcon_core.package_identification Level 1 _identify(src) by extensions ['colcon_pkg']
[0.507s] colcon.colcon_core.package_identification Level 1 _identify(src) by extension 'colcon_pkg'
[0.507s] colcon.colcon_core.package_identification Level 1 _identify(src) by extensions ['colcon_meta']
[0.507s] colcon.colcon_core.package_identification Level 1 _identify(src) by extension 'colcon_meta'
[0.507s] colcon.colcon_core.package_identification Level 1 _identify(src) by extensions ['ros']
[0.507s] colcon.colcon_core.package_identification Level 1 _identify(src) by extension 'ros'
[0.507s] colcon.colcon_core.package_identification Level 1 _identify(src) by extensions ['cmake', 'python']
[0.507s] colcon.colcon_core.package_identification Level 1 _identify(src) by extension 'cmake'
[0.507s] colcon.colcon_core.package_identification Level 1 _identify(src) by extension 'python'
[0.508s] colcon.colcon_core.package_identification Level 1 _identify(src) by extensions ['python_setup_py']
[0.508s] colcon.colcon_core.package_identification Level 1 _identify(src) by extension 'python_setup_py'
[0.508s] colcon.colcon_core.package_identification Level 1 _identify(src/acfly_mavros) by extensions ['ignore', 'ignore_ament_install']
[0.508s] colcon.colcon_core.package_identification Level 1 _identify(src/acfly_mavros) by extension 'ignore'
[0.508s] colcon.colcon_core.package_identification Level 1 _identify(src/acfly_mavros) by extension 'ignore_ament_install'
[0.508s] colcon.colcon_core.package_identification Level 1 _identify(src/acfly_mavros) by extensions ['colcon_pkg']
[0.508s] colcon.colcon_core.package_identification Level 1 _identify(src/acfly_mavros) by extension 'colcon_pkg'
[0.508s] colcon.colcon_core.package_identification Level 1 _identify(src/acfly_mavros) by extensions ['colcon_meta']
[0.508s] colcon.colcon_core.package_identification Level 1 _identify(src/acfly_mavros) by extension 'colcon_meta'
[0.508s] colcon.colcon_core.package_identification Level 1 _identify(src/acfly_mavros) by extensions ['ros']
[0.508s] colcon.colcon_core.package_identification Level 1 _identify(src/acfly_mavros) by extension 'ros'
[0.509s] colcon.colcon_core.package_identification Level 1 _identify(src/acfly_mavros) by extensions ['cmake', 'python']
[0.509s] colcon.colcon_core.package_identification Level 1 _identify(src/acfly_mavros) by extension 'cmake'
[0.509s] colcon.colcon_core.package_identification Level 1 _identify(src/acfly_mavros) by extension 'python'
[0.509s] colcon.colcon_core.package_identification Level 1 _identify(src/acfly_mavros) by extensions ['python_setup_py']
[0.509s] colcon.colcon_core.package_identification Level 1 _identify(src/acfly_mavros) by extension 'python_setup_py'
[0.509s] colcon.colcon_core.package_identification Level 1 _identify(src/acfly_mavros/mavlink-gbp-release) by extensions ['ignore', 'ignore_ament_install']
[0.509s] colcon.colcon_core.package_identification Level 1 _identify(src/acfly_mavros/mavlink-gbp-release) by extension 'ignore'
[0.509s] colcon.colcon_core.package_identification Level 1 _identify(src/acfly_mavros/mavlink-gbp-release) by extension 'ignore_ament_install'
[0.509s] colcon.colcon_core.package_identification Level 1 _identify(src/acfly_mavros/mavlink-gbp-release) by extensions ['colcon_pkg']
[0.509s] colcon.colcon_core.package_identification Level 1 _identify(src/acfly_mavros/mavlink-gbp-release) by extension 'colcon_pkg'
[0.509s] colcon.colcon_core.package_identification Level 1 _identify(src/acfly_mavros/mavlink-gbp-release) by extensions ['colcon_meta']
[0.510s] colcon.colcon_core.package_identification Level 1 _identify(src/acfly_mavros/mavlink-gbp-release) by extension 'colcon_meta'
[0.510s] colcon.colcon_core.package_identification Level 1 _identify(src/acfly_mavros/mavlink-gbp-release) by extensions ['ros']
[0.510s] colcon.colcon_core.package_identification Level 1 _identify(src/acfly_mavros/mavlink-gbp-release) by extension 'ros'
[0.548s] colcon.colcon_core.package_identification DEBUG Package 'src/acfly_mavros/mavlink-gbp-release' with type 'ros.cmake' and name 'mavlink'
[0.548s] colcon.colcon_core.package_identification Level 1 _identify(src/acfly_mavros/mavros) by extensions ['ignore', 'ignore_ament_install']
[0.548s] colcon.colcon_core.package_identification Level 1 _identify(src/acfly_mavros/mavros) by extension 'ignore'
[0.549s] colcon.colcon_core.package_identification Level 1 _identify(src/acfly_mavros/mavros) by extension 'ignore_ament_install'
[0.549s] colcon.colcon_core.package_identification Level 1 _identify(src/acfly_mavros/mavros) by extensions ['colcon_pkg']
[0.549s] colcon.colcon_core.package_identification Level 1 _identify(src/acfly_mavros/mavros) by extension 'colcon_pkg'
[0.549s] colcon.colcon_core.package_identification Level 1 _identify(src/acfly_mavros/mavros) by extensions ['colcon_meta']
[0.549s] colcon.colcon_core.package_identification Level 1 _identify(src/acfly_mavros/mavros) by extension 'colcon_meta'
[0.549s] colcon.colcon_core.package_identification Level 1 _identify(src/acfly_mavros/mavros) by extensions ['ros']
[0.549s] colcon.colcon_core.package_identification Level 1 _identify(src/acfly_mavros/mavros) by extension 'ros'
[0.549s] colcon.colcon_core.package_identification Level 1 _identify(src/acfly_mavros/mavros) by extensions ['cmake', 'python']
[0.549s] colcon.colcon_core.package_identification Level 1 _identify(src/acfly_mavros/mavros) by extension 'cmake'
[0.549s] colcon.colcon_core.package_identification Level 1 _identify(src/acfly_mavros/mavros) by extension 'python'
[0.549s] colcon.colcon_core.package_identification Level 1 _identify(src/acfly_mavros/mavros) by extensions ['python_setup_py']
[0.550s] colcon.colcon_core.package_identification Level 1 _identify(src/acfly_mavros/mavros) by extension 'python_setup_py'
[0.550s] colcon.colcon_core.package_identification Level 1 _identify(src/acfly_mavros/mavros/libmavconn) by extensions ['ignore', 'ignore_ament_install']
[0.550s] colcon.colcon_core.package_identification Level 1 _identify(src/acfly_mavros/mavros/libmavconn) by extension 'ignore'
[0.550s] colcon.colcon_core.package_identification Level 1 _identify(src/acfly_mavros/mavros/libmavconn) by extension 'ignore_ament_install'
[0.550s] colcon.colcon_core.package_identification Level 1 _identify(src/acfly_mavros/mavros/libmavconn) by extensions ['colcon_pkg']
[0.550s] colcon.colcon_core.package_identification Level 1 _identify(src/acfly_mavros/mavros/libmavconn) by extension 'colcon_pkg'
[0.550s] colcon.colcon_core.package_identification Level 1 _identify(src/acfly_mavros/mavros/libmavconn) by extensions ['colcon_meta']
[0.550s] colcon.colcon_core.package_identification Level 1 _identify(src/acfly_mavros/mavros/libmavconn) by extension 'colcon_meta'
[0.550s] colcon.colcon_core.package_identification Level 1 _identify(src/acfly_mavros/mavros/libmavconn) by extensions ['ros']
[0.550s] colcon.colcon_core.package_identification Level 1 _identify(src/acfly_mavros/mavros/libmavconn) by extension 'ros'
[0.552s] colcon.colcon_core.package_identification DEBUG Package 'src/acfly_mavros/mavros/libmavconn' with type 'ros.ament_cmake' and name 'libmavconn'
[0.552s] colcon.colcon_core.package_identification Level 1 _identify(src/acfly_mavros/mavros/mavros) by extensions ['ignore', 'ignore_ament_install']
[0.553s] colcon.colcon_core.package_identification Level 1 _identify(src/acfly_mavros/mavros/mavros) by extension 'ignore'
[0.553s] colcon.colcon_core.package_identification Level 1 _identify(src/acfly_mavros/mavros/mavros) by extension 'ignore_ament_install'
[0.553s] colcon.colcon_core.package_identification Level 1 _identify(src/acfly_mavros/mavros/mavros) by extensions ['colcon_pkg']
[0.553s] colcon.colcon_core.package_identification Level 1 _identify(src/acfly_mavros/mavros/mavros) by extension 'colcon_pkg'
[0.553s] colcon.colcon_core.package_identification Level 1 _identify(src/acfly_mavros/mavros/mavros) by extensions ['colcon_meta']
[0.553s] colcon.colcon_core.package_identification Level 1 _identify(src/acfly_mavros/mavros/mavros) by extension 'colcon_meta'
[0.553s] colcon.colcon_core.package_identification Level 1 _identify(src/acfly_mavros/mavros/mavros) by extensions ['ros']
[0.553s] colcon.colcon_core.package_identification Level 1 _identify(src/acfly_mavros/mavros/mavros) by extension 'ros'
[0.557s] colcon.colcon_core.package_identification DEBUG Package 'src/acfly_mavros/mavros/mavros' with type 'ros.ament_cmake' and name 'mavros'
[0.558s] colcon.colcon_core.package_identification Level 1 _identify(src/acfly_mavros/mavros/mavros_extras) by extensions ['ignore', 'ignore_ament_install']
[0.558s] colcon.colcon_core.package_identification Level 1 _identify(src/acfly_mavros/mavros/mavros_extras) by extension 'ignore'
[0.558s] colcon.colcon_core.package_identification Level 1 _identify(src/acfly_mavros/mavros/mavros_extras) by extension 'ignore_ament_install'
[0.558s] colcon.colcon_core.package_identification Level 1 _identify(src/acfly_mavros/mavros/mavros_extras) by extensions ['colcon_pkg']
[0.558s] colcon.colcon_core.package_identification Level 1 _identify(src/acfly_mavros/mavros/mavros_extras) by extension 'colcon_pkg'
[0.558s] colcon.colcon_core.package_identification Level 1 _identify(src/acfly_mavros/mavros/mavros_extras) by extensions ['colcon_meta']
[0.558s] colcon.colcon_core.package_identification Level 1 _identify(src/acfly_mavros/mavros/mavros_extras) by extension 'colcon_meta'
[0.558s] colcon.colcon_core.package_identification Level 1 _identify(src/acfly_mavros/mavros/mavros_extras) by extensions ['ros']
[0.558s] colcon.colcon_core.package_identification Level 1 _identify(src/acfly_mavros/mavros/mavros_extras) by extension 'ros'
[0.563s] colcon.colcon_core.package_identification DEBUG Package 'src/acfly_mavros/mavros/mavros_extras' with type 'ros.ament_cmake' and name 'mavros_extras'
[0.563s] colcon.colcon_core.package_identification Level 1 _identify(src/acfly_mavros/mavros/mavros_msgs) by extensions ['ignore', 'ignore_ament_install']
[0.564s] colcon.colcon_core.package_identification Level 1 _identify(src/acfly_mavros/mavros/mavros_msgs) by extension 'ignore'
[0.564s] colcon.colcon_core.package_identification Level 1 _identify(src/acfly_mavros/mavros/mavros_msgs) by extension 'ignore_ament_install'
[0.564s] colcon.colcon_core.package_identification Level 1 _identify(src/acfly_mavros/mavros/mavros_msgs) by extensions ['colcon_pkg']
[0.564s] colcon.colcon_core.package_identification Level 1 _identify(src/acfly_mavros/mavros/mavros_msgs) by extension 'colcon_pkg'
[0.564s] colcon.colcon_core.package_identification Level 1 _identify(src/acfly_mavros/mavros/mavros_msgs) by extensions ['colcon_meta']
[0.564s] colcon.colcon_core.package_identification Level 1 _identify(src/acfly_mavros/mavros/mavros_msgs) by extension 'colcon_meta'
[0.564s] colcon.colcon_core.package_identification Level 1 _identify(src/acfly_mavros/mavros/mavros_msgs) by extensions ['ros']
[0.564s] colcon.colcon_core.package_identification Level 1 _identify(src/acfly_mavros/mavros/mavros_msgs) by extension 'ros'
[0.566s] colcon.colcon_core.package_identification DEBUG Package 'src/acfly_mavros/mavros/mavros_msgs' with type 'ros.ament_cmake' and name 'mavros_msgs'
[0.566s] colcon.colcon_core.package_identification Level 1 _identify(src/acfly_mavros/mavros/test_mavros) by extensions ['ignore', 'ignore_ament_install']
[0.566s] colcon.colcon_core.package_identification Level 1 _identify(src/acfly_mavros/mavros/test_mavros) by extension 'ignore'
[0.566s] colcon.colcon_core.package_identification Level 1 _identify(src/acfly_mavros/mavros/test_mavros) ignored
[0.566s] colcon.colcon_core.package_identification Level 1 _identify(src/acfly_mavros/mavros/tools) by extensions ['ignore', 'ignore_ament_install']
[0.566s] colcon.colcon_core.package_identification Level 1 _identify(src/acfly_mavros/mavros/tools) by extension 'ignore'
[0.567s] colcon.colcon_core.package_identification Level 1 _identify(src/acfly_mavros/mavros/tools) by extension 'ignore_ament_install'
[0.567s] colcon.colcon_core.package_identification Level 1 _identify(src/acfly_mavros/mavros/tools) by extensions ['colcon_pkg']
[0.567s] colcon.colcon_core.package_identification Level 1 _identify(src/acfly_mavros/mavros/tools) by extension 'colcon_pkg'
[0.567s] colcon.colcon_core.package_identification Level 1 _identify(src/acfly_mavros/mavros/tools) by extensions ['colcon_meta']
[0.567s] colcon.colcon_core.package_identification Level 1 _identify(src/acfly_mavros/mavros/tools) by extension 'colcon_meta'
[0.567s] colcon.colcon_core.package_identification Level 1 _identify(src/acfly_mavros/mavros/tools) by extensions ['ros']
[0.567s] colcon.colcon_core.package_identification Level 1 _identify(src/acfly_mavros/mavros/tools) by extension 'ros'
[0.567s] colcon.colcon_core.package_identification Level 1 _identify(src/acfly_mavros/mavros/tools) by extensions ['cmake', 'python']
[0.567s] colcon.colcon_core.package_identification Level 1 _identify(src/acfly_mavros/mavros/tools) by extension 'cmake'
[0.567s] colcon.colcon_core.package_identification Level 1 _identify(src/acfly_mavros/mavros/tools) by extension 'python'
[0.567s] colcon.colcon_core.package_identification Level 1 _identify(src/acfly_mavros/mavros/tools) by extensions ['python_setup_py']
[0.568s] colcon.colcon_core.package_identification Level 1 _identify(src/acfly_mavros/mavros/tools) by extension 'python_setup_py'
[0.568s] colcon.colcon_core.package_identification Level 1 _identify(src/exploration_planner) by extensions ['ignore', 'ignore_ament_install']
[0.568s] colcon.colcon_core.package_identification Level 1 _identify(src/exploration_planner) by extension 'ignore'
[0.568s] colcon.colcon_core.package_identification Level 1 _identify(src/exploration_planner) by extension 'ignore_ament_install'
[0.568s] colcon.colcon_core.package_identification Level 1 _identify(src/exploration_planner) by extensions ['colcon_pkg']
[0.568s] colcon.colcon_core.package_identification Level 1 _identify(src/exploration_planner) by extension 'colcon_pkg'
[0.568s] colcon.colcon_core.package_identification Level 1 _identify(src/exploration_planner) by extensions ['colcon_meta']
[0.568s] colcon.colcon_core.package_identification Level 1 _identify(src/exploration_planner) by extension 'colcon_meta'
[0.568s] colcon.colcon_core.package_identification Level 1 _identify(src/exploration_planner) by extensions ['ros']
[0.568s] colcon.colcon_core.package_identification Level 1 _identify(src/exploration_planner) by extension 'ros'
[0.570s] colcon.colcon_core.package_identification DEBUG Package 'src/exploration_planner' with type 'ros.ament_cmake' and name 'exploration_planner'
[0.570s] colcon.colcon_core.package_identification Level 1 _identify(src/finding_objects_ws) by extensions ['ignore', 'ignore_ament_install']
[0.570s] colcon.colcon_core.package_identification Level 1 _identify(src/finding_objects_ws) by extension 'ignore'
[0.570s] colcon.colcon_core.package_identification Level 1 _identify(src/finding_objects_ws) by extension 'ignore_ament_install'
[0.570s] colcon.colcon_core.package_identification Level 1 _identify(src/finding_objects_ws) by extensions ['colcon_pkg']
[0.571s] colcon.colcon_core.package_identification Level 1 _identify(src/finding_objects_ws) by extension 'colcon_pkg'
[0.571s] colcon.colcon_core.package_identification Level 1 _identify(src/finding_objects_ws) by extensions ['colcon_meta']
[0.571s] colcon.colcon_core.package_identification Level 1 _identify(src/finding_objects_ws) by extension 'colcon_meta'
[0.571s] colcon.colcon_core.package_identification Level 1 _identify(src/finding_objects_ws) by extensions ['ros']
[0.571s] colcon.colcon_core.package_identification Level 1 _identify(src/finding_objects_ws) by extension 'ros'
[0.571s] colcon.colcon_core.package_identification Level 1 _identify(src/finding_objects_ws) by extensions ['cmake', 'python']
[0.571s] colcon.colcon_core.package_identification Level 1 _identify(src/finding_objects_ws) by extension 'cmake'
[0.571s] colcon.colcon_core.package_identification Level 1 _identify(src/finding_objects_ws) by extension 'python'
[0.571s] colcon.colcon_core.package_identification Level 1 _identify(src/finding_objects_ws) by extensions ['python_setup_py']
[0.571s] colcon.colcon_core.package_identification Level 1 _identify(src/finding_objects_ws) by extension 'python_setup_py'
[0.571s] colcon.colcon_core.package_identification Level 1 _identify(src/finding_objects_ws/multi_pole_detector) by extensions ['ignore', 'ignore_ament_install']
[0.572s] colcon.colcon_core.package_identification Level 1 _identify(src/finding_objects_ws/multi_pole_detector) by extension 'ignore'
[0.572s] colcon.colcon_core.package_identification Level 1 _identify(src/finding_objects_ws/multi_pole_detector) by extension 'ignore_ament_install'
[0.572s] colcon.colcon_core.package_identification Level 1 _identify(src/finding_objects_ws/multi_pole_detector) by extensions ['colcon_pkg']
[0.572s] colcon.colcon_core.package_identification Level 1 _identify(src/finding_objects_ws/multi_pole_detector) by extension 'colcon_pkg'
[0.572s] colcon.colcon_core.package_identification Level 1 _identify(src/finding_objects_ws/multi_pole_detector) by extensions ['colcon_meta']
[0.572s] colcon.colcon_core.package_identification Level 1 _identify(src/finding_objects_ws/multi_pole_detector) by extension 'colcon_meta'
[0.572s] colcon.colcon_core.package_identification Level 1 _identify(src/finding_objects_ws/multi_pole_detector) by extensions ['ros']
[0.572s] colcon.colcon_core.package_identification Level 1 _identify(src/finding_objects_ws/multi_pole_detector) by extension 'ros'
[0.574s] colcon.colcon_core.package_identification DEBUG Package 'src/finding_objects_ws/multi_pole_detector' with type 'ros.ament_cmake' and name 'multi_pole_detector'
[0.574s] colcon.colcon_core.package_identification Level 1 _identify(src/finding_objects_ws/pole_detector) by extensions ['ignore', 'ignore_ament_install']
[0.574s] colcon.colcon_core.package_identification Level 1 _identify(src/finding_objects_ws/pole_detector) by extension 'ignore'
[0.574s] colcon.colcon_core.package_identification Level 1 _identify(src/finding_objects_ws/pole_detector) by extension 'ignore_ament_install'
[0.574s] colcon.colcon_core.package_identification Level 1 _identify(src/finding_objects_ws/pole_detector) by extensions ['colcon_pkg']
[0.574s] colcon.colcon_core.package_identification Level 1 _identify(src/finding_objects_ws/pole_detector) by extension 'colcon_pkg'
[0.574s] colcon.colcon_core.package_identification Level 1 _identify(src/finding_objects_ws/pole_detector) by extensions ['colcon_meta']
[0.574s] colcon.colcon_core.package_identification Level 1 _identify(src/finding_objects_ws/pole_detector) by extension 'colcon_meta'
[0.575s] colcon.colcon_core.package_identification Level 1 _identify(src/finding_objects_ws/pole_detector) by extensions ['ros']
[0.575s] colcon.colcon_core.package_identification Level 1 _identify(src/finding_objects_ws/pole_detector) by extension 'ros'
[0.576s] colcon.colcon_core.package_identification DEBUG Package 'src/finding_objects_ws/pole_detector' with type 'ros.ament_cmake' and name 'pole_detector'
[0.576s] colcon.colcon_core.package_identification Level 1 _identify(src/finding_objects_ws/ring_detector) by extensions ['ignore', 'ignore_ament_install']
[0.576s] colcon.colcon_core.package_identification Level 1 _identify(src/finding_objects_ws/ring_detector) by extension 'ignore'
[0.576s] colcon.colcon_core.package_identification Level 1 _identify(src/finding_objects_ws/ring_detector) by extension 'ignore_ament_install'
[0.576s] colcon.colcon_core.package_identification Level 1 _identify(src/finding_objects_ws/ring_detector) by extensions ['colcon_pkg']
[0.577s] colcon.colcon_core.package_identification Level 1 _identify(src/finding_objects_ws/ring_detector) by extension 'colcon_pkg'
[0.577s] colcon.colcon_core.package_identification Level 1 _identify(src/finding_objects_ws/ring_detector) by extensions ['colcon_meta']
[0.577s] colcon.colcon_core.package_identification Level 1 _identify(src/finding_objects_ws/ring_detector) by extension 'colcon_meta'
[0.577s] colcon.colcon_core.package_identification Level 1 _identify(src/finding_objects_ws/ring_detector) by extensions ['ros']
[0.577s] colcon.colcon_core.package_identification Level 1 _identify(src/finding_objects_ws/ring_detector) by extension 'ros'
[0.578s] colcon.colcon_core.package_identification DEBUG Package 'src/finding_objects_ws/ring_detector' with type 'ros.ament_cmake' and name 'ring_detector'
[0.578s] colcon.colcon_core.package_identification Level 1 _identify(src/fly_mission) by extensions ['ignore', 'ignore_ament_install']
[0.579s] colcon.colcon_core.package_identification Level 1 _identify(src/fly_mission) by extension 'ignore'
[0.579s] colcon.colcon_core.package_identification Level 1 _identify(src/fly_mission) by extension 'ignore_ament_install'
[0.579s] colcon.colcon_core.package_identification Level 1 _identify(src/fly_mission) by extensions ['colcon_pkg']
[0.579s] colcon.colcon_core.package_identification Level 1 _identify(src/fly_mission) by extension 'colcon_pkg'
[0.579s] colcon.colcon_core.package_identification Level 1 _identify(src/fly_mission) by extensions ['colcon_meta']
[0.579s] colcon.colcon_core.package_identification Level 1 _identify(src/fly_mission) by extension 'colcon_meta'
[0.579s] colcon.colcon_core.package_identification Level 1 _identify(src/fly_mission) by extensions ['ros']
[0.579s] colcon.colcon_core.package_identification Level 1 _identify(src/fly_mission) by extension 'ros'
[0.581s] colcon.colcon_core.package_identification DEBUG Package 'src/fly_mission' with type 'ros.ament_cmake' and name 'fly_mission'
[0.581s] colcon.colcon_core.package_discovery Level 1 discover_packages(recursive) using defaults
[0.581s] colcon.colcon_core.package_discovery Level 1 discover_packages(ignore) discover
[0.581s] colcon.colcon_core.package_discovery Level 1 discover_packages(ignore) using defaults
[0.581s] colcon.colcon_core.package_discovery Level 1 discover_packages(path) discover
[0.581s] colcon.colcon_core.package_discovery Level 1 discover_packages(path) using defaults
[0.612s] colcon.colcon_core.package_selection INFO Skipping not selected package 'mavlink' in 'src/acfly_mavros/mavlink-gbp-release'
[0.613s] colcon.colcon_core.package_selection INFO Skipping not selected package 'mavros_msgs' in 'src/acfly_mavros/mavros/mavros_msgs'
[0.613s] colcon.colcon_core.package_selection INFO Skipping not selected package 'libmavconn' in 'src/acfly_mavros/mavros/libmavconn'
[0.613s] colcon.colcon_core.package_selection INFO Skipping not selected package 'mavros' in 'src/acfly_mavros/mavros/mavros'
[0.613s] colcon.colcon_core.package_selection INFO Skipping not selected package 'mavros_extras' in 'src/acfly_mavros/mavros/mavros_extras'
[0.614s] colcon.colcon_core.package_discovery Level 1 discover_packages(prefix_path) check parameters
[0.614s] colcon.colcon_core.package_discovery Level 1 discover_packages(prefix_path) discover
[0.618s] colcon.colcon_installed_package_information.package_discovery DEBUG Found 8 installed packages in /home/nvidia/acfly_ws/install
[0.619s] colcon.colcon_installed_package_information.package_discovery DEBUG Found 4 installed packages in /home/nvidia/ws_point/install
[0.620s] colcon.colcon_installed_package_information.package_discovery DEBUG Found 1 installed packages in /home/nvidia/ws_livox/install
[0.620s] colcon.colcon_installed_package_information.package_discovery DEBUG Found 4 installed packages in /home/nvidia/ws_orbbec/install
[0.622s] colcon.colcon_installed_package_information.package_discovery DEBUG Found 285 installed packages in /opt/ros/humble
[0.626s] colcon.colcon_core.package_discovery Level 1 discover_packages(prefix_path) using defaults
[0.690s] colcon.colcon_core.verb Level 5 set package 'exploration_planner' build argument 'cmake_args' from command line to 'None'
[0.690s] colcon.colcon_core.verb Level 5 set package 'exploration_planner' build argument 'cmake_target' from command line to 'None'
[0.690s] colcon.colcon_core.verb Level 5 set package 'exploration_planner' build argument 'cmake_target_skip_unavailable' from command line to 'False'
[0.690s] colcon.colcon_core.verb Level 5 set package 'exploration_planner' build argument 'cmake_clean_cache' from command line to 'False'
[0.690s] colcon.colcon_core.verb Level 5 set package 'exploration_planner' build argument 'cmake_clean_first' from command line to 'False'
[0.690s] colcon.colcon_core.verb Level 5 set package 'exploration_planner' build argument 'cmake_force_configure' from command line to 'False'
[0.690s] colcon.colcon_core.verb Level 5 set package 'exploration_planner' build argument 'ament_cmake_args' from command line to 'None'
[0.690s] colcon.colcon_core.verb Level 5 set package 'exploration_planner' build argument 'catkin_cmake_args' from command line to 'None'
[0.690s] colcon.colcon_core.verb Level 5 set package 'exploration_planner' build argument 'catkin_skip_building_tests' from command line to 'False'
[0.690s] colcon.colcon_core.verb DEBUG Building package 'exploration_planner' with the following arguments: {'ament_cmake_args': None, 'build_base': '/home/nvidia/acfly_ws/build/exploration_planner', 'catkin_cmake_args': None, 'catkin_skip_building_tests': False, 'cmake_args': None, 'cmake_clean_cache': False, 'cmake_clean_first': False, 'cmake_force_configure': False, 'cmake_target': None, 'cmake_target_skip_unavailable': False, 'install_base': '/home/nvidia/acfly_ws/install/exploration_planner', 'merge_install': False, 'path': '/home/nvidia/acfly_ws/src/exploration_planner', 'symlink_install': False, 'test_result_base': None}
[0.691s] colcon.colcon_core.verb Level 5 set package 'multi_pole_detector' build argument 'cmake_args' from command line to 'None'
[0.691s] colcon.colcon_core.verb Level 5 set package 'multi_pole_detector' build argument 'cmake_target' from command line to 'None'
[0.691s] colcon.colcon_core.verb Level 5 set package 'multi_pole_detector' build argument 'cmake_target_skip_unavailable' from command line to 'False'
[0.691s] colcon.colcon_core.verb Level 5 set package 'multi_pole_detector' build argument 'cmake_clean_cache' from command line to 'False'
[0.691s] colcon.colcon_core.verb Level 5 set package 'multi_pole_detector' build argument 'cmake_clean_first' from command line to 'False'
[0.691s] colcon.colcon_core.verb Level 5 set package 'multi_pole_detector' build argument 'cmake_force_configure' from command line to 'False'
[0.691s] colcon.colcon_core.verb Level 5 set package 'multi_pole_detector' build argument 'ament_cmake_args' from command line to 'None'
[0.691s] colcon.colcon_core.verb Level 5 set package 'multi_pole_detector' build argument 'catkin_cmake_args' from command line to 'None'
[0.691s] colcon.colcon_core.verb Level 5 set package 'multi_pole_detector' build argument 'catkin_skip_building_tests' from command line to 'False'
[0.691s] colcon.colcon_core.verb DEBUG Building package 'multi_pole_detector' with the following arguments: {'ament_cmake_args': None, 'build_base': '/home/nvidia/acfly_ws/build/multi_pole_detector', 'catkin_cmake_args': None, 'catkin_skip_building_tests': False, 'cmake_args': None, 'cmake_clean_cache': False, 'cmake_clean_first': False, 'cmake_force_configure': False, 'cmake_target': None, 'cmake_target_skip_unavailable': False, 'install_base': '/home/nvidia/acfly_ws/install/multi_pole_detector', 'merge_install': False, 'path': '/home/nvidia/acfly_ws/src/finding_objects_ws/multi_pole_detector', 'symlink_install': False, 'test_result_base': None}
[0.692s] colcon.colcon_core.verb Level 5 set package 'pole_detector' build argument 'cmake_args' from command line to 'None'
[0.692s] colcon.colcon_core.verb Level 5 set package 'pole_detector' build argument 'cmake_target' from command line to 'None'
[0.692s] colcon.colcon_core.verb Level 5 set package 'pole_detector' build argument 'cmake_target_skip_unavailable' from command line to 'False'
[0.692s] colcon.colcon_core.verb Level 5 set package 'pole_detector' build argument 'cmake_clean_cache' from command line to 'False'
[0.692s] colcon.colcon_core.verb Level 5 set package 'pole_detector' build argument 'cmake_clean_first' from command line to 'False'
[0.692s] colcon.colcon_core.verb Level 5 set package 'pole_detector' build argument 'cmake_force_configure' from command line to 'False'
[0.692s] colcon.colcon_core.verb Level 5 set package 'pole_detector' build argument 'ament_cmake_args' from command line to 'None'
[0.692s] colcon.colcon_core.verb Level 5 set package 'pole_detector' build argument 'catkin_cmake_args' from command line to 'None'
[0.692s] colcon.colcon_core.verb Level 5 set package 'pole_detector' build argument 'catkin_skip_building_tests' from command line to 'False'
[0.692s] colcon.colcon_core.verb DEBUG Building package 'pole_detector' with the following arguments: {'ament_cmake_args': None, 'build_base': '/home/nvidia/acfly_ws/build/pole_detector', 'catkin_cmake_args': None, 'catkin_skip_building_tests': False, 'cmake_args': None, 'cmake_clean_cache': False, 'cmake_clean_first': False, 'cmake_force_configure': False, 'cmake_target': None, 'cmake_target_skip_unavailable': False, 'install_base': '/home/nvidia/acfly_ws/install/pole_detector', 'merge_install': False, 'path': '/home/nvidia/acfly_ws/src/finding_objects_ws/pole_detector', 'symlink_install': False, 'test_result_base': None}
[0.693s] colcon.colcon_core.verb Level 5 set package 'ring_detector' build argument 'cmake_args' from command line to 'None'
[0.693s] colcon.colcon_core.verb Level 5 set package 'ring_detector' build argument 'cmake_target' from command line to 'None'
[0.693s] colcon.colcon_core.verb Level 5 set package 'ring_detector' build argument 'cmake_target_skip_unavailable' from command line to 'False'
[0.693s] colcon.colcon_core.verb Level 5 set package 'ring_detector' build argument 'cmake_clean_cache' from command line to 'False'
[0.693s] colcon.colcon_core.verb Level 5 set package 'ring_detector' build argument 'cmake_clean_first' from command line to 'False'
[0.693s] colcon.colcon_core.verb Level 5 set package 'ring_detector' build argument 'cmake_force_configure' from command line to 'False'
[0.693s] colcon.colcon_core.verb Level 5 set package 'ring_detector' build argument 'ament_cmake_args' from command line to 'None'
[0.693s] colcon.colcon_core.verb Level 5 set package 'ring_detector' build argument 'catkin_cmake_args' from command line to 'None'
[0.693s] colcon.colcon_core.verb Level 5 set package 'ring_detector' build argument 'catkin_skip_building_tests' from command line to 'False'
[0.694s] colcon.colcon_core.verb DEBUG Building package 'ring_detector' with the following arguments: {'ament_cmake_args': None, 'build_base': '/home/nvidia/acfly_ws/build/ring_detector', 'catkin_cmake_args': None, 'catkin_skip_building_tests': False, 'cmake_args': None, 'cmake_clean_cache': False, 'cmake_clean_first': False, 'cmake_force_configure': False, 'cmake_target': None, 'cmake_target_skip_unavailable': False, 'install_base': '/home/nvidia/acfly_ws/install/ring_detector', 'merge_install': False, 'path': '/home/nvidia/acfly_ws/src/finding_objects_ws/ring_detector', 'symlink_install': False, 'test_result_base': None}
[0.694s] colcon.colcon_core.verb Level 5 set package 'fly_mission' build argument 'cmake_args' from command line to 'None'
[0.694s] colcon.colcon_core.verb Level 5 set package 'fly_mission' build argument 'cmake_target' from command line to 'None'
[0.694s] colcon.colcon_core.verb Level 5 set package 'fly_mission' build argument 'cmake_target_skip_unavailable' from command line to 'False'
[0.694s] colcon.colcon_core.verb Level 5 set package 'fly_mission' build argument 'cmake_clean_cache' from command line to 'False'
[0.695s] colcon.colcon_core.verb Level 5 set package 'fly_mission' build argument 'cmake_clean_first' from command line to 'False'
[0.695s] colcon.colcon_core.verb Level 5 set package 'fly_mission' build argument 'cmake_force_configure' from command line to 'False'
[0.695s] colcon.colcon_core.verb Level 5 set package 'fly_mission' build argument 'ament_cmake_args' from command line to 'None'
[0.695s] colcon.colcon_core.verb Level 5 set package 'fly_mission' build argument 'catkin_cmake_args' from command line to 'None'
[0.695s] colcon.colcon_core.verb Level 5 set package 'fly_mission' build argument 'catkin_skip_building_tests' from command line to 'False'
[0.695s] colcon.colcon_core.verb DEBUG Building package 'fly_mission' with the following arguments: {'ament_cmake_args': None, 'build_base': '/home/nvidia/acfly_ws/build/fly_mission', 'catkin_cmake_args': None, 'catkin_skip_building_tests': False, 'cmake_args': None, 'cmake_clean_cache': False, 'cmake_clean_first': False, 'cmake_force_configure': False, 'cmake_target': None, 'cmake_target_skip_unavailable': False, 'install_base': '/home/nvidia/acfly_ws/install/fly_mission', 'merge_install': False, 'path': '/home/nvidia/acfly_ws/src/fly_mission', 'symlink_install': False, 'test_result_base': None}
[0.695s] colcon.colcon_core.executor INFO Executing jobs using 'parallel' executor
[0.697s] colcon.colcon_parallel_executor.executor.parallel DEBUG run_until_complete
[0.698s] colcon.colcon_ros.task.ament_cmake.build INFO Building ROS package in '/home/nvidia/acfly_ws/src/exploration_planner' with build type 'ament_cmake'
[0.698s] colcon.colcon_cmake.task.cmake.build INFO Building CMake package in '/home/nvidia/acfly_ws/src/exploration_planner'
[0.702s] colcon.colcon_core.plugin_system INFO Skipping extension 'colcon_core.shell.bat': Not used on non-Windows systems
[0.702s] colcon.colcon_core.shell INFO Skip shell extension 'powershell' for command environment: Not usable outside of PowerShell
[0.702s] colcon.colcon_core.shell DEBUG Skip shell extension 'dsv' for command environment
[0.712s] colcon.colcon_ros.task.ament_cmake.build INFO Building ROS package in '/home/nvidia/acfly_ws/src/finding_objects_ws/multi_pole_detector' with build type 'ament_cmake'
[0.712s] colcon.colcon_cmake.task.cmake.build INFO Building CMake package in '/home/nvidia/acfly_ws/src/finding_objects_ws/multi_pole_detector'
[0.712s] colcon.colcon_core.shell INFO Skip shell extension 'powershell' for command environment: Not usable outside of PowerShell
[0.712s] colcon.colcon_core.shell DEBUG Skip shell extension 'dsv' for command environment
[0.720s] colcon.colcon_ros.task.ament_cmake.build INFO Building ROS package in '/home/nvidia/acfly_ws/src/finding_objects_ws/pole_detector' with build type 'ament_cmake'
[0.720s] colcon.colcon_cmake.task.cmake.build INFO Building CMake package in '/home/nvidia/acfly_ws/src/finding_objects_ws/pole_detector'
[0.721s] colcon.colcon_core.shell INFO Skip shell extension 'powershell' for command environment: Not usable outside of PowerShell
[0.721s] colcon.colcon_core.shell DEBUG Skip shell extension 'dsv' for command environment
[0.728s] colcon.colcon_ros.task.ament_cmake.build INFO Building ROS package in '/home/nvidia/acfly_ws/src/finding_objects_ws/ring_detector' with build type 'ament_cmake'
[0.729s] colcon.colcon_cmake.task.cmake.build INFO Building CMake package in '/home/nvidia/acfly_ws/src/finding_objects_ws/ring_detector'
[0.729s] colcon.colcon_core.shell INFO Skip shell extension 'powershell' for command environment: Not usable outside of PowerShell
[0.729s] colcon.colcon_core.shell DEBUG Skip shell extension 'dsv' for command environment
[0.737s] colcon.colcon_ros.task.ament_cmake.build INFO Building ROS package in '/home/nvidia/acfly_ws/src/fly_mission' with build type 'ament_cmake'
[0.737s] colcon.colcon_cmake.task.cmake.build INFO Building CMake package in '/home/nvidia/acfly_ws/src/fly_mission'
[0.737s] colcon.colcon_core.shell INFO Skip shell extension 'powershell' for command environment: Not usable outside of PowerShell
[0.738s] colcon.colcon_core.shell DEBUG Skip shell extension 'dsv' for command environment
[0.753s] colcon.colcon_core.event_handler.log_command DEBUG Invoking command in '/home/nvidia/acfly_ws/build/exploration_planner': CMAKE_PREFIX_PATH=${CMAKE_PREFIX_PATH}:/home/nvidia/ws_orbbec/install/gemini_vision:/opt/ros/humble /usr/bin/cmake /home/nvidia/acfly_ws/src/exploration_planner -DCMAKE_INSTALL_PREFIX=/home/nvidia/acfly_ws/install/exploration_planner
[0.759s] colcon.colcon_core.event_handler.log_command DEBUG Invoking command in '/home/nvidia/acfly_ws/build/multi_pole_detector': CMAKE_PREFIX_PATH=${CMAKE_PREFIX_PATH}:/home/nvidia/ws_orbbec/install/gemini_vision:/opt/ros/humble /usr/bin/cmake /home/nvidia/acfly_ws/src/finding_objects_ws/multi_pole_detector -DCMAKE_INSTALL_PREFIX=/home/nvidia/acfly_ws/install/multi_pole_detector
[0.763s] colcon.colcon_core.event_handler.log_command DEBUG Invoking command in '/home/nvidia/acfly_ws/build/pole_detector': CMAKE_PREFIX_PATH=${CMAKE_PREFIX_PATH}:/home/nvidia/ws_orbbec/install/gemini_vision:/opt/ros/humble /usr/bin/cmake /home/nvidia/acfly_ws/src/finding_objects_ws/pole_detector -DCMAKE_INSTALL_PREFIX=/home/nvidia/acfly_ws/install/pole_detector
[0.767s] colcon.colcon_core.event_handler.log_command DEBUG Invoking command in '/home/nvidia/acfly_ws/build/ring_detector': CMAKE_PREFIX_PATH=${CMAKE_PREFIX_PATH}:/home/nvidia/ws_orbbec/install/gemini_vision:/opt/ros/humble /usr/bin/cmake /home/nvidia/acfly_ws/src/finding_objects_ws/ring_detector -DCMAKE_INSTALL_PREFIX=/home/nvidia/acfly_ws/install/ring_detector
[0.776s] colcon.colcon_core.event_handler.log_command DEBUG Invoking command in '/home/nvidia/acfly_ws/build/fly_mission': CMAKE_PREFIX_PATH=/home/nvidia/acfly_ws/install/mavros_msgs:/home/nvidia/acfly_ws/install/mavros_extras:/home/nvidia/acfly_ws/install/mavros:/home/nvidia/acfly_ws/install/fly_mission_gps:/home/nvidia/acfly_ws/install/fly_mission:/home/nvidia/acfly_ws/install/libmavconn:/home/nvidia/acfly_ws/install/mavlink:/home/nvidia/ws_orbbec/install/orbbec_description:/home/nvidia/ws_orbbec/install/orbbec_camera:/home/nvidia/ws_orbbec/install/orbbec_camera_msgs:/home/nvidia/ws_livox/install/livox_ros_driver2:/home/nvidia/ws_point/install/pos_link:/home/nvidia/ws_point/install/point_lio:/home/nvidia/ws_point/install/pcl_cloud:/home/nvidia/ws_point/install/ac_link:/home/nvidia/ws_orbbec/install/gemini_vision:/opt/ros/humble LD_LIBRARY_PATH=/home/nvidia/acfly_ws/install/mavros_msgs/lib:/usr/local/lib:/home/nvidia/acfly_ws/install/mavros_extras/lib:/home/nvidia/acfly_ws/install/mavros/lib:/home/nvidia/acfly_ws/install/libmavconn/lib:/home/nvidia/ws_orbbec/install/orbbec_camera/lib:/home/nvidia/ws_orbbec/install/orbbec_camera_msgs/lib:/home/nvidia/ws_livox/install/livox_ros_driver2/lib:/home/nvidia/ws_point/install/ac_link/lib:/opt/ros/humble/opt/rviz_ogre_vendor/lib:/opt/ros/humble/lib/aarch64-linux-gnu:/opt/ros/humble/lib /usr/bin/cmake --build /home/nvidia/acfly_ws/build/fly_mission -- -j8 -l8
[1.681s] colcon.colcon_core.event_handler.log_command DEBUG Invoked command in '/home/nvidia/acfly_ws/build/multi_pole_detector' returned '1': CMAKE_PREFIX_PATH=${CMAKE_PREFIX_PATH}:/home/nvidia/ws_orbbec/install/gemini_vision:/opt/ros/humble /usr/bin/cmake /home/nvidia/acfly_ws/src/finding_objects_ws/multi_pole_detector -DCMAKE_INSTALL_PREFIX=/home/nvidia/acfly_ws/install/multi_pole_detector
[1.696s] colcon.colcon_core.event_handler.log_command DEBUG Invoked command in '/home/nvidia/acfly_ws/build/ring_detector' returned '1': CMAKE_PREFIX_PATH=${CMAKE_PREFIX_PATH}:/home/nvidia/ws_orbbec/install/gemini_vision:/opt/ros/humble /usr/bin/cmake /home/nvidia/acfly_ws/src/finding_objects_ws/ring_detector -DCMAKE_INSTALL_PREFIX=/home/nvidia/acfly_ws/install/ring_detector
[1.700s] colcon.colcon_core.event_handler.log_command DEBUG Invoked command in '/home/nvidia/acfly_ws/build/pole_detector' returned '1': CMAKE_PREFIX_PATH=${CMAKE_PREFIX_PATH}:/home/nvidia/ws_orbbec/install/gemini_vision:/opt/ros/humble /usr/bin/cmake /home/nvidia/acfly_ws/src/finding_objects_ws/pole_detector -DCMAKE_INSTALL_PREFIX=/home/nvidia/acfly_ws/install/pole_detector
[1.708s] colcon.colcon_core.environment Level 1 create_environment_scripts_only(multi_pole_detector)
[1.714s] colcon.colcon_core.environment Level 1 checking '/home/nvidia/acfly_ws/install/multi_pole_detector' for CMake module files
[1.715s] colcon.colcon_core.environment Level 1 checking '/home/nvidia/acfly_ws/install/multi_pole_detector' for CMake config files
[1.716s] colcon.colcon_core.environment Level 1 checking '/home/nvidia/acfly_ws/install/multi_pole_detector/bin'
[1.716s] colcon.colcon_core.environment Level 1 checking '/home/nvidia/acfly_ws/install/multi_pole_detector/lib/pkgconfig/multi_pole_detector.pc'
[1.716s] colcon.colcon_core.environment Level 1 checking '/home/nvidia/acfly_ws/install/multi_pole_detector/lib/python3.10/site-packages'
[1.717s] colcon.colcon_core.environment Level 1 checking '/home/nvidia/acfly_ws/install/multi_pole_detector/bin'
[1.717s] colcon.colcon_core.shell INFO Creating package script '/home/nvidia/acfly_ws/install/multi_pole_detector/share/multi_pole_detector/package.ps1'
[1.720s] colcon.colcon_core.shell INFO Creating package descriptor '/home/nvidia/acfly_ws/install/multi_pole_detector/share/multi_pole_detector/package.dsv'
[1.721s] colcon.colcon_core.shell INFO Creating package script '/home/nvidia/acfly_ws/install/multi_pole_detector/share/multi_pole_detector/package.sh'
[1.722s] colcon.colcon_core.shell INFO Creating package script '/home/nvidia/acfly_ws/install/multi_pole_detector/share/multi_pole_detector/package.bash'
[1.723s] colcon.colcon_core.shell INFO Creating package script '/home/nvidia/acfly_ws/install/multi_pole_detector/share/multi_pole_detector/package.zsh'
[1.724s] colcon.colcon_core.environment Level 1 create_file_with_runtime_dependencies(/home/nvidia/acfly_ws/install/multi_pole_detector/share/colcon-core/packages/multi_pole_detector)
[1.847s] colcon.colcon_parallel_executor.executor.parallel DEBUG closing loop
[1.848s] colcon.colcon_parallel_executor.executor.parallel DEBUG loop closed
[1.848s] colcon.colcon_parallel_executor.executor.parallel DEBUG run_until_complete finished with '1'
[1.848s] colcon.colcon_core.event_reactor DEBUG joining thread
[1.850s] colcon.colcon_core.event_reactor DEBUG joined thread
[1.851s] colcon.colcon_core.shell INFO Creating prefix script '/home/nvidia/acfly_ws/install/local_setup.ps1'
[1.854s] colcon.colcon_core.shell INFO Creating prefix util module '/home/nvidia/acfly_ws/install/_local_setup_util_ps1.py'
[1.857s] colcon.colcon_core.shell INFO Creating prefix chain script '/home/nvidia/acfly_ws/install/setup.ps1'
[1.862s] colcon.colcon_core.shell INFO Creating prefix script '/home/nvidia/acfly_ws/install/local_setup.sh'
[1.864s] colcon.colcon_core.shell INFO Creating prefix util module '/home/nvidia/acfly_ws/install/_local_setup_util_sh.py'
[1.865s] colcon.colcon_core.shell INFO Creating prefix chain script '/home/nvidia/acfly_ws/install/setup.sh'
[1.868s] colcon.colcon_core.shell INFO Creating prefix script '/home/nvidia/acfly_ws/install/local_setup.bash'
[1.870s] colcon.colcon_core.shell INFO Creating prefix chain script '/home/nvidia/acfly_ws/install/setup.bash'
[1.874s] colcon.colcon_core.shell INFO Creating prefix script '/home/nvidia/acfly_ws/install/local_setup.zsh'
[1.876s] colcon.colcon_core.shell INFO Creating prefix chain script '/home/nvidia/acfly_ws/install/setup.zsh'
