[0.038s] Invoking command in '/home/nvidia/acfly_ws/build/multi_pole_detector': CMAKE_PREFIX_PATH=${CMAKE_PREFIX_PATH}:/home/nvidia/ws_orbbec/install/gemini_vision:/opt/ros/humble /usr/bin/cmake /home/nvidia/acfly_ws/src/finding_objects_ws/multi_pole_detector -DPython3_EXECUTABLE=/usr/bin/python3 -DCMAKE_INSTALL_PREFIX=/home/nvidia/acfly_ws/install/multi_pole_detector
[0.157s] -- The C compiler identification is GNU 11.4.0
[0.248s] -- The CXX compiler identification is GNU 11.4.0
[0.265s] -- Detecting C compiler ABI info
[0.392s] -- Detecting C compiler ABI info - done
[0.402s] -- Check for working C compiler: /usr/bin/cc - skipped
[0.403s] -- Detecting C compile features
[0.404s] -- Detecting C compile features - done
[0.412s] -- Detecting CXX compiler ABI info
[0.561s] -- Detecting CXX compiler ABI info - done
[0.572s] -- Check for working CXX compiler: /usr/bin/c++ - skipped
[0.572s] -- Detecting CXX compile features
[0.572s] -- Detecting CXX compile features - done
[0.582s] -- Found ament_cmake: 1.3.14 (/opt/ros/humble/share/ament_cmake/cmake)
[0.877s] -- Found Python3: /usr/bin/python3 (found version "3.10.12") found components: Interpreter 
[1.112s] -- Found rclcpp: 16.0.19 (/opt/ros/humble/share/rclcpp/cmake)
[1.221s] -- Found rosidl_generator_c: 3.1.9 (/opt/ros/humble/share/rosidl_generator_c/cmake)
[1.234s] -- Found rosidl_adapter: 3.1.9 (/opt/ros/humble/share/rosidl_adapter/cmake)
[1.254s] -- Found rosidl_generator_cpp: 3.1.9 (/opt/ros/humble/share/rosidl_generator_cpp/cmake)
[1.282s] -- Using all available rosidl_typesupport_c: rosidl_typesupport_fastrtps_c;rosidl_typesupport_introspection_c
[1.318s] -- Using all available rosidl_typesupport_cpp: rosidl_typesupport_fastrtps_cpp;rosidl_typesupport_introspection_cpp
[1.422s] -- Found rmw_implementation_cmake: 6.1.2 (/opt/ros/humble/share/rmw_implementation_cmake/cmake)
[1.432s] -- Found rmw_fastrtps_cpp: 6.2.10 (/opt/ros/humble/share/rmw_fastrtps_cpp/cmake)
[1.619s] -- Found OpenSSL: /usr/lib/aarch64-linux-gnu/libcrypto.so (found version "3.0.2")  
[1.673s] -- Found FastRTPS: /opt/ros/humble/include  
[1.746s] -- Using RMW implementation 'rmw_fastrtps_cpp' as default
[1.766s] -- Looking for pthread.h
[1.895s] -- Looking for pthread.h - found
[1.895s] -- Performing Test CMAKE_HAVE_LIBC_PTHREAD
[2.033s] -- Performing Test CMAKE_HAVE_LIBC_PTHREAD - Success
[2.036s] -- Found Threads: TRUE  
[2.205s] -- Found sensor_msgs: 4.9.1 (/opt/ros/humble/share/sensor_msgs/cmake)
[2.276s] -- Found nav_msgs: 4.9.1 (/opt/ros/humble/share/nav_msgs/cmake)
[2.314s] -- Found visualization_msgs: 4.9.1 (/opt/ros/humble/share/visualization_msgs/cmake)
[2.501s] -- Configuring done
[2.523s] -- Generating done
[2.530s] -- Build files have been written to: /home/nvidia/acfly_ws/build/multi_pole_detector
[2.556s] Invoked command in '/home/nvidia/acfly_ws/build/multi_pole_detector' returned '0': CMAKE_PREFIX_PATH=${CMAKE_PREFIX_PATH}:/home/nvidia/ws_orbbec/install/gemini_vision:/opt/ros/humble /usr/bin/cmake /home/nvidia/acfly_ws/src/finding_objects_ws/multi_pole_detector -DPython3_EXECUTABLE=/usr/bin/python3 -DCMAKE_INSTALL_PREFIX=/home/nvidia/acfly_ws/install/multi_pole_detector
[2.558s] Invoking command in '/home/nvidia/acfly_ws/build/multi_pole_detector': CMAKE_PREFIX_PATH=${CMAKE_PREFIX_PATH}:/home/nvidia/ws_orbbec/install/gemini_vision:/opt/ros/humble /usr/bin/cmake --build /home/nvidia/acfly_ws/build/multi_pole_detector -- -j8 -l8
[2.652s] [ 50%] Building CXX object CMakeFiles/multi_pole_detector_node.dir/src/multi_pole_detector_node.cpp.o
[36.156s] [100%] Linking CXX executable multi_pole_detector_node
[37.726s] [100%] Built target multi_pole_detector_node
[37.747s] Invoked command in '/home/nvidia/acfly_ws/build/multi_pole_detector' returned '0': CMAKE_PREFIX_PATH=${CMAKE_PREFIX_PATH}:/home/nvidia/ws_orbbec/install/gemini_vision:/opt/ros/humble /usr/bin/cmake --build /home/nvidia/acfly_ws/build/multi_pole_detector -- -j8 -l8
[37.749s] Invoking command in '/home/nvidia/acfly_ws/build/multi_pole_detector': CMAKE_PREFIX_PATH=${CMAKE_PREFIX_PATH}:/home/nvidia/ws_orbbec/install/gemini_vision:/opt/ros/humble /usr/bin/cmake --install /home/nvidia/acfly_ws/build/multi_pole_detector
[37.764s] -- Install configuration: ""
[37.765s] -- Installing: /home/nvidia/acfly_ws/install/multi_pole_detector/lib/multi_pole_detector/multi_pole_detector_node
[37.779s] -- Set runtime path of "/home/nvidia/acfly_ws/install/multi_pole_detector/lib/multi_pole_detector/multi_pole_detector_node" to ""
[37.779s] -- Installing: /home/nvidia/acfly_ws/install/multi_pole_detector/share/multi_pole_detector/rviz
[37.779s] -- Installing: /home/nvidia/acfly_ws/install/multi_pole_detector/share/multi_pole_detector/rviz/multi_pole_detector.rviz
[37.780s] -- Installing: /home/nvidia/acfly_ws/install/multi_pole_detector/share/ament_index/resource_index/package_run_dependencies/multi_pole_detector
[37.780s] -- Installing: /home/nvidia/acfly_ws/install/multi_pole_detector/share/ament_index/resource_index/parent_prefix_path/multi_pole_detector
[37.780s] -- Installing: /home/nvidia/acfly_ws/install/multi_pole_detector/share/multi_pole_detector/environment/ament_prefix_path.sh
[37.780s] -- Installing: /home/nvidia/acfly_ws/install/multi_pole_detector/share/multi_pole_detector/environment/ament_prefix_path.dsv
[37.781s] -- Installing: /home/nvidia/acfly_ws/install/multi_pole_detector/share/multi_pole_detector/environment/path.sh
[37.781s] -- Installing: /home/nvidia/acfly_ws/install/multi_pole_detector/share/multi_pole_detector/environment/path.dsv
[37.781s] -- Installing: /home/nvidia/acfly_ws/install/multi_pole_detector/share/multi_pole_detector/local_setup.bash
[37.781s] -- Installing: /home/nvidia/acfly_ws/install/multi_pole_detector/share/multi_pole_detector/local_setup.sh
[37.782s] -- Installing: /home/nvidia/acfly_ws/install/multi_pole_detector/share/multi_pole_detector/local_setup.zsh
[37.782s] -- Installing: /home/nvidia/acfly_ws/install/multi_pole_detector/share/multi_pole_detector/local_setup.dsv
[37.782s] -- Installing: /home/nvidia/acfly_ws/install/multi_pole_detector/share/multi_pole_detector/package.dsv
[37.782s] -- Installing: /home/nvidia/acfly_ws/install/multi_pole_detector/share/ament_index/resource_index/packages/multi_pole_detector
[37.782s] -- Installing: /home/nvidia/acfly_ws/install/multi_pole_detector/share/multi_pole_detector/cmake/multi_pole_detectorConfig.cmake
[37.782s] -- Installing: /home/nvidia/acfly_ws/install/multi_pole_detector/share/multi_pole_detector/cmake/multi_pole_detectorConfig-version.cmake
[37.782s] -- Installing: /home/nvidia/acfly_ws/install/multi_pole_detector/share/multi_pole_detector/package.xml
[37.786s] Invoked command in '/home/nvidia/acfly_ws/build/multi_pole_detector' returned '0': CMAKE_PREFIX_PATH=${CMAKE_PREFIX_PATH}:/home/nvidia/ws_orbbec/install/gemini_vision:/opt/ros/humble /usr/bin/cmake --install /home/nvidia/acfly_ws/build/multi_pole_detector
