[0.036s] Invoking command in '/home/nvidia/acfly_ws/build/ring_detector': CMAKE_PREFIX_PATH=${CMAKE_PREFIX_PATH}:/home/nvidia/ws_orbbec/install/gemini_vision:/opt/ros/humble /usr/bin/cmake /home/nvidia/acfly_ws/src/finding_objects_ws/ring_detector -DPython3_EXECUTABLE=/usr/bin/python3 -DCMAKE_INSTALL_PREFIX=/home/nvidia/acfly_ws/install/ring_detector
[0.135s] -- The C compiler identification is GNU 11.4.0
[0.237s] -- The CXX compiler identification is GNU 11.4.0
[0.253s] -- Detecting C compiler ABI info
[0.392s] -- Detecting C compiler ABI info - done
[0.409s] -- Check for working C compiler: /usr/bin/cc - skipped
[0.410s] -- Detecting C compile features
[0.410s] -- Detecting C compile features - done
[0.416s] -- Detecting CXX compiler ABI info
[0.564s] -- Detecting CXX compiler ABI info - done
[0.585s] -- Check for working CXX compiler: /usr/bin/c++ - skipped
[0.586s] -- Detecting CXX compile features
[0.586s] -- Detecting CXX compile features - done
[0.593s] -- Found ament_cmake: 1.3.14 (/opt/ros/humble/share/ament_cmake/cmake)
[0.902s] -- Found Python3: /usr/bin/python3 (found version "3.10.12") found components: Interpreter 
[1.114s] -- Found rclcpp: 16.0.19 (/opt/ros/humble/share/rclcpp/cmake)
[1.198s] -- Found rosidl_generator_c: 3.1.9 (/opt/ros/humble/share/rosidl_generator_c/cmake)
[1.209s] -- Found rosidl_adapter: 3.1.9 (/opt/ros/humble/share/rosidl_adapter/cmake)
[1.225s] -- Found rosidl_generator_cpp: 3.1.9 (/opt/ros/humble/share/rosidl_generator_cpp/cmake)
[1.247s] -- Using all available rosidl_typesupport_c: rosidl_typesupport_fastrtps_c;rosidl_typesupport_introspection_c
[1.277s] -- Using all available rosidl_typesupport_cpp: rosidl_typesupport_fastrtps_cpp;rosidl_typesupport_introspection_cpp
[1.360s] -- Found rmw_implementation_cmake: 6.1.2 (/opt/ros/humble/share/rmw_implementation_cmake/cmake)
[1.366s] -- Found rmw_fastrtps_cpp: 6.2.10 (/opt/ros/humble/share/rmw_fastrtps_cpp/cmake)
[1.525s] -- Found OpenSSL: /usr/lib/aarch64-linux-gnu/libcrypto.so (found version "3.0.2")  
[1.570s] -- Found FastRTPS: /opt/ros/humble/include  
[1.645s] -- Using RMW implementation 'rmw_fastrtps_cpp' as default
[1.665s] -- Looking for pthread.h
[1.805s] -- Looking for pthread.h - found
[1.806s] -- Performing Test CMAKE_HAVE_LIBC_PTHREAD
[1.943s] -- Performing Test CMAKE_HAVE_LIBC_PTHREAD - Success
[1.944s] -- Found Threads: TRUE  
[2.041s] -- Found sensor_msgs: 4.9.1 (/opt/ros/humble/share/sensor_msgs/cmake)
[2.092s] -- Found nav_msgs: 4.9.1 (/opt/ros/humble/share/nav_msgs/cmake)
[2.122s] -- Found visualization_msgs: 4.9.1 (/opt/ros/humble/share/visualization_msgs/cmake)
[2.310s] -- Configuring done
[2.329s] -- Generating done
[2.336s] -- Build files have been written to: /home/nvidia/acfly_ws/build/ring_detector
[2.366s] Invoked command in '/home/nvidia/acfly_ws/build/ring_detector' returned '0': CMAKE_PREFIX_PATH=${CMAKE_PREFIX_PATH}:/home/nvidia/ws_orbbec/install/gemini_vision:/opt/ros/humble /usr/bin/cmake /home/nvidia/acfly_ws/src/finding_objects_ws/ring_detector -DPython3_EXECUTABLE=/usr/bin/python3 -DCMAKE_INSTALL_PREFIX=/home/nvidia/acfly_ws/install/ring_detector
[2.366s] Invoking command in '/home/nvidia/acfly_ws/build/ring_detector': CMAKE_PREFIX_PATH=${CMAKE_PREFIX_PATH}:/home/nvidia/ws_orbbec/install/gemini_vision:/opt/ros/humble /usr/bin/cmake --build /home/nvidia/acfly_ws/build/ring_detector -- -j8 -l8
[2.462s] [ 50%] Building CXX object CMakeFiles/ring_detector_node.dir/src/ring_detector_node.cpp.o
[7.754s] In file included from /usr/include/eigen3/Eigen/Core:214,
[7.754s]                  from /usr/include/eigen3/Eigen/Dense:1,
[7.754s]                  from /home/nvidia/acfly_ws/src/finding_objects_ws/ring_detector/src/ring_detector_node.cpp:32:
[7.754s] /usr/include/eigen3/Eigen/src/Core/arch/NEON/PacketMath.h: In function ‘Packet Eigen::internal::pload(const typename Eigen::internal::unpacket_traits<T>::type*) [with Packet = Eigen::internal::eigen_packet_wrapper<int, 2>; typename Eigen::internal::unpacket_traits<T>::type = signed char]’:
[7.754s] /usr/include/eigen3/Eigen/src/Core/arch/NEON/PacketMath.h:1671:9: warning: ‘void* memcpy(void*, const void*, size_t)’ copying an object of non-trivial type ‘Eigen::internal::Packet4c’ {aka ‘struct Eigen::internal::eigen_packet_wrapper<int, 2>’} from an array of ‘const int8_t’ {aka ‘const signed char’} [-Wclass-memaccess]
[7.755s]  1671 |   memcpy(&res, from, sizeof(Packet4c));
[7.755s]       |   ~~~~~~^~~~~~~~~~~~~~~~~~~~~~~~~~~~~~
[7.755s] In file included from /usr/include/eigen3/Eigen/Core:172,
[7.755s]                  from /usr/include/eigen3/Eigen/Dense:1,
[7.755s]                  from /home/nvidia/acfly_ws/src/finding_objects_ws/ring_detector/src/ring_detector_node.cpp:32:
[7.755s] /usr/include/eigen3/Eigen/src/Core/GenericPacketMath.h:159:8: note: ‘Eigen::internal::Packet4c’ {aka ‘struct Eigen::internal::eigen_packet_wrapper<int, 2>’} declared here
[7.755s]   159 | struct eigen_packet_wrapper
[7.755s]       |        ^~~~~~~~~~~~~~~~~~~~
[7.756s] In file included from /usr/include/eigen3/Eigen/Core:214,
[7.756s]                  from /usr/include/eigen3/Eigen/Dense:1,
[7.756s]                  from /home/nvidia/acfly_ws/src/finding_objects_ws/ring_detector/src/ring_detector_node.cpp:32:
[7.757s] /usr/include/eigen3/Eigen/src/Core/arch/NEON/PacketMath.h: In function ‘Packet Eigen::internal::ploadu(const typename Eigen::internal::unpacket_traits<T>::type*) [with Packet = Eigen::internal::eigen_packet_wrapper<int, 2>; typename Eigen::internal::unpacket_traits<T>::type = signed char]’:
[7.757s] /usr/include/eigen3/Eigen/src/Core/arch/NEON/PacketMath.h:1716:9: warning: ‘void* memcpy(void*, const void*, size_t)’ copying an object of non-trivial type ‘Eigen::internal::Packet4c’ {aka ‘struct Eigen::internal::eigen_packet_wrapper<int, 2>’} from an array of ‘const int8_t’ {aka ‘const signed char’} [-Wclass-memaccess]
[7.757s]  1716 |   memcpy(&res, from, sizeof(Packet4c));
[7.757s]       |   ~~~~~~^~~~~~~~~~~~~~~~~~~~~~~~~~~~~~
[7.757s] In file included from /usr/include/eigen3/Eigen/Core:172,
[7.757s]                  from /usr/include/eigen3/Eigen/Dense:1,
[7.757s]                  from /home/nvidia/acfly_ws/src/finding_objects_ws/ring_detector/src/ring_detector_node.cpp:32:
[7.757s] /usr/include/eigen3/Eigen/src/Core/GenericPacketMath.h:159:8: note: ‘Eigen::internal::Packet4c’ {aka ‘struct Eigen::internal::eigen_packet_wrapper<int, 2>’} declared here
[7.757s]   159 | struct eigen_packet_wrapper
[7.757s]       |        ^~~~~~~~~~~~~~~~~~~~
[37.335s] [100%] Linking CXX executable ring_detector_node
[38.845s] [100%] Built target ring_detector_node
