-- The C compiler identification is GNU 11.4.0
-- The CXX compiler identification is GNU 11.4.0
-- Detecting C compiler ABI info
-- Detecting C compiler ABI info - done
-- Check for working C compiler: /usr/bin/cc - skipped
-- Detecting C compile features
-- Detecting C compile features - done
-- Detecting CXX compiler ABI info
-- Detecting CXX compiler ABI info - done
-- Check for working CXX compiler: /usr/bin/c++ - skipped
-- Detecting CXX compile features
-- Detecting CXX compile features - done
-- Found ament_cmake: 1.3.14 (/opt/ros/humble/share/ament_cmake/cmake)
-- Found Python3: /usr/bin/python3 (found version "3.10.12") found components: Interpreter 
-- Found rclcpp: 16.0.19 (/opt/ros/humble/share/rclcpp/cmake)
-- Found rosidl_generator_c: 3.1.9 (/opt/ros/humble/share/rosidl_generator_c/cmake)
-- Found rosidl_adapter: 3.1.9 (/opt/ros/humble/share/rosidl_adapter/cmake)
-- Found rosidl_generator_cpp: 3.1.9 (/opt/ros/humble/share/rosidl_generator_cpp/cmake)
-- Using all available rosidl_typesupport_c: rosidl_typesupport_fastrtps_c;rosidl_typesupport_introspection_c
-- Using all available rosidl_typesupport_cpp: rosidl_typesupport_fastrtps_cpp;rosidl_typesupport_introspection_cpp
-- Found rmw_implementation_cmake: 6.1.2 (/opt/ros/humble/share/rmw_implementation_cmake/cmake)
-- Found rmw_fastrtps_cpp: 6.2.10 (/opt/ros/humble/share/rmw_fastrtps_cpp/cmake)
-- Found OpenSSL: /usr/lib/aarch64-linux-gnu/libcrypto.so (found version "3.0.2")  
-- Found FastRTPS: /opt/ros/humble/include  
-- Using RMW implementation 'rmw_fastrtps_cpp' as default
-- Looking for pthread.h
-- Looking for pthread.h - found
-- Performing Test CMAKE_HAVE_LIBC_PTHREAD
-- Performing Test CMAKE_HAVE_LIBC_PTHREAD - Success
-- Found Threads: TRUE  
-- Found geometry_msgs: 4.9.1 (/opt/ros/humble/share/geometry_msgs/cmake)
-- Found mavros_msgs: 2.12.0 (/home/nvidia/acfly_ws/install/mavros_msgs/share/mavros_msgs/cmake)
-- Found nav_msgs: 4.9.1 (/opt/ros/humble/share/nav_msgs/cmake)
-- Found tf2: 0.25.20 (/opt/ros/humble/share/tf2/cmake)
-- Found nlohmann_json: /usr/lib/cmake/nlohmann_json/nlohmann_jsonConfig.cmake (found version "3.10.5") 
-- Found ament_lint_auto: 0.12.15 (/opt/ros/humble/share/ament_lint_auto/cmake)
-- Added test 'cppcheck' to perform static code analysis on C / C++ code
-- Configured cppcheck include dirs: /home/nvidia/acfly_ws/src/fly_mission/include
-- Configured cppcheck exclude dirs and/or files: 
-- Added test 'lint_cmake' to check CMake code style
-- Added test 'uncrustify' to check C / C++ code style
-- Configured uncrustify additional arguments: 
-- Added test 'xmllint' to check XML markup files
-- Configuring done
-- Generating done
-- Build files have been written to: /home/nvidia/acfly_ws/build/fly_mission
[ 12%] Building CXX object CMakeFiles/fly_mission_node.dir/src/drone_controller.cpp.o
[ 25%] Building CXX object CMakeFiles/fly_mission_node.dir/src/fly_mission_node.cpp.o
[ 37%] Building CXX object CMakeFiles/fly_mission_node.dir/src/find_figure.cpp.o
[ 50%] Building CXX object CMakeFiles/fly_mission_node.dir/src/waypoint_receiver.cpp.o
[ 75%] Building CXX object CMakeFiles/fly_mission_node.dir/src/line_follower.cpp.o
[ 62%] Building CXX object CMakeFiles/fly_mission_node.dir/src/ring_driller.cpp.o
[ 87%] Building CXX object CMakeFiles/fly_mission_node.dir/src/avoidance.cpp.o
[100%] Linking CXX executable fly_mission_node
[100%] Built target fly_mission_node
-- Install configuration: ""
-- Installing: /home/nvidia/acfly_ws/install/fly_mission/lib/fly_mission/fly_mission_node
-- Set runtime path of "/home/nvidia/acfly_ws/install/fly_mission/lib/fly_mission/fly_mission_node" to ""
-- Installing: /home/nvidia/acfly_ws/install/fly_mission/include/
-- Installing: /home/nvidia/acfly_ws/install/fly_mission/include//fly_mission
-- Installing: /home/nvidia/acfly_ws/install/fly_mission/include//fly_mission/shm_mailbox.hpp
-- Installing: /home/nvidia/acfly_ws/install/fly_mission/include//fly_mission/avoidance.hpp
-- Installing: /home/nvidia/acfly_ws/install/fly_mission/include//fly_mission/drone_controller.hpp
-- Installing: /home/nvidia/acfly_ws/install/fly_mission/include//fly_mission/waypoint_receiver.hpp
-- Installing: /home/nvidia/acfly_ws/install/fly_mission/include//fly_mission/find_figure.hpp
-- Installing: /home/nvidia/acfly_ws/install/fly_mission/include//fly_mission/params.hpp
-- Installing: /home/nvidia/acfly_ws/install/fly_mission/include//fly_mission/waypoint_runner.hpp
-- Installing: /home/nvidia/acfly_ws/install/fly_mission/include//fly_mission/waypoints.hpp
-- Installing: /home/nvidia/acfly_ws/install/fly_mission/include//fly_mission/line_follower.hpp
-- Installing: /home/nvidia/acfly_ws/install/fly_mission/include//fly_mission/ring_driller.hpp
-- Installing: /home/nvidia/acfly_ws/install/fly_mission/share/ament_index/resource_index/package_run_dependencies/fly_mission
-- Installing: /home/nvidia/acfly_ws/install/fly_mission/share/ament_index/resource_index/parent_prefix_path/fly_mission
-- Installing: /home/nvidia/acfly_ws/install/fly_mission/share/fly_mission/environment/ament_prefix_path.sh
-- Installing: /home/nvidia/acfly_ws/install/fly_mission/share/fly_mission/environment/ament_prefix_path.dsv
-- Installing: /home/nvidia/acfly_ws/install/fly_mission/share/fly_mission/environment/path.sh
-- Installing: /home/nvidia/acfly_ws/install/fly_mission/share/fly_mission/environment/path.dsv
-- Installing: /home/nvidia/acfly_ws/install/fly_mission/share/fly_mission/local_setup.bash
-- Installing: /home/nvidia/acfly_ws/install/fly_mission/share/fly_mission/local_setup.sh
-- Installing: /home/nvidia/acfly_ws/install/fly_mission/share/fly_mission/local_setup.zsh
-- Installing: /home/nvidia/acfly_ws/install/fly_mission/share/fly_mission/local_setup.dsv
-- Installing: /home/nvidia/acfly_ws/install/fly_mission/share/fly_mission/package.dsv
-- Installing: /home/nvidia/acfly_ws/install/fly_mission/share/ament_index/resource_index/packages/fly_mission
-- Installing: /home/nvidia/acfly_ws/install/fly_mission/share/fly_mission/cmake/fly_missionConfig.cmake
-- Installing: /home/nvidia/acfly_ws/install/fly_mission/share/fly_mission/cmake/fly_missionConfig-version.cmake
-- Installing: /home/nvidia/acfly_ws/install/fly_mission/share/fly_mission/package.xml
