[0.042s] Invoking command in '/home/nvidia/acfly_ws/build/fly_mission': CMAKE_PREFIX_PATH=${CMAKE_PREFIX_PATH}:/home/nvidia/ws_orbbec/install/gemini_vision:/opt/ros/humble /usr/bin/cmake /home/nvidia/acfly_ws/src/fly_mission -DPython3_EXECUTABLE=/usr/bin/python3 -DCMAKE_INSTALL_PREFIX=/home/nvidia/acfly_ws/install/fly_mission
[0.181s] -- The C compiler identification is GNU 11.4.0
[0.291s] -- The CXX compiler identification is GNU 11.4.0
[0.309s] -- Detecting C compiler ABI info
[0.439s] -- Detecting C compiler ABI info - done
[0.457s] -- Check for working C compiler: /usr/bin/cc - skipped
[0.458s] -- Detecting C compile features
[0.459s] -- Detecting C compile features - done
[0.468s] -- Detecting CXX compiler ABI info
[0.628s] -- Detecting CXX compiler ABI info - done
[0.631s] -- Check for working CXX compiler: /usr/bin/c++ - skipped
[0.632s] -- Detecting CXX compile features
[0.632s] -- Detecting CXX compile features - done
[0.639s] -- Found ament_cmake: 1.3.14 (/opt/ros/humble/share/ament_cmake/cmake)
[0.930s] -- Found Python3: /usr/bin/python3 (found version "3.10.12") found components: Interpreter 
[1.137s] -- Found rclcpp: 16.0.19 (/opt/ros/humble/share/rclcpp/cmake)
[1.219s] -- Found rosidl_generator_c: 3.1.9 (/opt/ros/humble/share/rosidl_generator_c/cmake)
[1.229s] -- Found rosidl_adapter: 3.1.9 (/opt/ros/humble/share/rosidl_adapter/cmake)
[1.246s] -- Found rosidl_generator_cpp: 3.1.9 (/opt/ros/humble/share/rosidl_generator_cpp/cmake)
[1.269s] -- Using all available rosidl_typesupport_c: rosidl_typesupport_fastrtps_c;rosidl_typesupport_introspection_c
[1.299s] -- Using all available rosidl_typesupport_cpp: rosidl_typesupport_fastrtps_cpp;rosidl_typesupport_introspection_cpp
[1.384s] -- Found rmw_implementation_cmake: 6.1.2 (/opt/ros/humble/share/rmw_implementation_cmake/cmake)
[1.391s] -- Found rmw_fastrtps_cpp: 6.2.10 (/opt/ros/humble/share/rmw_fastrtps_cpp/cmake)
[1.572s] -- Found OpenSSL: /usr/lib/aarch64-linux-gnu/libcrypto.so (found version "3.0.2")  
[1.625s] -- Found FastRTPS: /opt/ros/humble/include  
[1.697s] -- Using RMW implementation 'rmw_fastrtps_cpp' as default
[1.715s] -- Looking for pthread.h
[1.854s] -- Looking for pthread.h - found
[1.856s] -- Performing Test CMAKE_HAVE_LIBC_PTHREAD
[1.995s] -- Performing Test CMAKE_HAVE_LIBC_PTHREAD - Success
[1.997s] -- Found Threads: TRUE  
[2.106s] -- Found geometry_msgs: 4.9.1 (/opt/ros/humble/share/geometry_msgs/cmake)
[2.126s] -- Found mavros_msgs: 2.12.0 (/home/nvidia/acfly_ws/install/mavros_msgs/share/mavros_msgs/cmake)
[2.247s] -- Found nav_msgs: 4.9.1 (/opt/ros/humble/share/nav_msgs/cmake)
[2.276s] -- Found tf2: 0.25.20 (/opt/ros/humble/share/tf2/cmake)
[2.300s] -- Found nlohmann_json: /usr/lib/cmake/nlohmann_json/nlohmann_jsonConfig.cmake (found version "3.10.5") 
[2.312s] -- Found ament_lint_auto: 0.12.15 (/opt/ros/humble/share/ament_lint_auto/cmake)
[2.484s] -- Added test 'cppcheck' to perform static code analysis on C / C++ code
[2.485s] -- Configured cppcheck include dirs: /home/nvidia/acfly_ws/src/fly_mission/include
[2.485s] -- Configured cppcheck exclude dirs and/or files: 
[2.487s] -- Added test 'lint_cmake' to check CMake code style
[2.490s] -- Added test 'uncrustify' to check C / C++ code style
[2.491s] -- Configured uncrustify additional arguments: 
[2.493s] -- Added test 'xmllint' to check XML markup files
[2.496s] -- Configuring done
[2.523s] -- Generating done
[2.532s] -- Build files have been written to: /home/nvidia/acfly_ws/build/fly_mission
[2.564s] Invoked command in '/home/nvidia/acfly_ws/build/fly_mission' returned '0': CMAKE_PREFIX_PATH=${CMAKE_PREFIX_PATH}:/home/nvidia/ws_orbbec/install/gemini_vision:/opt/ros/humble /usr/bin/cmake /home/nvidia/acfly_ws/src/fly_mission -DPython3_EXECUTABLE=/usr/bin/python3 -DCMAKE_INSTALL_PREFIX=/home/nvidia/acfly_ws/install/fly_mission
[2.564s] Invoking command in '/home/nvidia/acfly_ws/build/fly_mission': CMAKE_PREFIX_PATH=${CMAKE_PREFIX_PATH}:/home/nvidia/ws_orbbec/install/gemini_vision:/opt/ros/humble /usr/bin/cmake --build /home/nvidia/acfly_ws/build/fly_mission -- -j8 -l8
[2.656s] [ 12%] Building CXX object CMakeFiles/fly_mission_node.dir/src/drone_controller.cpp.o
[2.657s] [ 25%] Building CXX object CMakeFiles/fly_mission_node.dir/src/fly_mission_node.cpp.o
[2.668s] [ 37%] Building CXX object CMakeFiles/fly_mission_node.dir/src/find_figure.cpp.o
[2.673s] [ 50%] Building CXX object CMakeFiles/fly_mission_node.dir/src/waypoint_receiver.cpp.o
[2.773s] [ 75%] Building CXX object CMakeFiles/fly_mission_node.dir/src/line_follower.cpp.o
[2.777s] [ 62%] Building CXX object CMakeFiles/fly_mission_node.dir/src/ring_driller.cpp.o
[2.812s] [ 87%] Building CXX object CMakeFiles/fly_mission_node.dir/src/avoidance.cpp.o
[41.519s] [100%] Linking CXX executable fly_mission_node
[45.073s] [100%] Built target fly_mission_node
[45.095s] Invoked command in '/home/nvidia/acfly_ws/build/fly_mission' returned '0': CMAKE_PREFIX_PATH=${CMAKE_PREFIX_PATH}:/home/nvidia/ws_orbbec/install/gemini_vision:/opt/ros/humble /usr/bin/cmake --build /home/nvidia/acfly_ws/build/fly_mission -- -j8 -l8
[45.098s] Invoking command in '/home/nvidia/acfly_ws/build/fly_mission': CMAKE_PREFIX_PATH=${CMAKE_PREFIX_PATH}:/home/nvidia/ws_orbbec/install/gemini_vision:/opt/ros/humble /usr/bin/cmake --install /home/nvidia/acfly_ws/build/fly_mission
[45.112s] -- Install configuration: ""
[45.112s] -- Installing: /home/nvidia/acfly_ws/install/fly_mission/lib/fly_mission/fly_mission_node
[45.136s] -- Set runtime path of "/home/nvidia/acfly_ws/install/fly_mission/lib/fly_mission/fly_mission_node" to ""
[45.137s] -- Installing: /home/nvidia/acfly_ws/install/fly_mission/include/
[45.137s] -- Installing: /home/nvidia/acfly_ws/install/fly_mission/include//fly_mission
[45.137s] -- Installing: /home/nvidia/acfly_ws/install/fly_mission/include//fly_mission/shm_mailbox.hpp
[45.137s] -- Installing: /home/nvidia/acfly_ws/install/fly_mission/include//fly_mission/avoidance.hpp
[45.137s] -- Installing: /home/nvidia/acfly_ws/install/fly_mission/include//fly_mission/drone_controller.hpp
[45.138s] -- Installing: /home/nvidia/acfly_ws/install/fly_mission/include//fly_mission/waypoint_receiver.hpp
[45.138s] -- Installing: /home/nvidia/acfly_ws/install/fly_mission/include//fly_mission/find_figure.hpp
[45.138s] -- Installing: /home/nvidia/acfly_ws/install/fly_mission/include//fly_mission/params.hpp
[45.138s] -- Installing: /home/nvidia/acfly_ws/install/fly_mission/include//fly_mission/waypoint_runner.hpp
[45.138s] -- Installing: /home/nvidia/acfly_ws/install/fly_mission/include//fly_mission/waypoints.hpp
[45.138s] -- Installing: /home/nvidia/acfly_ws/install/fly_mission/include//fly_mission/line_follower.hpp
[45.138s] -- Installing: /home/nvidia/acfly_ws/install/fly_mission/include//fly_mission/ring_driller.hpp
[45.138s] -- Installing: /home/nvidia/acfly_ws/install/fly_mission/share/ament_index/resource_index/package_run_dependencies/fly_mission
[45.139s] -- Installing: /home/nvidia/acfly_ws/install/fly_mission/share/ament_index/resource_index/parent_prefix_path/fly_mission
[45.139s] -- Installing: /home/nvidia/acfly_ws/install/fly_mission/share/fly_mission/environment/ament_prefix_path.sh
[45.139s] -- Installing: /home/nvidia/acfly_ws/install/fly_mission/share/fly_mission/environment/ament_prefix_path.dsv
[45.139s] -- Installing: /home/nvidia/acfly_ws/install/fly_mission/share/fly_mission/environment/path.sh
[45.140s] -- Installing: /home/nvidia/acfly_ws/install/fly_mission/share/fly_mission/environment/path.dsv
[45.140s] -- Installing: /home/nvidia/acfly_ws/install/fly_mission/share/fly_mission/local_setup.bash
[45.140s] -- Installing: /home/nvidia/acfly_ws/install/fly_mission/share/fly_mission/local_setup.sh
[45.140s] -- Installing: /home/nvidia/acfly_ws/install/fly_mission/share/fly_mission/local_setup.zsh
[45.140s] -- Installing: /home/nvidia/acfly_ws/install/fly_mission/share/fly_mission/local_setup.dsv
[45.141s] -- Installing: /home/nvidia/acfly_ws/install/fly_mission/share/fly_mission/package.dsv
[45.141s] -- Installing: /home/nvidia/acfly_ws/install/fly_mission/share/ament_index/resource_index/packages/fly_mission
[45.141s] -- Installing: /home/nvidia/acfly_ws/install/fly_mission/share/fly_mission/cmake/fly_missionConfig.cmake
[45.141s] -- Installing: /home/nvidia/acfly_ws/install/fly_mission/share/fly_mission/cmake/fly_missionConfig-version.cmake
[45.141s] -- Installing: /home/nvidia/acfly_ws/install/fly_mission/share/fly_mission/package.xml
[45.146s] Invoked command in '/home/nvidia/acfly_ws/build/fly_mission' returned '0': CMAKE_PREFIX_PATH=${CMAKE_PREFIX_PATH}:/home/nvidia/ws_orbbec/install/gemini_vision:/opt/ros/humble /usr/bin/cmake --install /home/nvidia/acfly_ws/build/fly_mission
