[0.058s] Invoking command in '/home/nvidia/acfly_ws/build/fly_mission': CMAKE_PREFIX_PATH=${CMAKE_PREFIX_PATH}:/home/nvidia/ws_opencv/github_vison-master/install/pointcloud_mapper:/home/nvidia/ws_opencv/github_vison-master/install/gemini_vision:/home/nvidia/ws_opencv/github_vison-master/install/finding:/home/nvidia/ws_orbbec/install/gemini_vision:/opt/ros/humble /usr/bin/cmake --build /home/nvidia/acfly_ws/build/fly_mission -- -j8 -l8
[0.224s] [ 12%] [32mBuilding CXX object CMakeFiles/fly_mission_node.dir/src/drone_controller.cpp.o[0m
[0.224s] [ 25%] [32mBuilding CXX object CMakeFiles/fly_mission_node.dir/src/fly_mission_node.cpp.o[0m
[0.224s] [ 37%] [32mBuilding CXX object CMakeFiles/fly_mission_node.dir/src/line_follower.cpp.o[0m
[0.224s] [ 50%] [32mBuilding CXX object CMakeFiles/fly_mission_node.dir/src/ring_driller.cpp.o[0m
[0.224s] [ 62%] [32mBuilding CXX object CMakeFiles/fly_mission_node.dir/src/find_figure.cpp.o[0m
[30.420s] [ 75%] [32m[1mLinking CXX executable fly_mission_node[0m
[33.809s] [100%] Built target fly_mission_node
[33.831s] Invoked command in '/home/nvidia/acfly_ws/build/fly_mission' returned '0': CMAKE_PREFIX_PATH=${CMAKE_PREFIX_PATH}:/home/nvidia/ws_opencv/github_vison-master/install/pointcloud_mapper:/home/nvidia/ws_opencv/github_vison-master/install/gemini_vision:/home/nvidia/ws_opencv/github_vison-master/install/finding:/home/nvidia/ws_orbbec/install/gemini_vision:/opt/ros/humble /usr/bin/cmake --build /home/nvidia/acfly_ws/build/fly_mission -- -j8 -l8
[33.834s] Invoking command in '/home/nvidia/acfly_ws/build/fly_mission': CMAKE_PREFIX_PATH=${CMAKE_PREFIX_PATH}:/home/nvidia/ws_opencv/github_vison-master/install/pointcloud_mapper:/home/nvidia/ws_opencv/github_vison-master/install/gemini_vision:/home/nvidia/ws_opencv/github_vison-master/install/finding:/home/nvidia/ws_orbbec/install/gemini_vision:/opt/ros/humble /usr/bin/cmake --install /home/nvidia/acfly_ws/build/fly_mission
[33.851s] -- Install configuration: ""
[33.851s] -- Installing: /home/nvidia/acfly_ws/install/fly_mission/lib/fly_mission/fly_mission_node
[33.875s] -- Set runtime path of "/home/nvidia/acfly_ws/install/fly_mission/lib/fly_mission/fly_mission_node" to ""
[33.876s] -- Up-to-date: /home/nvidia/acfly_ws/install/fly_mission/include/
[33.876s] -- Up-to-date: /home/nvidia/acfly_ws/install/fly_mission/include//fly_mission
[33.877s] -- Up-to-date: /home/nvidia/acfly_ws/install/fly_mission/include//fly_mission/shm_mailbox.hpp
[33.877s] -- Up-to-date: /home/nvidia/acfly_ws/install/fly_mission/include//fly_mission/avoidance.hpp
[33.877s] -- Up-to-date: /home/nvidia/acfly_ws/install/fly_mission/include//fly_mission/arduino_serial.hpp
[33.878s] -- Up-to-date: /home/nvidia/acfly_ws/install/fly_mission/include//fly_mission/drone_controller.hpp
[33.878s] -- Up-to-date: /home/nvidia/acfly_ws/install/fly_mission/include//fly_mission/waypoint_receiver.hpp
[33.878s] -- Up-to-date: /home/nvidia/acfly_ws/install/fly_mission/include//fly_mission/find_figure.hpp
[33.878s] -- Installing: /home/nvidia/acfly_ws/install/fly_mission/include//fly_mission/params.hpp
[33.878s] -- Up-to-date: /home/nvidia/acfly_ws/install/fly_mission/include//fly_mission/waypoint_runner.hpp
[33.879s] -- Up-to-date: /home/nvidia/acfly_ws/install/fly_mission/include//fly_mission/waypoints.hpp
[33.879s] -- Up-to-date: /home/nvidia/acfly_ws/install/fly_mission/include//fly_mission/line_follower.hpp
[33.879s] -- Up-to-date: /home/nvidia/acfly_ws/install/fly_mission/include//fly_mission/ring_driller.hpp
[33.879s] -- Up-to-date: /home/nvidia/acfly_ws/install/fly_mission/share/ament_index/resource_index/package_run_dependencies/fly_mission
[33.880s] -- Up-to-date: /home/nvidia/acfly_ws/install/fly_mission/share/ament_index/resource_index/parent_prefix_path/fly_mission
[33.880s] -- Up-to-date: /home/nvidia/acfly_ws/install/fly_mission/share/fly_mission/environment/ament_prefix_path.sh
[33.881s] -- Up-to-date: /home/nvidia/acfly_ws/install/fly_mission/share/fly_mission/environment/ament_prefix_path.dsv
[33.883s] -- Up-to-date: /home/nvidia/acfly_ws/install/fly_mission/share/fly_mission/environment/path.sh
[33.884s] -- Up-to-date: /home/nvidia/acfly_ws/install/fly_mission/share/fly_mission/environment/path.dsv
[33.884s] -- Up-to-date: /home/nvidia/acfly_ws/install/fly_mission/share/fly_mission/local_setup.bash
[33.884s] -- Up-to-date: /home/nvidia/acfly_ws/install/fly_mission/share/fly_mission/local_setup.sh
[33.885s] -- Up-to-date: /home/nvidia/acfly_ws/install/fly_mission/share/fly_mission/local_setup.zsh
[33.885s] -- Up-to-date: /home/nvidia/acfly_ws/install/fly_mission/share/fly_mission/local_setup.dsv
[33.886s] -- Installing: /home/nvidia/acfly_ws/install/fly_mission/share/fly_mission/package.dsv
[33.886s] -- Up-to-date: /home/nvidia/acfly_ws/install/fly_mission/share/ament_index/resource_index/packages/fly_mission
[33.887s] -- Up-to-date: /home/nvidia/acfly_ws/install/fly_mission/share/fly_mission/cmake/fly_missionConfig.cmake
[33.887s] -- Up-to-date: /home/nvidia/acfly_ws/install/fly_mission/share/fly_mission/cmake/fly_missionConfig-version.cmake
[33.887s] -- Up-to-date: /home/nvidia/acfly_ws/install/fly_mission/share/fly_mission/package.xml
[33.888s] Invoked command in '/home/nvidia/acfly_ws/build/fly_mission' returned '0': CMAKE_PREFIX_PATH=${CMAKE_PREFIX_PATH}:/home/nvidia/ws_opencv/github_vison-master/install/pointcloud_mapper:/home/nvidia/ws_opencv/github_vison-master/install/gemini_vision:/home/nvidia/ws_opencv/github_vison-master/install/finding:/home/nvidia/ws_orbbec/install/gemini_vision:/opt/ros/humble /usr/bin/cmake --install /home/nvidia/acfly_ws/build/fly_mission
