[0.053s] Invoking command in '/home/nvidia/acfly_ws/build/mavros_extras': CMAKE_PREFIX_PATH=/home/nvidia/acfly_ws/install/mavros:/home/nvidia/acfly_ws/install/libmavconn:/home/nvidia/acfly_ws/install/mavros_msgs:/home/nvidia/acfly_ws/install/mavlink:/home/nvidia/acfly_ws/install/mavros_extras:/home/nvidia/acfly_ws/install/fly_mission_gps:/home/nvidia/acfly_ws/install/fly_mission:/home/nvidia/ws_orbbec/install/orbbec_description:/home/nvidia/ws_orbbec/install/orbbec_camera:/home/nvidia/ws_orbbec/install/orbbec_camera_msgs:/home/nvidia/ws_livox/install/livox_ros_driver2:/home/nvidia/ws_point/install/pos_link:/home/nvidia/ws_point/install/point_lio:/home/nvidia/ws_point/install/pcl_cloud:/home/nvidia/ws_point/install/ac_link:/home/nvidia/ws_orbbec/install/gemini_vision:/opt/ros/humble LD_LIBRARY_PATH=/home/nvidia/acfly_ws/install/mavros/lib:/home/nvidia/acfly_ws/install/libmavconn/lib:/home/nvidia/acfly_ws/install/mavros_msgs/lib:/usr/local/lib:/usr/local/lib:/home/nvidia/acfly_ws/install/mavros_extras/lib:/home/nvidia/ws_orbbec/install/orbbec_camera/lib:/home/nvidia/ws_orbbec/install/orbbec_camera_msgs/lib:/home/nvidia/ws_livox/install/livox_ros_driver2/lib:/home/nvidia/ws_point/install/ac_link/lib:/opt/ros/humble/opt/rviz_ogre_vendor/lib:/opt/ros/humble/lib/aarch64-linux-gnu:/opt/ros/humble/lib /usr/bin/cmake --build /home/nvidia/acfly_ws/build/mavros_extras -- -j8 -l8
[0.143s] -- Found ament_cmake: 1.3.14 (/opt/ros/humble/share/ament_cmake/cmake)
[0.380s] -- Override CMake install command with custom implementation using symlinks instead of copying resources
[0.401s] -- Found rclcpp: 16.0.19 (/opt/ros/humble/share/rclcpp/cmake)
[0.464s] -- Found rosidl_generator_c: 3.1.9 (/opt/ros/humble/share/rosidl_generator_c/cmake)
[0.468s] -- Found rosidl_adapter: 3.1.9 (/opt/ros/humble/share/rosidl_adapter/cmake)
[0.480s] -- Found rosidl_generator_cpp: 3.1.9 (/opt/ros/humble/share/rosidl_generator_cpp/cmake)
[0.501s] -- Using all available rosidl_typesupport_c: rosidl_typesupport_fastrtps_c;rosidl_typesupport_introspection_c
[0.523s] -- Using all available rosidl_typesupport_cpp: rosidl_typesupport_fastrtps_cpp;rosidl_typesupport_introspection_cpp
[0.577s] -- Found rmw_implementation_cmake: 6.1.2 (/opt/ros/humble/share/rmw_implementation_cmake/cmake)
[0.580s] -- Found rmw_fastrtps_cpp: 6.2.10 (/opt/ros/humble/share/rmw_fastrtps_cpp/cmake)
[0.742s] -- Using RMW implementation 'rmw_fastrtps_cpp' as default
[0.825s] -- Found rclcpp_components: 16.0.19 (/opt/ros/humble/share/rclcpp_components/cmake)
[0.854s] -- Found pluginlib: 5.1.4 (/opt/ros/humble/share/pluginlib/cmake)
[0.876s] -- Found message_filters: 4.3.18 (/opt/ros/humble/share/message_filters/cmake)
[0.881s] -- Found mavros: 2.12.0 (/home/nvidia/acfly_ws/install/mavros/share/mavros/cmake)
[0.887s] -- Found libmavconn: 2.12.0 (/home/nvidia/acfly_ws/install/libmavconn/share/libmavconn/cmake)
[0.893s] -- Found angles: 1.15.0 (/opt/ros/humble/share/angles/cmake)
[0.896s] -- Found eigen_stl_containers: 1.1.0 (/opt/ros/humble/share/eigen_stl_containers/cmake)
[0.899s] -- Found tf2_eigen: 0.25.20 (/opt/ros/humble/share/tf2_eigen/cmake)
[1.017s] -- Found urdf: 2.6.1 (/opt/ros/humble/share/urdf/cmake)
[1.026s] -- Found diagnostic_msgs: 4.9.1 (/opt/ros/humble/share/diagnostic_msgs/cmake)
[1.044s] -- Found diagnostic_updater: 4.0.7 (/opt/ros/humble/share/diagnostic_updater/cmake)
[1.051s] -- Found geographic_msgs: 1.0.6 (/opt/ros/humble/share/geographic_msgs/cmake)
[1.078s] -- Found mavros_msgs: 2.12.0 (/home/nvidia/acfly_ws/install/mavros_msgs/share/mavros_msgs/cmake)
[1.133s] -- Found nav_msgs: 4.9.1 (/opt/ros/humble/share/nav_msgs/cmake)
[1.159s] -- Found std_srvs: 4.9.1 (/opt/ros/humble/share/std_srvs/cmake)
[1.173s] -- Found trajectory_msgs: 4.9.1 (/opt/ros/humble/share/trajectory_msgs/cmake)
[1.197s] -- Found visualization_msgs: 4.9.1 (/opt/ros/humble/share/visualization_msgs/cmake)
[1.228s] -- Found yaml_cpp_vendor: 8.0.2 (/opt/ros/humble/share/yaml_cpp_vendor/cmake)
[1.230s] -- Found ament_cmake_gtest: 1.3.14 (/opt/ros/humble/share/ament_cmake_gtest/cmake)
[1.232s] -- Found ament_cmake_gmock: 1.3.14 (/opt/ros/humble/share/ament_cmake_gmock/cmake)
[1.233s] -- Found ament_lint_auto: 0.12.15 (/opt/ros/humble/share/ament_lint_auto/cmake)
[1.446s] -- Added test 'cppcheck' to perform static code analysis on C / C++ code
[1.447s] -- Configured cppcheck include dirs: $<BUILD_INTERFACE:/home/nvidia/acfly_ws/src/acfly_mavros/mavros/mavros_extras/include>
[1.447s] -- Configured cppcheck exclude dirs and/or files: 
[1.450s] -- Added test 'cpplint' to check C / C++ code against the Google style
[1.451s] -- Configured cpplint exclude dirs and/or files: 
[1.453s] -- Added test 'lint_cmake' to check CMake code style
[1.454s] -- Added test 'xmllint' to check XML markup files
[1.461s] -- Configuring done
[1.525s] -- Generating done
[1.541s] -- Build files have been written to: /home/nvidia/acfly_ws/build/mavros_extras
[1.612s] [35m[1mConsolidate compiler generated dependencies of target mavros_extras[0m
[1.613s] [35m[1mConsolidate compiler generated dependencies of target servo_state_publisher[0m
[1.652s] [  4%] [32mBuilding CXX object CMakeFiles/servo_state_publisher.dir/rclcpp_components/node_main_servo_state_publisher.cpp.o[0m
[1.652s] [  4%] [32mBuilding CXX object CMakeFiles/mavros_extras.dir/src/lib/servo_state_publisher.cpp.o[0m
[1.730s] [35m[1mConsolidate compiler generated dependencies of target mavros_extras_plugins[0m
[2.134s] [  6%] [32mBuilding CXX object CMakeFiles/mavros_extras_plugins.dir/src/plugins/3dr_radio.cpp.o[0m
[2.136s] [  9%] [32mBuilding CXX object CMakeFiles/mavros_extras_plugins.dir/src/plugins/adsb.cpp.o[0m
[2.140s] [ 11%] [32mBuilding CXX object CMakeFiles/mavros_extras_plugins.dir/src/plugins/cam_imu_sync.cpp.o[0m
[2.148s] [ 16%] [32mBuilding CXX object CMakeFiles/mavros_extras_plugins.dir/src/plugins/companion_process_status.cpp.o[0m
[2.148s] [ 16%] [32mBuilding CXX object CMakeFiles/mavros_extras_plugins.dir/src/plugins/cellular_status.cpp.o[0m
[2.149s] [ 18%] [32mBuilding CXX object CMakeFiles/mavros_extras_plugins.dir/src/plugins/camera.cpp.o[0m
[10.627s] [ 20%] [32m[1mLinking CXX executable servo_state_publisher[0m
[10.950s] [ 20%] Built target servo_state_publisher
[10.971s] [ 23%] [32mBuilding CXX object CMakeFiles/mavros_extras_plugins.dir/src/plugins/debug_value.cpp.o[0m
[26.950s] [ 25%] [32mBuilding CXX object CMakeFiles/mavros_extras_plugins.dir/src/plugins/distance_sensor.cpp.o[0m
[27.050s] [ 27%] [32mBuilding CXX object CMakeFiles/mavros_extras_plugins.dir/src/plugins/esc_status.cpp.o[0m
[30.680s] [ 30%] [32mBuilding CXX object CMakeFiles/mavros_extras_plugins.dir/src/plugins/esc_telemetry.cpp.o[0m
[32.148s] [ 32%] [32m[1mLinking CXX shared library libmavros_extras.so[0m
[33.994s] [ 32%] Built target mavros_extras
[34.016s] [ 34%] [32mBuilding CXX object CMakeFiles/mavros_extras_plugins.dir/src/plugins/fake_gps.cpp.o[0m
[34.927s] [ 37%] [32mBuilding CXX object CMakeFiles/mavros_extras_plugins.dir/src/plugins/gimbal_control.cpp.o[0m
[35.142s] [ 39%] [32mBuilding CXX object CMakeFiles/mavros_extras_plugins.dir/src/plugins/gps_input.cpp.o[0m
[35.346s] [ 41%] [32mBuilding CXX object CMakeFiles/mavros_extras_plugins.dir/src/plugins/gps_rtk.cpp.o[0m
[45.828s] [ 44%] [32mBuilding CXX object CMakeFiles/mavros_extras_plugins.dir/src/plugins/gps_status.cpp.o[0m
[53.902s] [ 46%] [32mBuilding CXX object CMakeFiles/mavros_extras_plugins.dir/src/plugins/guided_target.cpp.o[0m
[56.409s] [ 48%] [32mBuilding CXX object CMakeFiles/mavros_extras_plugins.dir/src/plugins/hil.cpp.o[0m
[67.654s] [ 51%] [32mBuilding CXX object CMakeFiles/mavros_extras_plugins.dir/src/plugins/landing_target.cpp.o[0m
[68.177s] [ 53%] [32mBuilding CXX object CMakeFiles/mavros_extras_plugins.dir/src/plugins/log_transfer.cpp.o[0m
[70.049s] [ 55%] [32mBuilding CXX object CMakeFiles/mavros_extras_plugins.dir/src/plugins/mag_calibration_status.cpp.o[0m
[72.472s] [ 58%] [32mBuilding CXX object CMakeFiles/mavros_extras_plugins.dir/src/plugins/mocap_pose_estimate.cpp.o[0m
[88.651s] [ 60%] [32mBuilding CXX object CMakeFiles/mavros_extras_plugins.dir/src/plugins/mount_control.cpp.o[0m
[93.376s] [ 62%] [32mBuilding CXX object CMakeFiles/mavros_extras_plugins.dir/src/plugins/obstacle_distance.cpp.o[0m
[95.782s] [ 65%] [32mBuilding CXX object CMakeFiles/mavros_extras_plugins.dir/src/plugins/odom.cpp.o[0m
[99.728s] [ 67%] [32mBuilding CXX object CMakeFiles/mavros_extras_plugins.dir/src/plugins/onboard_computer_status.cpp.o[0m
[102.084s] [ 69%] [32mBuilding CXX object CMakeFiles/mavros_extras_plugins.dir/src/plugins/open_drone_id.cpp.o[0m
[119.431s] [ 72%] [32mBuilding CXX object CMakeFiles/mavros_extras_plugins.dir/src/plugins/optical_flow.cpp.o[0m
[121.149s] [ 74%] [32mBuilding CXX object CMakeFiles/mavros_extras_plugins.dir/src/plugins/play_tune.cpp.o[0m
[122.951s] [ 76%] [32mBuilding CXX object CMakeFiles/mavros_extras_plugins.dir/src/plugins/px4flow.cpp.o[0m
[127.432s] [ 79%] [32mBuilding CXX object CMakeFiles/mavros_extras_plugins.dir/src/plugins/rangefinder.cpp.o[0m
[133.555s] [ 81%] [32mBuilding CXX object CMakeFiles/mavros_extras_plugins.dir/src/plugins/terrain.cpp.o[0m
[134.980s] [ 83%] [32mBuilding CXX object CMakeFiles/mavros_extras_plugins.dir/src/plugins/trajectory.cpp.o[0m
[141.177s] [ 86%] [32mBuilding CXX object CMakeFiles/mavros_extras_plugins.dir/src/plugins/tunnel.cpp.o[0m
[152.108s] [ 88%] [32mBuilding CXX object CMakeFiles/mavros_extras_plugins.dir/src/plugins/vfr_hud.cpp.o[0m
[153.933s] [ 90%] [32mBuilding CXX object CMakeFiles/mavros_extras_plugins.dir/src/plugins/vibration.cpp.o[0m
[155.331s] [ 93%] [32mBuilding CXX object CMakeFiles/mavros_extras_plugins.dir/src/plugins/vision_pose_estimate.cpp.o[0m
[158.910s] [ 95%] [32mBuilding CXX object CMakeFiles/mavros_extras_plugins.dir/src/plugins/vision_speed_estimate.cpp.o[0m
[160.086s] [ 97%] [32mBuilding CXX object CMakeFiles/mavros_extras_plugins.dir/src/plugins/wheel_odometry.cpp.o[0m
[201.482s] [100%] [32m[1mLinking CXX shared library libmavros_extras_plugins.so[0m
[236.968s] [100%] Built target mavros_extras_plugins
[236.995s] Invoked command in '/home/nvidia/acfly_ws/build/mavros_extras' returned '0': CMAKE_PREFIX_PATH=/home/nvidia/acfly_ws/install/mavros:/home/nvidia/acfly_ws/install/libmavconn:/home/nvidia/acfly_ws/install/mavros_msgs:/home/nvidia/acfly_ws/install/mavlink:/home/nvidia/acfly_ws/install/mavros_extras:/home/nvidia/acfly_ws/install/fly_mission_gps:/home/nvidia/acfly_ws/install/fly_mission:/home/nvidia/ws_orbbec/install/orbbec_description:/home/nvidia/ws_orbbec/install/orbbec_camera:/home/nvidia/ws_orbbec/install/orbbec_camera_msgs:/home/nvidia/ws_livox/install/livox_ros_driver2:/home/nvidia/ws_point/install/pos_link:/home/nvidia/ws_point/install/point_lio:/home/nvidia/ws_point/install/pcl_cloud:/home/nvidia/ws_point/install/ac_link:/home/nvidia/ws_orbbec/install/gemini_vision:/opt/ros/humble LD_LIBRARY_PATH=/home/nvidia/acfly_ws/install/mavros/lib:/home/nvidia/acfly_ws/install/libmavconn/lib:/home/nvidia/acfly_ws/install/mavros_msgs/lib:/usr/local/lib:/usr/local/lib:/home/nvidia/acfly_ws/install/mavros_extras/lib:/home/nvidia/ws_orbbec/install/orbbec_camera/lib:/home/nvidia/ws_orbbec/install/orbbec_camera_msgs/lib:/home/nvidia/ws_livox/install/livox_ros_driver2/lib:/home/nvidia/ws_point/install/ac_link/lib:/opt/ros/humble/opt/rviz_ogre_vendor/lib:/opt/ros/humble/lib/aarch64-linux-gnu:/opt/ros/humble/lib /usr/bin/cmake --build /home/nvidia/acfly_ws/build/mavros_extras -- -j8 -l8
[237.001s] Invoking command in '/home/nvidia/acfly_ws/build/mavros_extras': CMAKE_PREFIX_PATH=/home/nvidia/acfly_ws/install/mavros:/home/nvidia/acfly_ws/install/libmavconn:/home/nvidia/acfly_ws/install/mavros_msgs:/home/nvidia/acfly_ws/install/mavlink:/home/nvidia/acfly_ws/install/mavros_extras:/home/nvidia/acfly_ws/install/fly_mission_gps:/home/nvidia/acfly_ws/install/fly_mission:/home/nvidia/ws_orbbec/install/orbbec_description:/home/nvidia/ws_orbbec/install/orbbec_camera:/home/nvidia/ws_orbbec/install/orbbec_camera_msgs:/home/nvidia/ws_livox/install/livox_ros_driver2:/home/nvidia/ws_point/install/pos_link:/home/nvidia/ws_point/install/point_lio:/home/nvidia/ws_point/install/pcl_cloud:/home/nvidia/ws_point/install/ac_link:/home/nvidia/ws_orbbec/install/gemini_vision:/opt/ros/humble LD_LIBRARY_PATH=/home/nvidia/acfly_ws/install/mavros/lib:/home/nvidia/acfly_ws/install/libmavconn/lib:/home/nvidia/acfly_ws/install/mavros_msgs/lib:/usr/local/lib:/usr/local/lib:/home/nvidia/acfly_ws/install/mavros_extras/lib:/home/nvidia/ws_orbbec/install/orbbec_camera/lib:/home/nvidia/ws_orbbec/install/orbbec_camera_msgs/lib:/home/nvidia/ws_livox/install/livox_ros_driver2/lib:/home/nvidia/ws_point/install/ac_link/lib:/opt/ros/humble/opt/rviz_ogre_vendor/lib:/opt/ros/humble/lib/aarch64-linux-gnu:/opt/ros/humble/lib /usr/bin/cmake --install /home/nvidia/acfly_ws/build/mavros_extras
[237.019s] -- Install configuration: ""
[237.019s] -- Execute custom install script
[237.020s] -- Up-to-date symlink: /home/nvidia/acfly_ws/install/mavros_extras/share/mavros_extras//mavros_plugins.xml
[237.021s] -- Up-to-date symlink: /home/nvidia/acfly_ws/install/mavros_extras/lib/mavros_extras/servo_state_publisher
[237.022s] -- Up-to-date symlink: /home/nvidia/acfly_ws/install/mavros_extras/include/mavros_extras/servo_state_publisher.hpp
[237.023s] -- Up-to-date symlink: /home/nvidia/acfly_ws/install/mavros_extras/share/mavros_extras/launch/px4flow.launch
[237.023s] -- Up-to-date symlink: /home/nvidia/acfly_ws/install/mavros_extras/share/mavros_extras/launch/px4flow_config.yaml
[237.024s] -- Up-to-date symlink: /home/nvidia/acfly_ws/install/mavros_extras/share/mavros_extras/launch/px4flow_pluginlists.yaml
[237.024s] -- Up-to-date symlink: /home/nvidia/acfly_ws/install/mavros_extras/share/mavros_extras/launch/servo_state_publisher.yaml
[237.024s] -- Up-to-date symlink: /home/nvidia/acfly_ws/install/mavros_extras/share/mavros_extras/environment/library_path.sh
[237.024s] -- Up-to-date symlink: /home/nvidia/acfly_ws/install/mavros_extras/share/mavros_extras/environment/library_path.dsv
[237.024s] -- Up-to-date symlink: /home/nvidia/acfly_ws/install/mavros_extras/share/ament_index/resource_index/package_run_dependencies/mavros_extras
[237.025s] -- Up-to-date symlink: /home/nvidia/acfly_ws/install/mavros_extras/share/ament_index/resource_index/parent_prefix_path/mavros_extras
[237.025s] -- Up-to-date symlink: /home/nvidia/acfly_ws/install/mavros_extras/share/mavros_extras/environment/ament_prefix_path.sh
[237.026s] -- Up-to-date symlink: /home/nvidia/acfly_ws/install/mavros_extras/share/mavros_extras/environment/ament_prefix_path.dsv
[237.026s] -- Up-to-date symlink: /home/nvidia/acfly_ws/install/mavros_extras/share/mavros_extras/environment/path.sh
[237.026s] -- Up-to-date symlink: /home/nvidia/acfly_ws/install/mavros_extras/share/mavros_extras/environment/path.dsv
[237.026s] -- Up-to-date symlink: /home/nvidia/acfly_ws/install/mavros_extras/share/mavros_extras/local_setup.bash
[237.027s] -- Up-to-date symlink: /home/nvidia/acfly_ws/install/mavros_extras/share/mavros_extras/local_setup.sh
[237.027s] -- Up-to-date symlink: /home/nvidia/acfly_ws/install/mavros_extras/share/mavros_extras/local_setup.zsh
[237.027s] -- Up-to-date symlink: /home/nvidia/acfly_ws/install/mavros_extras/share/mavros_extras/local_setup.dsv
[237.028s] -- Symlinking: /home/nvidia/acfly_ws/install/mavros_extras/share/mavros_extras/package.dsv
[237.048s] -- Up-to-date symlink: /home/nvidia/acfly_ws/install/mavros_extras/share/ament_index/resource_index/packages/mavros_extras
[237.048s] -- Up-to-date symlink: /home/nvidia/acfly_ws/install/mavros_extras/share/ament_index/resource_index/rclcpp_components/mavros_extras
[237.048s] -- Up-to-date symlink: /home/nvidia/acfly_ws/install/mavros_extras/share/ament_index/resource_index/mavros__pluginlib__plugin/mavros_extras
[237.049s] -- Up-to-date symlink: /home/nvidia/acfly_ws/install/mavros_extras/share/mavros_extras/cmake/ament_cmake_export_include_directories-extras.cmake
[237.049s] -- Up-to-date symlink: /home/nvidia/acfly_ws/install/mavros_extras/share/mavros_extras/cmake/ament_cmake_export_libraries-extras.cmake
[237.049s] -- Up-to-date symlink: /home/nvidia/acfly_ws/install/mavros_extras/share/mavros_extras/cmake/ament_cmake_export_dependencies-extras.cmake
[237.050s] -- Up-to-date symlink: /home/nvidia/acfly_ws/install/mavros_extras/share/mavros_extras/cmake/mavros_extrasConfig.cmake
[237.050s] -- Up-to-date symlink: /home/nvidia/acfly_ws/install/mavros_extras/share/mavros_extras/cmake/mavros_extrasConfig-version.cmake
[237.050s] -- Up-to-date symlink: /home/nvidia/acfly_ws/install/mavros_extras/share/mavros_extras/package.xml
[237.051s] -- Installing: /home/nvidia/acfly_ws/install/mavros_extras/lib/libmavros_extras.so
[237.082s] -- Set runtime path of "/home/nvidia/acfly_ws/install/mavros_extras/lib/libmavros_extras.so" to ""
[237.083s] -- Installing: /home/nvidia/acfly_ws/install/mavros_extras/lib/libmavros_extras_plugins.so
[237.418s] -- Set runtime path of "/home/nvidia/acfly_ws/install/mavros_extras/lib/libmavros_extras_plugins.so" to ""
[237.425s] Invoked command in '/home/nvidia/acfly_ws/build/mavros_extras' returned '0': CMAKE_PREFIX_PATH=/home/nvidia/acfly_ws/install/mavros:/home/nvidia/acfly_ws/install/libmavconn:/home/nvidia/acfly_ws/install/mavros_msgs:/home/nvidia/acfly_ws/install/mavlink:/home/nvidia/acfly_ws/install/mavros_extras:/home/nvidia/acfly_ws/install/fly_mission_gps:/home/nvidia/acfly_ws/install/fly_mission:/home/nvidia/ws_orbbec/install/orbbec_description:/home/nvidia/ws_orbbec/install/orbbec_camera:/home/nvidia/ws_orbbec/install/orbbec_camera_msgs:/home/nvidia/ws_livox/install/livox_ros_driver2:/home/nvidia/ws_point/install/pos_link:/home/nvidia/ws_point/install/point_lio:/home/nvidia/ws_point/install/pcl_cloud:/home/nvidia/ws_point/install/ac_link:/home/nvidia/ws_orbbec/install/gemini_vision:/opt/ros/humble LD_LIBRARY_PATH=/home/nvidia/acfly_ws/install/mavros/lib:/home/nvidia/acfly_ws/install/libmavconn/lib:/home/nvidia/acfly_ws/install/mavros_msgs/lib:/usr/local/lib:/usr/local/lib:/home/nvidia/acfly_ws/install/mavros_extras/lib:/home/nvidia/ws_orbbec/install/orbbec_camera/lib:/home/nvidia/ws_orbbec/install/orbbec_camera_msgs/lib:/home/nvidia/ws_livox/install/livox_ros_driver2/lib:/home/nvidia/ws_point/install/ac_link/lib:/opt/ros/humble/opt/rviz_ogre_vendor/lib:/opt/ros/humble/lib/aarch64-linux-gnu:/opt/ros/humble/lib /usr/bin/cmake --install /home/nvidia/acfly_ws/build/mavros_extras
