[0.042s] Invoking command in '/home/nvidia/acfly_ws/build/pole_detector': CMAKE_PREFIX_PATH=${CMAKE_PREFIX_PATH}:/home/nvidia/ws_orbbec/install/gemini_vision:/opt/ros/humble /usr/bin/cmake --build /home/nvidia/acfly_ws/build/pole_detector -- -j8 -l8
[0.143s] [100%] Built target pole_detector_node
[0.215s] Invoked command in '/home/nvidia/acfly_ws/build/pole_detector' returned '0': CMAKE_PREFIX_PATH=${CMAKE_PREFIX_PATH}:/home/nvidia/ws_orbbec/install/gemini_vision:/opt/ros/humble /usr/bin/cmake --build /home/nvidia/acfly_ws/build/pole_detector -- -j8 -l8
[0.216s] Invoking command in '/home/nvidia/acfly_ws/build/pole_detector': CMAKE_PREFIX_PATH=${CMAKE_PREFIX_PATH}:/home/nvidia/ws_orbbec/install/gemini_vision:/opt/ros/humble /usr/bin/cmake --install /home/nvidia/acfly_ws/build/pole_detector
[0.235s] -- Install configuration: ""
[0.236s] -- Up-to-date: /home/nvidia/acfly_ws/install/pole_detector/lib/pole_detector/pole_detector_node
[0.236s] -- Up-to-date: /home/nvidia/acfly_ws/install/pole_detector/share/pole_detector/rviz
[0.236s] -- Up-to-date: /home/nvidia/acfly_ws/install/pole_detector/share/pole_detector/rviz/pole_detector.rviz
[0.236s] -- Up-to-date: /home/nvidia/acfly_ws/install/pole_detector/share/ament_index/resource_index/package_run_dependencies/pole_detector
[0.237s] -- Up-to-date: /home/nvidia/acfly_ws/install/pole_detector/share/ament_index/resource_index/parent_prefix_path/pole_detector
[0.237s] -- Up-to-date: /home/nvidia/acfly_ws/install/pole_detector/share/pole_detector/environment/ament_prefix_path.sh
[0.237s] -- Up-to-date: /home/nvidia/acfly_ws/install/pole_detector/share/pole_detector/environment/ament_prefix_path.dsv
[0.238s] -- Up-to-date: /home/nvidia/acfly_ws/install/pole_detector/share/pole_detector/environment/path.sh
[0.238s] -- Up-to-date: /home/nvidia/acfly_ws/install/pole_detector/share/pole_detector/environment/path.dsv
[0.238s] -- Up-to-date: /home/nvidia/acfly_ws/install/pole_detector/share/pole_detector/local_setup.bash
[0.238s] -- Up-to-date: /home/nvidia/acfly_ws/install/pole_detector/share/pole_detector/local_setup.sh
[0.238s] -- Up-to-date: /home/nvidia/acfly_ws/install/pole_detector/share/pole_detector/local_setup.zsh
[0.239s] -- Up-to-date: /home/nvidia/acfly_ws/install/pole_detector/share/pole_detector/local_setup.dsv
[0.239s] -- Installing: /home/nvidia/acfly_ws/install/pole_detector/share/pole_detector/package.dsv
[0.242s] -- Up-to-date: /home/nvidia/acfly_ws/install/pole_detector/share/ament_index/resource_index/packages/pole_detector
[0.243s] -- Up-to-date: /home/nvidia/acfly_ws/install/pole_detector/share/pole_detector/cmake/pole_detectorConfig.cmake
[0.243s] -- Up-to-date: /home/nvidia/acfly_ws/install/pole_detector/share/pole_detector/cmake/pole_detectorConfig-version.cmake
[0.243s] -- Up-to-date: /home/nvidia/acfly_ws/install/pole_detector/share/pole_detector/package.xml
[0.310s] Invoked command in '/home/nvidia/acfly_ws/build/pole_detector' returned '0': CMAKE_PREFIX_PATH=${CMAKE_PREFIX_PATH}:/home/nvidia/ws_orbbec/install/gemini_vision:/opt/ros/humble /usr/bin/cmake --install /home/nvidia/acfly_ws/build/pole_detector
