[0.057s] Invoking command in '/home/nvidia/acfly_ws/build/fly_mission': CMAKE_PREFIX_PATH=${CMAKE_PREFIX_PATH}:/home/nvidia/ws_opencv/github_vison-master/install/pointcloud_mapper:/home/nvidia/ws_opencv/github_vison-master/install/gemini_vision:/home/nvidia/ws_opencv/github_vison-master/install/finding:/home/nvidia/ws_orbbec/install/gemini_vision:/opt/ros/humble /usr/bin/cmake --build /home/nvidia/acfly_ws/build/fly_mission -- -j8 -l8
[0.189s] gmake[2]: Warning: File 'fly_mission_node' has modification time 701 s in the future
[0.217s] gmake[2]: warning:  Clock skew detected.  Your build may be incomplete.
[0.234s] [100%] Built target fly_mission_node
[0.300s] Invoked command in '/home/nvidia/acfly_ws/build/fly_mission' returned '0': CMAKE_PREFIX_PATH=${CMAKE_PREFIX_PATH}:/home/nvidia/ws_opencv/github_vison-master/install/pointcloud_mapper:/home/nvidia/ws_opencv/github_vison-master/install/gemini_vision:/home/nvidia/ws_opencv/github_vison-master/install/finding:/home/nvidia/ws_orbbec/install/gemini_vision:/opt/ros/humble /usr/bin/cmake --build /home/nvidia/acfly_ws/build/fly_mission -- -j8 -l8
[0.304s] Invoking command in '/home/nvidia/acfly_ws/build/fly_mission': CMAKE_PREFIX_PATH=${CMAKE_PREFIX_PATH}:/home/nvidia/ws_opencv/github_vison-master/install/pointcloud_mapper:/home/nvidia/ws_opencv/github_vison-master/install/gemini_vision:/home/nvidia/ws_opencv/github_vison-master/install/finding:/home/nvidia/ws_orbbec/install/gemini_vision:/opt/ros/humble /usr/bin/cmake --install /home/nvidia/acfly_ws/build/fly_mission
[0.327s] -- Install configuration: ""
[0.331s] -- Up-to-date: /home/nvidia/acfly_ws/install/fly_mission/lib/fly_mission/fly_mission_node
[0.332s] -- Up-to-date: /home/nvidia/acfly_ws/install/fly_mission/include/
[0.332s] -- Up-to-date: /home/nvidia/acfly_ws/install/fly_mission/include//fly_mission
[0.333s] -- Up-to-date: /home/nvidia/acfly_ws/install/fly_mission/include//fly_mission/shm_mailbox.hpp
[0.333s] -- Up-to-date: /home/nvidia/acfly_ws/install/fly_mission/include//fly_mission/avoidance.hpp
[0.333s] -- Up-to-date: /home/nvidia/acfly_ws/install/fly_mission/include//fly_mission/arduino_serial.hpp
[0.335s] -- Up-to-date: /home/nvidia/acfly_ws/install/fly_mission/include//fly_mission/drone_controller.hpp
[0.335s] -- Up-to-date: /home/nvidia/acfly_ws/install/fly_mission/include//fly_mission/waypoint_receiver.hpp
[0.335s] -- Up-to-date: /home/nvidia/acfly_ws/install/fly_mission/include//fly_mission/find_figure.hpp
[0.336s] -- Installing: /home/nvidia/acfly_ws/install/fly_mission/include//fly_mission/params.hpp
[0.337s] -- Up-to-date: /home/nvidia/acfly_ws/install/fly_mission/include//fly_mission/waypoint_runner.hpp
[0.337s] -- Up-to-date: /home/nvidia/acfly_ws/install/fly_mission/include//fly_mission/waypoints.hpp
[0.337s] -- Up-to-date: /home/nvidia/acfly_ws/install/fly_mission/include//fly_mission/line_follower.hpp
[0.337s] -- Up-to-date: /home/nvidia/acfly_ws/install/fly_mission/include//fly_mission/ring_driller.hpp
[0.337s] -- Up-to-date: /home/nvidia/acfly_ws/install/fly_mission/share/ament_index/resource_index/package_run_dependencies/fly_mission
[0.338s] -- Up-to-date: /home/nvidia/acfly_ws/install/fly_mission/share/ament_index/resource_index/parent_prefix_path/fly_mission
[0.338s] -- Up-to-date: /home/nvidia/acfly_ws/install/fly_mission/share/fly_mission/environment/ament_prefix_path.sh
[0.338s] -- Up-to-date: /home/nvidia/acfly_ws/install/fly_mission/share/fly_mission/environment/ament_prefix_path.dsv
[0.338s] -- Up-to-date: /home/nvidia/acfly_ws/install/fly_mission/share/fly_mission/environment/path.sh
[0.339s] -- Up-to-date: /home/nvidia/acfly_ws/install/fly_mission/share/fly_mission/environment/path.dsv
[0.339s] -- Up-to-date: /home/nvidia/acfly_ws/install/fly_mission/share/fly_mission/local_setup.bash
[0.339s] -- Up-to-date: /home/nvidia/acfly_ws/install/fly_mission/share/fly_mission/local_setup.sh
[0.339s] -- Up-to-date: /home/nvidia/acfly_ws/install/fly_mission/share/fly_mission/local_setup.zsh
[0.339s] -- Up-to-date: /home/nvidia/acfly_ws/install/fly_mission/share/fly_mission/local_setup.dsv
[0.340s] -- Installing: /home/nvidia/acfly_ws/install/fly_mission/share/fly_mission/package.dsv
[0.341s] -- Up-to-date: /home/nvidia/acfly_ws/install/fly_mission/share/ament_index/resource_index/packages/fly_mission
[0.341s] -- Up-to-date: /home/nvidia/acfly_ws/install/fly_mission/share/fly_mission/cmake/fly_missionConfig.cmake
[0.343s] -- Up-to-date: /home/nvidia/acfly_ws/install/fly_mission/share/fly_mission/cmake/fly_missionConfig-version.cmake
[0.343s] -- Up-to-date: /home/nvidia/acfly_ws/install/fly_mission/share/fly_mission/package.xml
[0.434s] Invoked command in '/home/nvidia/acfly_ws/build/fly_mission' returned '0': CMAKE_PREFIX_PATH=${CMAKE_PREFIX_PATH}:/home/nvidia/ws_opencv/github_vison-master/install/pointcloud_mapper:/home/nvidia/ws_opencv/github_vison-master/install/gemini_vision:/home/nvidia/ws_opencv/github_vison-master/install/finding:/home/nvidia/ws_orbbec/install/gemini_vision:/opt/ros/humble /usr/bin/cmake --install /home/nvidia/acfly_ws/build/fly_mission
