[0.025s] Invoking command in '/home/nvidia/acfly_ws/build/fly_mission': AMENT_PREFIX_PATH=/home/nvidia/acfly_ws/install/mavros_msgs:${AMENT_PREFIX_PATH} CMAKE_PREFIX_PATH=/home/nvidia/acfly_ws/install/mavros_msgs:/home/nvidia/ws_orbbec/install/orbbec_description:/home/nvidia/ws_orbbec/install/orbbec_camera:/home/nvidia/ws_orbbec/install/orbbec_camera_msgs:/home/nvidia/ws_livox/install/livox_ros_driver2:/home/nvidia/ws_point/install/pos_link:/home/nvidia/ws_point/install/point_lio:/home/nvidia/ws_point/install/pcl_cloud:/home/nvidia/ws_point/install/ac_link:/home/nvidia/ws_orbbec/install/gemini_vision:/opt/ros/humble LD_LIBRARY_PATH=/home/nvidia/acfly_ws/install/mavros_msgs/lib:${LD_LIBRARY_PATH} PYTHONPATH=/home/nvidia/acfly_ws/install/mavros_msgs/local/lib/python3.10/dist-packages:${PYTHONPATH} /usr/bin/cmake --build /home/nvidia/acfly_ws/build/fly_mission -- -j8 -l8
[0.147s] [100%] Built target fly_mission_node
[0.169s] Invoked command in '/home/nvidia/acfly_ws/build/fly_mission' returned '0': AMENT_PREFIX_PATH=/home/nvidia/acfly_ws/install/mavros_msgs:${AMENT_PREFIX_PATH} CMAKE_PREFIX_PATH=/home/nvidia/acfly_ws/install/mavros_msgs:/home/nvidia/ws_orbbec/install/orbbec_description:/home/nvidia/ws_orbbec/install/orbbec_camera:/home/nvidia/ws_orbbec/install/orbbec_camera_msgs:/home/nvidia/ws_livox/install/livox_ros_driver2:/home/nvidia/ws_point/install/pos_link:/home/nvidia/ws_point/install/point_lio:/home/nvidia/ws_point/install/pcl_cloud:/home/nvidia/ws_point/install/ac_link:/home/nvidia/ws_orbbec/install/gemini_vision:/opt/ros/humble LD_LIBRARY_PATH=/home/nvidia/acfly_ws/install/mavros_msgs/lib:${LD_LIBRARY_PATH} PYTHONPATH=/home/nvidia/acfly_ws/install/mavros_msgs/local/lib/python3.10/dist-packages:${PYTHONPATH} /usr/bin/cmake --build /home/nvidia/acfly_ws/build/fly_mission -- -j8 -l8
[0.171s] Invoking command in '/home/nvidia/acfly_ws/build/fly_mission': AMENT_PREFIX_PATH=/home/nvidia/acfly_ws/install/mavros_msgs:${AMENT_PREFIX_PATH} CMAKE_PREFIX_PATH=/home/nvidia/acfly_ws/install/mavros_msgs:/home/nvidia/ws_orbbec/install/orbbec_description:/home/nvidia/ws_orbbec/install/orbbec_camera:/home/nvidia/ws_orbbec/install/orbbec_camera_msgs:/home/nvidia/ws_livox/install/livox_ros_driver2:/home/nvidia/ws_point/install/pos_link:/home/nvidia/ws_point/install/point_lio:/home/nvidia/ws_point/install/pcl_cloud:/home/nvidia/ws_point/install/ac_link:/home/nvidia/ws_orbbec/install/gemini_vision:/opt/ros/humble LD_LIBRARY_PATH=/home/nvidia/acfly_ws/install/mavros_msgs/lib:${LD_LIBRARY_PATH} PYTHONPATH=/home/nvidia/acfly_ws/install/mavros_msgs/local/lib/python3.10/dist-packages:${PYTHONPATH} /usr/bin/cmake --install /home/nvidia/acfly_ws/build/fly_mission
[0.182s] -- Install configuration: ""
[0.183s] -- Execute custom install script
[0.183s] -- Up-to-date symlink: /home/nvidia/acfly_ws/install/fly_mission/lib/fly_mission/fly_mission_node
[0.184s] -- Up-to-date symlink: /home/nvidia/acfly_ws/install/fly_mission/include//fly_mission/drone_controller.hpp
[0.184s] -- Up-to-date symlink: /home/nvidia/acfly_ws/install/fly_mission/include//fly_mission/params.hpp
[0.184s] -- Up-to-date symlink: /home/nvidia/acfly_ws/install/fly_mission/share/ament_index/resource_index/package_run_dependencies/fly_mission
[0.185s] -- Up-to-date symlink: /home/nvidia/acfly_ws/install/fly_mission/share/ament_index/resource_index/parent_prefix_path/fly_mission
[0.185s] -- Up-to-date symlink: /home/nvidia/acfly_ws/install/fly_mission/share/fly_mission/environment/ament_prefix_path.sh
[0.185s] -- Up-to-date symlink: /home/nvidia/acfly_ws/install/fly_mission/share/fly_mission/environment/ament_prefix_path.dsv
[0.186s] -- Up-to-date symlink: /home/nvidia/acfly_ws/install/fly_mission/share/fly_mission/environment/path.sh
[0.186s] -- Up-to-date symlink: /home/nvidia/acfly_ws/install/fly_mission/share/fly_mission/environment/path.dsv
[0.186s] -- Up-to-date symlink: /home/nvidia/acfly_ws/install/fly_mission/share/fly_mission/local_setup.bash
[0.186s] -- Up-to-date symlink: /home/nvidia/acfly_ws/install/fly_mission/share/fly_mission/local_setup.sh
[0.187s] -- Up-to-date symlink: /home/nvidia/acfly_ws/install/fly_mission/share/fly_mission/local_setup.zsh
[0.187s] -- Up-to-date symlink: /home/nvidia/acfly_ws/install/fly_mission/share/fly_mission/local_setup.dsv
[0.187s] -- Symlinking: /home/nvidia/acfly_ws/install/fly_mission/share/fly_mission/package.dsv
[0.203s] -- Up-to-date symlink: /home/nvidia/acfly_ws/install/fly_mission/share/ament_index/resource_index/packages/fly_mission
[0.203s] -- Up-to-date symlink: /home/nvidia/acfly_ws/install/fly_mission/share/fly_mission/cmake/fly_missionConfig.cmake
[0.204s] -- Up-to-date symlink: /home/nvidia/acfly_ws/install/fly_mission/share/fly_mission/cmake/fly_missionConfig-version.cmake
[0.204s] -- Up-to-date symlink: /home/nvidia/acfly_ws/install/fly_mission/share/fly_mission/package.xml
[0.224s] Invoked command in '/home/nvidia/acfly_ws/build/fly_mission' returned '0': AMENT_PREFIX_PATH=/home/nvidia/acfly_ws/install/mavros_msgs:${AMENT_PREFIX_PATH} CMAKE_PREFIX_PATH=/home/nvidia/acfly_ws/install/mavros_msgs:/home/nvidia/ws_orbbec/install/orbbec_description:/home/nvidia/ws_orbbec/install/orbbec_camera:/home/nvidia/ws_orbbec/install/orbbec_camera_msgs:/home/nvidia/ws_livox/install/livox_ros_driver2:/home/nvidia/ws_point/install/pos_link:/home/nvidia/ws_point/install/point_lio:/home/nvidia/ws_point/install/pcl_cloud:/home/nvidia/ws_point/install/ac_link:/home/nvidia/ws_orbbec/install/gemini_vision:/opt/ros/humble LD_LIBRARY_PATH=/home/nvidia/acfly_ws/install/mavros_msgs/lib:${LD_LIBRARY_PATH} PYTHONPATH=/home/nvidia/acfly_ws/install/mavros_msgs/local/lib/python3.10/dist-packages:${PYTHONPATH} /usr/bin/cmake --install /home/nvidia/acfly_ws/build/fly_mission
