[0.049s] Invoking command in '/home/nvidia/acfly_ws/build/ring_detector': CMAKE_PREFIX_PATH=${CMAKE_PREFIX_PATH}:/home/nvidia/ws_orbbec/install/gemini_vision:/opt/ros/humble /usr/bin/cmake /home/nvidia/acfly_ws/src/finding_objects_ws/ring_detector -DCMAKE_INSTALL_PREFIX=/home/nvidia/acfly_ws/install/ring_detector
[0.079s] -- Found ament_cmake: 1.3.14 (/opt/ros/humble/share/ament_cmake/cmake)
[0.387s] -- Override CMake install command with custom implementation using symlinks instead of copying resources
[0.399s] -- Found rclcpp: 16.0.19 (/opt/ros/humble/share/rclcpp/cmake)
[0.451s] -- Found rosidl_generator_c: 3.1.9 (/opt/ros/humble/share/rosidl_generator_c/cmake)
[0.456s] -- Found rosidl_adapter: 3.1.9 (/opt/ros/humble/share/rosidl_adapter/cmake)
[0.466s] -- Found rosidl_generator_cpp: 3.1.9 (/opt/ros/humble/share/rosidl_generator_cpp/cmake)
[0.482s] -- Using all available rosidl_typesupport_c: rosidl_typesupport_fastrtps_c;rosidl_typesupport_introspection_c
[0.519s] -- Using all available rosidl_typesupport_cpp: rosidl_typesupport_fastrtps_cpp;rosidl_typesupport_introspection_cpp
[0.585s] -- Found rmw_implementation_cmake: 6.1.2 (/opt/ros/humble/share/rmw_implementation_cmake/cmake)
[0.588s] -- Found rmw_fastrtps_cpp: 6.2.10 (/opt/ros/humble/share/rmw_fastrtps_cpp/cmake)
[0.870s] -- Using RMW implementation 'rmw_fastrtps_cpp' as default
[1.027s] -- Found sensor_msgs: 4.9.1 (/opt/ros/humble/share/sensor_msgs/cmake)
[1.096s] -- Found nav_msgs: 4.9.1 (/opt/ros/humble/share/nav_msgs/cmake)
[1.121s] -- Found visualization_msgs: 4.9.1 (/opt/ros/humble/share/visualization_msgs/cmake)
[1.616s] -- Configuring done
[1.617s] -- Generating done
[1.617s] -- Build files have been written to: /home/nvidia/acfly_ws/build/ring_detector
[1.621s] Invoked command in '/home/nvidia/acfly_ws/build/ring_detector' returned '0': CMAKE_PREFIX_PATH=${CMAKE_PREFIX_PATH}:/home/nvidia/ws_orbbec/install/gemini_vision:/opt/ros/humble /usr/bin/cmake /home/nvidia/acfly_ws/src/finding_objects_ws/ring_detector -DCMAKE_INSTALL_PREFIX=/home/nvidia/acfly_ws/install/ring_detector
[1.622s] Invoking command in '/home/nvidia/acfly_ws/build/ring_detector': CMAKE_PREFIX_PATH=${CMAKE_PREFIX_PATH}:/home/nvidia/ws_orbbec/install/gemini_vision:/opt/ros/humble /usr/bin/cmake --build /home/nvidia/acfly_ws/build/ring_detector -- -j8 -l8
[1.628s] [35m[1mConsolidate compiler generated dependencies of target ring_detector_node[0m
[1.630s] [100%] Built target ring_detector_node
[1.653s] Invoked command in '/home/nvidia/acfly_ws/build/ring_detector' returned '0': CMAKE_PREFIX_PATH=${CMAKE_PREFIX_PATH}:/home/nvidia/ws_orbbec/install/gemini_vision:/opt/ros/humble /usr/bin/cmake --build /home/nvidia/acfly_ws/build/ring_detector -- -j8 -l8
[1.655s] Invoking command in '/home/nvidia/acfly_ws/build/ring_detector': CMAKE_PREFIX_PATH=${CMAKE_PREFIX_PATH}:/home/nvidia/ws_orbbec/install/gemini_vision:/opt/ros/humble /usr/bin/cmake --install /home/nvidia/acfly_ws/build/ring_detector
[1.668s] -- Install configuration: ""
[1.669s] -- Execute custom install script
[1.669s] -- Up-to-date symlink: /home/nvidia/acfly_ws/install/ring_detector/lib/ring_detector/ring_detector_node
[1.670s] -- Up-to-date symlink: /home/nvidia/acfly_ws/install/ring_detector/share/ring_detector/rviz/ring_detector.rviz
[1.670s] -- Up-to-date symlink: /home/nvidia/acfly_ws/install/ring_detector/share/ament_index/resource_index/package_run_dependencies/ring_detector
[1.670s] -- Up-to-date symlink: /home/nvidia/acfly_ws/install/ring_detector/share/ament_index/resource_index/parent_prefix_path/ring_detector
[1.671s] -- Up-to-date symlink: /home/nvidia/acfly_ws/install/ring_detector/share/ring_detector/environment/ament_prefix_path.sh
[1.671s] -- Up-to-date symlink: /home/nvidia/acfly_ws/install/ring_detector/share/ring_detector/environment/ament_prefix_path.dsv
[1.672s] -- Up-to-date symlink: /home/nvidia/acfly_ws/install/ring_detector/share/ring_detector/environment/path.sh
[1.672s] -- Up-to-date symlink: /home/nvidia/acfly_ws/install/ring_detector/share/ring_detector/environment/path.dsv
[1.673s] -- Up-to-date symlink: /home/nvidia/acfly_ws/install/ring_detector/share/ring_detector/local_setup.bash
[1.673s] -- Up-to-date symlink: /home/nvidia/acfly_ws/install/ring_detector/share/ring_detector/local_setup.sh
[1.674s] -- Up-to-date symlink: /home/nvidia/acfly_ws/install/ring_detector/share/ring_detector/local_setup.zsh
[1.674s] -- Up-to-date symlink: /home/nvidia/acfly_ws/install/ring_detector/share/ring_detector/local_setup.dsv
[1.674s] -- Symlinking: /home/nvidia/acfly_ws/install/ring_detector/share/ring_detector/package.dsv
[1.700s] -- Up-to-date symlink: /home/nvidia/acfly_ws/install/ring_detector/share/ament_index/resource_index/packages/ring_detector
[1.701s] -- Up-to-date symlink: /home/nvidia/acfly_ws/install/ring_detector/share/ring_detector/cmake/ring_detectorConfig.cmake
[1.701s] -- Up-to-date symlink: /home/nvidia/acfly_ws/install/ring_detector/share/ring_detector/cmake/ring_detectorConfig-version.cmake
[1.702s] -- Up-to-date symlink: /home/nvidia/acfly_ws/install/ring_detector/share/ring_detector/package.xml
[1.758s] Invoked command in '/home/nvidia/acfly_ws/build/ring_detector' returned '0': CMAKE_PREFIX_PATH=${CMAKE_PREFIX_PATH}:/home/nvidia/ws_orbbec/install/gemini_vision:/opt/ros/humble /usr/bin/cmake --install /home/nvidia/acfly_ws/build/ring_detector
