[35m[1mConsolidate compiler generated dependencies of target fly_mission_node[0m
[100%] Built target fly_mission_node
-- Install configuration: ""
-- Execute custom install script
-- Symlinking: /home/nvidia/acfly_ws/install/fly_mission/lib/fly_mission/fly_mission_node
-- Symlinking: /home/nvidia/acfly_ws/install/fly_mission/include//fly_mission/drone_controller.hpp
-- Symlinking: /home/nvidia/acfly_ws/install/fly_mission/include//fly_mission/params.hpp
-- Symlinking: /home/nvidia/acfly_ws/install/fly_mission/share/ament_index/resource_index/package_run_dependencies/fly_mission
-- Symlinking: /home/nvidia/acfly_ws/install/fly_mission/share/ament_index/resource_index/parent_prefix_path/fly_mission
-- Symlinking: /home/nvidia/acfly_ws/install/fly_mission/share/fly_mission/environment/ament_prefix_path.sh
-- Symlinking: /home/nvidia/acfly_ws/install/fly_mission/share/fly_mission/environment/ament_prefix_path.dsv
-- Symlinking: /home/nvidia/acfly_ws/install/fly_mission/share/fly_mission/environment/path.sh
-- Symlinking: /home/nvidia/acfly_ws/install/fly_mission/share/fly_mission/environment/path.dsv
-- Symlinking: /home/nvidia/acfly_ws/install/fly_mission/share/fly_mission/local_setup.bash
-- Symlinking: /home/nvidia/acfly_ws/install/fly_mission/share/fly_mission/local_setup.sh
-- Symlinking: /home/nvidia/acfly_ws/install/fly_mission/share/fly_mission/local_setup.zsh
-- Symlinking: /home/nvidia/acfly_ws/install/fly_mission/share/fly_mission/local_setup.dsv
-- Symlinking: /home/nvidia/acfly_ws/install/fly_mission/share/fly_mission/package.dsv
-- Symlinking: /home/nvidia/acfly_ws/install/fly_mission/share/ament_index/resource_index/packages/fly_mission
-- Symlinking: /home/nvidia/acfly_ws/install/fly_mission/share/fly_mission/cmake/fly_missionConfig.cmake
-- Symlinking: /home/nvidia/acfly_ws/install/fly_mission/share/fly_mission/cmake/fly_missionConfig-version.cmake
-- Symlinking: /home/nvidia/acfly_ws/install/fly_mission/share/fly_mission/package.xml
