[0.208s] colcon DEBUG Command line arguments: ['/usr/bin/colcon', 'build']
[0.208s] colcon DEBUG Parsed command line arguments: Namespace(log_base=None, log_level=None, verb_name='build', build_base='build', install_base='install', merge_install=False, symlink_install=False, test_result_base=None, continue_on_error=False, executor='parallel', parallel_workers=8, event_handlers=None, ignore_user_meta=False, metas=['./colcon.meta'], base_paths=['.'], packages_ignore=None, packages_ignore_regex=None, paths=None, packages_up_to=None, packages_up_to_regex=None, packages_above=None, packages_above_and_dependencies=None, packages_above_depth=None, packages_select_by_dep=None, packages_skip_by_dep=None, packages_skip_up_to=None, packages_select_build_failed=False, packages_skip_build_finished=False, packages_select_test_failures=False, packages_skip_test_passed=False, packages_select=None, packages_skip=None, packages_select_regex=None, packages_skip_regex=None, packages_start=None, packages_end=None, allow_overriding=[], cmake_args=['-DPython3_EXECUTABLE=/usr/bin/python3'], cmake_target=None, cmake_target_skip_unavailable=False, cmake_clean_cache=False, cmake_clean_first=False, cmake_force_configure=False, ament_cmake_args=None, catkin_cmake_args=None, catkin_skip_building_tests=False, verb_parser=<colcon_defaults.argument_parser.defaults.DefaultArgumentsDecorator object at 0xffff8f743d90>, verb_extension=<colcon_core.verb.build.BuildVerb object at 0xffff8f743790>, main=<bound method BuildVerb.main of <colcon_core.verb.build.BuildVerb object at 0xffff8f743790>>)
[0.488s] colcon.colcon_core.package_discovery Level 1 discover_packages(colcon_meta) check parameters
[0.488s] colcon.colcon_core.package_discovery Level 1 discover_packages(recursive) check parameters
[0.488s] colcon.colcon_core.package_discovery Level 1 discover_packages(ignore) check parameters
[0.488s] colcon.colcon_core.package_discovery Level 1 discover_packages(path) check parameters
[0.488s] colcon.colcon_core.package_discovery Level 1 discover_packages(colcon_meta) discover
[0.488s] colcon.colcon_core.package_discovery Level 1 discover_packages(recursive) discover
[0.488s] colcon.colcon_core.package_discovery INFO Crawling recursively for packages in '/home/nvidia/acfly_ws'
[0.489s] colcon.colcon_core.package_identification Level 1 _identify(.) by extensions ['ignore', 'ignore_ament_install']
[0.489s] colcon.colcon_core.package_identification Level 1 _identify(.) by extension 'ignore'
[0.489s] colcon.colcon_core.package_identification Level 1 _identify(.) by extension 'ignore_ament_install'
[0.489s] colcon.colcon_core.package_identification Level 1 _identify(.) by extensions ['colcon_pkg']
[0.489s] colcon.colcon_core.package_identification Level 1 _identify(.) by extension 'colcon_pkg'
[0.489s] colcon.colcon_core.package_identification Level 1 _identify(.) by extensions ['colcon_meta']
[0.489s] colcon.colcon_core.package_identification Level 1 _identify(.) by extension 'colcon_meta'
[0.489s] colcon.colcon_core.package_identification Level 1 _identify(.) by extensions ['ros']
[0.489s] colcon.colcon_core.package_identification Level 1 _identify(.) by extension 'ros'
[0.508s] colcon.colcon_core.package_identification Level 1 _identify(.) by extensions ['cmake', 'python']
[0.508s] colcon.colcon_core.package_identification Level 1 _identify(.) by extension 'cmake'
[0.509s] colcon.colcon_core.package_identification Level 1 _identify(.) by extension 'python'
[0.509s] colcon.colcon_core.package_identification Level 1 _identify(.) by extensions ['python_setup_py']
[0.509s] colcon.colcon_core.package_identification Level 1 _identify(.) by extension 'python_setup_py'
[0.509s] colcon.colcon_core.package_identification Level 1 _identify(build) by extensions ['ignore', 'ignore_ament_install']
[0.509s] colcon.colcon_core.package_identification Level 1 _identify(build) by extension 'ignore'
[0.509s] colcon.colcon_core.package_identification Level 1 _identify(build) ignored
[0.510s] colcon.colcon_core.package_identification Level 1 _identify(install) by extensions ['ignore', 'ignore_ament_install']
[0.510s] colcon.colcon_core.package_identification Level 1 _identify(install) by extension 'ignore'
[0.510s] colcon.colcon_core.package_identification Level 1 _identify(install) ignored
[0.510s] colcon.colcon_core.package_identification Level 1 _identify(log) by extensions ['ignore', 'ignore_ament_install']
[0.510s] colcon.colcon_core.package_identification Level 1 _identify(log) by extension 'ignore'
[0.510s] colcon.colcon_core.package_identification Level 1 _identify(log) ignored
[0.510s] colcon.colcon_core.package_identification Level 1 _identify(src) by extensions ['ignore', 'ignore_ament_install']
[0.510s] colcon.colcon_core.package_identification Level 1 _identify(src) by extension 'ignore'
[0.511s] colcon.colcon_core.package_identification Level 1 _identify(src) by extension 'ignore_ament_install'
[0.511s] colcon.colcon_core.package_identification Level 1 _identify(src) by extensions ['colcon_pkg']
[0.511s] colcon.colcon_core.package_identification Level 1 _identify(src) by extension 'colcon_pkg'
[0.511s] colcon.colcon_core.package_identification Level 1 _identify(src) by extensions ['colcon_meta']
[0.511s] colcon.colcon_core.package_identification Level 1 _identify(src) by extension 'colcon_meta'
[0.511s] colcon.colcon_core.package_identification Level 1 _identify(src) by extensions ['ros']
[0.511s] colcon.colcon_core.package_identification Level 1 _identify(src) by extension 'ros'
[0.511s] colcon.colcon_core.package_identification Level 1 _identify(src) by extensions ['cmake', 'python']
[0.511s] colcon.colcon_core.package_identification Level 1 _identify(src) by extension 'cmake'
[0.511s] colcon.colcon_core.package_identification Level 1 _identify(src) by extension 'python'
[0.511s] colcon.colcon_core.package_identification Level 1 _identify(src) by extensions ['python_setup_py']
[0.511s] colcon.colcon_core.package_identification Level 1 _identify(src) by extension 'python_setup_py'
[0.512s] colcon.colcon_core.package_identification Level 1 _identify(src/acfly_mavros) by extensions ['ignore', 'ignore_ament_install']
[0.512s] colcon.colcon_core.package_identification Level 1 _identify(src/acfly_mavros) by extension 'ignore'
[0.512s] colcon.colcon_core.package_identification Level 1 _identify(src/acfly_mavros) ignored
[0.512s] colcon.colcon_core.package_identification Level 1 _identify(src/exploration_planner) by extensions ['ignore', 'ignore_ament_install']
[0.512s] colcon.colcon_core.package_identification Level 1 _identify(src/exploration_planner) by extension 'ignore'
[0.512s] colcon.colcon_core.package_identification Level 1 _identify(src/exploration_planner) by extension 'ignore_ament_install'
[0.512s] colcon.colcon_core.package_identification Level 1 _identify(src/exploration_planner) by extensions ['colcon_pkg']
[0.512s] colcon.colcon_core.package_identification Level 1 _identify(src/exploration_planner) by extension 'colcon_pkg'
[0.512s] colcon.colcon_core.package_identification Level 1 _identify(src/exploration_planner) by extensions ['colcon_meta']
[0.512s] colcon.colcon_core.package_identification Level 1 _identify(src/exploration_planner) by extension 'colcon_meta'
[0.513s] colcon.colcon_core.package_identification Level 1 _identify(src/exploration_planner) by extensions ['ros']
[0.513s] colcon.colcon_core.package_identification Level 1 _identify(src/exploration_planner) by extension 'ros'
[0.518s] colcon.colcon_core.package_identification DEBUG Package 'src/exploration_planner' with type 'ros.ament_cmake' and name 'exploration_planner'
[0.518s] colcon.colcon_core.package_identification Level 1 _identify(src/finding_objects_ws) by extensions ['ignore', 'ignore_ament_install']
[0.518s] colcon.colcon_core.package_identification Level 1 _identify(src/finding_objects_ws) by extension 'ignore'
[0.518s] colcon.colcon_core.package_identification Level 1 _identify(src/finding_objects_ws) by extension 'ignore_ament_install'
[0.518s] colcon.colcon_core.package_identification Level 1 _identify(src/finding_objects_ws) by extensions ['colcon_pkg']
[0.518s] colcon.colcon_core.package_identification Level 1 _identify(src/finding_objects_ws) by extension 'colcon_pkg'
[0.518s] colcon.colcon_core.package_identification Level 1 _identify(src/finding_objects_ws) by extensions ['colcon_meta']
[0.518s] colcon.colcon_core.package_identification Level 1 _identify(src/finding_objects_ws) by extension 'colcon_meta'
[0.519s] colcon.colcon_core.package_identification Level 1 _identify(src/finding_objects_ws) by extensions ['ros']
[0.519s] colcon.colcon_core.package_identification Level 1 _identify(src/finding_objects_ws) by extension 'ros'
[0.519s] colcon.colcon_core.package_identification Level 1 _identify(src/finding_objects_ws) by extensions ['cmake', 'python']
[0.519s] colcon.colcon_core.package_identification Level 1 _identify(src/finding_objects_ws) by extension 'cmake'
[0.519s] colcon.colcon_core.package_identification Level 1 _identify(src/finding_objects_ws) by extension 'python'
[0.519s] colcon.colcon_core.package_identification Level 1 _identify(src/finding_objects_ws) by extensions ['python_setup_py']
[0.519s] colcon.colcon_core.package_identification Level 1 _identify(src/finding_objects_ws) by extension 'python_setup_py'
[0.519s] colcon.colcon_core.package_identification Level 1 _identify(src/finding_objects_ws/multi_pole_detector) by extensions ['ignore', 'ignore_ament_install']
[0.519s] colcon.colcon_core.package_identification Level 1 _identify(src/finding_objects_ws/multi_pole_detector) by extension 'ignore'
[0.519s] colcon.colcon_core.package_identification Level 1 _identify(src/finding_objects_ws/multi_pole_detector) by extension 'ignore_ament_install'
[0.520s] colcon.colcon_core.package_identification Level 1 _identify(src/finding_objects_ws/multi_pole_detector) by extensions ['colcon_pkg']
[0.520s] colcon.colcon_core.package_identification Level 1 _identify(src/finding_objects_ws/multi_pole_detector) by extension 'colcon_pkg'
[0.520s] colcon.colcon_core.package_identification Level 1 _identify(src/finding_objects_ws/multi_pole_detector) by extensions ['colcon_meta']
[0.520s] colcon.colcon_core.package_identification Level 1 _identify(src/finding_objects_ws/multi_pole_detector) by extension 'colcon_meta'
[0.520s] colcon.colcon_core.package_identification Level 1 _identify(src/finding_objects_ws/multi_pole_detector) by extensions ['ros']
[0.520s] colcon.colcon_core.package_identification Level 1 _identify(src/finding_objects_ws/multi_pole_detector) by extension 'ros'
[0.521s] colcon.colcon_core.package_identification DEBUG Package 'src/finding_objects_ws/multi_pole_detector' with type 'ros.ament_cmake' and name 'multi_pole_detector'
[0.522s] colcon.colcon_core.package_identification Level 1 _identify(src/finding_objects_ws/pole_detector) by extensions ['ignore', 'ignore_ament_install']
[0.522s] colcon.colcon_core.package_identification Level 1 _identify(src/finding_objects_ws/pole_detector) by extension 'ignore'
[0.522s] colcon.colcon_core.package_identification Level 1 _identify(src/finding_objects_ws/pole_detector) by extension 'ignore_ament_install'
[0.522s] colcon.colcon_core.package_identification Level 1 _identify(src/finding_objects_ws/pole_detector) by extensions ['colcon_pkg']
[0.522s] colcon.colcon_core.package_identification Level 1 _identify(src/finding_objects_ws/pole_detector) by extension 'colcon_pkg'
[0.522s] colcon.colcon_core.package_identification Level 1 _identify(src/finding_objects_ws/pole_detector) by extensions ['colcon_meta']
[0.522s] colcon.colcon_core.package_identification Level 1 _identify(src/finding_objects_ws/pole_detector) by extension 'colcon_meta'
[0.522s] colcon.colcon_core.package_identification Level 1 _identify(src/finding_objects_ws/pole_detector) by extensions ['ros']
[0.522s] colcon.colcon_core.package_identification Level 1 _identify(src/finding_objects_ws/pole_detector) by extension 'ros'
[0.524s] colcon.colcon_core.package_identification DEBUG Package 'src/finding_objects_ws/pole_detector' with type 'ros.ament_cmake' and name 'pole_detector'
[0.524s] colcon.colcon_core.package_identification Level 1 _identify(src/finding_objects_ws/ring_detector) by extensions ['ignore', 'ignore_ament_install']
[0.524s] colcon.colcon_core.package_identification Level 1 _identify(src/finding_objects_ws/ring_detector) by extension 'ignore'
[0.524s] colcon.colcon_core.package_identification Level 1 _identify(src/finding_objects_ws/ring_detector) by extension 'ignore_ament_install'
[0.524s] colcon.colcon_core.package_identification Level 1 _identify(src/finding_objects_ws/ring_detector) by extensions ['colcon_pkg']
[0.524s] colcon.colcon_core.package_identification Level 1 _identify(src/finding_objects_ws/ring_detector) by extension 'colcon_pkg'
[0.524s] colcon.colcon_core.package_identification Level 1 _identify(src/finding_objects_ws/ring_detector) by extensions ['colcon_meta']
[0.524s] colcon.colcon_core.package_identification Level 1 _identify(src/finding_objects_ws/ring_detector) by extension 'colcon_meta'
[0.525s] colcon.colcon_core.package_identification Level 1 _identify(src/finding_objects_ws/ring_detector) by extensions ['ros']
[0.525s] colcon.colcon_core.package_identification Level 1 _identify(src/finding_objects_ws/ring_detector) by extension 'ros'
[0.528s] colcon.colcon_core.package_identification DEBUG Package 'src/finding_objects_ws/ring_detector' with type 'ros.ament_cmake' and name 'ring_detector'
[0.529s] colcon.colcon_core.package_identification Level 1 _identify(src/fly_mission) by extensions ['ignore', 'ignore_ament_install']
[0.529s] colcon.colcon_core.package_identification Level 1 _identify(src/fly_mission) by extension 'ignore'
[0.529s] colcon.colcon_core.package_identification Level 1 _identify(src/fly_mission) by extension 'ignore_ament_install'
[0.529s] colcon.colcon_core.package_identification Level 1 _identify(src/fly_mission) by extensions ['colcon_pkg']
[0.529s] colcon.colcon_core.package_identification Level 1 _identify(src/fly_mission) by extension 'colcon_pkg'
[0.529s] colcon.colcon_core.package_identification Level 1 _identify(src/fly_mission) by extensions ['colcon_meta']
[0.529s] colcon.colcon_core.package_identification Level 1 _identify(src/fly_mission) by extension 'colcon_meta'
[0.529s] colcon.colcon_core.package_identification Level 1 _identify(src/fly_mission) by extensions ['ros']
[0.529s] colcon.colcon_core.package_identification Level 1 _identify(src/fly_mission) by extension 'ros'
[0.531s] colcon.colcon_core.package_identification DEBUG Package 'src/fly_mission' with type 'ros.ament_cmake' and name 'fly_mission'
[0.531s] colcon.colcon_core.package_discovery Level 1 discover_packages(recursive) using defaults
[0.531s] colcon.colcon_core.package_discovery Level 1 discover_packages(ignore) discover
[0.531s] colcon.colcon_core.package_discovery Level 1 discover_packages(ignore) using defaults
[0.531s] colcon.colcon_core.package_discovery Level 1 discover_packages(path) discover
[0.531s] colcon.colcon_core.package_discovery Level 1 discover_packages(path) using defaults
[0.585s] colcon.colcon_core.package_discovery Level 1 discover_packages(prefix_path) check parameters
[0.585s] colcon.colcon_core.package_discovery Level 1 discover_packages(prefix_path) discover
[0.590s] colcon.colcon_installed_package_information.package_discovery DEBUG Found 11 installed packages in /home/nvidia/acfly_ws/install
[0.591s] colcon.colcon_installed_package_information.package_discovery DEBUG Found 4 installed packages in /home/nvidia/ws_point/install
[0.591s] colcon.colcon_installed_package_information.package_discovery DEBUG Found 1 installed packages in /home/nvidia/ws_livox/install
[0.592s] colcon.colcon_installed_package_information.package_discovery DEBUG Found 4 installed packages in /home/nvidia/ws_orbbec/install
[0.594s] colcon.colcon_installed_package_information.package_discovery DEBUG Found 285 installed packages in /opt/ros/humble
[0.596s] colcon.colcon_core.package_discovery Level 1 discover_packages(prefix_path) using defaults
[0.660s] colcon.colcon_core.verb Level 5 set package 'exploration_planner' build argument 'cmake_args' from command line to '['-DPython3_EXECUTABLE=/usr/bin/python3']'
[0.660s] colcon.colcon_core.verb Level 5 set package 'exploration_planner' build argument 'cmake_target' from command line to 'None'
[0.660s] colcon.colcon_core.verb Level 5 set package 'exploration_planner' build argument 'cmake_target_skip_unavailable' from command line to 'False'
[0.660s] colcon.colcon_core.verb Level 5 set package 'exploration_planner' build argument 'cmake_clean_cache' from command line to 'False'
[0.660s] colcon.colcon_core.verb Level 5 set package 'exploration_planner' build argument 'cmake_clean_first' from command line to 'False'
[0.660s] colcon.colcon_core.verb Level 5 set package 'exploration_planner' build argument 'cmake_force_configure' from command line to 'False'
[0.660s] colcon.colcon_core.verb Level 5 set package 'exploration_planner' build argument 'ament_cmake_args' from command line to 'None'
[0.660s] colcon.colcon_core.verb Level 5 set package 'exploration_planner' build argument 'catkin_cmake_args' from command line to 'None'
[0.660s] colcon.colcon_core.verb Level 5 set package 'exploration_planner' build argument 'catkin_skip_building_tests' from command line to 'False'
[0.661s] colcon.colcon_core.verb DEBUG Building package 'exploration_planner' with the following arguments: {'ament_cmake_args': None, 'build_base': '/home/nvidia/acfly_ws/build/exploration_planner', 'catkin_cmake_args': None, 'catkin_skip_building_tests': False, 'cmake_args': ['-DPython3_EXECUTABLE=/usr/bin/python3'], 'cmake_clean_cache': False, 'cmake_clean_first': False, 'cmake_force_configure': False, 'cmake_target': None, 'cmake_target_skip_unavailable': False, 'install_base': '/home/nvidia/acfly_ws/install/exploration_planner', 'merge_install': False, 'path': '/home/nvidia/acfly_ws/src/exploration_planner', 'symlink_install': False, 'test_result_base': None}
[0.661s] colcon.colcon_core.verb Level 5 set package 'fly_mission' build argument 'cmake_args' from command line to '['-DPython3_EXECUTABLE=/usr/bin/python3']'
[0.661s] colcon.colcon_core.verb Level 5 set package 'fly_mission' build argument 'cmake_target' from command line to 'None'
[0.661s] colcon.colcon_core.verb Level 5 set package 'fly_mission' build argument 'cmake_target_skip_unavailable' from command line to 'False'
[0.661s] colcon.colcon_core.verb Level 5 set package 'fly_mission' build argument 'cmake_clean_cache' from command line to 'False'
[0.661s] colcon.colcon_core.verb Level 5 set package 'fly_mission' build argument 'cmake_clean_first' from command line to 'False'
[0.661s] colcon.colcon_core.verb Level 5 set package 'fly_mission' build argument 'cmake_force_configure' from command line to 'False'
[0.661s] colcon.colcon_core.verb Level 5 set package 'fly_mission' build argument 'ament_cmake_args' from command line to 'None'
[0.661s] colcon.colcon_core.verb Level 5 set package 'fly_mission' build argument 'catkin_cmake_args' from command line to 'None'
[0.661s] colcon.colcon_core.verb Level 5 set package 'fly_mission' build argument 'catkin_skip_building_tests' from command line to 'False'
[0.662s] colcon.colcon_core.verb DEBUG Building package 'fly_mission' with the following arguments: {'ament_cmake_args': None, 'build_base': '/home/nvidia/acfly_ws/build/fly_mission', 'catkin_cmake_args': None, 'catkin_skip_building_tests': False, 'cmake_args': ['-DPython3_EXECUTABLE=/usr/bin/python3'], 'cmake_clean_cache': False, 'cmake_clean_first': False, 'cmake_force_configure': False, 'cmake_target': None, 'cmake_target_skip_unavailable': False, 'install_base': '/home/nvidia/acfly_ws/install/fly_mission', 'merge_install': False, 'path': '/home/nvidia/acfly_ws/src/fly_mission', 'symlink_install': False, 'test_result_base': None}
[0.662s] colcon.colcon_core.verb Level 5 set package 'multi_pole_detector' build argument 'cmake_args' from command line to '['-DPython3_EXECUTABLE=/usr/bin/python3']'
[0.662s] colcon.colcon_core.verb Level 5 set package 'multi_pole_detector' build argument 'cmake_target' from command line to 'None'
[0.662s] colcon.colcon_core.verb Level 5 set package 'multi_pole_detector' build argument 'cmake_target_skip_unavailable' from command line to 'False'
[0.662s] colcon.colcon_core.verb Level 5 set package 'multi_pole_detector' build argument 'cmake_clean_cache' from command line to 'False'
[0.662s] colcon.colcon_core.verb Level 5 set package 'multi_pole_detector' build argument 'cmake_clean_first' from command line to 'False'
[0.662s] colcon.colcon_core.verb Level 5 set package 'multi_pole_detector' build argument 'cmake_force_configure' from command line to 'False'
[0.662s] colcon.colcon_core.verb Level 5 set package 'multi_pole_detector' build argument 'ament_cmake_args' from command line to 'None'
[0.662s] colcon.colcon_core.verb Level 5 set package 'multi_pole_detector' build argument 'catkin_cmake_args' from command line to 'None'
[0.662s] colcon.colcon_core.verb Level 5 set package 'multi_pole_detector' build argument 'catkin_skip_building_tests' from command line to 'False'
[0.662s] colcon.colcon_core.verb DEBUG Building package 'multi_pole_detector' with the following arguments: {'ament_cmake_args': None, 'build_base': '/home/nvidia/acfly_ws/build/multi_pole_detector', 'catkin_cmake_args': None, 'catkin_skip_building_tests': False, 'cmake_args': ['-DPython3_EXECUTABLE=/usr/bin/python3'], 'cmake_clean_cache': False, 'cmake_clean_first': False, 'cmake_force_configure': False, 'cmake_target': None, 'cmake_target_skip_unavailable': False, 'install_base': '/home/nvidia/acfly_ws/install/multi_pole_detector', 'merge_install': False, 'path': '/home/nvidia/acfly_ws/src/finding_objects_ws/multi_pole_detector', 'symlink_install': False, 'test_result_base': None}
[0.663s] colcon.colcon_core.verb Level 5 set package 'pole_detector' build argument 'cmake_args' from command line to '['-DPython3_EXECUTABLE=/usr/bin/python3']'
[0.663s] colcon.colcon_core.verb Level 5 set package 'pole_detector' build argument 'cmake_target' from command line to 'None'
[0.663s] colcon.colcon_core.verb Level 5 set package 'pole_detector' build argument 'cmake_target_skip_unavailable' from command line to 'False'
[0.663s] colcon.colcon_core.verb Level 5 set package 'pole_detector' build argument 'cmake_clean_cache' from command line to 'False'
[0.663s] colcon.colcon_core.verb Level 5 set package 'pole_detector' build argument 'cmake_clean_first' from command line to 'False'
[0.663s] colcon.colcon_core.verb Level 5 set package 'pole_detector' build argument 'cmake_force_configure' from command line to 'False'
[0.663s] colcon.colcon_core.verb Level 5 set package 'pole_detector' build argument 'ament_cmake_args' from command line to 'None'
[0.663s] colcon.colcon_core.verb Level 5 set package 'pole_detector' build argument 'catkin_cmake_args' from command line to 'None'
[0.663s] colcon.colcon_core.verb Level 5 set package 'pole_detector' build argument 'catkin_skip_building_tests' from command line to 'False'
[0.663s] colcon.colcon_core.verb DEBUG Building package 'pole_detector' with the following arguments: {'ament_cmake_args': None, 'build_base': '/home/nvidia/acfly_ws/build/pole_detector', 'catkin_cmake_args': None, 'catkin_skip_building_tests': False, 'cmake_args': ['-DPython3_EXECUTABLE=/usr/bin/python3'], 'cmake_clean_cache': False, 'cmake_clean_first': False, 'cmake_force_configure': False, 'cmake_target': None, 'cmake_target_skip_unavailable': False, 'install_base': '/home/nvidia/acfly_ws/install/pole_detector', 'merge_install': False, 'path': '/home/nvidia/acfly_ws/src/finding_objects_ws/pole_detector', 'symlink_install': False, 'test_result_base': None}
[0.664s] colcon.colcon_core.verb Level 5 set package 'ring_detector' build argument 'cmake_args' from command line to '['-DPython3_EXECUTABLE=/usr/bin/python3']'
[0.664s] colcon.colcon_core.verb Level 5 set package 'ring_detector' build argument 'cmake_target' from command line to 'None'
[0.664s] colcon.colcon_core.verb Level 5 set package 'ring_detector' build argument 'cmake_target_skip_unavailable' from command line to 'False'
[0.664s] colcon.colcon_core.verb Level 5 set package 'ring_detector' build argument 'cmake_clean_cache' from command line to 'False'
[0.664s] colcon.colcon_core.verb Level 5 set package 'ring_detector' build argument 'cmake_clean_first' from command line to 'False'
[0.664s] colcon.colcon_core.verb Level 5 set package 'ring_detector' build argument 'cmake_force_configure' from command line to 'False'
[0.664s] colcon.colcon_core.verb Level 5 set package 'ring_detector' build argument 'ament_cmake_args' from command line to 'None'
[0.664s] colcon.colcon_core.verb Level 5 set package 'ring_detector' build argument 'catkin_cmake_args' from command line to 'None'
[0.664s] colcon.colcon_core.verb Level 5 set package 'ring_detector' build argument 'catkin_skip_building_tests' from command line to 'False'
[0.664s] colcon.colcon_core.verb DEBUG Building package 'ring_detector' with the following arguments: {'ament_cmake_args': None, 'build_base': '/home/nvidia/acfly_ws/build/ring_detector', 'catkin_cmake_args': None, 'catkin_skip_building_tests': False, 'cmake_args': ['-DPython3_EXECUTABLE=/usr/bin/python3'], 'cmake_clean_cache': False, 'cmake_clean_first': False, 'cmake_force_configure': False, 'cmake_target': None, 'cmake_target_skip_unavailable': False, 'install_base': '/home/nvidia/acfly_ws/install/ring_detector', 'merge_install': False, 'path': '/home/nvidia/acfly_ws/src/finding_objects_ws/ring_detector', 'symlink_install': False, 'test_result_base': None}
[0.665s] colcon.colcon_core.executor INFO Executing jobs using 'parallel' executor
[0.666s] colcon.colcon_parallel_executor.executor.parallel DEBUG run_until_complete
[0.667s] colcon.colcon_ros.task.ament_cmake.build INFO Building ROS package in '/home/nvidia/acfly_ws/src/exploration_planner' with build type 'ament_cmake'
[0.667s] colcon.colcon_cmake.task.cmake.build INFO Building CMake package in '/home/nvidia/acfly_ws/src/exploration_planner'
[0.671s] colcon.colcon_core.plugin_system INFO Skipping extension 'colcon_core.shell.bat': Not used on non-Windows systems
[0.671s] colcon.colcon_core.shell INFO Skip shell extension 'powershell' for command environment: Not usable outside of PowerShell
[0.671s] colcon.colcon_core.shell DEBUG Skip shell extension 'dsv' for command environment
[0.680s] colcon.colcon_ros.task.ament_cmake.build INFO Building ROS package in '/home/nvidia/acfly_ws/src/fly_mission' with build type 'ament_cmake'
[0.681s] colcon.colcon_cmake.task.cmake.build INFO Building CMake package in '/home/nvidia/acfly_ws/src/fly_mission'
[0.681s] colcon.colcon_core.shell INFO Skip shell extension 'powershell' for command environment: Not usable outside of PowerShell
[0.681s] colcon.colcon_core.shell DEBUG Skip shell extension 'dsv' for command environment
[0.690s] colcon.colcon_ros.task.ament_cmake.build INFO Building ROS package in '/home/nvidia/acfly_ws/src/finding_objects_ws/multi_pole_detector' with build type 'ament_cmake'
[0.690s] colcon.colcon_cmake.task.cmake.build INFO Building CMake package in '/home/nvidia/acfly_ws/src/finding_objects_ws/multi_pole_detector'
[0.690s] colcon.colcon_core.shell INFO Skip shell extension 'powershell' for command environment: Not usable outside of PowerShell
[0.691s] colcon.colcon_core.shell DEBUG Skip shell extension 'dsv' for command environment
[0.699s] colcon.colcon_ros.task.ament_cmake.build INFO Building ROS package in '/home/nvidia/acfly_ws/src/finding_objects_ws/pole_detector' with build type 'ament_cmake'
[0.699s] colcon.colcon_cmake.task.cmake.build INFO Building CMake package in '/home/nvidia/acfly_ws/src/finding_objects_ws/pole_detector'
[0.699s] colcon.colcon_core.shell INFO Skip shell extension 'powershell' for command environment: Not usable outside of PowerShell
[0.699s] colcon.colcon_core.shell DEBUG Skip shell extension 'dsv' for command environment
[0.707s] colcon.colcon_ros.task.ament_cmake.build INFO Building ROS package in '/home/nvidia/acfly_ws/src/finding_objects_ws/ring_detector' with build type 'ament_cmake'
[0.707s] colcon.colcon_cmake.task.cmake.build INFO Building CMake package in '/home/nvidia/acfly_ws/src/finding_objects_ws/ring_detector'
[0.708s] colcon.colcon_core.shell INFO Skip shell extension 'powershell' for command environment: Not usable outside of PowerShell
[0.708s] colcon.colcon_core.shell DEBUG Skip shell extension 'dsv' for command environment
[0.724s] colcon.colcon_core.event_handler.log_command DEBUG Invoking command in '/home/nvidia/acfly_ws/build/exploration_planner': CMAKE_PREFIX_PATH=${CMAKE_PREFIX_PATH}:/home/nvidia/ws_orbbec/install/gemini_vision:/opt/ros/humble /usr/bin/cmake --build /home/nvidia/acfly_ws/build/exploration_planner -- -j8 -l8
[0.729s] colcon.colcon_core.event_handler.log_command DEBUG Invoking command in '/home/nvidia/acfly_ws/build/fly_mission': CMAKE_PREFIX_PATH=${CMAKE_PREFIX_PATH}:/home/nvidia/ws_orbbec/install/gemini_vision:/opt/ros/humble /usr/bin/cmake --build /home/nvidia/acfly_ws/build/fly_mission -- -j8 -l8
[0.734s] colcon.colcon_core.event_handler.log_command DEBUG Invoking command in '/home/nvidia/acfly_ws/build/multi_pole_detector': CMAKE_PREFIX_PATH=${CMAKE_PREFIX_PATH}:/home/nvidia/ws_orbbec/install/gemini_vision:/opt/ros/humble /usr/bin/cmake --build /home/nvidia/acfly_ws/build/multi_pole_detector -- -j8 -l8
[0.738s] colcon.colcon_core.event_handler.log_command DEBUG Invoking command in '/home/nvidia/acfly_ws/build/pole_detector': CMAKE_PREFIX_PATH=${CMAKE_PREFIX_PATH}:/home/nvidia/ws_orbbec/install/gemini_vision:/opt/ros/humble /usr/bin/cmake --build /home/nvidia/acfly_ws/build/pole_detector -- -j8 -l8
[0.745s] colcon.colcon_core.event_handler.log_command DEBUG Invoking command in '/home/nvidia/acfly_ws/build/ring_detector': CMAKE_PREFIX_PATH=${CMAKE_PREFIX_PATH}:/home/nvidia/ws_orbbec/install/gemini_vision:/opt/ros/humble /usr/bin/cmake --build /home/nvidia/acfly_ws/build/ring_detector -- -j8 -l8
[0.864s] colcon.colcon_core.event_handler.log_command DEBUG Invoked command in '/home/nvidia/acfly_ws/build/multi_pole_detector' returned '0': CMAKE_PREFIX_PATH=${CMAKE_PREFIX_PATH}:/home/nvidia/ws_orbbec/install/gemini_vision:/opt/ros/humble /usr/bin/cmake --build /home/nvidia/acfly_ws/build/multi_pole_detector -- -j8 -l8
[0.887s] colcon.colcon_core.event_handler.log_command DEBUG Invoking command in '/home/nvidia/acfly_ws/build/multi_pole_detector': CMAKE_PREFIX_PATH=${CMAKE_PREFIX_PATH}:/home/nvidia/ws_orbbec/install/gemini_vision:/opt/ros/humble /usr/bin/cmake --install /home/nvidia/acfly_ws/build/multi_pole_detector
[0.891s] colcon.colcon_core.event_handler.log_command DEBUG Invoked command in '/home/nvidia/acfly_ws/build/pole_detector' returned '0': CMAKE_PREFIX_PATH=${CMAKE_PREFIX_PATH}:/home/nvidia/ws_orbbec/install/gemini_vision:/opt/ros/humble /usr/bin/cmake --build /home/nvidia/acfly_ws/build/pole_detector -- -j8 -l8
[0.894s] colcon.colcon_core.event_handler.log_command DEBUG Invoking command in '/home/nvidia/acfly_ws/build/pole_detector': CMAKE_PREFIX_PATH=${CMAKE_PREFIX_PATH}:/home/nvidia/ws_orbbec/install/gemini_vision:/opt/ros/humble /usr/bin/cmake --install /home/nvidia/acfly_ws/build/pole_detector
[0.898s] colcon.colcon_core.event_handler.log_command DEBUG Invoked command in '/home/nvidia/acfly_ws/build/ring_detector' returned '0': CMAKE_PREFIX_PATH=${CMAKE_PREFIX_PATH}:/home/nvidia/ws_orbbec/install/gemini_vision:/opt/ros/humble /usr/bin/cmake --build /home/nvidia/acfly_ws/build/ring_detector -- -j8 -l8
[0.899s] colcon.colcon_core.event_handler.log_command DEBUG Invoking command in '/home/nvidia/acfly_ws/build/ring_detector': CMAKE_PREFIX_PATH=${CMAKE_PREFIX_PATH}:/home/nvidia/ws_orbbec/install/gemini_vision:/opt/ros/humble /usr/bin/cmake --install /home/nvidia/acfly_ws/build/ring_detector
[0.914s] colcon.colcon_core.environment Level 1 create_environment_scripts_only(pole_detector)
[0.915s] colcon.colcon_core.event_handler.log_command DEBUG Invoked command in '/home/nvidia/acfly_ws/build/pole_detector' returned '0': CMAKE_PREFIX_PATH=${CMAKE_PREFIX_PATH}:/home/nvidia/ws_orbbec/install/gemini_vision:/opt/ros/humble /usr/bin/cmake --install /home/nvidia/acfly_ws/build/pole_detector
[0.919s] colcon.colcon_core.environment Level 1 checking '/home/nvidia/acfly_ws/install/pole_detector' for CMake module files
[0.920s] colcon.colcon_core.environment Level 1 checking '/home/nvidia/acfly_ws/install/pole_detector' for CMake config files
[0.921s] colcon.colcon_core.shell Level 1 create_environment_hook('pole_detector', 'cmake_prefix_path')
[0.921s] colcon.colcon_core.shell INFO Creating environment hook '/home/nvidia/acfly_ws/install/pole_detector/share/pole_detector/hook/cmake_prefix_path.ps1'
[0.923s] colcon.colcon_core.shell INFO Creating environment descriptor '/home/nvidia/acfly_ws/install/pole_detector/share/pole_detector/hook/cmake_prefix_path.dsv'
[0.924s] colcon.colcon_core.shell INFO Creating environment hook '/home/nvidia/acfly_ws/install/pole_detector/share/pole_detector/hook/cmake_prefix_path.sh'
[0.926s] colcon.colcon_core.environment Level 1 checking '/home/nvidia/acfly_ws/install/pole_detector/lib'
[0.926s] colcon.colcon_core.environment Level 1 checking '/home/nvidia/acfly_ws/install/pole_detector/bin'
[0.927s] colcon.colcon_core.environment Level 1 checking '/home/nvidia/acfly_ws/install/pole_detector/lib/pkgconfig/pole_detector.pc'
[0.927s] colcon.colcon_core.environment Level 1 checking '/home/nvidia/acfly_ws/install/pole_detector/lib/python3.10/site-packages'
[0.928s] colcon.colcon_core.environment Level 1 checking '/home/nvidia/acfly_ws/install/pole_detector/bin'
[0.928s] colcon.colcon_core.shell INFO Creating package script '/home/nvidia/acfly_ws/install/pole_detector/share/pole_detector/package.ps1'
[0.931s] colcon.colcon_core.shell INFO Creating package descriptor '/home/nvidia/acfly_ws/install/pole_detector/share/pole_detector/package.dsv'
[0.932s] colcon.colcon_core.shell INFO Creating package script '/home/nvidia/acfly_ws/install/pole_detector/share/pole_detector/package.sh'
[0.933s] colcon.colcon_core.shell INFO Creating package script '/home/nvidia/acfly_ws/install/pole_detector/share/pole_detector/package.bash'
[0.935s] colcon.colcon_core.shell INFO Creating package script '/home/nvidia/acfly_ws/install/pole_detector/share/pole_detector/package.zsh'
[0.936s] colcon.colcon_core.environment Level 1 create_file_with_runtime_dependencies(/home/nvidia/acfly_ws/install/pole_detector/share/colcon-core/packages/pole_detector)
[0.937s] colcon.colcon_core.environment Level 1 create_environment_scripts_only(pole_detector)
[0.938s] colcon.colcon_core.environment Level 1 checking '/home/nvidia/acfly_ws/install/pole_detector' for CMake module files
[0.938s] colcon.colcon_core.environment Level 1 checking '/home/nvidia/acfly_ws/install/pole_detector' for CMake config files
[0.939s] colcon.colcon_core.shell Level 1 create_environment_hook('pole_detector', 'cmake_prefix_path')
[0.939s] colcon.colcon_core.shell INFO Creating environment hook '/home/nvidia/acfly_ws/install/pole_detector/share/pole_detector/hook/cmake_prefix_path.ps1'
[0.940s] colcon.colcon_core.shell INFO Creating environment descriptor '/home/nvidia/acfly_ws/install/pole_detector/share/pole_detector/hook/cmake_prefix_path.dsv'
[0.941s] colcon.colcon_core.shell INFO Creating environment hook '/home/nvidia/acfly_ws/install/pole_detector/share/pole_detector/hook/cmake_prefix_path.sh'
[0.942s] colcon.colcon_core.environment Level 1 checking '/home/nvidia/acfly_ws/install/pole_detector/lib'
[0.942s] colcon.colcon_core.environment Level 1 checking '/home/nvidia/acfly_ws/install/pole_detector/bin'
[0.942s] colcon.colcon_core.environment Level 1 checking '/home/nvidia/acfly_ws/install/pole_detector/lib/pkgconfig/pole_detector.pc'
[0.943s] colcon.colcon_core.environment Level 1 checking '/home/nvidia/acfly_ws/install/pole_detector/lib/python3.10/site-packages'
[0.943s] colcon.colcon_core.environment Level 1 checking '/home/nvidia/acfly_ws/install/pole_detector/bin'
[0.944s] colcon.colcon_core.shell INFO Creating package script '/home/nvidia/acfly_ws/install/pole_detector/share/pole_detector/package.ps1'
[0.945s] colcon.colcon_core.shell INFO Creating package descriptor '/home/nvidia/acfly_ws/install/pole_detector/share/pole_detector/package.dsv'
[0.946s] colcon.colcon_core.shell INFO Creating package script '/home/nvidia/acfly_ws/install/pole_detector/share/pole_detector/package.sh'
[0.947s] colcon.colcon_core.shell INFO Creating package script '/home/nvidia/acfly_ws/install/pole_detector/share/pole_detector/package.bash'
[0.948s] colcon.colcon_core.shell INFO Creating package script '/home/nvidia/acfly_ws/install/pole_detector/share/pole_detector/package.zsh'
[0.949s] colcon.colcon_core.environment Level 1 create_file_with_runtime_dependencies(/home/nvidia/acfly_ws/install/pole_detector/share/colcon-core/packages/pole_detector)
[0.950s] colcon.colcon_core.environment Level 1 create_environment_scripts_only(multi_pole_detector)
[0.950s] colcon.colcon_core.environment Level 1 checking '/home/nvidia/acfly_ws/install/multi_pole_detector' for CMake module files
[0.951s] colcon.colcon_core.event_handler.log_command DEBUG Invoked command in '/home/nvidia/acfly_ws/build/multi_pole_detector' returned '0': CMAKE_PREFIX_PATH=${CMAKE_PREFIX_PATH}:/home/nvidia/ws_orbbec/install/gemini_vision:/opt/ros/humble /usr/bin/cmake --install /home/nvidia/acfly_ws/build/multi_pole_detector
[0.952s] colcon.colcon_core.environment Level 1 checking '/home/nvidia/acfly_ws/install/multi_pole_detector' for CMake config files
[0.952s] colcon.colcon_core.shell Level 1 create_environment_hook('multi_pole_detector', 'cmake_prefix_path')
[0.953s] colcon.colcon_core.shell INFO Creating environment hook '/home/nvidia/acfly_ws/install/multi_pole_detector/share/multi_pole_detector/hook/cmake_prefix_path.ps1'
[0.954s] colcon.colcon_core.shell INFO Creating environment descriptor '/home/nvidia/acfly_ws/install/multi_pole_detector/share/multi_pole_detector/hook/cmake_prefix_path.dsv'
[0.954s] colcon.colcon_core.shell INFO Creating environment hook '/home/nvidia/acfly_ws/install/multi_pole_detector/share/multi_pole_detector/hook/cmake_prefix_path.sh'
[0.955s] colcon.colcon_core.environment Level 1 checking '/home/nvidia/acfly_ws/install/multi_pole_detector/lib'
[0.955s] colcon.colcon_core.environment Level 1 checking '/home/nvidia/acfly_ws/install/multi_pole_detector/bin'
[0.955s] colcon.colcon_core.environment Level 1 checking '/home/nvidia/acfly_ws/install/multi_pole_detector/lib/pkgconfig/multi_pole_detector.pc'
[0.956s] colcon.colcon_core.environment Level 1 checking '/home/nvidia/acfly_ws/install/multi_pole_detector/lib/python3.10/site-packages'
[0.956s] colcon.colcon_core.environment Level 1 checking '/home/nvidia/acfly_ws/install/multi_pole_detector/bin'
[0.957s] colcon.colcon_core.shell INFO Creating package script '/home/nvidia/acfly_ws/install/multi_pole_detector/share/multi_pole_detector/package.ps1'
[0.958s] colcon.colcon_core.shell INFO Creating package descriptor '/home/nvidia/acfly_ws/install/multi_pole_detector/share/multi_pole_detector/package.dsv'
[0.959s] colcon.colcon_core.shell INFO Creating package script '/home/nvidia/acfly_ws/install/multi_pole_detector/share/multi_pole_detector/package.sh'
[0.959s] colcon.colcon_core.shell INFO Creating package script '/home/nvidia/acfly_ws/install/multi_pole_detector/share/multi_pole_detector/package.bash'
[0.960s] colcon.colcon_core.shell INFO Creating package script '/home/nvidia/acfly_ws/install/multi_pole_detector/share/multi_pole_detector/package.zsh'
[0.961s] colcon.colcon_core.environment Level 1 create_file_with_runtime_dependencies(/home/nvidia/acfly_ws/install/multi_pole_detector/share/colcon-core/packages/multi_pole_detector)
[0.962s] colcon.colcon_core.environment Level 1 create_environment_scripts_only(multi_pole_detector)
[0.962s] colcon.colcon_core.environment Level 1 checking '/home/nvidia/acfly_ws/install/multi_pole_detector' for CMake module files
[0.963s] colcon.colcon_core.environment Level 1 checking '/home/nvidia/acfly_ws/install/multi_pole_detector' for CMake config files
[0.963s] colcon.colcon_core.shell Level 1 create_environment_hook('multi_pole_detector', 'cmake_prefix_path')
[0.964s] colcon.colcon_core.shell INFO Creating environment hook '/home/nvidia/acfly_ws/install/multi_pole_detector/share/multi_pole_detector/hook/cmake_prefix_path.ps1'
[0.964s] colcon.colcon_core.shell INFO Creating environment descriptor '/home/nvidia/acfly_ws/install/multi_pole_detector/share/multi_pole_detector/hook/cmake_prefix_path.dsv'
[0.965s] colcon.colcon_core.shell INFO Creating environment hook '/home/nvidia/acfly_ws/install/multi_pole_detector/share/multi_pole_detector/hook/cmake_prefix_path.sh'
[0.966s] colcon.colcon_core.environment Level 1 checking '/home/nvidia/acfly_ws/install/multi_pole_detector/lib'
[0.966s] colcon.colcon_core.environment Level 1 checking '/home/nvidia/acfly_ws/install/multi_pole_detector/bin'
[0.966s] colcon.colcon_core.environment Level 1 checking '/home/nvidia/acfly_ws/install/multi_pole_detector/lib/pkgconfig/multi_pole_detector.pc'
[0.967s] colcon.colcon_core.environment Level 1 checking '/home/nvidia/acfly_ws/install/multi_pole_detector/lib/python3.10/site-packages'
[0.967s] colcon.colcon_core.environment Level 1 checking '/home/nvidia/acfly_ws/install/multi_pole_detector/bin'
[0.968s] colcon.colcon_core.shell INFO Creating package script '/home/nvidia/acfly_ws/install/multi_pole_detector/share/multi_pole_detector/package.ps1'
[0.969s] colcon.colcon_core.shell INFO Creating package descriptor '/home/nvidia/acfly_ws/install/multi_pole_detector/share/multi_pole_detector/package.dsv'
[0.970s] colcon.colcon_core.shell INFO Creating package script '/home/nvidia/acfly_ws/install/multi_pole_detector/share/multi_pole_detector/package.sh'
[0.971s] colcon.colcon_core.shell INFO Creating package script '/home/nvidia/acfly_ws/install/multi_pole_detector/share/multi_pole_detector/package.bash'
[0.971s] colcon.colcon_core.shell INFO Creating package script '/home/nvidia/acfly_ws/install/multi_pole_detector/share/multi_pole_detector/package.zsh'
[0.972s] colcon.colcon_core.environment Level 1 create_file_with_runtime_dependencies(/home/nvidia/acfly_ws/install/multi_pole_detector/share/colcon-core/packages/multi_pole_detector)
[0.974s] colcon.colcon_core.environment Level 1 create_environment_scripts_only(ring_detector)
[0.974s] colcon.colcon_core.environment Level 1 checking '/home/nvidia/acfly_ws/install/ring_detector' for CMake module files
[0.976s] colcon.colcon_core.environment Level 1 checking '/home/nvidia/acfly_ws/install/ring_detector' for CMake config files
[0.978s] colcon.colcon_core.event_handler.log_command DEBUG Invoked command in '/home/nvidia/acfly_ws/build/ring_detector' returned '0': CMAKE_PREFIX_PATH=${CMAKE_PREFIX_PATH}:/home/nvidia/ws_orbbec/install/gemini_vision:/opt/ros/humble /usr/bin/cmake --install /home/nvidia/acfly_ws/build/ring_detector
[0.978s] colcon.colcon_core.shell Level 1 create_environment_hook('ring_detector', 'cmake_prefix_path')
[0.979s] colcon.colcon_core.shell INFO Creating environment hook '/home/nvidia/acfly_ws/install/ring_detector/share/ring_detector/hook/cmake_prefix_path.ps1'
[0.980s] colcon.colcon_core.shell INFO Creating environment descriptor '/home/nvidia/acfly_ws/install/ring_detector/share/ring_detector/hook/cmake_prefix_path.dsv'
[0.981s] colcon.colcon_core.shell INFO Creating environment hook '/home/nvidia/acfly_ws/install/ring_detector/share/ring_detector/hook/cmake_prefix_path.sh'
[0.982s] colcon.colcon_core.environment Level 1 checking '/home/nvidia/acfly_ws/install/ring_detector/lib'
[0.982s] colcon.colcon_core.environment Level 1 checking '/home/nvidia/acfly_ws/install/ring_detector/bin'
[0.982s] colcon.colcon_core.environment Level 1 checking '/home/nvidia/acfly_ws/install/ring_detector/lib/pkgconfig/ring_detector.pc'
[0.983s] colcon.colcon_core.environment Level 1 checking '/home/nvidia/acfly_ws/install/ring_detector/lib/python3.10/site-packages'
[0.983s] colcon.colcon_core.environment Level 1 checking '/home/nvidia/acfly_ws/install/ring_detector/bin'
[0.984s] colcon.colcon_core.shell INFO Creating package script '/home/nvidia/acfly_ws/install/ring_detector/share/ring_detector/package.ps1'
[0.985s] colcon.colcon_core.shell INFO Creating package descriptor '/home/nvidia/acfly_ws/install/ring_detector/share/ring_detector/package.dsv'
[0.986s] colcon.colcon_core.shell INFO Creating package script '/home/nvidia/acfly_ws/install/ring_detector/share/ring_detector/package.sh'
[0.986s] colcon.colcon_core.shell INFO Creating package script '/home/nvidia/acfly_ws/install/ring_detector/share/ring_detector/package.bash'
[0.987s] colcon.colcon_core.shell INFO Creating package script '/home/nvidia/acfly_ws/install/ring_detector/share/ring_detector/package.zsh'
[0.988s] colcon.colcon_core.environment Level 1 create_file_with_runtime_dependencies(/home/nvidia/acfly_ws/install/ring_detector/share/colcon-core/packages/ring_detector)
[0.989s] colcon.colcon_core.environment Level 1 create_environment_scripts_only(ring_detector)
[0.989s] colcon.colcon_core.environment Level 1 checking '/home/nvidia/acfly_ws/install/ring_detector' for CMake module files
[0.990s] colcon.colcon_core.environment Level 1 checking '/home/nvidia/acfly_ws/install/ring_detector' for CMake config files
[0.991s] colcon.colcon_core.shell Level 1 create_environment_hook('ring_detector', 'cmake_prefix_path')
[0.991s] colcon.colcon_core.shell INFO Creating environment hook '/home/nvidia/acfly_ws/install/ring_detector/share/ring_detector/hook/cmake_prefix_path.ps1'
[0.992s] colcon.colcon_core.shell INFO Creating environment descriptor '/home/nvidia/acfly_ws/install/ring_detector/share/ring_detector/hook/cmake_prefix_path.dsv'
[0.993s] colcon.colcon_core.shell INFO Creating environment hook '/home/nvidia/acfly_ws/install/ring_detector/share/ring_detector/hook/cmake_prefix_path.sh'
[0.994s] colcon.colcon_core.environment Level 1 checking '/home/nvidia/acfly_ws/install/ring_detector/lib'
[0.994s] colcon.colcon_core.environment Level 1 checking '/home/nvidia/acfly_ws/install/ring_detector/bin'
[0.994s] colcon.colcon_core.environment Level 1 checking '/home/nvidia/acfly_ws/install/ring_detector/lib/pkgconfig/ring_detector.pc'
[0.995s] colcon.colcon_core.environment Level 1 checking '/home/nvidia/acfly_ws/install/ring_detector/lib/python3.10/site-packages'
[0.995s] colcon.colcon_core.environment Level 1 checking '/home/nvidia/acfly_ws/install/ring_detector/bin'
[0.996s] colcon.colcon_core.shell INFO Creating package script '/home/nvidia/acfly_ws/install/ring_detector/share/ring_detector/package.ps1'
[0.997s] colcon.colcon_core.shell INFO Creating package descriptor '/home/nvidia/acfly_ws/install/ring_detector/share/ring_detector/package.dsv'
[0.998s] colcon.colcon_core.shell INFO Creating package script '/home/nvidia/acfly_ws/install/ring_detector/share/ring_detector/package.sh'
[0.999s] colcon.colcon_core.shell INFO Creating package script '/home/nvidia/acfly_ws/install/ring_detector/share/ring_detector/package.bash'
[1.000s] colcon.colcon_core.shell INFO Creating package script '/home/nvidia/acfly_ws/install/ring_detector/share/ring_detector/package.zsh'
[1.001s] colcon.colcon_core.environment Level 1 create_file_with_runtime_dependencies(/home/nvidia/acfly_ws/install/ring_detector/share/colcon-core/packages/ring_detector)
[33.323s] colcon.colcon_core.event_handler.log_command DEBUG Invoked command in '/home/nvidia/acfly_ws/build/fly_mission' returned '0': CMAKE_PREFIX_PATH=${CMAKE_PREFIX_PATH}:/home/nvidia/ws_orbbec/install/gemini_vision:/opt/ros/humble /usr/bin/cmake --build /home/nvidia/acfly_ws/build/fly_mission -- -j8 -l8
[33.328s] colcon.colcon_core.event_handler.log_command DEBUG Invoking command in '/home/nvidia/acfly_ws/build/fly_mission': CMAKE_PREFIX_PATH=${CMAKE_PREFIX_PATH}:/home/nvidia/ws_orbbec/install/gemini_vision:/opt/ros/humble /usr/bin/cmake --install /home/nvidia/acfly_ws/build/fly_mission
[33.379s] colcon.colcon_core.environment Level 1 create_environment_scripts_only(fly_mission)
[33.380s] colcon.colcon_core.environment Level 1 checking '/home/nvidia/acfly_ws/install/fly_mission' for CMake module files
[33.382s] colcon.colcon_core.environment Level 1 checking '/home/nvidia/acfly_ws/install/fly_mission' for CMake config files
[33.383s] colcon.colcon_core.event_handler.log_command DEBUG Invoked command in '/home/nvidia/acfly_ws/build/fly_mission' returned '0': CMAKE_PREFIX_PATH=${CMAKE_PREFIX_PATH}:/home/nvidia/ws_orbbec/install/gemini_vision:/opt/ros/humble /usr/bin/cmake --install /home/nvidia/acfly_ws/build/fly_mission
[33.384s] colcon.colcon_core.shell Level 1 create_environment_hook('fly_mission', 'cmake_prefix_path')
[33.384s] colcon.colcon_core.shell INFO Creating environment hook '/home/nvidia/acfly_ws/install/fly_mission/share/fly_mission/hook/cmake_prefix_path.ps1'
[33.385s] colcon.colcon_core.shell INFO Creating environment descriptor '/home/nvidia/acfly_ws/install/fly_mission/share/fly_mission/hook/cmake_prefix_path.dsv'
[33.386s] colcon.colcon_core.shell INFO Creating environment hook '/home/nvidia/acfly_ws/install/fly_mission/share/fly_mission/hook/cmake_prefix_path.sh'
[33.387s] colcon.colcon_core.environment Level 1 checking '/home/nvidia/acfly_ws/install/fly_mission/lib'
[33.387s] colcon.colcon_core.environment Level 1 checking '/home/nvidia/acfly_ws/install/fly_mission/bin'
[33.387s] colcon.colcon_core.environment Level 1 checking '/home/nvidia/acfly_ws/install/fly_mission/lib/pkgconfig/fly_mission.pc'
[33.387s] colcon.colcon_core.environment Level 1 checking '/home/nvidia/acfly_ws/install/fly_mission/lib/python3.10/site-packages'
[33.388s] colcon.colcon_core.environment Level 1 checking '/home/nvidia/acfly_ws/install/fly_mission/bin'
[33.388s] colcon.colcon_core.shell INFO Creating package script '/home/nvidia/acfly_ws/install/fly_mission/share/fly_mission/package.ps1'
[33.390s] colcon.colcon_core.shell INFO Creating package descriptor '/home/nvidia/acfly_ws/install/fly_mission/share/fly_mission/package.dsv'
[33.390s] colcon.colcon_core.shell INFO Creating package script '/home/nvidia/acfly_ws/install/fly_mission/share/fly_mission/package.sh'
[33.391s] colcon.colcon_core.shell INFO Creating package script '/home/nvidia/acfly_ws/install/fly_mission/share/fly_mission/package.bash'
[33.391s] colcon.colcon_core.shell INFO Creating package script '/home/nvidia/acfly_ws/install/fly_mission/share/fly_mission/package.zsh'
[33.392s] colcon.colcon_core.environment Level 1 create_file_with_runtime_dependencies(/home/nvidia/acfly_ws/install/fly_mission/share/colcon-core/packages/fly_mission)
[33.393s] colcon.colcon_core.environment Level 1 create_environment_scripts_only(fly_mission)
[33.394s] colcon.colcon_core.environment Level 1 checking '/home/nvidia/acfly_ws/install/fly_mission' for CMake module files
[33.394s] colcon.colcon_core.environment Level 1 checking '/home/nvidia/acfly_ws/install/fly_mission' for CMake config files
[33.395s] colcon.colcon_core.shell Level 1 create_environment_hook('fly_mission', 'cmake_prefix_path')
[33.395s] colcon.colcon_core.shell INFO Creating environment hook '/home/nvidia/acfly_ws/install/fly_mission/share/fly_mission/hook/cmake_prefix_path.ps1'
[33.396s] colcon.colcon_core.shell INFO Creating environment descriptor '/home/nvidia/acfly_ws/install/fly_mission/share/fly_mission/hook/cmake_prefix_path.dsv'
[33.396s] colcon.colcon_core.shell INFO Creating environment hook '/home/nvidia/acfly_ws/install/fly_mission/share/fly_mission/hook/cmake_prefix_path.sh'
[33.397s] colcon.colcon_core.environment Level 1 checking '/home/nvidia/acfly_ws/install/fly_mission/lib'
[33.397s] colcon.colcon_core.environment Level 1 checking '/home/nvidia/acfly_ws/install/fly_mission/bin'
[33.397s] colcon.colcon_core.environment Level 1 checking '/home/nvidia/acfly_ws/install/fly_mission/lib/pkgconfig/fly_mission.pc'
[33.398s] colcon.colcon_core.environment Level 1 checking '/home/nvidia/acfly_ws/install/fly_mission/lib/python3.10/site-packages'
[33.398s] colcon.colcon_core.environment Level 1 checking '/home/nvidia/acfly_ws/install/fly_mission/bin'
[33.399s] colcon.colcon_core.shell INFO Creating package script '/home/nvidia/acfly_ws/install/fly_mission/share/fly_mission/package.ps1'
[33.400s] colcon.colcon_core.shell INFO Creating package descriptor '/home/nvidia/acfly_ws/install/fly_mission/share/fly_mission/package.dsv'
[33.401s] colcon.colcon_core.shell INFO Creating package script '/home/nvidia/acfly_ws/install/fly_mission/share/fly_mission/package.sh'
[33.402s] colcon.colcon_core.shell INFO Creating package script '/home/nvidia/acfly_ws/install/fly_mission/share/fly_mission/package.bash'
[33.402s] colcon.colcon_core.shell INFO Creating package script '/home/nvidia/acfly_ws/install/fly_mission/share/fly_mission/package.zsh'
[33.403s] colcon.colcon_core.environment Level 1 create_file_with_runtime_dependencies(/home/nvidia/acfly_ws/install/fly_mission/share/colcon-core/packages/fly_mission)
[38.802s] colcon.colcon_core.event_handler.log_command DEBUG Invoked command in '/home/nvidia/acfly_ws/build/exploration_planner' returned '0': CMAKE_PREFIX_PATH=${CMAKE_PREFIX_PATH}:/home/nvidia/ws_orbbec/install/gemini_vision:/opt/ros/humble /usr/bin/cmake --build /home/nvidia/acfly_ws/build/exploration_planner -- -j8 -l8
[38.808s] colcon.colcon_core.event_handler.log_command DEBUG Invoking command in '/home/nvidia/acfly_ws/build/exploration_planner': CMAKE_PREFIX_PATH=${CMAKE_PREFIX_PATH}:/home/nvidia/ws_orbbec/install/gemini_vision:/opt/ros/humble /usr/bin/cmake --install /home/nvidia/acfly_ws/build/exploration_planner
[38.851s] colcon.colcon_core.environment Level 1 create_environment_scripts_only(exploration_planner)
[38.852s] colcon.colcon_core.environment Level 1 checking '/home/nvidia/acfly_ws/install/exploration_planner' for CMake module files
[38.853s] colcon.colcon_core.event_handler.log_command DEBUG Invoked command in '/home/nvidia/acfly_ws/build/exploration_planner' returned '0': CMAKE_PREFIX_PATH=${CMAKE_PREFIX_PATH}:/home/nvidia/ws_orbbec/install/gemini_vision:/opt/ros/humble /usr/bin/cmake --install /home/nvidia/acfly_ws/build/exploration_planner
[38.854s] colcon.colcon_core.environment Level 1 checking '/home/nvidia/acfly_ws/install/exploration_planner' for CMake config files
[38.855s] colcon.colcon_core.shell Level 1 create_environment_hook('exploration_planner', 'cmake_prefix_path')
[38.856s] colcon.colcon_core.shell INFO Creating environment hook '/home/nvidia/acfly_ws/install/exploration_planner/share/exploration_planner/hook/cmake_prefix_path.ps1'
[38.858s] colcon.colcon_core.shell INFO Creating environment descriptor '/home/nvidia/acfly_ws/install/exploration_planner/share/exploration_planner/hook/cmake_prefix_path.dsv'
[38.859s] colcon.colcon_core.shell INFO Creating environment hook '/home/nvidia/acfly_ws/install/exploration_planner/share/exploration_planner/hook/cmake_prefix_path.sh'
[38.861s] colcon.colcon_core.environment Level 1 checking '/home/nvidia/acfly_ws/install/exploration_planner/lib'
[38.862s] colcon.colcon_core.environment Level 1 checking '/home/nvidia/acfly_ws/install/exploration_planner/bin'
[38.862s] colcon.colcon_core.environment Level 1 checking '/home/nvidia/acfly_ws/install/exploration_planner/lib/pkgconfig/exploration_planner.pc'
[38.863s] colcon.colcon_core.environment Level 1 checking '/home/nvidia/acfly_ws/install/exploration_planner/lib/python3.10/site-packages'
[38.864s] colcon.colcon_core.environment Level 1 checking '/home/nvidia/acfly_ws/install/exploration_planner/bin'
[38.865s] colcon.colcon_core.shell INFO Creating package script '/home/nvidia/acfly_ws/install/exploration_planner/share/exploration_planner/package.ps1'
[38.866s] colcon.colcon_core.shell INFO Creating package descriptor '/home/nvidia/acfly_ws/install/exploration_planner/share/exploration_planner/package.dsv'
[38.868s] colcon.colcon_core.shell INFO Creating package script '/home/nvidia/acfly_ws/install/exploration_planner/share/exploration_planner/package.sh'
[38.869s] colcon.colcon_core.shell INFO Creating package script '/home/nvidia/acfly_ws/install/exploration_planner/share/exploration_planner/package.bash'
[38.871s] colcon.colcon_core.shell INFO Creating package script '/home/nvidia/acfly_ws/install/exploration_planner/share/exploration_planner/package.zsh'
[38.872s] colcon.colcon_core.environment Level 1 create_file_with_runtime_dependencies(/home/nvidia/acfly_ws/install/exploration_planner/share/colcon-core/packages/exploration_planner)
[38.874s] colcon.colcon_core.environment Level 1 create_environment_scripts_only(exploration_planner)
[38.875s] colcon.colcon_core.environment Level 1 checking '/home/nvidia/acfly_ws/install/exploration_planner' for CMake module files
[38.876s] colcon.colcon_core.environment Level 1 checking '/home/nvidia/acfly_ws/install/exploration_planner' for CMake config files
[38.877s] colcon.colcon_core.shell Level 1 create_environment_hook('exploration_planner', 'cmake_prefix_path')
[38.878s] colcon.colcon_core.shell INFO Creating environment hook '/home/nvidia/acfly_ws/install/exploration_planner/share/exploration_planner/hook/cmake_prefix_path.ps1'
[38.880s] colcon.colcon_core.shell INFO Creating environment descriptor '/home/nvidia/acfly_ws/install/exploration_planner/share/exploration_planner/hook/cmake_prefix_path.dsv'
[38.881s] colcon.colcon_core.shell INFO Creating environment hook '/home/nvidia/acfly_ws/install/exploration_planner/share/exploration_planner/hook/cmake_prefix_path.sh'
[38.883s] colcon.colcon_core.environment Level 1 checking '/home/nvidia/acfly_ws/install/exploration_planner/lib'
[38.884s] colcon.colcon_core.environment Level 1 checking '/home/nvidia/acfly_ws/install/exploration_planner/bin'
[38.884s] colcon.colcon_core.environment Level 1 checking '/home/nvidia/acfly_ws/install/exploration_planner/lib/pkgconfig/exploration_planner.pc'
[38.885s] colcon.colcon_core.environment Level 1 checking '/home/nvidia/acfly_ws/install/exploration_planner/lib/python3.10/site-packages'
[38.886s] colcon.colcon_core.environment Level 1 checking '/home/nvidia/acfly_ws/install/exploration_planner/bin'
[38.887s] colcon.colcon_core.shell INFO Creating package script '/home/nvidia/acfly_ws/install/exploration_planner/share/exploration_planner/package.ps1'
[38.889s] colcon.colcon_core.shell INFO Creating package descriptor '/home/nvidia/acfly_ws/install/exploration_planner/share/exploration_planner/package.dsv'
[38.891s] colcon.colcon_core.shell INFO Creating package script '/home/nvidia/acfly_ws/install/exploration_planner/share/exploration_planner/package.sh'
[38.892s] colcon.colcon_core.shell INFO Creating package script '/home/nvidia/acfly_ws/install/exploration_planner/share/exploration_planner/package.bash'
[38.894s] colcon.colcon_core.shell INFO Creating package script '/home/nvidia/acfly_ws/install/exploration_planner/share/exploration_planner/package.zsh'
[38.895s] colcon.colcon_core.environment Level 1 create_file_with_runtime_dependencies(/home/nvidia/acfly_ws/install/exploration_planner/share/colcon-core/packages/exploration_planner)
[38.896s] colcon.colcon_parallel_executor.executor.parallel DEBUG closing loop
[38.897s] colcon.colcon_parallel_executor.executor.parallel DEBUG loop closed
[38.897s] colcon.colcon_parallel_executor.executor.parallel DEBUG run_until_complete finished with '0'
[38.897s] colcon.colcon_core.event_reactor DEBUG joining thread
[38.899s] colcon.colcon_core.event_reactor DEBUG joined thread
[38.899s] colcon.colcon_core.shell INFO Creating prefix script '/home/nvidia/acfly_ws/install/local_setup.ps1'
[38.902s] colcon.colcon_core.shell INFO Creating prefix util module '/home/nvidia/acfly_ws/install/_local_setup_util_ps1.py'
[38.907s] colcon.colcon_core.shell INFO Creating prefix chain script '/home/nvidia/acfly_ws/install/setup.ps1'
[38.914s] colcon.colcon_core.shell INFO Creating prefix script '/home/nvidia/acfly_ws/install/local_setup.sh'
[38.916s] colcon.colcon_core.shell INFO Creating prefix util module '/home/nvidia/acfly_ws/install/_local_setup_util_sh.py'
[38.918s] colcon.colcon_core.shell INFO Creating prefix chain script '/home/nvidia/acfly_ws/install/setup.sh'
[38.924s] colcon.colcon_core.shell INFO Creating prefix script '/home/nvidia/acfly_ws/install/local_setup.bash'
[38.926s] colcon.colcon_core.shell INFO Creating prefix chain script '/home/nvidia/acfly_ws/install/setup.bash'
[38.931s] colcon.colcon_core.shell INFO Creating prefix script '/home/nvidia/acfly_ws/install/local_setup.zsh'
[38.933s] colcon.colcon_core.shell INFO Creating prefix chain script '/home/nvidia/acfly_ws/install/setup.zsh'
