-- The C compiler identification is GNU 11.4.0
-- The CXX compiler identification is GNU 11.4.0
-- Detecting C compiler ABI info
-- Detecting C compiler ABI info - done
-- Check for working C compiler: /usr/bin/cc - skipped
-- Detecting C compile features
-- Detecting C compile features - done
-- Detecting CXX compiler ABI info
-- Detecting CXX compiler ABI info - done
-- Check for working CXX compiler: /usr/bin/c++ - skipped
-- Detecting CXX compile features
-- Detecting CXX compile features - done
-- Found ament_cmake: 1.3.14 (/opt/ros/humble/share/ament_cmake/cmake)
-- Found Python3: /usr/bin/python3 (found version "3.10.12") found components: Interpreter 
-- Found rclcpp: 16.0.19 (/opt/ros/humble/share/rclcpp/cmake)
-- Found rosidl_generator_c: 3.1.9 (/opt/ros/humble/share/rosidl_generator_c/cmake)
-- Found rosidl_adapter: 3.1.9 (/opt/ros/humble/share/rosidl_adapter/cmake)
-- Found rosidl_generator_cpp: 3.1.9 (/opt/ros/humble/share/rosidl_generator_cpp/cmake)
-- Using all available rosidl_typesupport_c: rosidl_typesupport_fastrtps_c;rosidl_typesupport_introspection_c
-- Using all available rosidl_typesupport_cpp: rosidl_typesupport_fastrtps_cpp;rosidl_typesupport_introspection_cpp
-- Found rmw_implementation_cmake: 6.1.2 (/opt/ros/humble/share/rmw_implementation_cmake/cmake)
-- Found rmw_fastrtps_cpp: 6.2.10 (/opt/ros/humble/share/rmw_fastrtps_cpp/cmake)
-- Found OpenSSL: /usr/lib/aarch64-linux-gnu/libcrypto.so (found version "3.0.2")  
-- Found FastRTPS: /opt/ros/humble/include  
-- Using RMW implementation 'rmw_fastrtps_cpp' as default
-- Looking for pthread.h
-- Looking for pthread.h - found
-- Performing Test CMAKE_HAVE_LIBC_PTHREAD
-- Performing Test CMAKE_HAVE_LIBC_PTHREAD - Success
-- Found Threads: TRUE  
-- Found sensor_msgs: 4.9.1 (/opt/ros/humble/share/sensor_msgs/cmake)
-- Found nav_msgs: 4.9.1 (/opt/ros/humble/share/nav_msgs/cmake)
-- Found visualization_msgs: 4.9.1 (/opt/ros/humble/share/visualization_msgs/cmake)
-- Configuring done
-- Generating done
-- Build files have been written to: /home/nvidia/acfly_ws/build/multi_pole_detector
[ 50%] Building CXX object CMakeFiles/multi_pole_detector_node.dir/src/multi_pole_detector_node.cpp.o
In file included from /usr/include/eigen3/Eigen/Core:214,
                 from /usr/include/eigen3/Eigen/Dense:1,
                 from /home/nvidia/acfly_ws/src/finding_objects_ws/multi_pole_detector/src/multi_pole_detector_node.cpp:36:
/usr/include/eigen3/Eigen/src/Core/arch/NEON/PacketMath.h: In function ‘Packet Eigen::internal::pload(const typename Eigen::internal::unpacket_traits<T>::type*) [with Packet = Eigen::internal::eigen_packet_wrapper<int, 2>; typename Eigen::internal::unpacket_traits<T>::type = signed char]’:
/usr/include/eigen3/Eigen/src/Core/arch/NEON/PacketMath.h:1671:9: warning: ‘void* memcpy(void*, const void*, size_t)’ copying an object of non-trivial type ‘Eigen::internal::Packet4c’ {aka ‘struct Eigen::internal::eigen_packet_wrapper<int, 2>’} from an array of ‘const int8_t’ {aka ‘const signed char’} [-Wclass-memaccess]
 1671 |   memcpy(&res, from, sizeof(Packet4c));
      |   ~~~~~~^~~~~~~~~~~~~~~~~~~~~~~~~~~~~~
In file included from /usr/include/eigen3/Eigen/Core:172,
                 from /usr/include/eigen3/Eigen/Dense:1,
                 from /home/nvidia/acfly_ws/src/finding_objects_ws/multi_pole_detector/src/multi_pole_detector_node.cpp:36:
/usr/include/eigen3/Eigen/src/Core/GenericPacketMath.h:159:8: note: ‘Eigen::internal::Packet4c’ {aka ‘struct Eigen::internal::eigen_packet_wrapper<int, 2>’} declared here
  159 | struct eigen_packet_wrapper
      |        ^~~~~~~~~~~~~~~~~~~~
In file included from /usr/include/eigen3/Eigen/Core:214,
                 from /usr/include/eigen3/Eigen/Dense:1,
                 from /home/nvidia/acfly_ws/src/finding_objects_ws/multi_pole_detector/src/multi_pole_detector_node.cpp:36:
/usr/include/eigen3/Eigen/src/Core/arch/NEON/PacketMath.h: In function ‘Packet Eigen::internal::ploadu(const typename Eigen::internal::unpacket_traits<T>::type*) [with Packet = Eigen::internal::eigen_packet_wrapper<int, 2>; typename Eigen::internal::unpacket_traits<T>::type = signed char]’:
/usr/include/eigen3/Eigen/src/Core/arch/NEON/PacketMath.h:1716:9: warning: ‘void* memcpy(void*, const void*, size_t)’ copying an object of non-trivial type ‘Eigen::internal::Packet4c’ {aka ‘struct Eigen::internal::eigen_packet_wrapper<int, 2>’} from an array of ‘const int8_t’ {aka ‘const signed char’} [-Wclass-memaccess]
 1716 |   memcpy(&res, from, sizeof(Packet4c));
      |   ~~~~~~^~~~~~~~~~~~~~~~~~~~~~~~~~~~~~
In file included from /usr/include/eigen3/Eigen/Core:172,
                 from /usr/include/eigen3/Eigen/Dense:1,
                 from /home/nvidia/acfly_ws/src/finding_objects_ws/multi_pole_detector/src/multi_pole_detector_node.cpp:36:
/usr/include/eigen3/Eigen/src/Core/GenericPacketMath.h:159:8: note: ‘Eigen::internal::Packet4c’ {aka ‘struct Eigen::internal::eigen_packet_wrapper<int, 2>’} declared here
  159 | struct eigen_packet_wrapper
      |        ^~~~~~~~~~~~~~~~~~~~
[100%] Linking CXX executable multi_pole_detector_node
[100%] Built target multi_pole_detector_node
