[0.206s] colcon DEBUG Command line arguments: ['/usr/bin/colcon', 'build', '--packages-select', 'fly_mission', 'exploration_planner', 'multi_pole_detector', 'pole_detector', 'ring_detector', '--symlink-install', '--cmake-args', '-DPython3_EXECUTABLE=/usr/bin/python3']
[0.206s] colcon DEBUG Parsed command line arguments: Namespace(log_base=None, log_level=None, verb_name='build', build_base='build', install_base='install', merge_install=False, symlink_install=True, test_result_base=None, continue_on_error=False, executor='parallel', parallel_workers=8, event_handlers=None, ignore_user_meta=False, metas=['./colcon.meta'], base_paths=['.'], packages_ignore=None, packages_ignore_regex=None, paths=None, packages_up_to=None, packages_up_to_regex=None, packages_above=None, packages_above_and_dependencies=None, packages_above_depth=None, packages_select_by_dep=None, packages_skip_by_dep=None, packages_skip_up_to=None, packages_select_build_failed=False, packages_skip_build_finished=False, packages_select_test_failures=False, packages_skip_test_passed=False, packages_select=['fly_mission', 'exploration_planner', 'multi_pole_detector', 'pole_detector', 'ring_detector'], packages_skip=None, packages_select_regex=None, packages_skip_regex=None, packages_start=None, packages_end=None, allow_overriding=[], cmake_args=['-DPython3_EXECUTABLE=/usr/bin/python3'], cmake_target=None, cmake_target_skip_unavailable=False, cmake_clean_cache=False, cmake_clean_first=False, cmake_force_configure=False, ament_cmake_args=None, catkin_cmake_args=None, catkin_skip_building_tests=False, verb_parser=<colcon_defaults.argument_parser.defaults.DefaultArgumentsDecorator object at 0xffff87e5bd90>, verb_extension=<colcon_core.verb.build.BuildVerb object at 0xffff87e5b790>, main=<bound method BuildVerb.main of <colcon_core.verb.build.BuildVerb object at 0xffff87e5b790>>)
[0.488s] colcon.colcon_core.package_discovery Level 1 discover_packages(colcon_meta) check parameters
[0.488s] colcon.colcon_core.package_discovery Level 1 discover_packages(recursive) check parameters
[0.488s] colcon.colcon_core.package_discovery Level 1 discover_packages(ignore) check parameters
[0.488s] colcon.colcon_core.package_discovery Level 1 discover_packages(path) check parameters
[0.488s] colcon.colcon_core.package_discovery Level 1 discover_packages(colcon_meta) discover
[0.489s] colcon.colcon_core.package_discovery Level 1 discover_packages(recursive) discover
[0.489s] colcon.colcon_core.package_discovery INFO Crawling recursively for packages in '/home/nvidia/acfly_ws'
[0.489s] colcon.colcon_core.package_identification Level 1 _identify(.) by extensions ['ignore', 'ignore_ament_install']
[0.489s] colcon.colcon_core.package_identification Level 1 _identify(.) by extension 'ignore'
[0.489s] colcon.colcon_core.package_identification Level 1 _identify(.) by extension 'ignore_ament_install'
[0.489s] colcon.colcon_core.package_identification Level 1 _identify(.) by extensions ['colcon_pkg']
[0.489s] colcon.colcon_core.package_identification Level 1 _identify(.) by extension 'colcon_pkg'
[0.489s] colcon.colcon_core.package_identification Level 1 _identify(.) by extensions ['colcon_meta']
[0.489s] colcon.colcon_core.package_identification Level 1 _identify(.) by extension 'colcon_meta'
[0.490s] colcon.colcon_core.package_identification Level 1 _identify(.) by extensions ['ros']
[0.490s] colcon.colcon_core.package_identification Level 1 _identify(.) by extension 'ros'
[0.509s] colcon.colcon_core.package_identification Level 1 _identify(.) by extensions ['cmake', 'python']
[0.509s] colcon.colcon_core.package_identification Level 1 _identify(.) by extension 'cmake'
[0.509s] colcon.colcon_core.package_identification Level 1 _identify(.) by extension 'python'
[0.510s] colcon.colcon_core.package_identification Level 1 _identify(.) by extensions ['python_setup_py']
[0.510s] colcon.colcon_core.package_identification Level 1 _identify(.) by extension 'python_setup_py'
[0.510s] colcon.colcon_core.package_identification Level 1 _identify(build) by extensions ['ignore', 'ignore_ament_install']
[0.510s] colcon.colcon_core.package_identification Level 1 _identify(build) by extension 'ignore'
[0.510s] colcon.colcon_core.package_identification Level 1 _identify(build) ignored
[0.510s] colcon.colcon_core.package_identification Level 1 _identify(install) by extensions ['ignore', 'ignore_ament_install']
[0.511s] colcon.colcon_core.package_identification Level 1 _identify(install) by extension 'ignore'
[0.511s] colcon.colcon_core.package_identification Level 1 _identify(install) ignored
[0.511s] colcon.colcon_core.package_identification Level 1 _identify(log) by extensions ['ignore', 'ignore_ament_install']
[0.511s] colcon.colcon_core.package_identification Level 1 _identify(log) by extension 'ignore'
[0.511s] colcon.colcon_core.package_identification Level 1 _identify(log) ignored
[0.511s] colcon.colcon_core.package_identification Level 1 _identify(src) by extensions ['ignore', 'ignore_ament_install']
[0.511s] colcon.colcon_core.package_identification Level 1 _identify(src) by extension 'ignore'
[0.511s] colcon.colcon_core.package_identification Level 1 _identify(src) by extension 'ignore_ament_install'
[0.512s] colcon.colcon_core.package_identification Level 1 _identify(src) by extensions ['colcon_pkg']
[0.512s] colcon.colcon_core.package_identification Level 1 _identify(src) by extension 'colcon_pkg'
[0.512s] colcon.colcon_core.package_identification Level 1 _identify(src) by extensions ['colcon_meta']
[0.512s] colcon.colcon_core.package_identification Level 1 _identify(src) by extension 'colcon_meta'
[0.512s] colcon.colcon_core.package_identification Level 1 _identify(src) by extensions ['ros']
[0.512s] colcon.colcon_core.package_identification Level 1 _identify(src) by extension 'ros'
[0.512s] colcon.colcon_core.package_identification Level 1 _identify(src) by extensions ['cmake', 'python']
[0.512s] colcon.colcon_core.package_identification Level 1 _identify(src) by extension 'cmake'
[0.512s] colcon.colcon_core.package_identification Level 1 _identify(src) by extension 'python'
[0.512s] colcon.colcon_core.package_identification Level 1 _identify(src) by extensions ['python_setup_py']
[0.512s] colcon.colcon_core.package_identification Level 1 _identify(src) by extension 'python_setup_py'
[0.512s] colcon.colcon_core.package_identification Level 1 _identify(src/acfly_mavros) by extensions ['ignore', 'ignore_ament_install']
[0.513s] colcon.colcon_core.package_identification Level 1 _identify(src/acfly_mavros) by extension 'ignore'
[0.513s] colcon.colcon_core.package_identification Level 1 _identify(src/acfly_mavros) by extension 'ignore_ament_install'
[0.513s] colcon.colcon_core.package_identification Level 1 _identify(src/acfly_mavros) by extensions ['colcon_pkg']
[0.513s] colcon.colcon_core.package_identification Level 1 _identify(src/acfly_mavros) by extension 'colcon_pkg'
[0.513s] colcon.colcon_core.package_identification Level 1 _identify(src/acfly_mavros) by extensions ['colcon_meta']
[0.513s] colcon.colcon_core.package_identification Level 1 _identify(src/acfly_mavros) by extension 'colcon_meta'
[0.513s] colcon.colcon_core.package_identification Level 1 _identify(src/acfly_mavros) by extensions ['ros']
[0.513s] colcon.colcon_core.package_identification Level 1 _identify(src/acfly_mavros) by extension 'ros'
[0.513s] colcon.colcon_core.package_identification Level 1 _identify(src/acfly_mavros) by extensions ['cmake', 'python']
[0.513s] colcon.colcon_core.package_identification Level 1 _identify(src/acfly_mavros) by extension 'cmake'
[0.513s] colcon.colcon_core.package_identification Level 1 _identify(src/acfly_mavros) by extension 'python'
[0.513s] colcon.colcon_core.package_identification Level 1 _identify(src/acfly_mavros) by extensions ['python_setup_py']
[0.513s] colcon.colcon_core.package_identification Level 1 _identify(src/acfly_mavros) by extension 'python_setup_py'
[0.514s] colcon.colcon_core.package_identification Level 1 _identify(src/acfly_mavros/mavlink-gbp-release) by extensions ['ignore', 'ignore_ament_install']
[0.514s] colcon.colcon_core.package_identification Level 1 _identify(src/acfly_mavros/mavlink-gbp-release) by extension 'ignore'
[0.514s] colcon.colcon_core.package_identification Level 1 _identify(src/acfly_mavros/mavlink-gbp-release) by extension 'ignore_ament_install'
[0.514s] colcon.colcon_core.package_identification Level 1 _identify(src/acfly_mavros/mavlink-gbp-release) by extensions ['colcon_pkg']
[0.514s] colcon.colcon_core.package_identification Level 1 _identify(src/acfly_mavros/mavlink-gbp-release) by extension 'colcon_pkg'
[0.514s] colcon.colcon_core.package_identification Level 1 _identify(src/acfly_mavros/mavlink-gbp-release) by extensions ['colcon_meta']
[0.514s] colcon.colcon_core.package_identification Level 1 _identify(src/acfly_mavros/mavlink-gbp-release) by extension 'colcon_meta'
[0.514s] colcon.colcon_core.package_identification Level 1 _identify(src/acfly_mavros/mavlink-gbp-release) by extensions ['ros']
[0.514s] colcon.colcon_core.package_identification Level 1 _identify(src/acfly_mavros/mavlink-gbp-release) by extension 'ros'
[0.551s] colcon.colcon_core.package_identification DEBUG Package 'src/acfly_mavros/mavlink-gbp-release' with type 'ros.cmake' and name 'mavlink'
[0.551s] colcon.colcon_core.package_identification Level 1 _identify(src/acfly_mavros/mavros) by extensions ['ignore', 'ignore_ament_install']
[0.551s] colcon.colcon_core.package_identification Level 1 _identify(src/acfly_mavros/mavros) by extension 'ignore'
[0.552s] colcon.colcon_core.package_identification Level 1 _identify(src/acfly_mavros/mavros) by extension 'ignore_ament_install'
[0.552s] colcon.colcon_core.package_identification Level 1 _identify(src/acfly_mavros/mavros) by extensions ['colcon_pkg']
[0.552s] colcon.colcon_core.package_identification Level 1 _identify(src/acfly_mavros/mavros) by extension 'colcon_pkg'
[0.552s] colcon.colcon_core.package_identification Level 1 _identify(src/acfly_mavros/mavros) by extensions ['colcon_meta']
[0.552s] colcon.colcon_core.package_identification Level 1 _identify(src/acfly_mavros/mavros) by extension 'colcon_meta'
[0.552s] colcon.colcon_core.package_identification Level 1 _identify(src/acfly_mavros/mavros) by extensions ['ros']
[0.552s] colcon.colcon_core.package_identification Level 1 _identify(src/acfly_mavros/mavros) by extension 'ros'
[0.552s] colcon.colcon_core.package_identification Level 1 _identify(src/acfly_mavros/mavros) by extensions ['cmake', 'python']
[0.552s] colcon.colcon_core.package_identification Level 1 _identify(src/acfly_mavros/mavros) by extension 'cmake'
[0.552s] colcon.colcon_core.package_identification Level 1 _identify(src/acfly_mavros/mavros) by extension 'python'
[0.553s] colcon.colcon_core.package_identification Level 1 _identify(src/acfly_mavros/mavros) by extensions ['python_setup_py']
[0.553s] colcon.colcon_core.package_identification Level 1 _identify(src/acfly_mavros/mavros) by extension 'python_setup_py'
[0.553s] colcon.colcon_core.package_identification Level 1 _identify(src/acfly_mavros/mavros/libmavconn) by extensions ['ignore', 'ignore_ament_install']
[0.553s] colcon.colcon_core.package_identification Level 1 _identify(src/acfly_mavros/mavros/libmavconn) by extension 'ignore'
[0.553s] colcon.colcon_core.package_identification Level 1 _identify(src/acfly_mavros/mavros/libmavconn) by extension 'ignore_ament_install'
[0.553s] colcon.colcon_core.package_identification Level 1 _identify(src/acfly_mavros/mavros/libmavconn) by extensions ['colcon_pkg']
[0.553s] colcon.colcon_core.package_identification Level 1 _identify(src/acfly_mavros/mavros/libmavconn) by extension 'colcon_pkg'
[0.553s] colcon.colcon_core.package_identification Level 1 _identify(src/acfly_mavros/mavros/libmavconn) by extensions ['colcon_meta']
[0.553s] colcon.colcon_core.package_identification Level 1 _identify(src/acfly_mavros/mavros/libmavconn) by extension 'colcon_meta'
[0.553s] colcon.colcon_core.package_identification Level 1 _identify(src/acfly_mavros/mavros/libmavconn) by extensions ['ros']
[0.554s] colcon.colcon_core.package_identification Level 1 _identify(src/acfly_mavros/mavros/libmavconn) by extension 'ros'
[0.555s] colcon.colcon_core.package_identification DEBUG Package 'src/acfly_mavros/mavros/libmavconn' with type 'ros.ament_cmake' and name 'libmavconn'
[0.555s] colcon.colcon_core.package_identification Level 1 _identify(src/acfly_mavros/mavros/mavros) by extensions ['ignore', 'ignore_ament_install']
[0.556s] colcon.colcon_core.package_identification Level 1 _identify(src/acfly_mavros/mavros/mavros) by extension 'ignore'
[0.556s] colcon.colcon_core.package_identification Level 1 _identify(src/acfly_mavros/mavros/mavros) by extension 'ignore_ament_install'
[0.556s] colcon.colcon_core.package_identification Level 1 _identify(src/acfly_mavros/mavros/mavros) by extensions ['colcon_pkg']
[0.556s] colcon.colcon_core.package_identification Level 1 _identify(src/acfly_mavros/mavros/mavros) by extension 'colcon_pkg'
[0.556s] colcon.colcon_core.package_identification Level 1 _identify(src/acfly_mavros/mavros/mavros) by extensions ['colcon_meta']
[0.556s] colcon.colcon_core.package_identification Level 1 _identify(src/acfly_mavros/mavros/mavros) by extension 'colcon_meta'
[0.556s] colcon.colcon_core.package_identification Level 1 _identify(src/acfly_mavros/mavros/mavros) by extensions ['ros']
[0.556s] colcon.colcon_core.package_identification Level 1 _identify(src/acfly_mavros/mavros/mavros) by extension 'ros'
[0.560s] colcon.colcon_core.package_identification DEBUG Package 'src/acfly_mavros/mavros/mavros' with type 'ros.ament_cmake' and name 'mavros'
[0.561s] colcon.colcon_core.package_identification Level 1 _identify(src/acfly_mavros/mavros/mavros_extras) by extensions ['ignore', 'ignore_ament_install']
[0.561s] colcon.colcon_core.package_identification Level 1 _identify(src/acfly_mavros/mavros/mavros_extras) by extension 'ignore'
[0.561s] colcon.colcon_core.package_identification Level 1 _identify(src/acfly_mavros/mavros/mavros_extras) by extension 'ignore_ament_install'
[0.561s] colcon.colcon_core.package_identification Level 1 _identify(src/acfly_mavros/mavros/mavros_extras) by extensions ['colcon_pkg']
[0.561s] colcon.colcon_core.package_identification Level 1 _identify(src/acfly_mavros/mavros/mavros_extras) by extension 'colcon_pkg'
[0.561s] colcon.colcon_core.package_identification Level 1 _identify(src/acfly_mavros/mavros/mavros_extras) by extensions ['colcon_meta']
[0.561s] colcon.colcon_core.package_identification Level 1 _identify(src/acfly_mavros/mavros/mavros_extras) by extension 'colcon_meta'
[0.561s] colcon.colcon_core.package_identification Level 1 _identify(src/acfly_mavros/mavros/mavros_extras) by extensions ['ros']
[0.561s] colcon.colcon_core.package_identification Level 1 _identify(src/acfly_mavros/mavros/mavros_extras) by extension 'ros'
[0.566s] colcon.colcon_core.package_identification DEBUG Package 'src/acfly_mavros/mavros/mavros_extras' with type 'ros.ament_cmake' and name 'mavros_extras'
[0.566s] colcon.colcon_core.package_identification Level 1 _identify(src/acfly_mavros/mavros/mavros_msgs) by extensions ['ignore', 'ignore_ament_install']
[0.566s] colcon.colcon_core.package_identification Level 1 _identify(src/acfly_mavros/mavros/mavros_msgs) by extension 'ignore'
[0.566s] colcon.colcon_core.package_identification Level 1 _identify(src/acfly_mavros/mavros/mavros_msgs) by extension 'ignore_ament_install'
[0.566s] colcon.colcon_core.package_identification Level 1 _identify(src/acfly_mavros/mavros/mavros_msgs) by extensions ['colcon_pkg']
[0.567s] colcon.colcon_core.package_identification Level 1 _identify(src/acfly_mavros/mavros/mavros_msgs) by extension 'colcon_pkg'
[0.567s] colcon.colcon_core.package_identification Level 1 _identify(src/acfly_mavros/mavros/mavros_msgs) by extensions ['colcon_meta']
[0.567s] colcon.colcon_core.package_identification Level 1 _identify(src/acfly_mavros/mavros/mavros_msgs) by extension 'colcon_meta'
[0.567s] colcon.colcon_core.package_identification Level 1 _identify(src/acfly_mavros/mavros/mavros_msgs) by extensions ['ros']
[0.567s] colcon.colcon_core.package_identification Level 1 _identify(src/acfly_mavros/mavros/mavros_msgs) by extension 'ros'
[0.568s] colcon.colcon_core.package_identification DEBUG Package 'src/acfly_mavros/mavros/mavros_msgs' with type 'ros.ament_cmake' and name 'mavros_msgs'
[0.569s] colcon.colcon_core.package_identification Level 1 _identify(src/acfly_mavros/mavros/test_mavros) by extensions ['ignore', 'ignore_ament_install']
[0.569s] colcon.colcon_core.package_identification Level 1 _identify(src/acfly_mavros/mavros/test_mavros) by extension 'ignore'
[0.569s] colcon.colcon_core.package_identification Level 1 _identify(src/acfly_mavros/mavros/test_mavros) ignored
[0.569s] colcon.colcon_core.package_identification Level 1 _identify(src/acfly_mavros/mavros/tools) by extensions ['ignore', 'ignore_ament_install']
[0.569s] colcon.colcon_core.package_identification Level 1 _identify(src/acfly_mavros/mavros/tools) by extension 'ignore'
[0.569s] colcon.colcon_core.package_identification Level 1 _identify(src/acfly_mavros/mavros/tools) by extension 'ignore_ament_install'
[0.569s] colcon.colcon_core.package_identification Level 1 _identify(src/acfly_mavros/mavros/tools) by extensions ['colcon_pkg']
[0.569s] colcon.colcon_core.package_identification Level 1 _identify(src/acfly_mavros/mavros/tools) by extension 'colcon_pkg'
[0.570s] colcon.colcon_core.package_identification Level 1 _identify(src/acfly_mavros/mavros/tools) by extensions ['colcon_meta']
[0.570s] colcon.colcon_core.package_identification Level 1 _identify(src/acfly_mavros/mavros/tools) by extension 'colcon_meta'
[0.570s] colcon.colcon_core.package_identification Level 1 _identify(src/acfly_mavros/mavros/tools) by extensions ['ros']
[0.570s] colcon.colcon_core.package_identification Level 1 _identify(src/acfly_mavros/mavros/tools) by extension 'ros'
[0.570s] colcon.colcon_core.package_identification Level 1 _identify(src/acfly_mavros/mavros/tools) by extensions ['cmake', 'python']
[0.570s] colcon.colcon_core.package_identification Level 1 _identify(src/acfly_mavros/mavros/tools) by extension 'cmake'
[0.570s] colcon.colcon_core.package_identification Level 1 _identify(src/acfly_mavros/mavros/tools) by extension 'python'
[0.570s] colcon.colcon_core.package_identification Level 1 _identify(src/acfly_mavros/mavros/tools) by extensions ['python_setup_py']
[0.570s] colcon.colcon_core.package_identification Level 1 _identify(src/acfly_mavros/mavros/tools) by extension 'python_setup_py'
[0.570s] colcon.colcon_core.package_identification Level 1 _identify(src/exploration_planner) by extensions ['ignore', 'ignore_ament_install']
[0.570s] colcon.colcon_core.package_identification Level 1 _identify(src/exploration_planner) by extension 'ignore'
[0.571s] colcon.colcon_core.package_identification Level 1 _identify(src/exploration_planner) by extension 'ignore_ament_install'
[0.571s] colcon.colcon_core.package_identification Level 1 _identify(src/exploration_planner) by extensions ['colcon_pkg']
[0.571s] colcon.colcon_core.package_identification Level 1 _identify(src/exploration_planner) by extension 'colcon_pkg'
[0.571s] colcon.colcon_core.package_identification Level 1 _identify(src/exploration_planner) by extensions ['colcon_meta']
[0.571s] colcon.colcon_core.package_identification Level 1 _identify(src/exploration_planner) by extension 'colcon_meta'
[0.571s] colcon.colcon_core.package_identification Level 1 _identify(src/exploration_planner) by extensions ['ros']
[0.571s] colcon.colcon_core.package_identification Level 1 _identify(src/exploration_planner) by extension 'ros'
[0.572s] colcon.colcon_core.package_identification DEBUG Package 'src/exploration_planner' with type 'ros.ament_cmake' and name 'exploration_planner'
[0.573s] colcon.colcon_core.package_identification Level 1 _identify(src/finding_objects_ws) by extensions ['ignore', 'ignore_ament_install']
[0.573s] colcon.colcon_core.package_identification Level 1 _identify(src/finding_objects_ws) by extension 'ignore'
[0.573s] colcon.colcon_core.package_identification Level 1 _identify(src/finding_objects_ws) by extension 'ignore_ament_install'
[0.573s] colcon.colcon_core.package_identification Level 1 _identify(src/finding_objects_ws) by extensions ['colcon_pkg']
[0.573s] colcon.colcon_core.package_identification Level 1 _identify(src/finding_objects_ws) by extension 'colcon_pkg'
[0.573s] colcon.colcon_core.package_identification Level 1 _identify(src/finding_objects_ws) by extensions ['colcon_meta']
[0.573s] colcon.colcon_core.package_identification Level 1 _identify(src/finding_objects_ws) by extension 'colcon_meta'
[0.573s] colcon.colcon_core.package_identification Level 1 _identify(src/finding_objects_ws) by extensions ['ros']
[0.573s] colcon.colcon_core.package_identification Level 1 _identify(src/finding_objects_ws) by extension 'ros'
[0.574s] colcon.colcon_core.package_identification Level 1 _identify(src/finding_objects_ws) by extensions ['cmake', 'python']
[0.574s] colcon.colcon_core.package_identification Level 1 _identify(src/finding_objects_ws) by extension 'cmake'
[0.574s] colcon.colcon_core.package_identification Level 1 _identify(src/finding_objects_ws) by extension 'python'
[0.574s] colcon.colcon_core.package_identification Level 1 _identify(src/finding_objects_ws) by extensions ['python_setup_py']
[0.574s] colcon.colcon_core.package_identification Level 1 _identify(src/finding_objects_ws) by extension 'python_setup_py'
[0.574s] colcon.colcon_core.package_identification Level 1 _identify(src/finding_objects_ws/multi_pole_detector) by extensions ['ignore', 'ignore_ament_install']
[0.574s] colcon.colcon_core.package_identification Level 1 _identify(src/finding_objects_ws/multi_pole_detector) by extension 'ignore'
[0.574s] colcon.colcon_core.package_identification Level 1 _identify(src/finding_objects_ws/multi_pole_detector) by extension 'ignore_ament_install'
[0.574s] colcon.colcon_core.package_identification Level 1 _identify(src/finding_objects_ws/multi_pole_detector) by extensions ['colcon_pkg']
[0.574s] colcon.colcon_core.package_identification Level 1 _identify(src/finding_objects_ws/multi_pole_detector) by extension 'colcon_pkg'
[0.574s] colcon.colcon_core.package_identification Level 1 _identify(src/finding_objects_ws/multi_pole_detector) by extensions ['colcon_meta']
[0.574s] colcon.colcon_core.package_identification Level 1 _identify(src/finding_objects_ws/multi_pole_detector) by extension 'colcon_meta'
[0.575s] colcon.colcon_core.package_identification Level 1 _identify(src/finding_objects_ws/multi_pole_detector) by extensions ['ros']
[0.575s] colcon.colcon_core.package_identification Level 1 _identify(src/finding_objects_ws/multi_pole_detector) by extension 'ros'
[0.576s] colcon.colcon_core.package_identification DEBUG Package 'src/finding_objects_ws/multi_pole_detector' with type 'ros.ament_cmake' and name 'multi_pole_detector'
[0.576s] colcon.colcon_core.package_identification Level 1 _identify(src/finding_objects_ws/pole_detector) by extensions ['ignore', 'ignore_ament_install']
[0.576s] colcon.colcon_core.package_identification Level 1 _identify(src/finding_objects_ws/pole_detector) by extension 'ignore'
[0.577s] colcon.colcon_core.package_identification Level 1 _identify(src/finding_objects_ws/pole_detector) by extension 'ignore_ament_install'
[0.577s] colcon.colcon_core.package_identification Level 1 _identify(src/finding_objects_ws/pole_detector) by extensions ['colcon_pkg']
[0.577s] colcon.colcon_core.package_identification Level 1 _identify(src/finding_objects_ws/pole_detector) by extension 'colcon_pkg'
[0.577s] colcon.colcon_core.package_identification Level 1 _identify(src/finding_objects_ws/pole_detector) by extensions ['colcon_meta']
[0.577s] colcon.colcon_core.package_identification Level 1 _identify(src/finding_objects_ws/pole_detector) by extension 'colcon_meta'
[0.577s] colcon.colcon_core.package_identification Level 1 _identify(src/finding_objects_ws/pole_detector) by extensions ['ros']
[0.577s] colcon.colcon_core.package_identification Level 1 _identify(src/finding_objects_ws/pole_detector) by extension 'ros'
[0.578s] colcon.colcon_core.package_identification DEBUG Package 'src/finding_objects_ws/pole_detector' with type 'ros.ament_cmake' and name 'pole_detector'
[0.579s] colcon.colcon_core.package_identification Level 1 _identify(src/finding_objects_ws/ring_detector) by extensions ['ignore', 'ignore_ament_install']
[0.579s] colcon.colcon_core.package_identification Level 1 _identify(src/finding_objects_ws/ring_detector) by extension 'ignore'
[0.579s] colcon.colcon_core.package_identification Level 1 _identify(src/finding_objects_ws/ring_detector) by extension 'ignore_ament_install'
[0.579s] colcon.colcon_core.package_identification Level 1 _identify(src/finding_objects_ws/ring_detector) by extensions ['colcon_pkg']
[0.579s] colcon.colcon_core.package_identification Level 1 _identify(src/finding_objects_ws/ring_detector) by extension 'colcon_pkg'
[0.579s] colcon.colcon_core.package_identification Level 1 _identify(src/finding_objects_ws/ring_detector) by extensions ['colcon_meta']
[0.579s] colcon.colcon_core.package_identification Level 1 _identify(src/finding_objects_ws/ring_detector) by extension 'colcon_meta'
[0.579s] colcon.colcon_core.package_identification Level 1 _identify(src/finding_objects_ws/ring_detector) by extensions ['ros']
[0.579s] colcon.colcon_core.package_identification Level 1 _identify(src/finding_objects_ws/ring_detector) by extension 'ros'
[0.581s] colcon.colcon_core.package_identification DEBUG Package 'src/finding_objects_ws/ring_detector' with type 'ros.ament_cmake' and name 'ring_detector'
[0.581s] colcon.colcon_core.package_identification Level 1 _identify(src/fly_mission) by extensions ['ignore', 'ignore_ament_install']
[0.581s] colcon.colcon_core.package_identification Level 1 _identify(src/fly_mission) by extension 'ignore'
[0.581s] colcon.colcon_core.package_identification Level 1 _identify(src/fly_mission) by extension 'ignore_ament_install'
[0.581s] colcon.colcon_core.package_identification Level 1 _identify(src/fly_mission) by extensions ['colcon_pkg']
[0.581s] colcon.colcon_core.package_identification Level 1 _identify(src/fly_mission) by extension 'colcon_pkg'
[0.581s] colcon.colcon_core.package_identification Level 1 _identify(src/fly_mission) by extensions ['colcon_meta']
[0.581s] colcon.colcon_core.package_identification Level 1 _identify(src/fly_mission) by extension 'colcon_meta'
[0.581s] colcon.colcon_core.package_identification Level 1 _identify(src/fly_mission) by extensions ['ros']
[0.582s] colcon.colcon_core.package_identification Level 1 _identify(src/fly_mission) by extension 'ros'
[0.583s] colcon.colcon_core.package_identification DEBUG Package 'src/fly_mission' with type 'ros.ament_cmake' and name 'fly_mission'
[0.583s] colcon.colcon_core.package_discovery Level 1 discover_packages(recursive) using defaults
[0.583s] colcon.colcon_core.package_discovery Level 1 discover_packages(ignore) discover
[0.583s] colcon.colcon_core.package_discovery Level 1 discover_packages(ignore) using defaults
[0.583s] colcon.colcon_core.package_discovery Level 1 discover_packages(path) discover
[0.583s] colcon.colcon_core.package_discovery Level 1 discover_packages(path) using defaults
[0.613s] colcon.colcon_core.package_selection INFO Skipping not selected package 'mavlink' in 'src/acfly_mavros/mavlink-gbp-release'
[0.614s] colcon.colcon_core.package_selection INFO Skipping not selected package 'mavros_msgs' in 'src/acfly_mavros/mavros/mavros_msgs'
[0.614s] colcon.colcon_core.package_selection INFO Skipping not selected package 'libmavconn' in 'src/acfly_mavros/mavros/libmavconn'
[0.614s] colcon.colcon_core.package_selection INFO Skipping not selected package 'mavros' in 'src/acfly_mavros/mavros/mavros'
[0.614s] colcon.colcon_core.package_selection INFO Skipping not selected package 'mavros_extras' in 'src/acfly_mavros/mavros/mavros_extras'
[0.614s] colcon.colcon_core.package_discovery Level 1 discover_packages(prefix_path) check parameters
[0.615s] colcon.colcon_core.package_discovery Level 1 discover_packages(prefix_path) discover
[0.619s] colcon.colcon_installed_package_information.package_discovery DEBUG Found 7 installed packages in /home/nvidia/acfly_ws/install
[0.619s] colcon.colcon_installed_package_information.package_discovery DEBUG Found 4 installed packages in /home/nvidia/ws_point/install
[0.620s] colcon.colcon_installed_package_information.package_discovery DEBUG Found 1 installed packages in /home/nvidia/ws_livox/install
[0.621s] colcon.colcon_installed_package_information.package_discovery DEBUG Found 4 installed packages in /home/nvidia/ws_orbbec/install
[0.623s] colcon.colcon_installed_package_information.package_discovery DEBUG Found 285 installed packages in /opt/ros/humble
[0.626s] colcon.colcon_core.package_discovery Level 1 discover_packages(prefix_path) using defaults
[0.688s] colcon.colcon_core.verb Level 5 set package 'exploration_planner' build argument 'cmake_args' from command line to '['-DPython3_EXECUTABLE=/usr/bin/python3']'
[0.688s] colcon.colcon_core.verb Level 5 set package 'exploration_planner' build argument 'cmake_target' from command line to 'None'
[0.688s] colcon.colcon_core.verb Level 5 set package 'exploration_planner' build argument 'cmake_target_skip_unavailable' from command line to 'False'
[0.689s] colcon.colcon_core.verb Level 5 set package 'exploration_planner' build argument 'cmake_clean_cache' from command line to 'False'
[0.689s] colcon.colcon_core.verb Level 5 set package 'exploration_planner' build argument 'cmake_clean_first' from command line to 'False'
[0.689s] colcon.colcon_core.verb Level 5 set package 'exploration_planner' build argument 'cmake_force_configure' from command line to 'False'
[0.689s] colcon.colcon_core.verb Level 5 set package 'exploration_planner' build argument 'ament_cmake_args' from command line to 'None'
[0.689s] colcon.colcon_core.verb Level 5 set package 'exploration_planner' build argument 'catkin_cmake_args' from command line to 'None'
[0.689s] colcon.colcon_core.verb Level 5 set package 'exploration_planner' build argument 'catkin_skip_building_tests' from command line to 'False'
[0.689s] colcon.colcon_core.verb DEBUG Building package 'exploration_planner' with the following arguments: {'ament_cmake_args': None, 'build_base': '/home/nvidia/acfly_ws/build/exploration_planner', 'catkin_cmake_args': None, 'catkin_skip_building_tests': False, 'cmake_args': ['-DPython3_EXECUTABLE=/usr/bin/python3'], 'cmake_clean_cache': False, 'cmake_clean_first': False, 'cmake_force_configure': False, 'cmake_target': None, 'cmake_target_skip_unavailable': False, 'install_base': '/home/nvidia/acfly_ws/install/exploration_planner', 'merge_install': False, 'path': '/home/nvidia/acfly_ws/src/exploration_planner', 'symlink_install': True, 'test_result_base': None}
[0.690s] colcon.colcon_core.verb Level 5 set package 'multi_pole_detector' build argument 'cmake_args' from command line to '['-DPython3_EXECUTABLE=/usr/bin/python3']'
[0.690s] colcon.colcon_core.verb Level 5 set package 'multi_pole_detector' build argument 'cmake_target' from command line to 'None'
[0.690s] colcon.colcon_core.verb Level 5 set package 'multi_pole_detector' build argument 'cmake_target_skip_unavailable' from command line to 'False'
[0.690s] colcon.colcon_core.verb Level 5 set package 'multi_pole_detector' build argument 'cmake_clean_cache' from command line to 'False'
[0.690s] colcon.colcon_core.verb Level 5 set package 'multi_pole_detector' build argument 'cmake_clean_first' from command line to 'False'
[0.690s] colcon.colcon_core.verb Level 5 set package 'multi_pole_detector' build argument 'cmake_force_configure' from command line to 'False'
[0.690s] colcon.colcon_core.verb Level 5 set package 'multi_pole_detector' build argument 'ament_cmake_args' from command line to 'None'
[0.690s] colcon.colcon_core.verb Level 5 set package 'multi_pole_detector' build argument 'catkin_cmake_args' from command line to 'None'
[0.690s] colcon.colcon_core.verb Level 5 set package 'multi_pole_detector' build argument 'catkin_skip_building_tests' from command line to 'False'
[0.690s] colcon.colcon_core.verb DEBUG Building package 'multi_pole_detector' with the following arguments: {'ament_cmake_args': None, 'build_base': '/home/nvidia/acfly_ws/build/multi_pole_detector', 'catkin_cmake_args': None, 'catkin_skip_building_tests': False, 'cmake_args': ['-DPython3_EXECUTABLE=/usr/bin/python3'], 'cmake_clean_cache': False, 'cmake_clean_first': False, 'cmake_force_configure': False, 'cmake_target': None, 'cmake_target_skip_unavailable': False, 'install_base': '/home/nvidia/acfly_ws/install/multi_pole_detector', 'merge_install': False, 'path': '/home/nvidia/acfly_ws/src/finding_objects_ws/multi_pole_detector', 'symlink_install': True, 'test_result_base': None}
[0.691s] colcon.colcon_core.verb Level 5 set package 'pole_detector' build argument 'cmake_args' from command line to '['-DPython3_EXECUTABLE=/usr/bin/python3']'
[0.691s] colcon.colcon_core.verb Level 5 set package 'pole_detector' build argument 'cmake_target' from command line to 'None'
[0.691s] colcon.colcon_core.verb Level 5 set package 'pole_detector' build argument 'cmake_target_skip_unavailable' from command line to 'False'
[0.691s] colcon.colcon_core.verb Level 5 set package 'pole_detector' build argument 'cmake_clean_cache' from command line to 'False'
[0.691s] colcon.colcon_core.verb Level 5 set package 'pole_detector' build argument 'cmake_clean_first' from command line to 'False'
[0.691s] colcon.colcon_core.verb Level 5 set package 'pole_detector' build argument 'cmake_force_configure' from command line to 'False'
[0.691s] colcon.colcon_core.verb Level 5 set package 'pole_detector' build argument 'ament_cmake_args' from command line to 'None'
[0.691s] colcon.colcon_core.verb Level 5 set package 'pole_detector' build argument 'catkin_cmake_args' from command line to 'None'
[0.691s] colcon.colcon_core.verb Level 5 set package 'pole_detector' build argument 'catkin_skip_building_tests' from command line to 'False'
[0.691s] colcon.colcon_core.verb DEBUG Building package 'pole_detector' with the following arguments: {'ament_cmake_args': None, 'build_base': '/home/nvidia/acfly_ws/build/pole_detector', 'catkin_cmake_args': None, 'catkin_skip_building_tests': False, 'cmake_args': ['-DPython3_EXECUTABLE=/usr/bin/python3'], 'cmake_clean_cache': False, 'cmake_clean_first': False, 'cmake_force_configure': False, 'cmake_target': None, 'cmake_target_skip_unavailable': False, 'install_base': '/home/nvidia/acfly_ws/install/pole_detector', 'merge_install': False, 'path': '/home/nvidia/acfly_ws/src/finding_objects_ws/pole_detector', 'symlink_install': True, 'test_result_base': None}
[0.691s] colcon.colcon_core.verb Level 5 set package 'ring_detector' build argument 'cmake_args' from command line to '['-DPython3_EXECUTABLE=/usr/bin/python3']'
[0.692s] colcon.colcon_core.verb Level 5 set package 'ring_detector' build argument 'cmake_target' from command line to 'None'
[0.692s] colcon.colcon_core.verb Level 5 set package 'ring_detector' build argument 'cmake_target_skip_unavailable' from command line to 'False'
[0.692s] colcon.colcon_core.verb Level 5 set package 'ring_detector' build argument 'cmake_clean_cache' from command line to 'False'
[0.692s] colcon.colcon_core.verb Level 5 set package 'ring_detector' build argument 'cmake_clean_first' from command line to 'False'
[0.692s] colcon.colcon_core.verb Level 5 set package 'ring_detector' build argument 'cmake_force_configure' from command line to 'False'
[0.692s] colcon.colcon_core.verb Level 5 set package 'ring_detector' build argument 'ament_cmake_args' from command line to 'None'
[0.692s] colcon.colcon_core.verb Level 5 set package 'ring_detector' build argument 'catkin_cmake_args' from command line to 'None'
[0.692s] colcon.colcon_core.verb Level 5 set package 'ring_detector' build argument 'catkin_skip_building_tests' from command line to 'False'
[0.692s] colcon.colcon_core.verb DEBUG Building package 'ring_detector' with the following arguments: {'ament_cmake_args': None, 'build_base': '/home/nvidia/acfly_ws/build/ring_detector', 'catkin_cmake_args': None, 'catkin_skip_building_tests': False, 'cmake_args': ['-DPython3_EXECUTABLE=/usr/bin/python3'], 'cmake_clean_cache': False, 'cmake_clean_first': False, 'cmake_force_configure': False, 'cmake_target': None, 'cmake_target_skip_unavailable': False, 'install_base': '/home/nvidia/acfly_ws/install/ring_detector', 'merge_install': False, 'path': '/home/nvidia/acfly_ws/src/finding_objects_ws/ring_detector', 'symlink_install': True, 'test_result_base': None}
[0.692s] colcon.colcon_core.verb Level 5 set package 'fly_mission' build argument 'cmake_args' from command line to '['-DPython3_EXECUTABLE=/usr/bin/python3']'
[0.692s] colcon.colcon_core.verb Level 5 set package 'fly_mission' build argument 'cmake_target' from command line to 'None'
[0.693s] colcon.colcon_core.verb Level 5 set package 'fly_mission' build argument 'cmake_target_skip_unavailable' from command line to 'False'
[0.693s] colcon.colcon_core.verb Level 5 set package 'fly_mission' build argument 'cmake_clean_cache' from command line to 'False'
[0.693s] colcon.colcon_core.verb Level 5 set package 'fly_mission' build argument 'cmake_clean_first' from command line to 'False'
[0.693s] colcon.colcon_core.verb Level 5 set package 'fly_mission' build argument 'cmake_force_configure' from command line to 'False'
[0.693s] colcon.colcon_core.verb Level 5 set package 'fly_mission' build argument 'ament_cmake_args' from command line to 'None'
[0.693s] colcon.colcon_core.verb Level 5 set package 'fly_mission' build argument 'catkin_cmake_args' from command line to 'None'
[0.693s] colcon.colcon_core.verb Level 5 set package 'fly_mission' build argument 'catkin_skip_building_tests' from command line to 'False'
[0.693s] colcon.colcon_core.verb DEBUG Building package 'fly_mission' with the following arguments: {'ament_cmake_args': None, 'build_base': '/home/nvidia/acfly_ws/build/fly_mission', 'catkin_cmake_args': None, 'catkin_skip_building_tests': False, 'cmake_args': ['-DPython3_EXECUTABLE=/usr/bin/python3'], 'cmake_clean_cache': False, 'cmake_clean_first': False, 'cmake_force_configure': False, 'cmake_target': None, 'cmake_target_skip_unavailable': False, 'install_base': '/home/nvidia/acfly_ws/install/fly_mission', 'merge_install': False, 'path': '/home/nvidia/acfly_ws/src/fly_mission', 'symlink_install': True, 'test_result_base': None}
[0.693s] colcon.colcon_core.executor INFO Executing jobs using 'parallel' executor
[0.695s] colcon.colcon_parallel_executor.executor.parallel DEBUG run_until_complete
[0.696s] colcon.colcon_ros.task.ament_cmake.build INFO Building ROS package in '/home/nvidia/acfly_ws/src/exploration_planner' with build type 'ament_cmake'
[0.696s] colcon.colcon_cmake.task.cmake.build INFO Building CMake package in '/home/nvidia/acfly_ws/src/exploration_planner'
[0.700s] colcon.colcon_core.plugin_system INFO Skipping extension 'colcon_core.shell.bat': Not used on non-Windows systems
[0.701s] colcon.colcon_core.shell INFO Skip shell extension 'powershell' for command environment: Not usable outside of PowerShell
[0.701s] colcon.colcon_core.shell DEBUG Skip shell extension 'dsv' for command environment
[0.711s] colcon.colcon_ros.task.ament_cmake.build INFO Building ROS package in '/home/nvidia/acfly_ws/src/finding_objects_ws/multi_pole_detector' with build type 'ament_cmake'
[0.711s] colcon.colcon_cmake.task.cmake.build INFO Building CMake package in '/home/nvidia/acfly_ws/src/finding_objects_ws/multi_pole_detector'
[0.712s] colcon.colcon_core.shell INFO Skip shell extension 'powershell' for command environment: Not usable outside of PowerShell
[0.712s] colcon.colcon_core.shell DEBUG Skip shell extension 'dsv' for command environment
[0.720s] colcon.colcon_ros.task.ament_cmake.build INFO Building ROS package in '/home/nvidia/acfly_ws/src/finding_objects_ws/pole_detector' with build type 'ament_cmake'
[0.720s] colcon.colcon_cmake.task.cmake.build INFO Building CMake package in '/home/nvidia/acfly_ws/src/finding_objects_ws/pole_detector'
[0.720s] colcon.colcon_core.shell INFO Skip shell extension 'powershell' for command environment: Not usable outside of PowerShell
[0.720s] colcon.colcon_core.shell DEBUG Skip shell extension 'dsv' for command environment
[0.728s] colcon.colcon_ros.task.ament_cmake.build INFO Building ROS package in '/home/nvidia/acfly_ws/src/finding_objects_ws/ring_detector' with build type 'ament_cmake'
[0.728s] colcon.colcon_cmake.task.cmake.build INFO Building CMake package in '/home/nvidia/acfly_ws/src/finding_objects_ws/ring_detector'
[0.729s] colcon.colcon_core.shell INFO Skip shell extension 'powershell' for command environment: Not usable outside of PowerShell
[0.729s] colcon.colcon_core.shell DEBUG Skip shell extension 'dsv' for command environment
[0.736s] colcon.colcon_ros.task.ament_cmake.build INFO Building ROS package in '/home/nvidia/acfly_ws/src/fly_mission' with build type 'ament_cmake'
[0.737s] colcon.colcon_cmake.task.cmake.build INFO Building CMake package in '/home/nvidia/acfly_ws/src/fly_mission'
[0.737s] colcon.colcon_core.shell INFO Skip shell extension 'powershell' for command environment: Not usable outside of PowerShell
[0.737s] colcon.colcon_core.shell DEBUG Skip shell extension 'dsv' for command environment
[0.753s] colcon.colcon_core.event_handler.log_command DEBUG Invoking command in '/home/nvidia/acfly_ws/build/exploration_planner': CMAKE_PREFIX_PATH=${CMAKE_PREFIX_PATH}:/home/nvidia/ws_orbbec/install/gemini_vision:/opt/ros/humble /usr/bin/cmake /home/nvidia/acfly_ws/src/exploration_planner -DPython3_EXECUTABLE=/usr/bin/python3 -DAMENT_CMAKE_SYMLINK_INSTALL=1 -DCMAKE_INSTALL_PREFIX=/home/nvidia/acfly_ws/install/exploration_planner
[0.757s] colcon.colcon_core.event_handler.log_command DEBUG Invoking command in '/home/nvidia/acfly_ws/build/multi_pole_detector': CMAKE_PREFIX_PATH=${CMAKE_PREFIX_PATH}:/home/nvidia/ws_orbbec/install/gemini_vision:/opt/ros/humble /usr/bin/cmake /home/nvidia/acfly_ws/src/finding_objects_ws/multi_pole_detector -DPython3_EXECUTABLE=/usr/bin/python3 -DAMENT_CMAKE_SYMLINK_INSTALL=1 -DCMAKE_INSTALL_PREFIX=/home/nvidia/acfly_ws/install/multi_pole_detector
[0.761s] colcon.colcon_core.event_handler.log_command DEBUG Invoking command in '/home/nvidia/acfly_ws/build/pole_detector': CMAKE_PREFIX_PATH=${CMAKE_PREFIX_PATH}:/home/nvidia/ws_orbbec/install/gemini_vision:/opt/ros/humble /usr/bin/cmake /home/nvidia/acfly_ws/src/finding_objects_ws/pole_detector -DPython3_EXECUTABLE=/usr/bin/python3 -DAMENT_CMAKE_SYMLINK_INSTALL=1 -DCMAKE_INSTALL_PREFIX=/home/nvidia/acfly_ws/install/pole_detector
[0.768s] colcon.colcon_core.event_handler.log_command DEBUG Invoking command in '/home/nvidia/acfly_ws/build/ring_detector': CMAKE_PREFIX_PATH=${CMAKE_PREFIX_PATH}:/home/nvidia/ws_orbbec/install/gemini_vision:/opt/ros/humble /usr/bin/cmake /home/nvidia/acfly_ws/src/finding_objects_ws/ring_detector -DPython3_EXECUTABLE=/usr/bin/python3 -DAMENT_CMAKE_SYMLINK_INSTALL=1 -DCMAKE_INSTALL_PREFIX=/home/nvidia/acfly_ws/install/ring_detector
[0.773s] colcon.colcon_core.event_handler.log_command DEBUG Invoking command in '/home/nvidia/acfly_ws/build/fly_mission': CMAKE_PREFIX_PATH=/home/nvidia/acfly_ws/install/mavros_msgs:/home/nvidia/acfly_ws/install/mavros_extras:/home/nvidia/acfly_ws/install/mavros:/home/nvidia/acfly_ws/install/fly_mission_gps:/home/nvidia/acfly_ws/install/fly_mission:/home/nvidia/acfly_ws/install/libmavconn:/home/nvidia/acfly_ws/install/mavlink:/home/nvidia/ws_orbbec/install/orbbec_description:/home/nvidia/ws_orbbec/install/orbbec_camera:/home/nvidia/ws_orbbec/install/orbbec_camera_msgs:/home/nvidia/ws_livox/install/livox_ros_driver2:/home/nvidia/ws_point/install/pos_link:/home/nvidia/ws_point/install/point_lio:/home/nvidia/ws_point/install/pcl_cloud:/home/nvidia/ws_point/install/ac_link:/home/nvidia/ws_orbbec/install/gemini_vision:/opt/ros/humble LD_LIBRARY_PATH=/home/nvidia/acfly_ws/install/mavros_msgs/lib:/usr/local/lib:/home/nvidia/acfly_ws/install/mavros_extras/lib:/home/nvidia/acfly_ws/install/mavros/lib:/home/nvidia/acfly_ws/install/libmavconn/lib:/home/nvidia/ws_orbbec/install/orbbec_camera/lib:/home/nvidia/ws_orbbec/install/orbbec_camera_msgs/lib:/home/nvidia/ws_livox/install/livox_ros_driver2/lib:/home/nvidia/ws_point/install/ac_link/lib:/opt/ros/humble/opt/rviz_ogre_vendor/lib:/opt/ros/humble/lib/aarch64-linux-gnu:/opt/ros/humble/lib /usr/bin/cmake /home/nvidia/acfly_ws/src/fly_mission -DPython3_EXECUTABLE=/usr/bin/python3 -DAMENT_CMAKE_SYMLINK_INSTALL=1 -DCMAKE_INSTALL_PREFIX=/home/nvidia/acfly_ws/install/fly_mission
[1.718s] colcon.colcon_core.event_handler.log_command DEBUG Invoked command in '/home/nvidia/acfly_ws/build/pole_detector' returned '0': CMAKE_PREFIX_PATH=${CMAKE_PREFIX_PATH}:/home/nvidia/ws_orbbec/install/gemini_vision:/opt/ros/humble /usr/bin/cmake /home/nvidia/acfly_ws/src/finding_objects_ws/pole_detector -DPython3_EXECUTABLE=/usr/bin/python3 -DAMENT_CMAKE_SYMLINK_INSTALL=1 -DCMAKE_INSTALL_PREFIX=/home/nvidia/acfly_ws/install/pole_detector
[1.719s] colcon.colcon_core.event_handler.log_command DEBUG Invoking command in '/home/nvidia/acfly_ws/build/pole_detector': CMAKE_PREFIX_PATH=${CMAKE_PREFIX_PATH}:/home/nvidia/ws_orbbec/install/gemini_vision:/opt/ros/humble /usr/bin/cmake --build /home/nvidia/acfly_ws/build/pole_detector -- -j8 -l8
[1.724s] colcon.colcon_core.event_handler.log_command DEBUG Invoked command in '/home/nvidia/acfly_ws/build/multi_pole_detector' returned '0': CMAKE_PREFIX_PATH=${CMAKE_PREFIX_PATH}:/home/nvidia/ws_orbbec/install/gemini_vision:/opt/ros/humble /usr/bin/cmake /home/nvidia/acfly_ws/src/finding_objects_ws/multi_pole_detector -DPython3_EXECUTABLE=/usr/bin/python3 -DAMENT_CMAKE_SYMLINK_INSTALL=1 -DCMAKE_INSTALL_PREFIX=/home/nvidia/acfly_ws/install/multi_pole_detector
[1.725s] colcon.colcon_core.event_handler.log_command DEBUG Invoking command in '/home/nvidia/acfly_ws/build/multi_pole_detector': CMAKE_PREFIX_PATH=${CMAKE_PREFIX_PATH}:/home/nvidia/ws_orbbec/install/gemini_vision:/opt/ros/humble /usr/bin/cmake --build /home/nvidia/acfly_ws/build/multi_pole_detector -- -j8 -l8
[1.737s] colcon.colcon_core.event_handler.log_command DEBUG Invoked command in '/home/nvidia/acfly_ws/build/ring_detector' returned '0': CMAKE_PREFIX_PATH=${CMAKE_PREFIX_PATH}:/home/nvidia/ws_orbbec/install/gemini_vision:/opt/ros/humble /usr/bin/cmake /home/nvidia/acfly_ws/src/finding_objects_ws/ring_detector -DPython3_EXECUTABLE=/usr/bin/python3 -DAMENT_CMAKE_SYMLINK_INSTALL=1 -DCMAKE_INSTALL_PREFIX=/home/nvidia/acfly_ws/install/ring_detector
[1.741s] colcon.colcon_core.event_handler.log_command DEBUG Invoking command in '/home/nvidia/acfly_ws/build/ring_detector': CMAKE_PREFIX_PATH=${CMAKE_PREFIX_PATH}:/home/nvidia/ws_orbbec/install/gemini_vision:/opt/ros/humble /usr/bin/cmake --build /home/nvidia/acfly_ws/build/ring_detector -- -j8 -l8
[1.787s] colcon.colcon_core.event_handler.log_command DEBUG Invoked command in '/home/nvidia/acfly_ws/build/exploration_planner' returned '0': CMAKE_PREFIX_PATH=${CMAKE_PREFIX_PATH}:/home/nvidia/ws_orbbec/install/gemini_vision:/opt/ros/humble /usr/bin/cmake /home/nvidia/acfly_ws/src/exploration_planner -DPython3_EXECUTABLE=/usr/bin/python3 -DAMENT_CMAKE_SYMLINK_INSTALL=1 -DCMAKE_INSTALL_PREFIX=/home/nvidia/acfly_ws/install/exploration_planner
[1.789s] colcon.colcon_core.event_handler.log_command DEBUG Invoking command in '/home/nvidia/acfly_ws/build/exploration_planner': CMAKE_PREFIX_PATH=${CMAKE_PREFIX_PATH}:/home/nvidia/ws_orbbec/install/gemini_vision:/opt/ros/humble /usr/bin/cmake --build /home/nvidia/acfly_ws/build/exploration_planner -- -j8 -l8
[1.815s] colcon.colcon_core.event_handler.log_command DEBUG Invoked command in '/home/nvidia/acfly_ws/build/fly_mission' returned '0': CMAKE_PREFIX_PATH=/home/nvidia/acfly_ws/install/mavros_msgs:/home/nvidia/acfly_ws/install/mavros_extras:/home/nvidia/acfly_ws/install/mavros:/home/nvidia/acfly_ws/install/fly_mission_gps:/home/nvidia/acfly_ws/install/fly_mission:/home/nvidia/acfly_ws/install/libmavconn:/home/nvidia/acfly_ws/install/mavlink:/home/nvidia/ws_orbbec/install/orbbec_description:/home/nvidia/ws_orbbec/install/orbbec_camera:/home/nvidia/ws_orbbec/install/orbbec_camera_msgs:/home/nvidia/ws_livox/install/livox_ros_driver2:/home/nvidia/ws_point/install/pos_link:/home/nvidia/ws_point/install/point_lio:/home/nvidia/ws_point/install/pcl_cloud:/home/nvidia/ws_point/install/ac_link:/home/nvidia/ws_orbbec/install/gemini_vision:/opt/ros/humble LD_LIBRARY_PATH=/home/nvidia/acfly_ws/install/mavros_msgs/lib:/usr/local/lib:/home/nvidia/acfly_ws/install/mavros_extras/lib:/home/nvidia/acfly_ws/install/mavros/lib:/home/nvidia/acfly_ws/install/libmavconn/lib:/home/nvidia/ws_orbbec/install/orbbec_camera/lib:/home/nvidia/ws_orbbec/install/orbbec_camera_msgs/lib:/home/nvidia/ws_livox/install/livox_ros_driver2/lib:/home/nvidia/ws_point/install/ac_link/lib:/opt/ros/humble/opt/rviz_ogre_vendor/lib:/opt/ros/humble/lib/aarch64-linux-gnu:/opt/ros/humble/lib /usr/bin/cmake /home/nvidia/acfly_ws/src/fly_mission -DPython3_EXECUTABLE=/usr/bin/python3 -DAMENT_CMAKE_SYMLINK_INSTALL=1 -DCMAKE_INSTALL_PREFIX=/home/nvidia/acfly_ws/install/fly_mission
[1.817s] colcon.colcon_core.event_handler.log_command DEBUG Invoking command in '/home/nvidia/acfly_ws/build/fly_mission': CMAKE_PREFIX_PATH=/home/nvidia/acfly_ws/install/mavros_msgs:/home/nvidia/acfly_ws/install/mavros_extras:/home/nvidia/acfly_ws/install/mavros:/home/nvidia/acfly_ws/install/fly_mission_gps:/home/nvidia/acfly_ws/install/fly_mission:/home/nvidia/acfly_ws/install/libmavconn:/home/nvidia/acfly_ws/install/mavlink:/home/nvidia/ws_orbbec/install/orbbec_description:/home/nvidia/ws_orbbec/install/orbbec_camera:/home/nvidia/ws_orbbec/install/orbbec_camera_msgs:/home/nvidia/ws_livox/install/livox_ros_driver2:/home/nvidia/ws_point/install/pos_link:/home/nvidia/ws_point/install/point_lio:/home/nvidia/ws_point/install/pcl_cloud:/home/nvidia/ws_point/install/ac_link:/home/nvidia/ws_orbbec/install/gemini_vision:/opt/ros/humble LD_LIBRARY_PATH=/home/nvidia/acfly_ws/install/mavros_msgs/lib:/usr/local/lib:/home/nvidia/acfly_ws/install/mavros_extras/lib:/home/nvidia/acfly_ws/install/mavros/lib:/home/nvidia/acfly_ws/install/libmavconn/lib:/home/nvidia/ws_orbbec/install/orbbec_camera/lib:/home/nvidia/ws_orbbec/install/orbbec_camera_msgs/lib:/home/nvidia/ws_livox/install/livox_ros_driver2/lib:/home/nvidia/ws_point/install/ac_link/lib:/opt/ros/humble/opt/rviz_ogre_vendor/lib:/opt/ros/humble/lib/aarch64-linux-gnu:/opt/ros/humble/lib /usr/bin/cmake --build /home/nvidia/acfly_ws/build/fly_mission -- -j8 -l8
[5.511s] colcon.colcon_core.event_handler.log_command DEBUG Invoked command in '/home/nvidia/acfly_ws/build/pole_detector' returned '0': CMAKE_PREFIX_PATH=${CMAKE_PREFIX_PATH}:/home/nvidia/ws_orbbec/install/gemini_vision:/opt/ros/humble /usr/bin/cmake --build /home/nvidia/acfly_ws/build/pole_detector -- -j8 -l8
[5.586s] colcon.colcon_core.event_handler.log_command DEBUG Invoking command in '/home/nvidia/acfly_ws/build/pole_detector': CMAKE_PREFIX_PATH=${CMAKE_PREFIX_PATH}:/home/nvidia/ws_orbbec/install/gemini_vision:/opt/ros/humble /usr/bin/cmake --install /home/nvidia/acfly_ws/build/pole_detector
[5.598s] colcon.colcon_core.event_handler.log_command DEBUG Invoked command in '/home/nvidia/acfly_ws/build/multi_pole_detector' returned '0': CMAKE_PREFIX_PATH=${CMAKE_PREFIX_PATH}:/home/nvidia/ws_orbbec/install/gemini_vision:/opt/ros/humble /usr/bin/cmake --build /home/nvidia/acfly_ws/build/multi_pole_detector -- -j8 -l8
[5.609s] colcon.colcon_core.event_handler.log_command DEBUG Invoking command in '/home/nvidia/acfly_ws/build/multi_pole_detector': CMAKE_PREFIX_PATH=${CMAKE_PREFIX_PATH}:/home/nvidia/ws_orbbec/install/gemini_vision:/opt/ros/humble /usr/bin/cmake --install /home/nvidia/acfly_ws/build/multi_pole_detector
[5.643s] colcon.colcon_core.event_handler.log_command DEBUG Invoked command in '/home/nvidia/acfly_ws/build/ring_detector' returned '0': CMAKE_PREFIX_PATH=${CMAKE_PREFIX_PATH}:/home/nvidia/ws_orbbec/install/gemini_vision:/opt/ros/humble /usr/bin/cmake --build /home/nvidia/acfly_ws/build/ring_detector -- -j8 -l8
[5.644s] colcon.colcon_core.event_handler.log_command DEBUG Invoking command in '/home/nvidia/acfly_ws/build/ring_detector': CMAKE_PREFIX_PATH=${CMAKE_PREFIX_PATH}:/home/nvidia/ws_orbbec/install/gemini_vision:/opt/ros/humble /usr/bin/cmake --install /home/nvidia/acfly_ws/build/ring_detector
[6.425s] colcon.colcon_core.environment Level 1 create_environment_scripts_only(ring_detector)
[6.430s] colcon.colcon_core.environment Level 1 checking '/home/nvidia/acfly_ws/install/ring_detector' for CMake module files
[6.432s] colcon.colcon_core.event_handler.log_command DEBUG Invoked command in '/home/nvidia/acfly_ws/build/ring_detector' returned '0': CMAKE_PREFIX_PATH=${CMAKE_PREFIX_PATH}:/home/nvidia/ws_orbbec/install/gemini_vision:/opt/ros/humble /usr/bin/cmake --install /home/nvidia/acfly_ws/build/ring_detector
[6.433s] colcon.colcon_core.environment Level 1 checking '/home/nvidia/acfly_ws/install/ring_detector' for CMake config files
[6.433s] colcon.colcon_core.shell Level 1 create_environment_hook('ring_detector', 'cmake_prefix_path')
[6.434s] colcon.colcon_core.shell INFO Creating environment hook '/home/nvidia/acfly_ws/install/ring_detector/share/ring_detector/hook/cmake_prefix_path.ps1'
[6.436s] colcon.colcon_core.shell INFO Creating environment descriptor '/home/nvidia/acfly_ws/install/ring_detector/share/ring_detector/hook/cmake_prefix_path.dsv'
[6.437s] colcon.colcon_core.shell INFO Creating environment hook '/home/nvidia/acfly_ws/install/ring_detector/share/ring_detector/hook/cmake_prefix_path.sh'
[6.444s] colcon.colcon_core.environment Level 1 checking '/home/nvidia/acfly_ws/install/ring_detector/lib'
[6.444s] colcon.colcon_core.environment Level 1 checking '/home/nvidia/acfly_ws/install/ring_detector/bin'
[6.445s] colcon.colcon_core.environment Level 1 checking '/home/nvidia/acfly_ws/install/ring_detector/lib/pkgconfig/ring_detector.pc'
[6.445s] colcon.colcon_core.environment Level 1 checking '/home/nvidia/acfly_ws/install/ring_detector/lib/python3.10/site-packages'
[6.446s] colcon.colcon_core.environment Level 1 checking '/home/nvidia/acfly_ws/install/ring_detector/bin'
[6.452s] colcon.colcon_core.shell INFO Creating package script '/home/nvidia/acfly_ws/install/ring_detector/share/ring_detector/package.ps1'
[6.455s] colcon.colcon_core.shell INFO Creating package descriptor '/home/nvidia/acfly_ws/install/ring_detector/share/ring_detector/package.dsv'
[6.456s] colcon.colcon_core.shell INFO Creating package script '/home/nvidia/acfly_ws/install/ring_detector/share/ring_detector/package.sh'
[6.458s] colcon.colcon_core.shell INFO Creating package script '/home/nvidia/acfly_ws/install/ring_detector/share/ring_detector/package.bash'
[6.459s] colcon.colcon_core.shell INFO Creating package script '/home/nvidia/acfly_ws/install/ring_detector/share/ring_detector/package.zsh'
[6.460s] colcon.colcon_core.environment Level 1 create_file_with_runtime_dependencies(/home/nvidia/acfly_ws/install/ring_detector/share/colcon-core/packages/ring_detector)
[6.462s] colcon.colcon_core.environment Level 1 create_environment_scripts_only(ring_detector)
[6.462s] colcon.colcon_core.environment Level 1 checking '/home/nvidia/acfly_ws/install/ring_detector' for CMake module files
[6.463s] colcon.colcon_core.environment Level 1 checking '/home/nvidia/acfly_ws/install/ring_detector' for CMake config files
[6.464s] colcon.colcon_core.shell Level 1 create_environment_hook('ring_detector', 'cmake_prefix_path')
[6.464s] colcon.colcon_core.shell INFO Creating environment hook '/home/nvidia/acfly_ws/install/ring_detector/share/ring_detector/hook/cmake_prefix_path.ps1'
[6.466s] colcon.colcon_core.shell INFO Creating environment descriptor '/home/nvidia/acfly_ws/install/ring_detector/share/ring_detector/hook/cmake_prefix_path.dsv'
[6.466s] colcon.colcon_core.shell INFO Creating environment hook '/home/nvidia/acfly_ws/install/ring_detector/share/ring_detector/hook/cmake_prefix_path.sh'
[6.495s] colcon.colcon_core.environment Level 1 checking '/home/nvidia/acfly_ws/install/ring_detector/lib'
[6.495s] colcon.colcon_core.environment Level 1 checking '/home/nvidia/acfly_ws/install/ring_detector/bin'
[6.495s] colcon.colcon_core.environment Level 1 checking '/home/nvidia/acfly_ws/install/ring_detector/lib/pkgconfig/ring_detector.pc'
[6.496s] colcon.colcon_core.environment Level 1 checking '/home/nvidia/acfly_ws/install/ring_detector/lib/python3.10/site-packages'
[6.497s] colcon.colcon_core.environment Level 1 checking '/home/nvidia/acfly_ws/install/ring_detector/bin'
[6.497s] colcon.colcon_core.shell INFO Creating package script '/home/nvidia/acfly_ws/install/ring_detector/share/ring_detector/package.ps1'
[6.499s] colcon.colcon_core.shell INFO Creating package descriptor '/home/nvidia/acfly_ws/install/ring_detector/share/ring_detector/package.dsv'
[6.500s] colcon.colcon_core.shell INFO Creating package script '/home/nvidia/acfly_ws/install/ring_detector/share/ring_detector/package.sh'
[6.501s] colcon.colcon_core.shell INFO Creating package script '/home/nvidia/acfly_ws/install/ring_detector/share/ring_detector/package.bash'
[6.502s] colcon.colcon_core.shell INFO Creating package script '/home/nvidia/acfly_ws/install/ring_detector/share/ring_detector/package.zsh'
[6.503s] colcon.colcon_core.environment Level 1 create_file_with_runtime_dependencies(/home/nvidia/acfly_ws/install/ring_detector/share/colcon-core/packages/ring_detector)
[6.524s] colcon.colcon_core.environment Level 1 create_environment_scripts_only(pole_detector)
[6.525s] colcon.colcon_core.environment Level 1 checking '/home/nvidia/acfly_ws/install/pole_detector' for CMake module files
[6.526s] colcon.colcon_core.event_handler.log_command DEBUG Invoked command in '/home/nvidia/acfly_ws/build/pole_detector' returned '0': CMAKE_PREFIX_PATH=${CMAKE_PREFIX_PATH}:/home/nvidia/ws_orbbec/install/gemini_vision:/opt/ros/humble /usr/bin/cmake --install /home/nvidia/acfly_ws/build/pole_detector
[6.527s] colcon.colcon_core.environment Level 1 checking '/home/nvidia/acfly_ws/install/pole_detector' for CMake config files
[6.527s] colcon.colcon_core.shell Level 1 create_environment_hook('pole_detector', 'cmake_prefix_path')
[6.528s] colcon.colcon_core.shell INFO Creating environment hook '/home/nvidia/acfly_ws/install/pole_detector/share/pole_detector/hook/cmake_prefix_path.ps1'
[6.529s] colcon.colcon_core.shell INFO Creating environment descriptor '/home/nvidia/acfly_ws/install/pole_detector/share/pole_detector/hook/cmake_prefix_path.dsv'
[6.530s] colcon.colcon_core.shell INFO Creating environment hook '/home/nvidia/acfly_ws/install/pole_detector/share/pole_detector/hook/cmake_prefix_path.sh'
[6.532s] colcon.colcon_core.environment Level 1 checking '/home/nvidia/acfly_ws/install/pole_detector/lib'
[6.532s] colcon.colcon_core.environment Level 1 checking '/home/nvidia/acfly_ws/install/pole_detector/bin'
[6.532s] colcon.colcon_core.environment Level 1 checking '/home/nvidia/acfly_ws/install/pole_detector/lib/pkgconfig/pole_detector.pc'
[6.532s] colcon.colcon_core.environment Level 1 checking '/home/nvidia/acfly_ws/install/pole_detector/lib/python3.10/site-packages'
[6.533s] colcon.colcon_core.environment Level 1 checking '/home/nvidia/acfly_ws/install/pole_detector/bin'
[6.534s] colcon.colcon_core.shell INFO Creating package script '/home/nvidia/acfly_ws/install/pole_detector/share/pole_detector/package.ps1'
[6.535s] colcon.colcon_core.shell INFO Creating package descriptor '/home/nvidia/acfly_ws/install/pole_detector/share/pole_detector/package.dsv'
[6.536s] colcon.colcon_core.shell INFO Creating package script '/home/nvidia/acfly_ws/install/pole_detector/share/pole_detector/package.sh'
[6.537s] colcon.colcon_core.shell INFO Creating package script '/home/nvidia/acfly_ws/install/pole_detector/share/pole_detector/package.bash'
[6.550s] colcon.colcon_core.shell INFO Creating package script '/home/nvidia/acfly_ws/install/pole_detector/share/pole_detector/package.zsh'
[6.551s] colcon.colcon_core.environment Level 1 create_file_with_runtime_dependencies(/home/nvidia/acfly_ws/install/pole_detector/share/colcon-core/packages/pole_detector)
[6.562s] colcon.colcon_core.environment Level 1 create_environment_scripts_only(pole_detector)
[6.563s] colcon.colcon_core.environment Level 1 checking '/home/nvidia/acfly_ws/install/pole_detector' for CMake module files
[6.564s] colcon.colcon_core.environment Level 1 checking '/home/nvidia/acfly_ws/install/pole_detector' for CMake config files
[6.565s] colcon.colcon_core.shell Level 1 create_environment_hook('pole_detector', 'cmake_prefix_path')
[6.565s] colcon.colcon_core.shell INFO Creating environment hook '/home/nvidia/acfly_ws/install/pole_detector/share/pole_detector/hook/cmake_prefix_path.ps1'
[6.566s] colcon.colcon_core.shell INFO Creating environment descriptor '/home/nvidia/acfly_ws/install/pole_detector/share/pole_detector/hook/cmake_prefix_path.dsv'
[6.568s] colcon.colcon_core.shell INFO Creating environment hook '/home/nvidia/acfly_ws/install/pole_detector/share/pole_detector/hook/cmake_prefix_path.sh'
[6.569s] colcon.colcon_core.environment Level 1 checking '/home/nvidia/acfly_ws/install/pole_detector/lib'
[6.569s] colcon.colcon_core.environment Level 1 checking '/home/nvidia/acfly_ws/install/pole_detector/bin'
[6.569s] colcon.colcon_core.environment Level 1 checking '/home/nvidia/acfly_ws/install/pole_detector/lib/pkgconfig/pole_detector.pc'
[6.570s] colcon.colcon_core.environment Level 1 checking '/home/nvidia/acfly_ws/install/pole_detector/lib/python3.10/site-packages'
[6.571s] colcon.colcon_core.environment Level 1 checking '/home/nvidia/acfly_ws/install/pole_detector/bin'
[6.571s] colcon.colcon_core.shell INFO Creating package script '/home/nvidia/acfly_ws/install/pole_detector/share/pole_detector/package.ps1'
[6.573s] colcon.colcon_core.shell INFO Creating package descriptor '/home/nvidia/acfly_ws/install/pole_detector/share/pole_detector/package.dsv'
[6.575s] colcon.colcon_core.shell INFO Creating package script '/home/nvidia/acfly_ws/install/pole_detector/share/pole_detector/package.sh'
[6.576s] colcon.colcon_core.shell INFO Creating package script '/home/nvidia/acfly_ws/install/pole_detector/share/pole_detector/package.bash'
[6.577s] colcon.colcon_core.shell INFO Creating package script '/home/nvidia/acfly_ws/install/pole_detector/share/pole_detector/package.zsh'
[6.578s] colcon.colcon_core.environment Level 1 create_file_with_runtime_dependencies(/home/nvidia/acfly_ws/install/pole_detector/share/colcon-core/packages/pole_detector)
[6.578s] colcon.colcon_core.environment Level 1 create_environment_scripts_only(multi_pole_detector)
[6.580s] colcon.colcon_core.event_handler.log_command DEBUG Invoked command in '/home/nvidia/acfly_ws/build/multi_pole_detector' returned '0': CMAKE_PREFIX_PATH=${CMAKE_PREFIX_PATH}:/home/nvidia/ws_orbbec/install/gemini_vision:/opt/ros/humble /usr/bin/cmake --install /home/nvidia/acfly_ws/build/multi_pole_detector
[6.588s] colcon.colcon_core.environment Level 1 checking '/home/nvidia/acfly_ws/install/multi_pole_detector' for CMake module files
[6.595s] colcon.colcon_core.environment Level 1 checking '/home/nvidia/acfly_ws/install/multi_pole_detector' for CMake config files
[6.596s] colcon.colcon_core.shell Level 1 create_environment_hook('multi_pole_detector', 'cmake_prefix_path')
[6.597s] colcon.colcon_core.shell INFO Creating environment hook '/home/nvidia/acfly_ws/install/multi_pole_detector/share/multi_pole_detector/hook/cmake_prefix_path.ps1'
[6.598s] colcon.colcon_core.shell INFO Creating environment descriptor '/home/nvidia/acfly_ws/install/multi_pole_detector/share/multi_pole_detector/hook/cmake_prefix_path.dsv'
[6.599s] colcon.colcon_core.shell INFO Creating environment hook '/home/nvidia/acfly_ws/install/multi_pole_detector/share/multi_pole_detector/hook/cmake_prefix_path.sh'
[6.600s] colcon.colcon_core.environment Level 1 checking '/home/nvidia/acfly_ws/install/multi_pole_detector/lib'
[6.600s] colcon.colcon_core.environment Level 1 checking '/home/nvidia/acfly_ws/install/multi_pole_detector/bin'
[6.600s] colcon.colcon_core.environment Level 1 checking '/home/nvidia/acfly_ws/install/multi_pole_detector/lib/pkgconfig/multi_pole_detector.pc'
[6.601s] colcon.colcon_core.environment Level 1 checking '/home/nvidia/acfly_ws/install/multi_pole_detector/lib/python3.10/site-packages'
[6.601s] colcon.colcon_core.environment Level 1 checking '/home/nvidia/acfly_ws/install/multi_pole_detector/bin'
[6.602s] colcon.colcon_core.shell INFO Creating package script '/home/nvidia/acfly_ws/install/multi_pole_detector/share/multi_pole_detector/package.ps1'
[6.603s] colcon.colcon_core.shell INFO Creating package descriptor '/home/nvidia/acfly_ws/install/multi_pole_detector/share/multi_pole_detector/package.dsv'
[6.604s] colcon.colcon_core.shell INFO Creating package script '/home/nvidia/acfly_ws/install/multi_pole_detector/share/multi_pole_detector/package.sh'
[6.612s] colcon.colcon_core.shell INFO Creating package script '/home/nvidia/acfly_ws/install/multi_pole_detector/share/multi_pole_detector/package.bash'
[6.613s] colcon.colcon_core.shell INFO Creating package script '/home/nvidia/acfly_ws/install/multi_pole_detector/share/multi_pole_detector/package.zsh'
[6.614s] colcon.colcon_core.environment Level 1 create_file_with_runtime_dependencies(/home/nvidia/acfly_ws/install/multi_pole_detector/share/colcon-core/packages/multi_pole_detector)
[6.616s] colcon.colcon_core.environment Level 1 create_environment_scripts_only(multi_pole_detector)
[6.616s] colcon.colcon_core.environment Level 1 checking '/home/nvidia/acfly_ws/install/multi_pole_detector' for CMake module files
[6.629s] colcon.colcon_core.environment Level 1 checking '/home/nvidia/acfly_ws/install/multi_pole_detector' for CMake config files
[6.629s] colcon.colcon_core.shell Level 1 create_environment_hook('multi_pole_detector', 'cmake_prefix_path')
[6.630s] colcon.colcon_core.shell INFO Creating environment hook '/home/nvidia/acfly_ws/install/multi_pole_detector/share/multi_pole_detector/hook/cmake_prefix_path.ps1'
[6.632s] colcon.colcon_core.shell INFO Creating environment descriptor '/home/nvidia/acfly_ws/install/multi_pole_detector/share/multi_pole_detector/hook/cmake_prefix_path.dsv'
[6.632s] colcon.colcon_core.shell INFO Creating environment hook '/home/nvidia/acfly_ws/install/multi_pole_detector/share/multi_pole_detector/hook/cmake_prefix_path.sh'
[6.634s] colcon.colcon_core.environment Level 1 checking '/home/nvidia/acfly_ws/install/multi_pole_detector/lib'
[6.634s] colcon.colcon_core.environment Level 1 checking '/home/nvidia/acfly_ws/install/multi_pole_detector/bin'
[6.634s] colcon.colcon_core.environment Level 1 checking '/home/nvidia/acfly_ws/install/multi_pole_detector/lib/pkgconfig/multi_pole_detector.pc'
[6.635s] colcon.colcon_core.environment Level 1 checking '/home/nvidia/acfly_ws/install/multi_pole_detector/lib/python3.10/site-packages'
[6.635s] colcon.colcon_core.environment Level 1 checking '/home/nvidia/acfly_ws/install/multi_pole_detector/bin'
[6.636s] colcon.colcon_core.shell INFO Creating package script '/home/nvidia/acfly_ws/install/multi_pole_detector/share/multi_pole_detector/package.ps1'
[6.638s] colcon.colcon_core.shell INFO Creating package descriptor '/home/nvidia/acfly_ws/install/multi_pole_detector/share/multi_pole_detector/package.dsv'
[6.651s] colcon.colcon_core.shell INFO Creating package script '/home/nvidia/acfly_ws/install/multi_pole_detector/share/multi_pole_detector/package.sh'
[6.653s] colcon.colcon_core.shell INFO Creating package script '/home/nvidia/acfly_ws/install/multi_pole_detector/share/multi_pole_detector/package.bash'
[6.654s] colcon.colcon_core.shell INFO Creating package script '/home/nvidia/acfly_ws/install/multi_pole_detector/share/multi_pole_detector/package.zsh'
[6.655s] colcon.colcon_core.environment Level 1 create_file_with_runtime_dependencies(/home/nvidia/acfly_ws/install/multi_pole_detector/share/colcon-core/packages/multi_pole_detector)
[38.754s] colcon.colcon_core.event_handler.log_command DEBUG Invoked command in '/home/nvidia/acfly_ws/build/fly_mission' returned '0': CMAKE_PREFIX_PATH=/home/nvidia/acfly_ws/install/mavros_msgs:/home/nvidia/acfly_ws/install/mavros_extras:/home/nvidia/acfly_ws/install/mavros:/home/nvidia/acfly_ws/install/fly_mission_gps:/home/nvidia/acfly_ws/install/fly_mission:/home/nvidia/acfly_ws/install/libmavconn:/home/nvidia/acfly_ws/install/mavlink:/home/nvidia/ws_orbbec/install/orbbec_description:/home/nvidia/ws_orbbec/install/orbbec_camera:/home/nvidia/ws_orbbec/install/orbbec_camera_msgs:/home/nvidia/ws_livox/install/livox_ros_driver2:/home/nvidia/ws_point/install/pos_link:/home/nvidia/ws_point/install/point_lio:/home/nvidia/ws_point/install/pcl_cloud:/home/nvidia/ws_point/install/ac_link:/home/nvidia/ws_orbbec/install/gemini_vision:/opt/ros/humble LD_LIBRARY_PATH=/home/nvidia/acfly_ws/install/mavros_msgs/lib:/usr/local/lib:/home/nvidia/acfly_ws/install/mavros_extras/lib:/home/nvidia/acfly_ws/install/mavros/lib:/home/nvidia/acfly_ws/install/libmavconn/lib:/home/nvidia/ws_orbbec/install/orbbec_camera/lib:/home/nvidia/ws_orbbec/install/orbbec_camera_msgs/lib:/home/nvidia/ws_livox/install/livox_ros_driver2/lib:/home/nvidia/ws_point/install/ac_link/lib:/opt/ros/humble/opt/rviz_ogre_vendor/lib:/opt/ros/humble/lib/aarch64-linux-gnu:/opt/ros/humble/lib /usr/bin/cmake --build /home/nvidia/acfly_ws/build/fly_mission -- -j8 -l8
[38.755s] colcon.colcon_core.event_handler.log_command DEBUG Invoking command in '/home/nvidia/acfly_ws/build/fly_mission': CMAKE_PREFIX_PATH=/home/nvidia/acfly_ws/install/mavros_msgs:/home/nvidia/acfly_ws/install/mavros_extras:/home/nvidia/acfly_ws/install/mavros:/home/nvidia/acfly_ws/install/fly_mission_gps:/home/nvidia/acfly_ws/install/fly_mission:/home/nvidia/acfly_ws/install/libmavconn:/home/nvidia/acfly_ws/install/mavlink:/home/nvidia/ws_orbbec/install/orbbec_description:/home/nvidia/ws_orbbec/install/orbbec_camera:/home/nvidia/ws_orbbec/install/orbbec_camera_msgs:/home/nvidia/ws_livox/install/livox_ros_driver2:/home/nvidia/ws_point/install/pos_link:/home/nvidia/ws_point/install/point_lio:/home/nvidia/ws_point/install/pcl_cloud:/home/nvidia/ws_point/install/ac_link:/home/nvidia/ws_orbbec/install/gemini_vision:/opt/ros/humble LD_LIBRARY_PATH=/home/nvidia/acfly_ws/install/mavros_msgs/lib:/usr/local/lib:/home/nvidia/acfly_ws/install/mavros_extras/lib:/home/nvidia/acfly_ws/install/mavros/lib:/home/nvidia/acfly_ws/install/libmavconn/lib:/home/nvidia/ws_orbbec/install/orbbec_camera/lib:/home/nvidia/ws_orbbec/install/orbbec_camera_msgs/lib:/home/nvidia/ws_livox/install/livox_ros_driver2/lib:/home/nvidia/ws_point/install/ac_link/lib:/opt/ros/humble/opt/rviz_ogre_vendor/lib:/opt/ros/humble/lib/aarch64-linux-gnu:/opt/ros/humble/lib /usr/bin/cmake --install /home/nvidia/acfly_ws/build/fly_mission
[39.246s] colcon.colcon_core.environment Level 1 create_environment_scripts_only(fly_mission)
[39.247s] colcon.colcon_core.environment Level 1 checking '/home/nvidia/acfly_ws/install/fly_mission' for CMake module files
[39.248s] colcon.colcon_core.event_handler.log_command DEBUG Invoked command in '/home/nvidia/acfly_ws/build/fly_mission' returned '0': CMAKE_PREFIX_PATH=/home/nvidia/acfly_ws/install/mavros_msgs:/home/nvidia/acfly_ws/install/mavros_extras:/home/nvidia/acfly_ws/install/mavros:/home/nvidia/acfly_ws/install/fly_mission_gps:/home/nvidia/acfly_ws/install/fly_mission:/home/nvidia/acfly_ws/install/libmavconn:/home/nvidia/acfly_ws/install/mavlink:/home/nvidia/ws_orbbec/install/orbbec_description:/home/nvidia/ws_orbbec/install/orbbec_camera:/home/nvidia/ws_orbbec/install/orbbec_camera_msgs:/home/nvidia/ws_livox/install/livox_ros_driver2:/home/nvidia/ws_point/install/pos_link:/home/nvidia/ws_point/install/point_lio:/home/nvidia/ws_point/install/pcl_cloud:/home/nvidia/ws_point/install/ac_link:/home/nvidia/ws_orbbec/install/gemini_vision:/opt/ros/humble LD_LIBRARY_PATH=/home/nvidia/acfly_ws/install/mavros_msgs/lib:/usr/local/lib:/home/nvidia/acfly_ws/install/mavros_extras/lib:/home/nvidia/acfly_ws/install/mavros/lib:/home/nvidia/acfly_ws/install/libmavconn/lib:/home/nvidia/ws_orbbec/install/orbbec_camera/lib:/home/nvidia/ws_orbbec/install/orbbec_camera_msgs/lib:/home/nvidia/ws_livox/install/livox_ros_driver2/lib:/home/nvidia/ws_point/install/ac_link/lib:/opt/ros/humble/opt/rviz_ogre_vendor/lib:/opt/ros/humble/lib/aarch64-linux-gnu:/opt/ros/humble/lib /usr/bin/cmake --install /home/nvidia/acfly_ws/build/fly_mission
[39.249s] colcon.colcon_core.environment Level 1 checking '/home/nvidia/acfly_ws/install/fly_mission' for CMake config files
[39.249s] colcon.colcon_core.shell Level 1 create_environment_hook('fly_mission', 'cmake_prefix_path')
[39.249s] colcon.colcon_core.shell INFO Creating environment hook '/home/nvidia/acfly_ws/install/fly_mission/share/fly_mission/hook/cmake_prefix_path.ps1'
[39.251s] colcon.colcon_core.shell INFO Creating environment descriptor '/home/nvidia/acfly_ws/install/fly_mission/share/fly_mission/hook/cmake_prefix_path.dsv'
[39.251s] colcon.colcon_core.shell INFO Creating environment hook '/home/nvidia/acfly_ws/install/fly_mission/share/fly_mission/hook/cmake_prefix_path.sh'
[39.252s] colcon.colcon_core.environment Level 1 checking '/home/nvidia/acfly_ws/install/fly_mission/lib'
[39.252s] colcon.colcon_core.environment Level 1 checking '/home/nvidia/acfly_ws/install/fly_mission/bin'
[39.252s] colcon.colcon_core.environment Level 1 checking '/home/nvidia/acfly_ws/install/fly_mission/lib/pkgconfig/fly_mission.pc'
[39.253s] colcon.colcon_core.environment Level 1 checking '/home/nvidia/acfly_ws/install/fly_mission/lib/python3.10/site-packages'
[39.253s] colcon.colcon_core.environment Level 1 checking '/home/nvidia/acfly_ws/install/fly_mission/bin'
[39.254s] colcon.colcon_core.shell INFO Creating package script '/home/nvidia/acfly_ws/install/fly_mission/share/fly_mission/package.ps1'
[39.255s] colcon.colcon_core.shell INFO Creating package descriptor '/home/nvidia/acfly_ws/install/fly_mission/share/fly_mission/package.dsv'
[39.256s] colcon.colcon_core.shell INFO Creating package script '/home/nvidia/acfly_ws/install/fly_mission/share/fly_mission/package.sh'
[39.256s] colcon.colcon_core.shell INFO Creating package script '/home/nvidia/acfly_ws/install/fly_mission/share/fly_mission/package.bash'
[39.257s] colcon.colcon_core.shell INFO Creating package script '/home/nvidia/acfly_ws/install/fly_mission/share/fly_mission/package.zsh'
[39.257s] colcon.colcon_core.environment Level 1 create_file_with_runtime_dependencies(/home/nvidia/acfly_ws/install/fly_mission/share/colcon-core/packages/fly_mission)
[39.258s] colcon.colcon_core.environment Level 1 create_environment_scripts_only(fly_mission)
[39.259s] colcon.colcon_core.environment Level 1 checking '/home/nvidia/acfly_ws/install/fly_mission' for CMake module files
[39.259s] colcon.colcon_core.environment Level 1 checking '/home/nvidia/acfly_ws/install/fly_mission' for CMake config files
[39.260s] colcon.colcon_core.shell Level 1 create_environment_hook('fly_mission', 'cmake_prefix_path')
[39.260s] colcon.colcon_core.shell INFO Creating environment hook '/home/nvidia/acfly_ws/install/fly_mission/share/fly_mission/hook/cmake_prefix_path.ps1'
[39.261s] colcon.colcon_core.shell INFO Creating environment descriptor '/home/nvidia/acfly_ws/install/fly_mission/share/fly_mission/hook/cmake_prefix_path.dsv'
[39.261s] colcon.colcon_core.shell INFO Creating environment hook '/home/nvidia/acfly_ws/install/fly_mission/share/fly_mission/hook/cmake_prefix_path.sh'
[39.262s] colcon.colcon_core.environment Level 1 checking '/home/nvidia/acfly_ws/install/fly_mission/lib'
[39.262s] colcon.colcon_core.environment Level 1 checking '/home/nvidia/acfly_ws/install/fly_mission/bin'
[39.263s] colcon.colcon_core.environment Level 1 checking '/home/nvidia/acfly_ws/install/fly_mission/lib/pkgconfig/fly_mission.pc'
[39.263s] colcon.colcon_core.environment Level 1 checking '/home/nvidia/acfly_ws/install/fly_mission/lib/python3.10/site-packages'
[39.263s] colcon.colcon_core.environment Level 1 checking '/home/nvidia/acfly_ws/install/fly_mission/bin'
[39.264s] colcon.colcon_core.shell INFO Creating package script '/home/nvidia/acfly_ws/install/fly_mission/share/fly_mission/package.ps1'
[39.265s] colcon.colcon_core.shell INFO Creating package descriptor '/home/nvidia/acfly_ws/install/fly_mission/share/fly_mission/package.dsv'
[39.266s] colcon.colcon_core.shell INFO Creating package script '/home/nvidia/acfly_ws/install/fly_mission/share/fly_mission/package.sh'
[39.266s] colcon.colcon_core.shell INFO Creating package script '/home/nvidia/acfly_ws/install/fly_mission/share/fly_mission/package.bash'
[39.267s] colcon.colcon_core.shell INFO Creating package script '/home/nvidia/acfly_ws/install/fly_mission/share/fly_mission/package.zsh'
[39.268s] colcon.colcon_core.environment Level 1 create_file_with_runtime_dependencies(/home/nvidia/acfly_ws/install/fly_mission/share/colcon-core/packages/fly_mission)
[43.696s] colcon.colcon_core.event_handler.log_command DEBUG Invoked command in '/home/nvidia/acfly_ws/build/exploration_planner' returned '0': CMAKE_PREFIX_PATH=${CMAKE_PREFIX_PATH}:/home/nvidia/ws_orbbec/install/gemini_vision:/opt/ros/humble /usr/bin/cmake --build /home/nvidia/acfly_ws/build/exploration_planner -- -j8 -l8
[43.700s] colcon.colcon_core.event_handler.log_command DEBUG Invoking command in '/home/nvidia/acfly_ws/build/exploration_planner': CMAKE_PREFIX_PATH=${CMAKE_PREFIX_PATH}:/home/nvidia/ws_orbbec/install/gemini_vision:/opt/ros/humble /usr/bin/cmake --install /home/nvidia/acfly_ws/build/exploration_planner
[44.189s] colcon.colcon_core.environment Level 1 create_environment_scripts_only(exploration_planner)
[44.190s] colcon.colcon_core.environment Level 1 checking '/home/nvidia/acfly_ws/install/exploration_planner' for CMake module files
[44.192s] colcon.colcon_core.event_handler.log_command DEBUG Invoked command in '/home/nvidia/acfly_ws/build/exploration_planner' returned '0': CMAKE_PREFIX_PATH=${CMAKE_PREFIX_PATH}:/home/nvidia/ws_orbbec/install/gemini_vision:/opt/ros/humble /usr/bin/cmake --install /home/nvidia/acfly_ws/build/exploration_planner
[44.193s] colcon.colcon_core.environment Level 1 checking '/home/nvidia/acfly_ws/install/exploration_planner' for CMake config files
[44.195s] colcon.colcon_core.shell Level 1 create_environment_hook('exploration_planner', 'cmake_prefix_path')
[44.196s] colcon.colcon_core.shell INFO Creating environment hook '/home/nvidia/acfly_ws/install/exploration_planner/share/exploration_planner/hook/cmake_prefix_path.ps1'
[44.197s] colcon.colcon_core.shell INFO Creating environment descriptor '/home/nvidia/acfly_ws/install/exploration_planner/share/exploration_planner/hook/cmake_prefix_path.dsv'
[44.199s] colcon.colcon_core.shell INFO Creating environment hook '/home/nvidia/acfly_ws/install/exploration_planner/share/exploration_planner/hook/cmake_prefix_path.sh'
[44.201s] colcon.colcon_core.environment Level 1 checking '/home/nvidia/acfly_ws/install/exploration_planner/lib'
[44.201s] colcon.colcon_core.environment Level 1 checking '/home/nvidia/acfly_ws/install/exploration_planner/bin'
[44.201s] colcon.colcon_core.environment Level 1 checking '/home/nvidia/acfly_ws/install/exploration_planner/lib/pkgconfig/exploration_planner.pc'
[44.202s] colcon.colcon_core.environment Level 1 checking '/home/nvidia/acfly_ws/install/exploration_planner/lib/python3.10/site-packages'
[44.203s] colcon.colcon_core.environment Level 1 checking '/home/nvidia/acfly_ws/install/exploration_planner/bin'
[44.203s] colcon.colcon_core.shell INFO Creating package script '/home/nvidia/acfly_ws/install/exploration_planner/share/exploration_planner/package.ps1'
[44.204s] colcon.colcon_core.shell INFO Creating package descriptor '/home/nvidia/acfly_ws/install/exploration_planner/share/exploration_planner/package.dsv'
[44.206s] colcon.colcon_core.shell INFO Creating package script '/home/nvidia/acfly_ws/install/exploration_planner/share/exploration_planner/package.sh'
[44.207s] colcon.colcon_core.shell INFO Creating package script '/home/nvidia/acfly_ws/install/exploration_planner/share/exploration_planner/package.bash'
[44.209s] colcon.colcon_core.shell INFO Creating package script '/home/nvidia/acfly_ws/install/exploration_planner/share/exploration_planner/package.zsh'
[44.210s] colcon.colcon_core.environment Level 1 create_file_with_runtime_dependencies(/home/nvidia/acfly_ws/install/exploration_planner/share/colcon-core/packages/exploration_planner)
[44.212s] colcon.colcon_core.environment Level 1 create_environment_scripts_only(exploration_planner)
[44.212s] colcon.colcon_core.environment Level 1 checking '/home/nvidia/acfly_ws/install/exploration_planner' for CMake module files
[44.213s] colcon.colcon_core.environment Level 1 checking '/home/nvidia/acfly_ws/install/exploration_planner' for CMake config files
[44.215s] colcon.colcon_core.shell Level 1 create_environment_hook('exploration_planner', 'cmake_prefix_path')
[44.215s] colcon.colcon_core.shell INFO Creating environment hook '/home/nvidia/acfly_ws/install/exploration_planner/share/exploration_planner/hook/cmake_prefix_path.ps1'
[44.217s] colcon.colcon_core.shell INFO Creating environment descriptor '/home/nvidia/acfly_ws/install/exploration_planner/share/exploration_planner/hook/cmake_prefix_path.dsv'
[44.218s] colcon.colcon_core.shell INFO Creating environment hook '/home/nvidia/acfly_ws/install/exploration_planner/share/exploration_planner/hook/cmake_prefix_path.sh'
[44.221s] colcon.colcon_core.environment Level 1 checking '/home/nvidia/acfly_ws/install/exploration_planner/lib'
[44.221s] colcon.colcon_core.environment Level 1 checking '/home/nvidia/acfly_ws/install/exploration_planner/bin'
[44.221s] colcon.colcon_core.environment Level 1 checking '/home/nvidia/acfly_ws/install/exploration_planner/lib/pkgconfig/exploration_planner.pc'
[44.222s] colcon.colcon_core.environment Level 1 checking '/home/nvidia/acfly_ws/install/exploration_planner/lib/python3.10/site-packages'
[44.223s] colcon.colcon_core.environment Level 1 checking '/home/nvidia/acfly_ws/install/exploration_planner/bin'
[44.224s] colcon.colcon_core.shell INFO Creating package script '/home/nvidia/acfly_ws/install/exploration_planner/share/exploration_planner/package.ps1'
[44.226s] colcon.colcon_core.shell INFO Creating package descriptor '/home/nvidia/acfly_ws/install/exploration_planner/share/exploration_planner/package.dsv'
[44.227s] colcon.colcon_core.shell INFO Creating package script '/home/nvidia/acfly_ws/install/exploration_planner/share/exploration_planner/package.sh'
[44.229s] colcon.colcon_core.shell INFO Creating package script '/home/nvidia/acfly_ws/install/exploration_planner/share/exploration_planner/package.bash'
[44.230s] colcon.colcon_core.shell INFO Creating package script '/home/nvidia/acfly_ws/install/exploration_planner/share/exploration_planner/package.zsh'
[44.232s] colcon.colcon_core.environment Level 1 create_file_with_runtime_dependencies(/home/nvidia/acfly_ws/install/exploration_planner/share/colcon-core/packages/exploration_planner)
[44.233s] colcon.colcon_parallel_executor.executor.parallel DEBUG closing loop
[44.234s] colcon.colcon_parallel_executor.executor.parallel DEBUG loop closed
[44.234s] colcon.colcon_parallel_executor.executor.parallel DEBUG run_until_complete finished with '0'
[44.234s] colcon.colcon_core.event_reactor DEBUG joining thread
[44.235s] colcon.colcon_core.event_reactor DEBUG joined thread
[44.236s] colcon.colcon_core.shell INFO Creating prefix script '/home/nvidia/acfly_ws/install/local_setup.ps1'
[44.238s] colcon.colcon_core.shell INFO Creating prefix util module '/home/nvidia/acfly_ws/install/_local_setup_util_ps1.py'
[44.243s] colcon.colcon_core.shell INFO Creating prefix chain script '/home/nvidia/acfly_ws/install/setup.ps1'
[44.248s] colcon.colcon_core.shell INFO Creating prefix script '/home/nvidia/acfly_ws/install/local_setup.sh'
[44.250s] colcon.colcon_core.shell INFO Creating prefix util module '/home/nvidia/acfly_ws/install/_local_setup_util_sh.py'
[44.252s] colcon.colcon_core.shell INFO Creating prefix chain script '/home/nvidia/acfly_ws/install/setup.sh'
[44.258s] colcon.colcon_core.shell INFO Creating prefix script '/home/nvidia/acfly_ws/install/local_setup.bash'
[44.259s] colcon.colcon_core.shell INFO Creating prefix chain script '/home/nvidia/acfly_ws/install/setup.bash'
[44.262s] colcon.colcon_core.shell INFO Creating prefix script '/home/nvidia/acfly_ws/install/local_setup.zsh'
[44.263s] colcon.colcon_core.shell INFO Creating prefix chain script '/home/nvidia/acfly_ws/install/setup.zsh'
