[0.049s] Invoking command in '/home/nvidia/acfly_ws/build/pole_detector': CMAKE_PREFIX_PATH=${CMAKE_PREFIX_PATH}:/home/nvidia/ws_orbbec/install/gemini_vision:/opt/ros/humble /usr/bin/cmake /home/nvidia/acfly_ws/src/finding_objects_ws/pole_detector -DCMAKE_INSTALL_PREFIX=/home/nvidia/acfly_ws/install/pole_detector
[0.069s] -- Found ament_cmake: 1.3.14 (/opt/ros/humble/share/ament_cmake/cmake)
[0.405s] -- Override CMake install command with custom implementation using symlinks instead of copying resources
[0.413s] -- Found rclcpp: 16.0.19 (/opt/ros/humble/share/rclcpp/cmake)
[0.485s] -- Found rosidl_generator_c: 3.1.9 (/opt/ros/humble/share/rosidl_generator_c/cmake)
[0.490s] -- Found rosidl_adapter: 3.1.9 (/opt/ros/humble/share/rosidl_adapter/cmake)
[0.501s] -- Found rosidl_generator_cpp: 3.1.9 (/opt/ros/humble/share/rosidl_generator_cpp/cmake)
[0.521s] -- Using all available rosidl_typesupport_c: rosidl_typesupport_fastrtps_c;rosidl_typesupport_introspection_c
[0.570s] -- Using all available rosidl_typesupport_cpp: rosidl_typesupport_fastrtps_cpp;rosidl_typesupport_introspection_cpp
[0.631s] -- Found rmw_implementation_cmake: 6.1.2 (/opt/ros/humble/share/rmw_implementation_cmake/cmake)
[0.635s] -- Found rmw_fastrtps_cpp: 6.2.10 (/opt/ros/humble/share/rmw_fastrtps_cpp/cmake)
[0.927s] -- Using RMW implementation 'rmw_fastrtps_cpp' as default
[1.034s] -- Found sensor_msgs: 4.9.1 (/opt/ros/humble/share/sensor_msgs/cmake)
[1.082s] -- Found nav_msgs: 4.9.1 (/opt/ros/humble/share/nav_msgs/cmake)
[1.106s] -- Found visualization_msgs: 4.9.1 (/opt/ros/humble/share/visualization_msgs/cmake)
[1.584s] -- Configuring done
[1.621s] -- Generating done
[1.625s] -- Build files have been written to: /home/nvidia/acfly_ws/build/pole_detector
[1.629s] Invoked command in '/home/nvidia/acfly_ws/build/pole_detector' returned '0': CMAKE_PREFIX_PATH=${CMAKE_PREFIX_PATH}:/home/nvidia/ws_orbbec/install/gemini_vision:/opt/ros/humble /usr/bin/cmake /home/nvidia/acfly_ws/src/finding_objects_ws/pole_detector -DCMAKE_INSTALL_PREFIX=/home/nvidia/acfly_ws/install/pole_detector
[1.630s] Invoking command in '/home/nvidia/acfly_ws/build/pole_detector': CMAKE_PREFIX_PATH=${CMAKE_PREFIX_PATH}:/home/nvidia/ws_orbbec/install/gemini_vision:/opt/ros/humble /usr/bin/cmake --build /home/nvidia/acfly_ws/build/pole_detector -- -j8 -l8
[1.636s] [35m[1mConsolidate compiler generated dependencies of target pole_detector_node[0m
[1.639s] [100%] Built target pole_detector_node
[1.658s] Invoked command in '/home/nvidia/acfly_ws/build/pole_detector' returned '0': CMAKE_PREFIX_PATH=${CMAKE_PREFIX_PATH}:/home/nvidia/ws_orbbec/install/gemini_vision:/opt/ros/humble /usr/bin/cmake --build /home/nvidia/acfly_ws/build/pole_detector -- -j8 -l8
[1.660s] Invoking command in '/home/nvidia/acfly_ws/build/pole_detector': CMAKE_PREFIX_PATH=${CMAKE_PREFIX_PATH}:/home/nvidia/ws_orbbec/install/gemini_vision:/opt/ros/humble /usr/bin/cmake --install /home/nvidia/acfly_ws/build/pole_detector
[1.681s] -- Install configuration: ""
[1.682s] -- Execute custom install script
[1.683s] -- Up-to-date symlink: /home/nvidia/acfly_ws/install/pole_detector/lib/pole_detector/pole_detector_node
[1.683s] -- Up-to-date symlink: /home/nvidia/acfly_ws/install/pole_detector/share/pole_detector/rviz/pole_detector.rviz
[1.683s] -- Up-to-date symlink: /home/nvidia/acfly_ws/install/pole_detector/share/ament_index/resource_index/package_run_dependencies/pole_detector
[1.684s] -- Up-to-date symlink: /home/nvidia/acfly_ws/install/pole_detector/share/ament_index/resource_index/parent_prefix_path/pole_detector
[1.684s] -- Up-to-date symlink: /home/nvidia/acfly_ws/install/pole_detector/share/pole_detector/environment/ament_prefix_path.sh
[1.684s] -- Up-to-date symlink: /home/nvidia/acfly_ws/install/pole_detector/share/pole_detector/environment/ament_prefix_path.dsv
[1.687s] -- Up-to-date symlink: /home/nvidia/acfly_ws/install/pole_detector/share/pole_detector/environment/path.sh
[1.687s] -- Up-to-date symlink: /home/nvidia/acfly_ws/install/pole_detector/share/pole_detector/environment/path.dsv
[1.687s] -- Up-to-date symlink: /home/nvidia/acfly_ws/install/pole_detector/share/pole_detector/local_setup.bash
[1.688s] -- Up-to-date symlink: /home/nvidia/acfly_ws/install/pole_detector/share/pole_detector/local_setup.sh
[1.688s] -- Up-to-date symlink: /home/nvidia/acfly_ws/install/pole_detector/share/pole_detector/local_setup.zsh
[1.688s] -- Up-to-date symlink: /home/nvidia/acfly_ws/install/pole_detector/share/pole_detector/local_setup.dsv
[1.688s] -- Symlinking: /home/nvidia/acfly_ws/install/pole_detector/share/pole_detector/package.dsv
[1.703s] -- Up-to-date symlink: /home/nvidia/acfly_ws/install/pole_detector/share/ament_index/resource_index/packages/pole_detector
[1.704s] -- Up-to-date symlink: /home/nvidia/acfly_ws/install/pole_detector/share/pole_detector/cmake/pole_detectorConfig.cmake
[1.704s] -- Up-to-date symlink: /home/nvidia/acfly_ws/install/pole_detector/share/pole_detector/cmake/pole_detectorConfig-version.cmake
[1.704s] -- Up-to-date symlink: /home/nvidia/acfly_ws/install/pole_detector/share/pole_detector/package.xml
[1.735s] Invoked command in '/home/nvidia/acfly_ws/build/pole_detector' returned '0': CMAKE_PREFIX_PATH=${CMAKE_PREFIX_PATH}:/home/nvidia/ws_orbbec/install/gemini_vision:/opt/ros/humble /usr/bin/cmake --install /home/nvidia/acfly_ws/build/pole_detector
