[0.027s] Invoking command in '/home/nvidia/acfly_ws/build/pole_detector': CMAKE_PREFIX_PATH=${CMAKE_PREFIX_PATH}:/home/nvidia/ws_orbbec/install/gemini_vision:/opt/ros/humble /usr/bin/cmake /home/nvidia/acfly_ws/src/finding_objects_ws/pole_detector -DPython3_EXECUTABLE=/usr/bin/python3 -DCMAKE_INSTALL_PREFIX=/home/nvidia/acfly_ws/install/pole_detector
[0.142s] -- The C compiler identification is GNU 11.4.0
[0.241s] -- The CXX compiler identification is GNU 11.4.0
[0.256s] -- Detecting C compiler ABI info
[0.394s] -- Detecting C compiler ABI info - done
[0.413s] -- Check for working C compiler: /usr/bin/cc - skipped
[0.414s] -- Detecting C compile features
[0.415s] -- Detecting C compile features - done
[0.421s] -- Detecting CXX compiler ABI info
[0.569s] -- Detecting CXX compiler ABI info - done
[0.581s] -- Check for working CXX compiler: /usr/bin/c++ - skipped
[0.581s] -- Detecting CXX compile features
[0.588s] -- Detecting CXX compile features - done
[0.589s] -- Found ament_cmake: 1.3.14 (/opt/ros/humble/share/ament_cmake/cmake)
[0.915s] -- Found Python3: /usr/bin/python3 (found version "3.10.12") found components: Interpreter 
[1.144s] -- Found rclcpp: 16.0.19 (/opt/ros/humble/share/rclcpp/cmake)
[1.232s] -- Found rosidl_generator_c: 3.1.9 (/opt/ros/humble/share/rosidl_generator_c/cmake)
[1.243s] -- Found rosidl_adapter: 3.1.9 (/opt/ros/humble/share/rosidl_adapter/cmake)
[1.261s] -- Found rosidl_generator_cpp: 3.1.9 (/opt/ros/humble/share/rosidl_generator_cpp/cmake)
[1.285s] -- Using all available rosidl_typesupport_c: rosidl_typesupport_fastrtps_c;rosidl_typesupport_introspection_c
[1.316s] -- Using all available rosidl_typesupport_cpp: rosidl_typesupport_fastrtps_cpp;rosidl_typesupport_introspection_cpp
[1.409s] -- Found rmw_implementation_cmake: 6.1.2 (/opt/ros/humble/share/rmw_implementation_cmake/cmake)
[1.418s] -- Found rmw_fastrtps_cpp: 6.2.10 (/opt/ros/humble/share/rmw_fastrtps_cpp/cmake)
[1.606s] -- Found OpenSSL: /usr/lib/aarch64-linux-gnu/libcrypto.so (found version "3.0.2")  
[1.660s] -- Found FastRTPS: /opt/ros/humble/include  
[1.733s] -- Using RMW implementation 'rmw_fastrtps_cpp' as default
[1.752s] -- Looking for pthread.h
[1.884s] -- Looking for pthread.h - found
[1.884s] -- Performing Test CMAKE_HAVE_LIBC_PTHREAD
[2.020s] -- Performing Test CMAKE_HAVE_LIBC_PTHREAD - Success
[2.023s] -- Found Threads: TRUE  
[2.191s] -- Found sensor_msgs: 4.9.1 (/opt/ros/humble/share/sensor_msgs/cmake)
[2.262s] -- Found nav_msgs: 4.9.1 (/opt/ros/humble/share/nav_msgs/cmake)
[2.300s] -- Found visualization_msgs: 4.9.1 (/opt/ros/humble/share/visualization_msgs/cmake)
[2.488s] -- Configuring done
[2.510s] -- Generating done
[2.518s] -- Build files have been written to: /home/nvidia/acfly_ws/build/pole_detector
[2.551s] Invoked command in '/home/nvidia/acfly_ws/build/pole_detector' returned '0': CMAKE_PREFIX_PATH=${CMAKE_PREFIX_PATH}:/home/nvidia/ws_orbbec/install/gemini_vision:/opt/ros/humble /usr/bin/cmake /home/nvidia/acfly_ws/src/finding_objects_ws/pole_detector -DPython3_EXECUTABLE=/usr/bin/python3 -DCMAKE_INSTALL_PREFIX=/home/nvidia/acfly_ws/install/pole_detector
[2.552s] Invoking command in '/home/nvidia/acfly_ws/build/pole_detector': CMAKE_PREFIX_PATH=${CMAKE_PREFIX_PATH}:/home/nvidia/ws_orbbec/install/gemini_vision:/opt/ros/humble /usr/bin/cmake --build /home/nvidia/acfly_ws/build/pole_detector -- -j8 -l8
[2.645s] [ 50%] Building CXX object CMakeFiles/pole_detector_node.dir/src/pole_detector_node.cpp.o
[35.963s] [100%] Linking CXX executable pole_detector_node
[37.528s] [100%] Built target pole_detector_node
[37.550s] Invoked command in '/home/nvidia/acfly_ws/build/pole_detector' returned '0': CMAKE_PREFIX_PATH=${CMAKE_PREFIX_PATH}:/home/nvidia/ws_orbbec/install/gemini_vision:/opt/ros/humble /usr/bin/cmake --build /home/nvidia/acfly_ws/build/pole_detector -- -j8 -l8
[37.571s] Invoking command in '/home/nvidia/acfly_ws/build/pole_detector': CMAKE_PREFIX_PATH=${CMAKE_PREFIX_PATH}:/home/nvidia/ws_orbbec/install/gemini_vision:/opt/ros/humble /usr/bin/cmake --install /home/nvidia/acfly_ws/build/pole_detector
[37.585s] -- Install configuration: ""
[37.586s] -- Installing: /home/nvidia/acfly_ws/install/pole_detector/lib/pole_detector/pole_detector_node
[37.597s] -- Set runtime path of "/home/nvidia/acfly_ws/install/pole_detector/lib/pole_detector/pole_detector_node" to ""
[37.597s] -- Installing: /home/nvidia/acfly_ws/install/pole_detector/share/pole_detector/rviz
[37.598s] -- Installing: /home/nvidia/acfly_ws/install/pole_detector/share/pole_detector/rviz/pole_detector.rviz
[37.598s] -- Installing: /home/nvidia/acfly_ws/install/pole_detector/share/ament_index/resource_index/package_run_dependencies/pole_detector
[37.598s] -- Installing: /home/nvidia/acfly_ws/install/pole_detector/share/ament_index/resource_index/parent_prefix_path/pole_detector
[37.599s] -- Installing: /home/nvidia/acfly_ws/install/pole_detector/share/pole_detector/environment/ament_prefix_path.sh
[37.599s] -- Installing: /home/nvidia/acfly_ws/install/pole_detector/share/pole_detector/environment/ament_prefix_path.dsv
[37.599s] -- Installing: /home/nvidia/acfly_ws/install/pole_detector/share/pole_detector/environment/path.sh
[37.599s] -- Installing: /home/nvidia/acfly_ws/install/pole_detector/share/pole_detector/environment/path.dsv
[37.600s] -- Installing: /home/nvidia/acfly_ws/install/pole_detector/share/pole_detector/local_setup.bash
[37.600s] -- Installing: /home/nvidia/acfly_ws/install/pole_detector/share/pole_detector/local_setup.sh
[37.600s] -- Installing: /home/nvidia/acfly_ws/install/pole_detector/share/pole_detector/local_setup.zsh
[37.600s] -- Installing: /home/nvidia/acfly_ws/install/pole_detector/share/pole_detector/local_setup.dsv
[37.600s] -- Installing: /home/nvidia/acfly_ws/install/pole_detector/share/pole_detector/package.dsv
[37.600s] -- Installing: /home/nvidia/acfly_ws/install/pole_detector/share/ament_index/resource_index/packages/pole_detector
[37.601s] -- Installing: /home/nvidia/acfly_ws/install/pole_detector/share/pole_detector/cmake/pole_detectorConfig.cmake
[37.601s] -- Installing: /home/nvidia/acfly_ws/install/pole_detector/share/pole_detector/cmake/pole_detectorConfig-version.cmake
[37.601s] -- Installing: /home/nvidia/acfly_ws/install/pole_detector/share/pole_detector/package.xml
[37.605s] Invoked command in '/home/nvidia/acfly_ws/build/pole_detector' returned '0': CMAKE_PREFIX_PATH=${CMAKE_PREFIX_PATH}:/home/nvidia/ws_orbbec/install/gemini_vision:/opt/ros/humble /usr/bin/cmake --install /home/nvidia/acfly_ws/build/pole_detector
