[0.048s] Invoking command in '/home/nvidia/acfly_ws/build/ring_detector': CMAKE_PREFIX_PATH=${CMAKE_PREFIX_PATH}:/home/nvidia/ws_orbbec/install/gemini_vision:/opt/ros/humble /usr/bin/cmake --build /home/nvidia/acfly_ws/build/ring_detector -- -j8 -l8
[0.067s] gmake: Warning: File 'Makefile' has modification time 1784623944 s in the future
[0.122s] gmake[1]: Warning: File 'CMakeFiles/Makefile2' has modification time 1784623944 s in the future
[0.129s] gmake[2]: Warning: File 'CMakeFiles/ring_detector_node.dir/flags.make' has modification time 1784623944 s in the future
[0.149s] gmake[2]: warning:  Clock skew detected.  Your build may be incomplete.
[0.155s] gmake[2]: Warning: File 'CMakeFiles/ring_detector_node.dir/flags.make' has modification time 1784623944 s in the future
[0.181s] gmake[2]: warning:  Clock skew detected.  Your build may be incomplete.
[0.197s] [100%] Built target ring_detector_node
[0.199s] gmake[1]: warning:  Clock skew detected.  Your build may be incomplete.
[0.215s] gmake: warning:  Clock skew detected.  Your build may be incomplete.
[0.221s] Invoked command in '/home/nvidia/acfly_ws/build/ring_detector' returned '0': CMAKE_PREFIX_PATH=${CMAKE_PREFIX_PATH}:/home/nvidia/ws_orbbec/install/gemini_vision:/opt/ros/humble /usr/bin/cmake --build /home/nvidia/acfly_ws/build/ring_detector -- -j8 -l8
[0.243s] Invoking command in '/home/nvidia/acfly_ws/build/ring_detector': CMAKE_PREFIX_PATH=${CMAKE_PREFIX_PATH}:/home/nvidia/ws_orbbec/install/gemini_vision:/opt/ros/humble /usr/bin/cmake --install /home/nvidia/acfly_ws/build/ring_detector
[0.262s] -- Install configuration: ""
[0.262s] -- Up-to-date: /home/nvidia/acfly_ws/install/ring_detector/lib/ring_detector/ring_detector_node
[0.263s] -- Up-to-date: /home/nvidia/acfly_ws/install/ring_detector/share/ring_detector/rviz
[0.265s] -- Up-to-date: /home/nvidia/acfly_ws/install/ring_detector/share/ring_detector/rviz/ring_detector.rviz
[0.266s] -- Up-to-date: /home/nvidia/acfly_ws/install/ring_detector/share/ament_index/resource_index/package_run_dependencies/ring_detector
[0.266s] -- Up-to-date: /home/nvidia/acfly_ws/install/ring_detector/share/ament_index/resource_index/parent_prefix_path/ring_detector
[0.266s] -- Up-to-date: /home/nvidia/acfly_ws/install/ring_detector/share/ring_detector/environment/ament_prefix_path.sh
[0.266s] -- Up-to-date: /home/nvidia/acfly_ws/install/ring_detector/share/ring_detector/environment/ament_prefix_path.dsv
[0.266s] -- Up-to-date: /home/nvidia/acfly_ws/install/ring_detector/share/ring_detector/environment/path.sh
[0.266s] -- Up-to-date: /home/nvidia/acfly_ws/install/ring_detector/share/ring_detector/environment/path.dsv
[0.266s] -- Up-to-date: /home/nvidia/acfly_ws/install/ring_detector/share/ring_detector/local_setup.bash
[0.266s] -- Up-to-date: /home/nvidia/acfly_ws/install/ring_detector/share/ring_detector/local_setup.sh
[0.266s] -- Up-to-date: /home/nvidia/acfly_ws/install/ring_detector/share/ring_detector/local_setup.zsh
[0.267s] -- Up-to-date: /home/nvidia/acfly_ws/install/ring_detector/share/ring_detector/local_setup.dsv
[0.267s] -- Installing: /home/nvidia/acfly_ws/install/ring_detector/share/ring_detector/package.dsv
[0.269s] -- Up-to-date: /home/nvidia/acfly_ws/install/ring_detector/share/ament_index/resource_index/packages/ring_detector
[0.270s] -- Up-to-date: /home/nvidia/acfly_ws/install/ring_detector/share/ring_detector/cmake/ring_detectorConfig.cmake
[0.270s] -- Up-to-date: /home/nvidia/acfly_ws/install/ring_detector/share/ring_detector/cmake/ring_detectorConfig-version.cmake
[0.271s] -- Up-to-date: /home/nvidia/acfly_ws/install/ring_detector/share/ring_detector/package.xml
[0.289s] Invoked command in '/home/nvidia/acfly_ws/build/ring_detector' returned '0': CMAKE_PREFIX_PATH=${CMAKE_PREFIX_PATH}:/home/nvidia/ws_orbbec/install/gemini_vision:/opt/ros/humble /usr/bin/cmake --install /home/nvidia/acfly_ws/build/ring_detector
