[0.039s] Invoking command in '/home/nvidia/acfly_ws/build/ring_detector': CMAKE_PREFIX_PATH=${CMAKE_PREFIX_PATH}:/home/nvidia/ws_orbbec/install/gemini_vision:/opt/ros/humble /usr/bin/cmake /home/nvidia/acfly_ws/src/finding_objects_ws/ring_detector -DPython3_EXECUTABLE=/usr/bin/python3 -DAMENT_CMAKE_SYMLINK_INSTALL=1 -DCMAKE_INSTALL_PREFIX=/home/nvidia/acfly_ws/install/ring_detector
[0.057s] -- Found ament_cmake: 1.3.14 (/opt/ros/humble/share/ament_cmake/cmake)
[0.312s] -- Override CMake install command with custom implementation using symlinks instead of copying resources
[0.326s] -- Found rclcpp: 16.0.19 (/opt/ros/humble/share/rclcpp/cmake)
[0.377s] -- Found rosidl_generator_c: 3.1.9 (/opt/ros/humble/share/rosidl_generator_c/cmake)
[0.380s] -- Found rosidl_adapter: 3.1.9 (/opt/ros/humble/share/rosidl_adapter/cmake)
[0.389s] -- Found rosidl_generator_cpp: 3.1.9 (/opt/ros/humble/share/rosidl_generator_cpp/cmake)
[0.404s] -- Using all available rosidl_typesupport_c: rosidl_typesupport_fastrtps_c;rosidl_typesupport_introspection_c
[0.422s] -- Using all available rosidl_typesupport_cpp: rosidl_typesupport_fastrtps_cpp;rosidl_typesupport_introspection_cpp
[0.470s] -- Found rmw_implementation_cmake: 6.1.2 (/opt/ros/humble/share/rmw_implementation_cmake/cmake)
[0.473s] -- Found rmw_fastrtps_cpp: 6.2.10 (/opt/ros/humble/share/rmw_fastrtps_cpp/cmake)
[0.638s] -- Using RMW implementation 'rmw_fastrtps_cpp' as default
[0.713s] -- Found sensor_msgs: 4.9.1 (/opt/ros/humble/share/sensor_msgs/cmake)
[0.755s] -- Found nav_msgs: 4.9.1 (/opt/ros/humble/share/nav_msgs/cmake)
[0.779s] -- Found visualization_msgs: 4.9.1 (/opt/ros/humble/share/visualization_msgs/cmake)
[0.950s] -- Configuring done
[0.971s] -- Generating done
[0.980s] -- Build files have been written to: /home/nvidia/acfly_ws/build/ring_detector
[1.008s] Invoked command in '/home/nvidia/acfly_ws/build/ring_detector' returned '0': CMAKE_PREFIX_PATH=${CMAKE_PREFIX_PATH}:/home/nvidia/ws_orbbec/install/gemini_vision:/opt/ros/humble /usr/bin/cmake /home/nvidia/acfly_ws/src/finding_objects_ws/ring_detector -DPython3_EXECUTABLE=/usr/bin/python3 -DAMENT_CMAKE_SYMLINK_INSTALL=1 -DCMAKE_INSTALL_PREFIX=/home/nvidia/acfly_ws/install/ring_detector
[1.012s] Invoking command in '/home/nvidia/acfly_ws/build/ring_detector': CMAKE_PREFIX_PATH=${CMAKE_PREFIX_PATH}:/home/nvidia/ws_orbbec/install/gemini_vision:/opt/ros/humble /usr/bin/cmake --build /home/nvidia/acfly_ws/build/ring_detector -- -j8 -l8
[1.096s] Consolidate compiler generated dependencies of target ring_detector_node
[1.121s] [ 50%] Linking CXX executable ring_detector_node
[4.869s] [100%] Built target ring_detector_node
[4.915s] Invoked command in '/home/nvidia/acfly_ws/build/ring_detector' returned '0': CMAKE_PREFIX_PATH=${CMAKE_PREFIX_PATH}:/home/nvidia/ws_orbbec/install/gemini_vision:/opt/ros/humble /usr/bin/cmake --build /home/nvidia/acfly_ws/build/ring_detector -- -j8 -l8
[4.916s] Invoking command in '/home/nvidia/acfly_ws/build/ring_detector': CMAKE_PREFIX_PATH=${CMAKE_PREFIX_PATH}:/home/nvidia/ws_orbbec/install/gemini_vision:/opt/ros/humble /usr/bin/cmake --install /home/nvidia/acfly_ws/build/ring_detector
[4.942s] -- Install configuration: ""
[4.952s] -- Execute custom install script
[4.953s] -- Symlinking: /home/nvidia/acfly_ws/install/ring_detector/lib/ring_detector/ring_detector_node
[5.006s] -- Symlinking: /home/nvidia/acfly_ws/install/ring_detector/share/ring_detector/rviz/ring_detector.rviz
[5.049s] -- Symlinking: /home/nvidia/acfly_ws/install/ring_detector/share/ament_index/resource_index/package_run_dependencies/ring_detector
[5.098s] -- Symlinking: /home/nvidia/acfly_ws/install/ring_detector/share/ament_index/resource_index/parent_prefix_path/ring_detector
[5.131s] -- Symlinking: /home/nvidia/acfly_ws/install/ring_detector/share/ring_detector/environment/ament_prefix_path.sh
[5.174s] -- Symlinking: /home/nvidia/acfly_ws/install/ring_detector/share/ring_detector/environment/ament_prefix_path.dsv
[5.232s] -- Symlinking: /home/nvidia/acfly_ws/install/ring_detector/share/ring_detector/environment/path.sh
[5.277s] -- Symlinking: /home/nvidia/acfly_ws/install/ring_detector/share/ring_detector/environment/path.dsv
[5.317s] -- Symlinking: /home/nvidia/acfly_ws/install/ring_detector/share/ring_detector/local_setup.bash
[5.366s] -- Symlinking: /home/nvidia/acfly_ws/install/ring_detector/share/ring_detector/local_setup.sh
[5.424s] -- Symlinking: /home/nvidia/acfly_ws/install/ring_detector/share/ring_detector/local_setup.zsh
[5.467s] -- Symlinking: /home/nvidia/acfly_ws/install/ring_detector/share/ring_detector/local_setup.dsv
[5.495s] -- Symlinking: /home/nvidia/acfly_ws/install/ring_detector/share/ring_detector/package.dsv
[5.519s] -- Symlinking: /home/nvidia/acfly_ws/install/ring_detector/share/ament_index/resource_index/packages/ring_detector
[5.539s] -- Symlinking: /home/nvidia/acfly_ws/install/ring_detector/share/ring_detector/cmake/ring_detectorConfig.cmake
[5.588s] -- Symlinking: /home/nvidia/acfly_ws/install/ring_detector/share/ring_detector/cmake/ring_detectorConfig-version.cmake
[5.639s] -- Symlinking: /home/nvidia/acfly_ws/install/ring_detector/share/ring_detector/package.xml
[5.703s] Invoked command in '/home/nvidia/acfly_ws/build/ring_detector' returned '0': CMAKE_PREFIX_PATH=${CMAKE_PREFIX_PATH}:/home/nvidia/ws_orbbec/install/gemini_vision:/opt/ros/humble /usr/bin/cmake --install /home/nvidia/acfly_ws/build/ring_detector
