[0.087s] Invoking command in '/home/nvidia/acfly_ws/build/ring_detector': CMAKE_PREFIX_PATH=${CMAKE_PREFIX_PATH}:/home/nvidia/ws_orbbec/install/gemini_vision:/opt/ros/humble /usr/bin/cmake --build /home/nvidia/acfly_ws/build/ring_detector -- -j8 -l8
[0.236s] [100%] Built target ring_detector_node
[0.325s] Invoked command in '/home/nvidia/acfly_ws/build/ring_detector' returned '0': CMAKE_PREFIX_PATH=${CMAKE_PREFIX_PATH}:/home/nvidia/ws_orbbec/install/gemini_vision:/opt/ros/humble /usr/bin/cmake --build /home/nvidia/acfly_ws/build/ring_detector -- -j8 -l8
[0.352s] Invoking command in '/home/nvidia/acfly_ws/build/ring_detector': CMAKE_PREFIX_PATH=${CMAKE_PREFIX_PATH}:/home/nvidia/ws_orbbec/install/gemini_vision:/opt/ros/humble /usr/bin/cmake --install /home/nvidia/acfly_ws/build/ring_detector
[0.420s] -- Install configuration: ""
[0.421s] -- Up-to-date: /home/nvidia/acfly_ws/install/ring_detector/lib/ring_detector/ring_detector_node
[0.421s] -- Up-to-date: /home/nvidia/acfly_ws/install/ring_detector/share/ring_detector/rviz
[0.421s] -- Up-to-date: /home/nvidia/acfly_ws/install/ring_detector/share/ring_detector/rviz/ring_detector.rviz
[0.422s] -- Up-to-date: /home/nvidia/acfly_ws/install/ring_detector/share/ament_index/resource_index/package_run_dependencies/ring_detector
[0.422s] -- Up-to-date: /home/nvidia/acfly_ws/install/ring_detector/share/ament_index/resource_index/parent_prefix_path/ring_detector
[0.422s] -- Up-to-date: /home/nvidia/acfly_ws/install/ring_detector/share/ring_detector/environment/ament_prefix_path.sh
[0.423s] -- Up-to-date: /home/nvidia/acfly_ws/install/ring_detector/share/ring_detector/environment/ament_prefix_path.dsv
[0.424s] -- Up-to-date: /home/nvidia/acfly_ws/install/ring_detector/share/ring_detector/environment/path.sh
[0.425s] -- Up-to-date: /home/nvidia/acfly_ws/install/ring_detector/share/ring_detector/environment/path.dsv
[0.426s] -- Up-to-date: /home/nvidia/acfly_ws/install/ring_detector/share/ring_detector/local_setup.bash
[0.426s] -- Up-to-date: /home/nvidia/acfly_ws/install/ring_detector/share/ring_detector/local_setup.sh
[0.426s] -- Up-to-date: /home/nvidia/acfly_ws/install/ring_detector/share/ring_detector/local_setup.zsh
[0.427s] -- Up-to-date: /home/nvidia/acfly_ws/install/ring_detector/share/ring_detector/local_setup.dsv
[0.427s] -- Installing: /home/nvidia/acfly_ws/install/ring_detector/share/ring_detector/package.dsv
[0.428s] -- Up-to-date: /home/nvidia/acfly_ws/install/ring_detector/share/ament_index/resource_index/packages/ring_detector
[0.428s] -- Up-to-date: /home/nvidia/acfly_ws/install/ring_detector/share/ring_detector/cmake/ring_detectorConfig.cmake
[0.429s] -- Up-to-date: /home/nvidia/acfly_ws/install/ring_detector/share/ring_detector/cmake/ring_detectorConfig-version.cmake
[0.430s] -- Up-to-date: /home/nvidia/acfly_ws/install/ring_detector/share/ring_detector/package.xml
[0.477s] Invoked command in '/home/nvidia/acfly_ws/build/ring_detector' returned '0': CMAKE_PREFIX_PATH=${CMAKE_PREFIX_PATH}:/home/nvidia/ws_orbbec/install/gemini_vision:/opt/ros/humble /usr/bin/cmake --install /home/nvidia/acfly_ws/build/ring_detector
