[0.057s] Invoking command in '/home/nvidia/acfly_ws/build/exploration_planner': CMAKE_PREFIX_PATH=${CMAKE_PREFIX_PATH}:/home/nvidia/ws_orbbec/install/gemini_vision:/opt/ros/humble /usr/bin/cmake --build /home/nvidia/acfly_ws/build/exploration_planner -- -j8 -l8
[0.162s] [ 11%] [32mBuilding CXX object CMakeFiles/exploration_planner_node.dir/src/exploration_planner_node.cpp.o[0m
[34.096s] [ 22%] [32m[1mLinking CXX executable exploration_planner_node[0m
[36.259s] [100%] Built target exploration_planner_node
[36.285s] Invoked command in '/home/nvidia/acfly_ws/build/exploration_planner' returned '0': CMAKE_PREFIX_PATH=${CMAKE_PREFIX_PATH}:/home/nvidia/ws_orbbec/install/gemini_vision:/opt/ros/humble /usr/bin/cmake --build /home/nvidia/acfly_ws/build/exploration_planner -- -j8 -l8
[36.290s] Invoking command in '/home/nvidia/acfly_ws/build/exploration_planner': CMAKE_PREFIX_PATH=${CMAKE_PREFIX_PATH}:/home/nvidia/ws_orbbec/install/gemini_vision:/opt/ros/humble /usr/bin/cmake --install /home/nvidia/acfly_ws/build/exploration_planner
[36.307s] -- Install configuration: ""
[36.307s] -- Installing: /home/nvidia/acfly_ws/install/exploration_planner/lib/exploration_planner/exploration_planner_node
[36.328s] -- Set runtime path of "/home/nvidia/acfly_ws/install/exploration_planner/lib/exploration_planner/exploration_planner_node" to ""
[36.329s] -- Up-to-date: /home/nvidia/acfly_ws/install/exploration_planner/include/
[36.329s] -- Up-to-date: /home/nvidia/acfly_ws/install/exploration_planner/include//exploration_planner
[36.329s] -- Up-to-date: /home/nvidia/acfly_ws/install/exploration_planner/include//exploration_planner/global_planner.hpp
[36.329s] -- Up-to-date: /home/nvidia/acfly_ws/install/exploration_planner/include//exploration_planner/coverage_planner.hpp
[36.329s] -- Up-to-date: /home/nvidia/acfly_ws/install/exploration_planner/include//exploration_planner/bezier.hpp
[36.329s] -- Up-to-date: /home/nvidia/acfly_ws/install/exploration_planner/include//exploration_planner/obstacle_map.hpp
[36.330s] -- Up-to-date: /home/nvidia/acfly_ws/install/exploration_planner/include//exploration_planner/trajectory_tracker.hpp
[36.330s] -- Up-to-date: /home/nvidia/acfly_ws/install/exploration_planner/include//exploration_planner/visualizer.hpp
[36.330s] -- Up-to-date: /home/nvidia/acfly_ws/install/exploration_planner/include//exploration_planner/grid_map.hpp
[36.330s] -- Installing: /home/nvidia/acfly_ws/install/exploration_planner/include//exploration_planner/params.hpp
[36.330s] -- Up-to-date: /home/nvidia/acfly_ws/install/exploration_planner/include//exploration_planner/types.hpp
[36.331s] -- Up-to-date: /home/nvidia/acfly_ws/install/exploration_planner/share/ament_index/resource_index/package_run_dependencies/exploration_planner
[36.331s] -- Up-to-date: /home/nvidia/acfly_ws/install/exploration_planner/share/ament_index/resource_index/parent_prefix_path/exploration_planner
[36.331s] -- Up-to-date: /home/nvidia/acfly_ws/install/exploration_planner/share/exploration_planner/environment/ament_prefix_path.sh
[36.331s] -- Up-to-date: /home/nvidia/acfly_ws/install/exploration_planner/share/exploration_planner/environment/ament_prefix_path.dsv
[36.331s] -- Up-to-date: /home/nvidia/acfly_ws/install/exploration_planner/share/exploration_planner/environment/path.sh
[36.331s] -- Up-to-date: /home/nvidia/acfly_ws/install/exploration_planner/share/exploration_planner/environment/path.dsv
[36.331s] -- Up-to-date: /home/nvidia/acfly_ws/install/exploration_planner/share/exploration_planner/local_setup.bash
[36.331s] -- Up-to-date: /home/nvidia/acfly_ws/install/exploration_planner/share/exploration_planner/local_setup.sh
[36.331s] -- Up-to-date: /home/nvidia/acfly_ws/install/exploration_planner/share/exploration_planner/local_setup.zsh
[36.331s] -- Up-to-date: /home/nvidia/acfly_ws/install/exploration_planner/share/exploration_planner/local_setup.dsv
[36.332s] -- Installing: /home/nvidia/acfly_ws/install/exploration_planner/share/exploration_planner/package.dsv
[36.332s] -- Up-to-date: /home/nvidia/acfly_ws/install/exploration_planner/share/ament_index/resource_index/packages/exploration_planner
[36.332s] -- Up-to-date: /home/nvidia/acfly_ws/install/exploration_planner/share/exploration_planner/cmake/exploration_plannerConfig.cmake
[36.332s] -- Up-to-date: /home/nvidia/acfly_ws/install/exploration_planner/share/exploration_planner/cmake/exploration_plannerConfig-version.cmake
[36.332s] -- Up-to-date: /home/nvidia/acfly_ws/install/exploration_planner/share/exploration_planner/package.xml
[36.335s] Invoked command in '/home/nvidia/acfly_ws/build/exploration_planner' returned '0': CMAKE_PREFIX_PATH=${CMAKE_PREFIX_PATH}:/home/nvidia/ws_orbbec/install/gemini_vision:/opt/ros/humble /usr/bin/cmake --install /home/nvidia/acfly_ws/build/exploration_planner
