[0.052s] Invoking command in '/home/nvidia/acfly_ws/build/fly_mission': CMAKE_PREFIX_PATH=${CMAKE_PREFIX_PATH}:/home/nvidia/ws_orbbec/install/gemini_vision:/opt/ros/humble /usr/bin/cmake --build /home/nvidia/acfly_ws/build/fly_mission -- -j8 -l8
[0.131s] [35m[1mConsolidate compiler generated dependencies of target fly_mission_node[0m
[0.191s] [ 12%] [32mBuilding CXX object CMakeFiles/fly_mission_node.dir/src/fly_mission_node.cpp.o[0m
[26.079s] [ 25%] [32m[1mLinking CXX executable fly_mission_node[0m
[29.256s] [100%] Built target fly_mission_node
[29.279s] Invoked command in '/home/nvidia/acfly_ws/build/fly_mission' returned '0': CMAKE_PREFIX_PATH=${CMAKE_PREFIX_PATH}:/home/nvidia/ws_orbbec/install/gemini_vision:/opt/ros/humble /usr/bin/cmake --build /home/nvidia/acfly_ws/build/fly_mission -- -j8 -l8
[29.284s] Invoking command in '/home/nvidia/acfly_ws/build/fly_mission': CMAKE_PREFIX_PATH=${CMAKE_PREFIX_PATH}:/home/nvidia/ws_orbbec/install/gemini_vision:/opt/ros/humble /usr/bin/cmake --install /home/nvidia/acfly_ws/build/fly_mission
[29.302s] -- Install configuration: ""
[29.302s] -- Installing: /home/nvidia/acfly_ws/install/fly_mission/lib/fly_mission/fly_mission_node
[29.333s] -- Set runtime path of "/home/nvidia/acfly_ws/install/fly_mission/lib/fly_mission/fly_mission_node" to ""
[29.334s] -- Up-to-date: /home/nvidia/acfly_ws/install/fly_mission/include/
[29.334s] -- Up-to-date: /home/nvidia/acfly_ws/install/fly_mission/include//fly_mission
[29.334s] -- Up-to-date: /home/nvidia/acfly_ws/install/fly_mission/include//fly_mission/shm_mailbox.hpp
[29.334s] -- Up-to-date: /home/nvidia/acfly_ws/install/fly_mission/include//fly_mission/avoidance.hpp
[29.335s] -- Up-to-date: /home/nvidia/acfly_ws/install/fly_mission/include//fly_mission/arduino_serial.hpp
[29.335s] -- Up-to-date: /home/nvidia/acfly_ws/install/fly_mission/include//fly_mission/drone_controller.hpp
[29.335s] -- Up-to-date: /home/nvidia/acfly_ws/install/fly_mission/include//fly_mission/waypoint_receiver.hpp
[29.335s] -- Up-to-date: /home/nvidia/acfly_ws/install/fly_mission/include//fly_mission/find_figure.hpp
[29.336s] -- Up-to-date: /home/nvidia/acfly_ws/install/fly_mission/include//fly_mission/params.hpp
[29.336s] -- Up-to-date: /home/nvidia/acfly_ws/install/fly_mission/include//fly_mission/waypoint_runner.hpp
[29.336s] -- Up-to-date: /home/nvidia/acfly_ws/install/fly_mission/include//fly_mission/waypoints.hpp
[29.336s] -- Up-to-date: /home/nvidia/acfly_ws/install/fly_mission/include//fly_mission/line_follower.hpp
[29.336s] -- Up-to-date: /home/nvidia/acfly_ws/install/fly_mission/include//fly_mission/ring_driller.hpp
[29.336s] -- Up-to-date: /home/nvidia/acfly_ws/install/fly_mission/share/ament_index/resource_index/package_run_dependencies/fly_mission
[29.336s] -- Up-to-date: /home/nvidia/acfly_ws/install/fly_mission/share/ament_index/resource_index/parent_prefix_path/fly_mission
[29.337s] -- Up-to-date: /home/nvidia/acfly_ws/install/fly_mission/share/fly_mission/environment/ament_prefix_path.sh
[29.337s] -- Up-to-date: /home/nvidia/acfly_ws/install/fly_mission/share/fly_mission/environment/ament_prefix_path.dsv
[29.337s] -- Up-to-date: /home/nvidia/acfly_ws/install/fly_mission/share/fly_mission/environment/path.sh
[29.337s] -- Up-to-date: /home/nvidia/acfly_ws/install/fly_mission/share/fly_mission/environment/path.dsv
[29.337s] -- Up-to-date: /home/nvidia/acfly_ws/install/fly_mission/share/fly_mission/local_setup.bash
[29.337s] -- Up-to-date: /home/nvidia/acfly_ws/install/fly_mission/share/fly_mission/local_setup.sh
[29.337s] -- Up-to-date: /home/nvidia/acfly_ws/install/fly_mission/share/fly_mission/local_setup.zsh
[29.337s] -- Up-to-date: /home/nvidia/acfly_ws/install/fly_mission/share/fly_mission/local_setup.dsv
[29.338s] -- Installing: /home/nvidia/acfly_ws/install/fly_mission/share/fly_mission/package.dsv
[29.338s] -- Up-to-date: /home/nvidia/acfly_ws/install/fly_mission/share/ament_index/resource_index/packages/fly_mission
[29.338s] -- Up-to-date: /home/nvidia/acfly_ws/install/fly_mission/share/fly_mission/cmake/fly_missionConfig.cmake
[29.340s] -- Up-to-date: /home/nvidia/acfly_ws/install/fly_mission/share/fly_mission/cmake/fly_missionConfig-version.cmake
[29.341s] -- Up-to-date: /home/nvidia/acfly_ws/install/fly_mission/share/fly_mission/package.xml
[29.341s] Invoked command in '/home/nvidia/acfly_ws/build/fly_mission' returned '0': CMAKE_PREFIX_PATH=${CMAKE_PREFIX_PATH}:/home/nvidia/ws_orbbec/install/gemini_vision:/opt/ros/humble /usr/bin/cmake --install /home/nvidia/acfly_ws/build/fly_mission
