[35m[1mConsolidate compiler generated dependencies of target ring_detector_node[0m
[ 50%] [32mBuilding CXX object CMakeFiles/ring_detector_node.dir/src/ring_detector_node.cpp.o[0m
[100%] [32m[1mLinking CXX executable ring_detector_node[0m
[100%] Built target ring_detector_node
-- Install configuration: ""
-- Installing: /home/nvidia/acfly_ws/install/ring_detector/lib/ring_detector/ring_detector_node
-- Set runtime path of "/home/nvidia/acfly_ws/install/ring_detector/lib/ring_detector/ring_detector_node" to ""
-- Up-to-date: /home/nvidia/acfly_ws/install/ring_detector/share/ring_detector/rviz
-- Up-to-date: /home/nvidia/acfly_ws/install/ring_detector/share/ring_detector/rviz/ring_detector.rviz
-- Up-to-date: /home/nvidia/acfly_ws/install/ring_detector/share/ament_index/resource_index/package_run_dependencies/ring_detector
-- Up-to-date: /home/nvidia/acfly_ws/install/ring_detector/share/ament_index/resource_index/parent_prefix_path/ring_detector
-- Up-to-date: /home/nvidia/acfly_ws/install/ring_detector/share/ring_detector/environment/ament_prefix_path.sh
-- Up-to-date: /home/nvidia/acfly_ws/install/ring_detector/share/ring_detector/environment/ament_prefix_path.dsv
-- Up-to-date: /home/nvidia/acfly_ws/install/ring_detector/share/ring_detector/environment/path.sh
-- Up-to-date: /home/nvidia/acfly_ws/install/ring_detector/share/ring_detector/environment/path.dsv
-- Up-to-date: /home/nvidia/acfly_ws/install/ring_detector/share/ring_detector/local_setup.bash
-- Up-to-date: /home/nvidia/acfly_ws/install/ring_detector/share/ring_detector/local_setup.sh
-- Up-to-date: /home/nvidia/acfly_ws/install/ring_detector/share/ring_detector/local_setup.zsh
-- Up-to-date: /home/nvidia/acfly_ws/install/ring_detector/share/ring_detector/local_setup.dsv
-- Installing: /home/nvidia/acfly_ws/install/ring_detector/share/ring_detector/package.dsv
-- Up-to-date: /home/nvidia/acfly_ws/install/ring_detector/share/ament_index/resource_index/packages/ring_detector
-- Up-to-date: /home/nvidia/acfly_ws/install/ring_detector/share/ring_detector/cmake/ring_detectorConfig.cmake
-- Up-to-date: /home/nvidia/acfly_ws/install/ring_detector/share/ring_detector/cmake/ring_detectorConfig-version.cmake
-- Up-to-date: /home/nvidia/acfly_ws/install/ring_detector/share/ring_detector/package.xml
