[0.051s] Invoking command in '/home/nvidia/acfly_ws/build/fly_mission': CMAKE_PREFIX_PATH=${CMAKE_PREFIX_PATH}:/home/nvidia/ws_orbbec/install/gemini_vision:/opt/ros/humble /usr/bin/cmake --build /home/nvidia/acfly_ws/build/fly_mission -- -j8 -l8
[0.163s] [ 12%] [32mBuilding CXX object CMakeFiles/fly_mission_node.dir/src/fly_mission_node.cpp.o[0m
[0.163s] [ 25%] [32mBuilding CXX object CMakeFiles/fly_mission_node.dir/src/waypoint_receiver.cpp.o[0m
[28.579s] [ 37%] [32m[1mLinking CXX executable fly_mission_node[0m
[31.964s] [100%] Built target fly_mission_node
[31.990s] Invoked command in '/home/nvidia/acfly_ws/build/fly_mission' returned '0': CMAKE_PREFIX_PATH=${CMAKE_PREFIX_PATH}:/home/nvidia/ws_orbbec/install/gemini_vision:/opt/ros/humble /usr/bin/cmake --build /home/nvidia/acfly_ws/build/fly_mission -- -j8 -l8
[31.993s] Invoking command in '/home/nvidia/acfly_ws/build/fly_mission': CMAKE_PREFIX_PATH=${CMAKE_PREFIX_PATH}:/home/nvidia/ws_orbbec/install/gemini_vision:/opt/ros/humble /usr/bin/cmake --install /home/nvidia/acfly_ws/build/fly_mission
[32.011s] -- Install configuration: ""
[32.011s] -- Installing: /home/nvidia/acfly_ws/install/fly_mission/lib/fly_mission/fly_mission_node
[32.039s] -- Set runtime path of "/home/nvidia/acfly_ws/install/fly_mission/lib/fly_mission/fly_mission_node" to ""
[32.040s] -- Up-to-date: /home/nvidia/acfly_ws/install/fly_mission/include/
[32.040s] -- Up-to-date: /home/nvidia/acfly_ws/install/fly_mission/include//fly_mission
[32.040s] -- Up-to-date: /home/nvidia/acfly_ws/install/fly_mission/include//fly_mission/shm_mailbox.hpp
[32.041s] -- Up-to-date: /home/nvidia/acfly_ws/install/fly_mission/include//fly_mission/avoidance.hpp
[32.041s] -- Up-to-date: /home/nvidia/acfly_ws/install/fly_mission/include//fly_mission/arduino_serial.hpp
[32.041s] -- Up-to-date: /home/nvidia/acfly_ws/install/fly_mission/include//fly_mission/drone_controller.hpp
[32.041s] -- Up-to-date: /home/nvidia/acfly_ws/install/fly_mission/include//fly_mission/waypoint_receiver.hpp
[32.041s] -- Up-to-date: /home/nvidia/acfly_ws/install/fly_mission/include//fly_mission/find_figure.hpp
[32.042s] -- Up-to-date: /home/nvidia/acfly_ws/install/fly_mission/include//fly_mission/params.hpp
[32.042s] -- Up-to-date: /home/nvidia/acfly_ws/install/fly_mission/include//fly_mission/waypoint_runner.hpp
[32.042s] -- Installing: /home/nvidia/acfly_ws/install/fly_mission/include//fly_mission/waypoints.hpp
[32.042s] -- Up-to-date: /home/nvidia/acfly_ws/install/fly_mission/include//fly_mission/line_follower.hpp
[32.042s] -- Up-to-date: /home/nvidia/acfly_ws/install/fly_mission/include//fly_mission/ring_driller.hpp
[32.042s] -- Up-to-date: /home/nvidia/acfly_ws/install/fly_mission/share/ament_index/resource_index/package_run_dependencies/fly_mission
[32.042s] -- Up-to-date: /home/nvidia/acfly_ws/install/fly_mission/share/ament_index/resource_index/parent_prefix_path/fly_mission
[32.042s] -- Up-to-date: /home/nvidia/acfly_ws/install/fly_mission/share/fly_mission/environment/ament_prefix_path.sh
[32.042s] -- Up-to-date: /home/nvidia/acfly_ws/install/fly_mission/share/fly_mission/environment/ament_prefix_path.dsv
[32.042s] -- Up-to-date: /home/nvidia/acfly_ws/install/fly_mission/share/fly_mission/environment/path.sh
[32.043s] -- Up-to-date: /home/nvidia/acfly_ws/install/fly_mission/share/fly_mission/environment/path.dsv
[32.043s] -- Up-to-date: /home/nvidia/acfly_ws/install/fly_mission/share/fly_mission/local_setup.bash
[32.043s] -- Up-to-date: /home/nvidia/acfly_ws/install/fly_mission/share/fly_mission/local_setup.sh
[32.043s] -- Up-to-date: /home/nvidia/acfly_ws/install/fly_mission/share/fly_mission/local_setup.zsh
[32.043s] -- Up-to-date: /home/nvidia/acfly_ws/install/fly_mission/share/fly_mission/local_setup.dsv
[32.043s] -- Installing: /home/nvidia/acfly_ws/install/fly_mission/share/fly_mission/package.dsv
[32.043s] -- Up-to-date: /home/nvidia/acfly_ws/install/fly_mission/share/ament_index/resource_index/packages/fly_mission
[32.043s] -- Up-to-date: /home/nvidia/acfly_ws/install/fly_mission/share/fly_mission/cmake/fly_missionConfig.cmake
[32.043s] -- Up-to-date: /home/nvidia/acfly_ws/install/fly_mission/share/fly_mission/cmake/fly_missionConfig-version.cmake
[32.043s] -- Up-to-date: /home/nvidia/acfly_ws/install/fly_mission/share/fly_mission/package.xml
[32.046s] Invoked command in '/home/nvidia/acfly_ws/build/fly_mission' returned '0': CMAKE_PREFIX_PATH=${CMAKE_PREFIX_PATH}:/home/nvidia/ws_orbbec/install/gemini_vision:/opt/ros/humble /usr/bin/cmake --install /home/nvidia/acfly_ws/build/fly_mission
