[0.047s] Invoking command in '/home/nvidia/acfly_ws/build/multi_pole_detector': CMAKE_PREFIX_PATH=${CMAKE_PREFIX_PATH}:/home/nvidia/ws_orbbec/install/gemini_vision:/opt/ros/humble /usr/bin/cmake /home/nvidia/acfly_ws/src/finding_objects_ws/multi_pole_detector -DCMAKE_INSTALL_PREFIX=/home/nvidia/acfly_ws/install/multi_pole_detector
[0.239s] -- The C compiler identification is GNU 11.4.0
[0.413s] -- The CXX compiler identification is GNU 11.4.0
[0.434s] -- Detecting C compiler ABI info
[0.597s] -- Detecting C compiler ABI info - done
[0.597s] -- Check for working C compiler: /usr/bin/cc - skipped
[0.598s] -- Detecting C compile features
[0.598s] -- Detecting C compile features - done
[0.598s] -- Detecting CXX compiler ABI info
[0.930s] -- Detecting CXX compiler ABI info - done
[0.930s] -- Check for working CXX compiler: /usr/bin/c++ - skipped
[0.930s] -- Detecting CXX compile features
[0.930s] -- Detecting CXX compile features - done
[0.930s] -- Found ament_cmake: 1.3.14 (/opt/ros/humble/share/ament_cmake/cmake)
[2.356s] -- Found Python3: /home/nvidia/miniforge3/bin/python3 (found version "3.13.12") found components: Interpreter 
[2.832s] -- Found rclcpp: 16.0.19 (/opt/ros/humble/share/rclcpp/cmake)
[3.039s] -- Found rosidl_generator_c: 3.1.9 (/opt/ros/humble/share/rosidl_generator_c/cmake)
[3.061s] -- Found rosidl_adapter: 3.1.9 (/opt/ros/humble/share/rosidl_adapter/cmake)
[3.100s] -- Found rosidl_generator_cpp: 3.1.9 (/opt/ros/humble/share/rosidl_generator_cpp/cmake)
[3.156s] -- Using all available rosidl_typesupport_c: rosidl_typesupport_fastrtps_c;rosidl_typesupport_introspection_c
[3.228s] -- Using all available rosidl_typesupport_cpp: rosidl_typesupport_fastrtps_cpp;rosidl_typesupport_introspection_cpp
[3.432s] -- Found rmw_implementation_cmake: 6.1.2 (/opt/ros/humble/share/rmw_implementation_cmake/cmake)
[3.446s] -- Found rmw_fastrtps_cpp: 6.2.10 (/opt/ros/humble/share/rmw_fastrtps_cpp/cmake)
[3.956s] -- Found OpenSSL: /usr/lib/aarch64-linux-gnu/libcrypto.so (found version "3.0.2")  
[4.055s] -- Found FastRTPS: /opt/ros/humble/include  
[4.252s] -- Using RMW implementation 'rmw_fastrtps_cpp' as default
[4.291s] -- Looking for pthread.h
[4.789s] -- Looking for pthread.h - found
[4.790s] -- Performing Test CMAKE_HAVE_LIBC_PTHREAD
[5.236s] -- Performing Test CMAKE_HAVE_LIBC_PTHREAD - Success
[5.239s] -- Found Threads: TRUE  
[5.415s] -- Found sensor_msgs: 4.9.1 (/opt/ros/humble/share/sensor_msgs/cmake)
[5.473s] -- Found nav_msgs: 4.9.1 (/opt/ros/humble/share/nav_msgs/cmake)
[5.501s] -- Found visualization_msgs: 4.9.1 (/opt/ros/humble/share/visualization_msgs/cmake)
[5.707s] Traceback (most recent call last):
[5.713s]   File "/opt/ros/humble/share/ament_cmake_core/cmake/core/package_xml_2_cmake.py", line 22, in <module>
[5.713s]     from catkin_pkg.package import parse_package_string
[5.723s] ModuleNotFoundError: No module named 'catkin_pkg'
[5.757s] CMake Error at /opt/ros/humble/share/ament_cmake_core/cmake/core/ament_package_xml.cmake:95 (message):
[5.757s]   execute_process(/home/nvidia/miniforge3/bin/python3
[5.757s]   /opt/ros/humble/share/ament_cmake_core/cmake/core/package_xml_2_cmake.py
[5.757s]   /home/nvidia/acfly_ws/src/finding_objects_ws/multi_pole_detector/package.xml
[5.758s]   /home/nvidia/acfly_ws/build/multi_pole_detector/ament_cmake_core/package.cmake)
[5.758s]   returned error code 1
[5.758s] Call Stack (most recent call first):
[5.758s]   /opt/ros/humble/share/ament_cmake_core/cmake/core/ament_package_xml.cmake:49 (_ament_package_xml)
[5.758s]   /opt/ros/humble/share/ament_cmake_core/cmake/core/ament_package.cmake:63 (ament_package_xml)
[5.758s]   CMakeLists.txt:41 (ament_package)
[5.758s] 
[5.758s] 
[5.760s] -- Configuring incomplete, errors occurred!
[5.760s] See also "/home/nvidia/acfly_ws/build/multi_pole_detector/CMakeFiles/CMakeOutput.log".
