[0.059s] Invoking command in '/home/nvidia/acfly_ws/build/exploration_planner': CMAKE_PREFIX_PATH=${CMAKE_PREFIX_PATH}:/home/nvidia/ws_orbbec/install/gemini_vision:/opt/ros/humble /usr/bin/cmake --build /home/nvidia/acfly_ws/build/exploration_planner -- -j8 -l8
[0.256s] [100%] Built target exploration_planner_node
[0.307s] Invoked command in '/home/nvidia/acfly_ws/build/exploration_planner' returned '0': CMAKE_PREFIX_PATH=${CMAKE_PREFIX_PATH}:/home/nvidia/ws_orbbec/install/gemini_vision:/opt/ros/humble /usr/bin/cmake --build /home/nvidia/acfly_ws/build/exploration_planner -- -j8 -l8
[0.310s] Invoking command in '/home/nvidia/acfly_ws/build/exploration_planner': CMAKE_PREFIX_PATH=${CMAKE_PREFIX_PATH}:/home/nvidia/ws_orbbec/install/gemini_vision:/opt/ros/humble /usr/bin/cmake --install /home/nvidia/acfly_ws/build/exploration_planner
[0.328s] -- Install configuration: ""
[0.329s] -- Up-to-date: /home/nvidia/acfly_ws/install/exploration_planner/lib/exploration_planner/exploration_planner_node
[0.329s] -- Up-to-date: /home/nvidia/acfly_ws/install/exploration_planner/include/
[0.329s] -- Up-to-date: /home/nvidia/acfly_ws/install/exploration_planner/include//exploration_planner
[0.329s] -- Up-to-date: /home/nvidia/acfly_ws/install/exploration_planner/include//exploration_planner/global_planner.hpp
[0.330s] -- Up-to-date: /home/nvidia/acfly_ws/install/exploration_planner/include//exploration_planner/coverage_planner.hpp
[0.330s] -- Up-to-date: /home/nvidia/acfly_ws/install/exploration_planner/include//exploration_planner/bezier.hpp
[0.330s] -- Up-to-date: /home/nvidia/acfly_ws/install/exploration_planner/include//exploration_planner/obstacle_map.hpp
[0.330s] -- Up-to-date: /home/nvidia/acfly_ws/install/exploration_planner/include//exploration_planner/trajectory_tracker.hpp
[0.331s] -- Up-to-date: /home/nvidia/acfly_ws/install/exploration_planner/include//exploration_planner/visualizer.hpp
[0.332s] -- Up-to-date: /home/nvidia/acfly_ws/install/exploration_planner/include//exploration_planner/grid_map.hpp
[0.333s] -- Up-to-date: /home/nvidia/acfly_ws/install/exploration_planner/include//exploration_planner/params.hpp
[0.333s] -- Up-to-date: /home/nvidia/acfly_ws/install/exploration_planner/include//exploration_planner/types.hpp
[0.335s] -- Up-to-date: /home/nvidia/acfly_ws/install/exploration_planner/share/ament_index/resource_index/package_run_dependencies/exploration_planner
[0.335s] -- Up-to-date: /home/nvidia/acfly_ws/install/exploration_planner/share/ament_index/resource_index/parent_prefix_path/exploration_planner
[0.336s] -- Up-to-date: /home/nvidia/acfly_ws/install/exploration_planner/share/exploration_planner/environment/ament_prefix_path.sh
[0.336s] -- Up-to-date: /home/nvidia/acfly_ws/install/exploration_planner/share/exploration_planner/environment/ament_prefix_path.dsv
[0.336s] -- Up-to-date: /home/nvidia/acfly_ws/install/exploration_planner/share/exploration_planner/environment/path.sh
[0.336s] -- Up-to-date: /home/nvidia/acfly_ws/install/exploration_planner/share/exploration_planner/environment/path.dsv
[0.336s] -- Up-to-date: /home/nvidia/acfly_ws/install/exploration_planner/share/exploration_planner/local_setup.bash
[0.337s] -- Up-to-date: /home/nvidia/acfly_ws/install/exploration_planner/share/exploration_planner/local_setup.sh
[0.337s] -- Up-to-date: /home/nvidia/acfly_ws/install/exploration_planner/share/exploration_planner/local_setup.zsh
[0.337s] -- Up-to-date: /home/nvidia/acfly_ws/install/exploration_planner/share/exploration_planner/local_setup.dsv
[0.337s] -- Installing: /home/nvidia/acfly_ws/install/exploration_planner/share/exploration_planner/package.dsv
[0.338s] -- Up-to-date: /home/nvidia/acfly_ws/install/exploration_planner/share/ament_index/resource_index/packages/exploration_planner
[0.338s] -- Up-to-date: /home/nvidia/acfly_ws/install/exploration_planner/share/exploration_planner/cmake/exploration_plannerConfig.cmake
[0.338s] -- Up-to-date: /home/nvidia/acfly_ws/install/exploration_planner/share/exploration_planner/cmake/exploration_plannerConfig-version.cmake
[0.338s] -- Up-to-date: /home/nvidia/acfly_ws/install/exploration_planner/share/exploration_planner/package.xml
[0.394s] Invoked command in '/home/nvidia/acfly_ws/build/exploration_planner' returned '0': CMAKE_PREFIX_PATH=${CMAKE_PREFIX_PATH}:/home/nvidia/ws_orbbec/install/gemini_vision:/opt/ros/humble /usr/bin/cmake --install /home/nvidia/acfly_ws/build/exploration_planner
