[0.055s] Invoking command in '/home/nvidia/acfly_ws/build/exploration_planner': CMAKE_PREFIX_PATH=${CMAKE_PREFIX_PATH}:/home/nvidia/ws_orbbec/install/gemini_vision:/opt/ros/humble /usr/bin/cmake --build /home/nvidia/acfly_ws/build/exploration_planner -- -j8 -l8
[0.166s] [ 11%] [32mBuilding CXX object CMakeFiles/exploration_planner_node.dir/src/exploration_planner_node.cpp.o[0m
[0.168s] [ 22%] [32mBuilding CXX object CMakeFiles/exploration_planner_node.dir/src/obstacle_map.cpp.o[0m
[31.643s] [ 33%] [32m[1mLinking CXX executable exploration_planner_node[0m
[33.508s] [100%] Built target exploration_planner_node
[33.525s] Invoked command in '/home/nvidia/acfly_ws/build/exploration_planner' returned '0': CMAKE_PREFIX_PATH=${CMAKE_PREFIX_PATH}:/home/nvidia/ws_orbbec/install/gemini_vision:/opt/ros/humble /usr/bin/cmake --build /home/nvidia/acfly_ws/build/exploration_planner -- -j8 -l8
[33.528s] Invoking command in '/home/nvidia/acfly_ws/build/exploration_planner': CMAKE_PREFIX_PATH=${CMAKE_PREFIX_PATH}:/home/nvidia/ws_orbbec/install/gemini_vision:/opt/ros/humble /usr/bin/cmake --install /home/nvidia/acfly_ws/build/exploration_planner
[33.540s] -- Install configuration: ""
[33.541s] -- Installing: /home/nvidia/acfly_ws/install/exploration_planner/lib/exploration_planner/exploration_planner_node
[33.558s] -- Set runtime path of "/home/nvidia/acfly_ws/install/exploration_planner/lib/exploration_planner/exploration_planner_node" to ""
[33.558s] -- Up-to-date: /home/nvidia/acfly_ws/install/exploration_planner/include/
[33.559s] -- Up-to-date: /home/nvidia/acfly_ws/install/exploration_planner/include//exploration_planner
[33.559s] -- Up-to-date: /home/nvidia/acfly_ws/install/exploration_planner/include//exploration_planner/global_planner.hpp
[33.559s] -- Up-to-date: /home/nvidia/acfly_ws/install/exploration_planner/include//exploration_planner/coverage_planner.hpp
[33.559s] -- Up-to-date: /home/nvidia/acfly_ws/install/exploration_planner/include//exploration_planner/bezier.hpp
[33.559s] -- Installing: /home/nvidia/acfly_ws/install/exploration_planner/include//exploration_planner/obstacle_map.hpp
[33.559s] -- Up-to-date: /home/nvidia/acfly_ws/install/exploration_planner/include//exploration_planner/trajectory_tracker.hpp
[33.559s] -- Up-to-date: /home/nvidia/acfly_ws/install/exploration_planner/include//exploration_planner/visualizer.hpp
[33.560s] -- Up-to-date: /home/nvidia/acfly_ws/install/exploration_planner/include//exploration_planner/grid_map.hpp
[33.560s] -- Installing: /home/nvidia/acfly_ws/install/exploration_planner/include//exploration_planner/params.hpp
[33.560s] -- Up-to-date: /home/nvidia/acfly_ws/install/exploration_planner/include//exploration_planner/types.hpp
[33.560s] -- Up-to-date: /home/nvidia/acfly_ws/install/exploration_planner/share/ament_index/resource_index/package_run_dependencies/exploration_planner
[33.560s] -- Up-to-date: /home/nvidia/acfly_ws/install/exploration_planner/share/ament_index/resource_index/parent_prefix_path/exploration_planner
[33.560s] -- Up-to-date: /home/nvidia/acfly_ws/install/exploration_planner/share/exploration_planner/environment/ament_prefix_path.sh
[33.560s] -- Up-to-date: /home/nvidia/acfly_ws/install/exploration_planner/share/exploration_planner/environment/ament_prefix_path.dsv
[33.560s] -- Up-to-date: /home/nvidia/acfly_ws/install/exploration_planner/share/exploration_planner/environment/path.sh
[33.561s] -- Up-to-date: /home/nvidia/acfly_ws/install/exploration_planner/share/exploration_planner/environment/path.dsv
[33.561s] -- Up-to-date: /home/nvidia/acfly_ws/install/exploration_planner/share/exploration_planner/local_setup.bash
[33.561s] -- Up-to-date: /home/nvidia/acfly_ws/install/exploration_planner/share/exploration_planner/local_setup.sh
[33.561s] -- Up-to-date: /home/nvidia/acfly_ws/install/exploration_planner/share/exploration_planner/local_setup.zsh
[33.561s] -- Up-to-date: /home/nvidia/acfly_ws/install/exploration_planner/share/exploration_planner/local_setup.dsv
[33.561s] -- Installing: /home/nvidia/acfly_ws/install/exploration_planner/share/exploration_planner/package.dsv
[33.561s] -- Up-to-date: /home/nvidia/acfly_ws/install/exploration_planner/share/ament_index/resource_index/packages/exploration_planner
[33.561s] -- Up-to-date: /home/nvidia/acfly_ws/install/exploration_planner/share/exploration_planner/cmake/exploration_plannerConfig.cmake
[33.561s] -- Up-to-date: /home/nvidia/acfly_ws/install/exploration_planner/share/exploration_planner/cmake/exploration_plannerConfig-version.cmake
[33.561s] -- Up-to-date: /home/nvidia/acfly_ws/install/exploration_planner/share/exploration_planner/package.xml
[33.564s] Invoked command in '/home/nvidia/acfly_ws/build/exploration_planner' returned '0': CMAKE_PREFIX_PATH=${CMAKE_PREFIX_PATH}:/home/nvidia/ws_orbbec/install/gemini_vision:/opt/ros/humble /usr/bin/cmake --install /home/nvidia/acfly_ws/build/exploration_planner
